wandb: Using wandb-core as the SDK backend.  Please refer to https://wandb.me/wandb-core for more information.
wandb: Currently logged in as: tjrcjf410 (sjun0803-seoul-national-university) to https://api.wandb.ai. Use `wandb login --relogin` to force relogin
wandb: Tracking run with wandb version 0.19.9
wandb: Run data is saved locally in /tmp/tmpu3r85han/wandb/run-20260819_075151-1y4rcncu
wandb: Run `wandb offline` to turn off syncing.
wandb: Syncing run antmaze-giant-navigate-singletask-task3-v0_sd000_anq_stdfp_chunk-h1_20260819_075151
wandb: ⭐️ View project at https://wandb.ai/tjrcjf410-seoul-national-university/ant2
wandb: 🚀 View run at https://wandb.ai/tjrcjf410-seoul-national-university/ant2/runs/1y4rcncu
wandb: WARNING Symlinked 8 files into the W&B run directory, call wandb.save again to sync new files.
I0819 07:51:52.764168 127968448603968 acceleratesupport.py:24] No OpenGL_accelerate module loaded: No module named 'OpenGL_accelerate'
offline:   0%|          | 1/1000000 [00:51<14432:54:12, 51.96s/it]
offline:   0%|          | 2/1000000 [01:13<9413:01:32, 33.89s/it] 
offline:   0%|          | 3/1000000 [01:43<8911:16:17, 32.08s/it]
offline:   0%|          | 25/1000000 [01:43<581:42:28,  2.09s/it]
  2%|▏         | 1/50 [00:07<05:57,  7.29s/it][A
  4%|▍         | 2/50 [00:12<04:52,  6.09s/it][A
  6%|▌         | 3/50 [00:17<04:25,  5.65s/it][A
  8%|▊         | 4/50 [00:22<04:08,  5.40s/it][A
 10%|█         | 5/50 [00:27<03:58,  5.29s/it][A
 12%|█▏        | 6/50 [00:32<03:49,  5.21s/it][A
 14%|█▍        | 7/50 [00:37<03:42,  5.18s/it][A
 16%|█▌        | 8/50 [00:41<03:15,  4.66s/it][A
 18%|█▊        | 9/50 [00:45<02:58,  4.34s/it][A
 20%|██        | 10/50 [00:48<02:46,  4.15s/it][A
 22%|██▏       | 11/50 [00:52<02:41,  4.13s/it][A
 24%|██▍       | 12/50 [00:57<02:40,  4.23s/it][A
 26%|██▌       | 13/50 [01:02<02:44,  4.46s/it][A
 28%|██▊       | 14/50 [01:07<02:45,  4.59s/it][A
 30%|███       | 15/50 [01:12<02:44,  4.70s/it][A
 32%|███▏      | 16/50 [01:17<02:42,  4.77s/it][A
 34%|███▍      | 17/50 [01:21<02:37,  4.77s/it][A
 36%|███▌      | 18/50 [01:26<02:32,  4.77s/it][A
 38%|███▊      | 19/50 [01:31<02:28,  4.80s/it][A
 40%|████      | 20/50 [01:36<02:24,  4.80s/it][A
 42%|████▏     | 21/50 [01:41<02:19,  4.81s/it][A
 44%|████▍     | 22/50 [01:46<02:14,  4.82s/it][A
 46%|████▌     | 23/50 [01:50<02:09,  4.80s/it][A
 48%|████▊     | 24/50 [01:55<02:04,  4.80s/it][A
 50%|█████     | 25/50 [02:00<02:00,  4.81s/it][A
 52%|█████▏    | 26/50 [02:05<01:55,  4.80s/it][A
 54%|█████▍    | 27/50 [02:09<01:49,  4.77s/it][A
 56%|█████▌    | 28/50 [02:14<01:44,  4.76s/it][A
 58%|█████▊    | 29/50 [02:17<01:26,  4.14s/it][A
 60%|██████    | 30/50 [02:19<01:11,  3.58s/it][A
 62%|██████▏   | 31/50 [02:21<01:00,  3.19s/it][A
 64%|██████▍   | 32/50 [02:24<00:53,  2.95s/it][A
 66%|██████▌   | 33/50 [02:26<00:47,  2.82s/it][A
 68%|██████▊   | 34/50 [02:29<00:42,  2.67s/it][A
 70%|███████   | 35/50 [02:31<00:38,  2.56s/it][A
 72%|███████▏  | 36/50 [02:33<00:34,  2.49s/it][A
 74%|███████▍  | 37/50 [02:36<00:32,  2.49s/it][A
 76%|███████▌  | 38/50 [02:38<00:29,  2.45s/it][A
 78%|███████▊  | 39/50 [02:40<00:26,  2.41s/it][A
 80%|████████  | 40/50 [02:43<00:24,  2.42s/it][A
 82%|████████▏ | 41/50 [02:45<00:21,  2.38s/it][A
 84%|████████▍ | 42/50 [02:48<00:19,  2.42s/it][A
 86%|████████▌ | 43/50 [02:50<00:16,  2.39s/it][A
 88%|████████▊ | 44/50 [02:52<00:14,  2.36s/it][A
 90%|█████████ | 45/50 [02:55<00:11,  2.34s/it][A
 92%|█████████▏| 46/50 [02:57<00:09,  2.28s/it][A
 94%|█████████▍| 47/50 [02:59<00:06,  2.32s/it][A
 96%|█████████▌| 48/50 [03:02<00:04,  2.38s/it][A
 98%|█████████▊| 49/50 [03:04<00:02,  2.39s/it][A
100%|██████████| 50/50 [03:06<00:00,  2.41s/it][A
100%|██████████| 50/50 [03:06<00:00,  3.74s/it]
offline:  10%|█         | 100000/1000000 [23:37<1498:27:24,  5.99s/it, eval_success=0.000]
offline:  10%|█         | 100030/1000000 [23:37<632:33:30,  2.53s/it, eval_success=0.000] 
offline:  10%|█         | 100047/1000000 [23:37<431:20:42,  1.73s/it, eval_success=0.000]
offline:  10%|█         | 100065/1000000 [23:37<291:27:29,  1.17s/it, eval_success=0.000]
  2%|▏         | 1/50 [00:08<06:38,  8.14s/it][A
  4%|▍         | 2/50 [00:16<06:34,  8.22s/it][A
  6%|▌         | 3/50 [00:24<06:25,  8.21s/it][A
  8%|▊         | 4/50 [00:31<06:01,  7.86s/it][A
 10%|█         | 5/50 [00:38<05:30,  7.34s/it][A
 12%|█▏        | 6/50 [00:44<05:07,  6.99s/it][A
 14%|█▍        | 7/50 [00:51<04:52,  6.80s/it][A
 16%|█▌        | 8/50 [00:56<04:26,  6.34s/it][A
 18%|█▊        | 9/50 [01:01<03:58,  5.81s/it][A
 20%|██        | 10/50 [01:05<03:37,  5.43s/it][A
 22%|██▏       | 11/50 [01:10<03:22,  5.20s/it][A
 24%|██▍       | 12/50 [01:14<03:09,  4.98s/it][A
 26%|██▌       | 13/50 [01:19<02:58,  4.84s/it][A
 28%|██▊       | 14/50 [01:23<02:51,  4.77s/it][A
 30%|███       | 15/50 [01:28<02:42,  4.65s/it][A
 32%|███▏      | 16/50 [01:31<02:25,  4.29s/it][A
 34%|███▍      | 17/50 [01:35<02:15,  4.10s/it][A
 36%|███▌      | 18/50 [01:39<02:06,  3.95s/it][A
 38%|███▊      | 19/50 [01:42<01:58,  3.82s/it][A
 40%|████      | 20/50 [01:46<01:55,  3.85s/it][A
 42%|████▏     | 21/50 [01:49<01:47,  3.71s/it][A
 44%|████▍     | 22/50 [01:53<01:42,  3.66s/it][A
 46%|████▌     | 23/50 [01:56<01:38,  3.65s/it][A
 48%|████▊     | 24/50 [02:00<01:33,  3.59s/it][A
 50%|█████     | 25/50 [02:03<01:29,  3.57s/it][A
 52%|█████▏    | 26/50 [02:07<01:24,  3.52s/it][A
 54%|█████▍    | 27/50 [02:11<01:22,  3.61s/it][A
 56%|█████▌    | 28/50 [02:13<01:07,  3.08s/it][A
 58%|█████▊    | 29/50 [02:15<00:58,  2.78s/it][A
 60%|██████    | 30/50 [02:16<00:49,  2.49s/it][A
 62%|██████▏   | 31/50 [02:18<00:42,  2.26s/it][A
 64%|██████▍   | 32/50 [02:20<00:37,  2.11s/it][A
 66%|██████▌   | 33/50 [02:22<00:34,  2.01s/it][A
 68%|██████▊   | 34/50 [02:23<00:30,  1.90s/it][A
 70%|███████   | 35/50 [02:25<00:28,  1.91s/it][A
 72%|███████▏  | 36/50 [02:27<00:26,  1.91s/it][A
 74%|███████▍  | 37/50 [02:29<00:24,  1.88s/it][A
 76%|███████▌  | 38/50 [02:31<00:23,  1.92s/it][A
 78%|███████▊  | 39/50 [02:33<00:21,  1.95s/it][A
 80%|████████  | 40/50 [02:35<00:19,  1.97s/it][A
 82%|████████▏ | 41/50 [02:37<00:17,  1.92s/it][A
 84%|████████▍ | 42/50 [02:39<00:15,  1.91s/it][A
 86%|████████▌ | 43/50 [02:41<00:13,  1.94s/it][A
 88%|████████▊ | 44/50 [02:43<00:11,  1.90s/it][A
 90%|█████████ | 45/50 [02:44<00:09,  1.86s/it][A
 92%|█████████▏| 46/50 [02:46<00:07,  1.94s/it][A
 94%|█████████▍| 47/50 [02:48<00:05,  1.87s/it][A
 96%|█████████▌| 48/50 [02:50<00:03,  1.79s/it][A
 98%|█████████▊| 49/50 [02:51<00:01,  1.75s/it][A
100%|██████████| 50/50 [02:53<00:00,  1.76s/it][A
100%|██████████| 50/50 [02:53<00:00,  3.47s/it]
offline:  20%|██        | 200000/1000000 [45:03<1525:32:55,  6.86s/it, eval_success=0.000]
offline:  20%|██        | 200030/1000000 [45:03<567:53:01,  2.56s/it, eval_success=0.000] 
offline:  20%|██        | 200062/1000000 [45:03<290:30:36,  1.31s/it, eval_success=0.000]
  2%|▏         | 1/50 [00:11<09:34, 11.72s/it][A
  4%|▍         | 2/50 [00:24<09:49, 12.28s/it][A
  6%|▌         | 3/50 [00:37<09:46, 12.48s/it][A
  8%|▊         | 4/50 [00:49<09:38, 12.58s/it][A
 10%|█         | 5/50 [01:02<09:28, 12.63s/it][A
 12%|█▏        | 6/50 [01:15<09:16, 12.65s/it][A
 14%|█▍        | 7/50 [01:27<09:03, 12.64s/it][A
 16%|█▌        | 8/50 [01:38<08:23, 12.00s/it][A
 18%|█▊        | 9/50 [01:46<07:21, 10.76s/it][A
 20%|██        | 10/50 [01:53<06:20,  9.51s/it][A
 22%|██▏       | 11/50 [02:00<05:38,  8.69s/it][A
 24%|██▍       | 12/50 [02:08<05:32,  8.74s/it][A
 26%|██▌       | 13/50 [02:17<05:23,  8.73s/it][A
 28%|██▊       | 14/50 [02:26<05:14,  8.74s/it][A
 30%|███       | 15/50 [02:35<05:07,  8.79s/it][A
 32%|███▏      | 16/50 [02:44<04:59,  8.80s/it][A
 34%|███▍      | 17/50 [02:52<04:50,  8.79s/it][A
 36%|███▌      | 18/50 [03:01<04:41,  8.79s/it][A
 38%|███▊      | 19/50 [03:10<04:32,  8.80s/it][A
 40%|████      | 20/50 [03:19<04:24,  8.81s/it][A
 42%|████▏     | 21/50 [03:28<04:15,  8.81s/it][A
 44%|████▍     | 22/50 [03:35<03:53,  8.33s/it][A
 46%|████▌     | 23/50 [03:42<03:35,  8.00s/it][A
 48%|████▊     | 24/50 [03:51<03:34,  8.25s/it][A
 50%|█████     | 25/50 [04:00<03:30,  8.41s/it][A
 52%|█████▏    | 26/50 [04:09<03:27,  8.63s/it][A
 54%|█████▍    | 27/50 [04:18<03:20,  8.70s/it][A
 56%|█████▌    | 28/50 [04:26<03:11,  8.72s/it][A
 58%|█████▊    | 29/50 [04:35<03:03,  8.74s/it][A
 60%|██████    | 30/50 [04:44<02:52,  8.62s/it][A
 62%|██████▏   | 31/50 [04:50<02:33,  8.09s/it][A
 64%|██████▍   | 32/50 [04:57<02:19,  7.72s/it][A
 66%|██████▌   | 33/50 [05:04<02:06,  7.46s/it][A
 68%|██████▊   | 34/50 [05:09<01:46,  6.67s/it][A
 70%|███████   | 35/50 [05:14<01:31,  6.10s/it][A
 72%|███████▏  | 36/50 [05:20<01:27,  6.28s/it][A
 74%|███████▍  | 37/50 [05:27<01:24,  6.47s/it][A
 76%|███████▌  | 38/50 [05:34<01:19,  6.61s/it][A
 78%|███████▊  | 39/50 [05:41<01:13,  6.67s/it][A
 80%|████████  | 40/50 [05:48<01:07,  6.75s/it][A
 82%|████████▏ | 41/50 [05:55<01:01,  6.80s/it][A
 84%|████████▍ | 42/50 [06:02<00:54,  6.82s/it][A
 86%|████████▌ | 43/50 [06:09<00:47,  6.83s/it][A
 88%|████████▊ | 44/50 [06:16<00:41,  6.86s/it][A
 90%|█████████ | 45/50 [06:23<00:34,  6.87s/it][A
 92%|█████████▏| 46/50 [06:28<00:25,  6.45s/it][A
 94%|█████████▍| 47/50 [06:33<00:17,  5.94s/it][A
 96%|█████████▌| 48/50 [06:38<00:11,  5.61s/it][A
 98%|█████████▊| 49/50 [06:42<00:05,  5.37s/it][A
100%|██████████| 50/50 [06:47<00:00,  5.16s/it][A
100%|██████████| 50/50 [06:47<00:00,  8.15s/it]
offline:  30%|███       | 300000/1000000 [1:12:27<4345:58:56, 22.35s/it, eval_success=0.000]
offline:  30%|███       | 300020/1000000 [1:12:28<1695:06:17,  8.72s/it, eval_success=0.000]
offline:  30%|███       | 300033/1000000 [1:12:28<1082:40:22,  5.57s/it, eval_success=0.000]
offline:  30%|███       | 300046/1000000 [1:12:28<714:23:41,  3.67s/it, eval_success=0.000] 
offline:  30%|███       | 300058/1000000 [1:12:28<493:27:31,  2.54s/it, eval_success=0.000]
offline:  30%|███       | 300070/1000000 [1:12:28<342:34:07,  1.76s/it, eval_success=0.000]
offline:  30%|███       | 300085/1000000 [1:12:28<221:45:55,  1.14s/it, eval_success=0.000]
  2%|▏         | 1/50 [00:08<06:55,  8.49s/it][A
  4%|▍         | 2/50 [00:17<06:48,  8.51s/it][A
  6%|▌         | 3/50 [00:25<06:39,  8.51s/it][A
  8%|▊         | 4/50 [00:33<06:30,  8.49s/it][A
 10%|█         | 5/50 [00:42<06:22,  8.50s/it][A
 12%|█▏        | 6/50 [00:50<06:13,  8.48s/it][A
 14%|█▍        | 7/50 [00:59<06:04,  8.49s/it][A
 16%|█▌        | 8/50 [01:06<05:35,  7.99s/it][A
 18%|█▊        | 9/50 [01:12<05:10,  7.56s/it][A
 20%|██        | 10/50 [01:18<04:32,  6.81s/it][A
 22%|██▏       | 11/50 [01:23<04:05,  6.29s/it][A
 24%|██▍       | 12/50 [01:28<03:45,  5.92s/it][A
 26%|██▌       | 13/50 [01:33<03:29,  5.66s/it][A
 28%|██▊       | 14/50 [01:38<03:16,  5.47s/it][A
 30%|███       | 15/50 [01:43<03:06,  5.32s/it][A
 32%|███▏      | 16/50 [01:48<02:57,  5.23s/it][A
 34%|███▍      | 17/50 [01:53<02:50,  5.17s/it][A
 36%|███▌      | 18/50 [01:58<02:44,  5.15s/it][A
 38%|███▊      | 19/50 [02:03<02:39,  5.15s/it][A
 40%|████      | 20/50 [02:08<02:32,  5.10s/it][A
 42%|████▏     | 21/50 [02:13<02:27,  5.08s/it][A
 44%|████▍     | 22/50 [02:18<02:21,  5.07s/it][A
 46%|████▌     | 23/50 [02:23<02:16,  5.06s/it][A
 48%|████▊     | 24/50 [02:28<02:11,  5.07s/it][A
 50%|█████     | 25/50 [02:33<02:06,  5.05s/it][A
 52%|█████▏    | 26/50 [02:38<02:01,  5.05s/it][A
 54%|█████▍    | 27/50 [02:43<01:55,  5.03s/it][A
 56%|█████▌    | 28/50 [02:49<01:50,  5.05s/it][A
 58%|█████▊    | 29/50 [02:54<01:45,  5.04s/it][A
 60%|██████    | 30/50 [02:59<01:40,  5.04s/it][A
 62%|██████▏   | 31/50 [03:02<01:26,  4.54s/it][A
 64%|██████▍   | 32/50 [03:05<01:16,  4.24s/it][A
 66%|██████▌   | 33/50 [03:09<01:09,  4.10s/it][A
 68%|██████▊   | 34/50 [03:13<01:04,  4.01s/it][A
 70%|███████   | 35/50 [03:16<00:55,  3.71s/it][A
 72%|███████▏  | 36/50 [03:20<00:51,  3.67s/it][A
 74%|███████▍  | 37/50 [03:23<00:47,  3.63s/it][A
 76%|███████▌  | 38/50 [03:27<00:43,  3.61s/it][A
 78%|███████▊  | 39/50 [03:30<00:40,  3.64s/it][A
 80%|████████  | 40/50 [03:34<00:35,  3.59s/it][A
 82%|████████▏ | 41/50 [03:37<00:32,  3.58s/it][A
 84%|████████▍ | 42/50 [03:41<00:28,  3.50s/it][A
 86%|████████▌ | 43/50 [03:44<00:24,  3.48s/it][A
 88%|████████▊ | 44/50 [03:48<00:21,  3.50s/it][A
 90%|█████████ | 45/50 [03:52<00:17,  3.58s/it][A
 92%|█████████▏| 46/50 [03:56<00:14,  3.74s/it][A
 94%|█████████▍| 47/50 [03:59<00:11,  3.71s/it][A
 96%|█████████▌| 48/50 [04:03<00:07,  3.86s/it][A
 98%|█████████▊| 49/50 [04:08<00:04,  4.11s/it][A
100%|██████████| 50/50 [04:13<00:00,  4.28s/it][A
100%|██████████| 50/50 [04:13<00:00,  5.07s/it]
offline:  40%|████      | 400000/1000000 [1:38:15<1527:22:28,  9.16s/it, eval_success=0.000]
offline:  40%|████      | 400017/1000000 [1:38:15<814:29:56,  4.89s/it, eval_success=0.000] 
offline:  40%|████      | 400030/1000000 [1:38:16<539:45:55,  3.24s/it, eval_success=0.000]
offline:  40%|████      | 400045/1000000 [1:38:16<347:07:04,  2.08s/it, eval_success=0.000]
offline:  40%|████      | 400058/1000000 [1:38:16<240:59:14,  1.45s/it, eval_success=0.000]
  2%|▏         | 1/50 [00:10<08:38, 10.58s/it][A
  4%|▍         | 2/50 [00:21<08:24, 10.51s/it][A
  6%|▌         | 3/50 [00:31<08:12, 10.49s/it][A
  8%|▊         | 4/50 [00:42<08:03, 10.51s/it][A
 10%|█         | 5/50 [00:52<07:50, 10.46s/it][A
 12%|█▏        | 6/50 [01:03<07:42, 10.51s/it][A
 14%|█▍        | 7/50 [01:13<07:32, 10.53s/it][A
 16%|█▌        | 8/50 [01:22<07:01, 10.03s/it][A
 18%|█▊        | 9/50 [01:31<06:33,  9.59s/it][A
 20%|██        | 10/50 [01:39<06:10,  9.26s/it][A
 22%|██▏       | 11/50 [01:48<05:52,  9.05s/it][A
 24%|██▍       | 12/50 [01:56<05:37,  8.87s/it][A
 26%|██▌       | 13/50 [02:05<05:25,  8.79s/it][A
 28%|██▊       | 14/50 [02:13<05:14,  8.74s/it][A
 30%|███       | 15/50 [02:22<05:03,  8.68s/it][A
 32%|███▏      | 16/50 [02:31<04:54,  8.66s/it][A
 34%|███▍      | 17/50 [02:39<04:44,  8.62s/it][A
 36%|███▌      | 18/50 [02:48<04:34,  8.58s/it][A
 38%|███▊      | 19/50 [02:56<04:25,  8.55s/it][A
 40%|████      | 20/50 [03:05<04:16,  8.57s/it][A
 42%|████▏     | 21/50 [03:13<04:08,  8.57s/it][A
 44%|████▍     | 22/50 [03:22<03:59,  8.55s/it][A
 46%|████▌     | 23/50 [03:30<03:50,  8.53s/it][A
 48%|████▊     | 24/50 [03:39<03:42,  8.55s/it][A
 50%|█████     | 25/50 [03:47<03:33,  8.54s/it][A
 52%|█████▏    | 26/50 [03:56<03:24,  8.53s/it][A
 54%|█████▍    | 27/50 [04:04<03:16,  8.54s/it][A
 56%|█████▌    | 28/50 [04:13<03:08,  8.57s/it][A
 58%|█████▊    | 29/50 [04:22<02:59,  8.56s/it][A
 60%|██████    | 30/50 [04:30<02:51,  8.56s/it][A
 62%|██████▏   | 31/50 [04:39<02:42,  8.55s/it][A
 64%|██████▍   | 32/50 [04:47<02:33,  8.54s/it][A
 66%|██████▌   | 33/50 [04:56<02:25,  8.57s/it][A
 68%|██████▊   | 34/50 [05:04<02:15,  8.45s/it][A
 70%|███████   | 35/50 [05:11<01:58,  7.92s/it][A
 72%|███████▏  | 36/50 [05:17<01:45,  7.57s/it][A
 74%|███████▍  | 37/50 [05:24<01:35,  7.32s/it][A
 76%|███████▌  | 38/50 [05:31<01:25,  7.13s/it][A
 78%|███████▊  | 39/50 [05:38<01:16,  7.00s/it][A
 80%|████████  | 40/50 [05:44<01:08,  6.90s/it][A
 82%|████████▏ | 41/50 [05:51<01:01,  6.85s/it][A
 84%|████████▍ | 42/50 [05:58<00:54,  6.82s/it][A
 86%|████████▌ | 43/50 [06:04<00:47,  6.77s/it][A
 88%|████████▊ | 44/50 [06:11<00:40,  6.74s/it][A
 90%|█████████ | 45/50 [06:18<00:33,  6.74s/it][A
 92%|█████████▏| 46/50 [06:25<00:26,  6.74s/it][A
 94%|█████████▍| 47/50 [06:31<00:20,  6.73s/it][A
 96%|█████████▌| 48/50 [06:38<00:13,  6.71s/it][A
 98%|█████████▊| 49/50 [06:45<00:06,  6.68s/it][A
100%|██████████| 50/50 [06:51<00:00,  6.71s/it][A
100%|██████████| 50/50 [06:51<00:00,  8.24s/it]
offline:  50%|█████     | 500000/1000000 [2:05:51<2375:49:58, 17.11s/it, eval_success=0.000]
offline:  50%|█████     | 500015/1000000 [2:05:51<1258:16:41,  9.06s/it, eval_success=0.000]
offline:  50%|█████     | 500025/1000000 [2:05:51<869:18:12,  6.26s/it, eval_success=0.000] 
offline:  50%|█████     | 500035/1000000 [2:05:51<603:15:51,  4.34s/it, eval_success=0.000]
offline:  50%|█████     | 500045/1000000 [2:05:51<419:59:43,  3.02s/it, eval_success=0.000]
offline:  50%|█████     | 500056/1000000 [2:05:51<284:27:42,  2.05s/it, eval_success=0.000]
offline:  50%|█████     | 500066/1000000 [2:05:52<200:50:12,  1.45s/it, eval_success=0.000]
offline:  50%|█████     | 500076/1000000 [2:05:52<141:35:51,  1.02s/it, eval_success=0.000]
--- last progress lines ---
offline:  51%|█████     | 507993/1000000 [2:07:23<1:48:16, 75.73it/s, eval_success=0.000]
offline:  51%|█████     | 508002/1000000 [2:07:23<1:45:24, 77.79it/s, eval_success=0.000]
offline:  51%|█████     | 508010/1000000 [2:07:23<1:57:34, 69.74it/s, eval_success=0.000]
