wandb: Using wandb-core as the SDK backend.  Please refer to https://wandb.me/wandb-core for more information.
wandb: Currently logged in as: tjrcjf410 (sjun0803-seoul-national-university) to https://api.wandb.ai. Use `wandb login --relogin` to force relogin
wandb: Tracking run with wandb version 0.19.9
wandb: Run data is saved locally in /tmp/tmp8c0ss371/wandb/run-20260819_095936-5n838wsr
wandb: Run `wandb offline` to turn off syncing.
wandb: Syncing run antmaze-giant-navigate-singletask-task3-v0_sd001_anq_stdfp_chunk-h1_20260819_095935
wandb: ⭐️ View project at https://wandb.ai/tjrcjf410-seoul-national-university/ant2
wandb: 🚀 View run at https://wandb.ai/tjrcjf410-seoul-national-university/ant2/runs/5n838wsr
wandb: WARNING Symlinked 8 files into the W&B run directory, call wandb.save again to sync new files.
I0819 09:59:37.567546 126798667921216 acceleratesupport.py:24] No OpenGL_accelerate module loaded: No module named 'OpenGL_accelerate'
offline:   0%|          | 1/1000000 [01:37<27165:54:38, 97.80s/it]
offline:   0%|          | 2/1000000 [01:58<14594:34:37, 52.54s/it]
offline:   0%|          | 3/1000000 [02:20<10742:42:36, 38.67s/it]
offline:   0%|          | 16/1000000 [02:20<1135:26:15,  4.09s/it]
offline:   0%|          | 27/1000000 [02:21<547:52:00,  1.97s/it] 
offline:   0%|          | 36/1000000 [02:21<342:25:11,  1.23s/it]
  2%|▏         | 1/50 [00:09<07:37,  9.35s/it][A
  4%|▍         | 2/50 [00:17<07:05,  8.86s/it][A
  6%|▌         | 3/50 [00:26<06:51,  8.75s/it][A
  8%|▊         | 4/50 [00:35<06:39,  8.69s/it][A
 10%|█         | 5/50 [00:43<06:30,  8.67s/it][A
 12%|█▏        | 6/50 [00:52<06:20,  8.64s/it][A
 14%|█▍        | 7/50 [01:00<06:11,  8.64s/it][A
 16%|█▌        | 8/50 [01:09<06:02,  8.62s/it][A
 18%|█▊        | 9/50 [01:18<05:53,  8.61s/it][A
 20%|██        | 10/50 [01:26<05:44,  8.61s/it][A
 22%|██▏       | 11/50 [01:35<05:34,  8.59s/it][A
 24%|██▍       | 12/50 [01:43<05:25,  8.57s/it][A
 26%|██▌       | 13/50 [01:52<05:18,  8.61s/it][A
 28%|██▊       | 14/50 [02:01<05:09,  8.61s/it][A
 30%|███       | 15/50 [02:09<05:00,  8.58s/it][A
 32%|███▏      | 16/50 [02:16<04:36,  8.14s/it][A
 34%|███▍      | 17/50 [02:23<04:14,  7.70s/it][A
 36%|███▌      | 18/50 [02:30<03:56,  7.41s/it][A
 38%|███▊      | 19/50 [02:36<03:43,  7.20s/it][A
 40%|████      | 20/50 [02:43<03:31,  7.06s/it][A
 42%|████▏     | 21/50 [02:50<03:21,  6.94s/it][A
 44%|████▍     | 22/50 [02:56<03:12,  6.88s/it][A
 46%|████▌     | 23/50 [03:03<03:04,  6.84s/it][A
 48%|████▊     | 24/50 [03:10<02:57,  6.81s/it][A
 50%|█████     | 25/50 [03:17<02:49,  6.79s/it][A
 52%|█████▏    | 26/50 [03:23<02:42,  6.76s/it][A
 54%|█████▍    | 27/50 [03:30<02:34,  6.73s/it][A
 56%|█████▌    | 28/50 [03:37<02:27,  6.72s/it][A
 58%|█████▊    | 29/50 [03:43<02:20,  6.71s/it][A
 60%|██████    | 30/50 [03:50<02:14,  6.71s/it][A
 62%|██████▏   | 31/50 [03:57<02:07,  6.73s/it][A
 64%|██████▍   | 32/50 [04:04<02:00,  6.72s/it][A
 66%|██████▌   | 33/50 [04:10<01:54,  6.71s/it][A
 68%|██████▊   | 34/50 [04:17<01:47,  6.70s/it][A
 70%|███████   | 35/50 [04:24<01:40,  6.69s/it][A
 72%|███████▏  | 36/50 [04:30<01:33,  6.69s/it][A
 74%|███████▍  | 37/50 [04:37<01:26,  6.68s/it][A
 76%|███████▌  | 38/50 [04:44<01:20,  6.71s/it][A
 78%|███████▊  | 39/50 [04:50<01:12,  6.62s/it][A
 80%|████████  | 40/50 [04:55<01:01,  6.16s/it][A
 82%|████████▏ | 41/50 [05:00<00:52,  5.85s/it][A
 84%|████████▍ | 42/50 [05:06<00:45,  5.64s/it][A
 86%|████████▌ | 43/50 [05:11<00:38,  5.45s/it][A
 88%|████████▊ | 44/50 [05:16<00:32,  5.36s/it][A
 90%|█████████ | 45/50 [05:21<00:26,  5.25s/it][A
 92%|█████████▏| 46/50 [05:26<00:20,  5.21s/it][A
 94%|█████████▍| 47/50 [05:31<00:15,  5.16s/it][A
 96%|█████████▌| 48/50 [05:36<00:10,  5.12s/it][A
 98%|█████████▊| 49/50 [05:42<00:05,  5.45s/it][A
100%|██████████| 50/50 [05:49<00:00,  5.81s/it][A
100%|██████████| 50/50 [05:49<00:00,  6.98s/it]
offline:  10%|█         | 100000/1000000 [30:27<3944:27:41, 15.78s/it, eval_success=0.000]
offline:  10%|█         | 100015/1000000 [30:27<2006:11:13,  8.02s/it, eval_success=0.000]
offline:  10%|█         | 100025/1000000 [30:27<1367:20:25,  5.47s/it, eval_success=0.000]
offline:  10%|█         | 100035/1000000 [30:27<940:10:21,  3.76s/it, eval_success=0.000] 
offline:  10%|█         | 100045/1000000 [30:27<650:30:50,  2.60s/it, eval_success=0.000]
offline:  10%|█         | 100058/1000000 [30:28<414:12:39,  1.66s/it, eval_success=0.000]
offline:  10%|█         | 100069/1000000 [30:28<288:12:36,  1.15s/it, eval_success=0.000]
  2%|▏         | 1/50 [00:10<08:19, 10.19s/it][A
  4%|▍         | 2/50 [00:18<07:29,  9.37s/it][A
  6%|▌         | 3/50 [00:29<07:47,  9.94s/it][A
  8%|▊         | 4/50 [00:40<07:50, 10.23s/it][A
 10%|█         | 5/50 [00:50<07:46, 10.37s/it][A
 12%|█▏        | 6/50 [01:01<07:40, 10.46s/it][A
 14%|█▍        | 7/50 [01:12<07:32, 10.53s/it][A
 16%|█▌        | 8/50 [01:22<07:23, 10.55s/it][A
 18%|█▊        | 9/50 [01:33<07:13, 10.56s/it][A
 20%|██        | 10/50 [01:44<07:03, 10.59s/it][A
 22%|██▏       | 11/50 [01:54<06:54, 10.62s/it][A
 24%|██▍       | 12/50 [02:05<06:44, 10.64s/it][A
 26%|██▌       | 13/50 [02:16<06:33, 10.64s/it][A
 28%|██▊       | 14/50 [02:26<06:21, 10.60s/it][A
 30%|███       | 15/50 [02:37<06:12, 10.64s/it][A
 32%|███▏      | 16/50 [02:47<06:01, 10.63s/it][A
 34%|███▍      | 17/50 [02:58<05:50, 10.63s/it][A
 36%|███▌      | 18/50 [03:09<05:40, 10.63s/it][A
 38%|███▊      | 19/50 [03:19<05:29, 10.65s/it][A
 40%|████      | 20/50 [03:30<05:19, 10.64s/it][A
 42%|████▏     | 21/50 [03:41<05:08, 10.64s/it][A
 44%|████▍     | 22/50 [03:51<04:57, 10.63s/it][A
 46%|████▌     | 23/50 [04:02<04:47, 10.64s/it][A
 48%|████▊     | 24/50 [04:12<04:36, 10.62s/it][A
 50%|█████     | 25/50 [04:23<04:25, 10.63s/it][A
 52%|█████▏    | 26/50 [04:34<04:14, 10.61s/it][A
 54%|█████▍    | 27/50 [04:44<04:04, 10.61s/it][A
 56%|█████▌    | 28/50 [04:55<03:53, 10.62s/it][A
 58%|█████▊    | 29/50 [05:05<03:42, 10.59s/it][A
 60%|██████    | 30/50 [05:16<03:32, 10.62s/it][A
 62%|██████▏   | 31/50 [05:26<03:17, 10.39s/it][A
 64%|██████▍   | 32/50 [05:35<02:58,  9.89s/it][A
 66%|██████▌   | 33/50 [05:43<02:41,  9.52s/it][A
 68%|██████▊   | 34/50 [05:52<02:27,  9.24s/it][A
 70%|███████   | 35/50 [06:01<02:16,  9.07s/it][A
 72%|███████▏  | 36/50 [06:09<02:05,  8.94s/it][A
 74%|███████▍  | 37/50 [06:18<01:55,  8.89s/it][A
 76%|███████▌  | 38/50 [06:27<01:45,  8.83s/it][A
 78%|███████▊  | 39/50 [06:35<01:36,  8.79s/it][A
 80%|████████  | 40/50 [06:44<01:27,  8.76s/it][A
 82%|████████▏ | 41/50 [06:53<01:18,  8.71s/it][A
 84%|████████▍ | 42/50 [07:01<01:09,  8.70s/it][A
 86%|████████▌ | 43/50 [07:10<01:00,  8.69s/it][A
 88%|████████▊ | 44/50 [07:19<00:52,  8.72s/it][A
 90%|█████████ | 45/50 [07:28<00:43,  8.72s/it][A
 92%|█████████▏| 46/50 [07:36<00:34,  8.71s/it][A
 94%|█████████▍| 47/50 [07:45<00:25,  8.67s/it][A
 96%|█████████▌| 48/50 [07:53<00:17,  8.67s/it][A
 98%|█████████▊| 49/50 [08:02<00:08,  8.65s/it][A
100%|██████████| 50/50 [08:11<00:00,  8.65s/it][A
100%|██████████| 50/50 [08:11<00:00,  9.82s/it]
offline:  20%|██        | 200000/1000000 [1:01:29<5253:33:07, 23.64s/it, eval_success=0.000]
offline:  20%|██        | 200014/1000000 [1:01:29<2679:33:56, 12.06s/it, eval_success=0.000]
offline:  20%|██        | 200023/1000000 [1:01:29<1848:35:55,  8.32s/it, eval_success=0.000]
offline:  20%|██        | 200032/1000000 [1:01:29<1281:29:25,  5.77s/it, eval_success=0.000]
offline:  20%|██        | 200041/1000000 [1:01:29<891:36:06,  4.01s/it, eval_success=0.000] 
offline:  20%|██        | 200050/1000000 [1:01:29<621:46:16,  2.80s/it, eval_success=0.000]
offline:  20%|██        | 200059/1000000 [1:01:29<434:42:59,  1.96s/it, eval_success=0.000]
offline:  20%|██        | 200069/1000000 [1:01:30<294:34:02,  1.33s/it, eval_success=0.000]
  2%|▏         | 1/50 [00:10<08:43, 10.69s/it][A
  4%|▍         | 2/50 [00:21<08:32, 10.67s/it][A
  6%|▌         | 3/50 [00:30<07:52, 10.05s/it][A
  8%|▊         | 4/50 [00:39<07:18,  9.53s/it][A
 10%|█         | 5/50 [00:48<06:56,  9.26s/it][A
 12%|█▏        | 6/50 [00:56<06:39,  9.08s/it][A
 14%|█▍        | 7/50 [01:05<06:25,  8.97s/it][A
 16%|█▌        | 8/50 [01:14<06:13,  8.90s/it][A
 18%|█▊        | 9/50 [01:23<06:04,  8.88s/it][A
 20%|██        | 10/50 [01:31<05:53,  8.84s/it][A
 22%|██▏       | 11/50 [01:40<05:44,  8.83s/it][A
 24%|██▍       | 12/50 [01:49<05:34,  8.80s/it][A
 26%|██▌       | 13/50 [01:58<05:24,  8.77s/it][A
 28%|██▊       | 14/50 [02:07<05:15,  8.78s/it][A
 30%|███       | 15/50 [02:15<05:07,  8.77s/it][A
 32%|███▏      | 16/50 [02:24<04:58,  8.77s/it][A
 34%|███▍      | 17/50 [02:33<04:49,  8.76s/it][A
 36%|███▌      | 18/50 [02:42<04:40,  8.77s/it][A
 38%|███▊      | 19/50 [02:50<04:31,  8.76s/it][A
 40%|████      | 20/50 [02:59<04:22,  8.75s/it][A
 42%|████▏     | 21/50 [03:08<04:14,  8.76s/it][A
 44%|████▍     | 22/50 [03:17<04:05,  8.75s/it][A
 46%|████▌     | 23/50 [03:25<03:56,  8.77s/it][A
 48%|████▊     | 24/50 [03:34<03:48,  8.80s/it][A
 50%|█████     | 25/50 [03:43<03:39,  8.80s/it][A
 52%|█████▏    | 26/50 [03:52<03:32,  8.87s/it][A
 54%|█████▍    | 27/50 [04:01<03:23,  8.85s/it][A
 56%|█████▌    | 28/50 [04:10<03:14,  8.84s/it][A
 58%|█████▊    | 29/50 [04:18<03:05,  8.82s/it][A
 60%|██████    | 30/50 [04:27<02:55,  8.79s/it][A
 62%|██████▏   | 31/50 [04:36<02:46,  8.78s/it][A
 64%|██████▍   | 32/50 [04:45<02:37,  8.78s/it][A
 66%|██████▌   | 33/50 [04:53<02:28,  8.75s/it][A
 68%|██████▊   | 34/50 [05:02<02:20,  8.75s/it][A
 70%|███████   | 35/50 [05:11<02:11,  8.76s/it][A
 72%|███████▏  | 36/50 [05:20<02:02,  8.75s/it][A
 74%|███████▍  | 37/50 [05:28<01:53,  8.75s/it][A
 76%|███████▌  | 38/50 [05:37<01:45,  8.76s/it][A
 78%|███████▊  | 39/50 [05:46<01:36,  8.77s/it][A
 80%|████████  | 40/50 [05:55<01:27,  8.76s/it][A
 82%|████████▏ | 41/50 [06:03<01:18,  8.73s/it][A
 84%|████████▍ | 42/50 [06:12<01:09,  8.74s/it][A
 86%|████████▌ | 43/50 [06:21<01:01,  8.74s/it][A
 88%|████████▊ | 44/50 [06:30<00:52,  8.74s/it][A
 90%|█████████ | 45/50 [06:38<00:43,  8.73s/it][A
 92%|█████████▏| 46/50 [06:48<00:36,  9.10s/it][A
 94%|█████████▍| 47/50 [06:57<00:26,  8.96s/it][A
 96%|█████████▌| 48/50 [07:06<00:17,  8.89s/it][A
 98%|█████████▊| 49/50 [07:14<00:08,  8.81s/it][A
100%|██████████| 50/50 [07:23<00:00,  8.77s/it][A
100%|██████████| 50/50 [07:23<00:00,  8.87s/it]
offline:  30%|███       | 300000/1000000 [1:31:15<3690:57:20, 18.98s/it, eval_success=0.000]
offline:  30%|███       | 300011/1000000 [1:31:15<2208:36:34, 11.36s/it, eval_success=0.000]
offline:  30%|███       | 300019/1000000 [1:31:15<1558:55:50,  8.02s/it, eval_success=0.000]
offline:  30%|███       | 300027/1000000 [1:31:15<1097:59:46,  5.65s/it, eval_success=0.000]
offline:  30%|███       | 300035/1000000 [1:31:15<772:19:03,  3.97s/it, eval_success=0.000] 
offline:  30%|███       | 300044/1000000 [1:31:15<523:25:13,  2.69s/it, eval_success=0.000]
offline:  30%|███       | 300052/1000000 [1:31:15<371:50:55,  1.91s/it, eval_success=0.000]
offline:  30%|███       | 300062/1000000 [1:31:15<245:23:56,  1.26s/it, eval_success=0.000]
  2%|▏         | 1/50 [00:12<09:56, 12.18s/it][A
  4%|▍         | 2/50 [00:24<09:56, 12.42s/it][A
  6%|▌         | 3/50 [00:35<08:59, 11.47s/it][A
  8%|▊         | 4/50 [00:45<08:30, 11.11s/it][A
 10%|█         | 5/50 [00:56<08:13, 10.96s/it][A
 12%|█▏        | 6/50 [01:07<07:57, 10.85s/it][A
 14%|█▍        | 7/50 [01:17<07:43, 10.78s/it][A
 16%|█▌        | 8/50 [01:28<07:31, 10.74s/it][A
 18%|█▊        | 9/50 [01:38<07:17, 10.68s/it][A
 20%|██        | 10/50 [01:49<07:06, 10.66s/it][A
 22%|██▏       | 11/50 [02:00<06:54, 10.63s/it][A
 24%|██▍       | 12/50 [02:10<06:44, 10.64s/it][A
 26%|██▌       | 13/50 [02:21<06:33, 10.64s/it][A
 28%|██▊       | 14/50 [02:32<06:23, 10.66s/it][A
 30%|███       | 15/50 [02:42<06:12, 10.65s/it][A
 32%|███▏      | 16/50 [02:53<06:01, 10.64s/it][A
 34%|███▍      | 17/50 [03:03<05:50, 10.61s/it][A
 36%|███▌      | 18/50 [03:14<05:39, 10.59s/it][A
 38%|███▊      | 19/50 [03:25<05:29, 10.62s/it][A
 40%|████      | 20/50 [03:35<05:17, 10.60s/it][A
 42%|████▏     | 21/50 [03:46<05:07, 10.60s/it][A
 44%|████▍     | 22/50 [03:56<04:55, 10.57s/it][A
 46%|████▌     | 23/50 [04:07<04:45, 10.59s/it][A
 48%|████▊     | 24/50 [04:17<04:35, 10.61s/it][A
 50%|█████     | 25/50 [04:28<04:24, 10.58s/it][A
 52%|█████▏    | 26/50 [04:39<04:14, 10.59s/it][A
 54%|█████▍    | 27/50 [04:48<03:52, 10.12s/it][A
 56%|█████▌    | 28/50 [04:58<03:46, 10.27s/it][A
 58%|█████▊    | 29/50 [05:09<03:37, 10.35s/it][A
 60%|██████    | 30/50 [05:18<03:21, 10.09s/it][A
 62%|██████▏   | 31/50 [05:29<03:14, 10.23s/it][A
 64%|██████▍   | 32/50 [05:39<03:06, 10.34s/it][A
 66%|██████▌   | 33/50 [05:50<02:57, 10.42s/it][A
 68%|██████▊   | 34/50 [06:01<02:47, 10.44s/it][A
 70%|███████   | 35/50 [06:11<02:37, 10.48s/it][A
 72%|███████▏  | 36/50 [06:21<02:25, 10.40s/it][A
 74%|███████▍  | 37/50 [06:32<02:16, 10.48s/it][A
 76%|███████▌  | 38/50 [06:41<02:00, 10.05s/it][A
 78%|███████▊  | 39/50 [06:50<01:45,  9.60s/it][A
 80%|████████  | 40/50 [06:58<01:33,  9.34s/it][A
 82%|████████▏ | 41/50 [07:07<01:22,  9.17s/it][A
 84%|████████▍ | 42/50 [07:16<01:12,  9.05s/it][A
 86%|████████▌ | 43/50 [07:25<01:02,  8.96s/it][A
 88%|████████▊ | 44/50 [07:33<00:53,  8.92s/it][A
 90%|█████████ | 45/50 [07:42<00:44,  8.87s/it][A
 92%|█████████▏| 46/50 [07:51<00:35,  8.82s/it][A
 94%|█████████▍| 47/50 [08:00<00:26,  8.76s/it][A
 96%|█████████▌| 48/50 [08:08<00:17,  8.76s/it][A
 98%|█████████▊| 49/50 [08:17<00:08,  8.75s/it][A
100%|██████████| 50/50 [08:26<00:00,  8.77s/it][A
100%|██████████| 50/50 [08:26<00:00, 10.13s/it]
offline:  40%|████      | 400000/1000000 [2:01:43<4219:38:34, 25.32s/it, eval_success=0.120]
offline:  40%|████      | 400011/1000000 [2:01:43<2364:42:40, 14.19s/it, eval_success=0.120]
offline:  40%|████      | 400020/1000000 [2:01:43<1562:30:58,  9.38s/it, eval_success=0.120]
offline:  40%|████      | 400029/1000000 [2:01:43<1052:55:07,  6.32s/it, eval_success=0.120]
offline:  40%|████      | 400038/1000000 [2:01:43<718:33:22,  4.31s/it, eval_success=0.120] 
offline:  40%|████      | 400048/1000000 [2:01:43<478:02:19,  2.87s/it, eval_success=0.120]
offline:  40%|████      | 400057/1000000 [2:01:43<334:42:23,  2.01s/it, eval_success=0.120]
offline:  40%|████      | 400066/1000000 [2:01:43<234:33:30,  1.41s/it, eval_success=0.120]
  2%|▏         | 1/50 [00:08<07:07,  8.73s/it][A
  4%|▍         | 2/50 [00:17<06:58,  8.71s/it][A
  6%|▌         | 3/50 [00:26<06:50,  8.74s/it][A
  8%|▊         | 4/50 [00:34<06:42,  8.75s/it][A
 10%|█         | 5/50 [00:42<06:11,  8.26s/it][A
 12%|█▏        | 6/50 [00:49<05:42,  7.79s/it][A
 14%|█▍        | 7/50 [00:55<05:16,  7.36s/it][A
 16%|█▌        | 8/50 [01:02<05:02,  7.20s/it][A
 18%|█▊        | 9/50 [01:09<04:50,  7.09s/it][A
 20%|██        | 10/50 [01:15<04:36,  6.92s/it][A
 22%|██▏       | 11/50 [01:22<04:29,  6.90s/it][A
 24%|██▍       | 12/50 [01:28<04:10,  6.59s/it][A
 26%|██▌       | 13/50 [01:35<04:06,  6.67s/it][A
 28%|██▊       | 14/50 [01:42<04:01,  6.72s/it][A
 30%|███       | 15/50 [01:49<03:56,  6.75s/it][A
 32%|███▏      | 16/50 [01:56<03:58,  7.02s/it][A
 34%|███▍      | 17/50 [02:07<04:27,  8.10s/it][A
 36%|███▌      | 18/50 [02:17<04:37,  8.68s/it][A
 38%|███▊      | 19/50 [02:28<04:47,  9.27s/it][A
 40%|████      | 20/50 [02:38<04:50,  9.68s/it][A
 42%|████▏     | 21/50 [02:49<04:48,  9.95s/it][A
 44%|████▍     | 22/50 [03:00<04:44, 10.17s/it][A
 46%|████▌     | 23/50 [03:10<04:38, 10.31s/it][A
 48%|████▊     | 24/50 [03:21<04:30, 10.42s/it][A
 50%|█████     | 25/50 [03:32<04:22, 10.49s/it][A
 52%|█████▏    | 26/50 [03:42<04:12, 10.52s/it][A
 54%|█████▍    | 27/50 [03:53<04:02, 10.56s/it][A
 56%|█████▌    | 28/50 [04:03<03:52, 10.58s/it][A
 58%|█████▊    | 29/50 [04:14<03:42, 10.59s/it][A
 60%|██████    | 30/50 [04:25<03:32, 10.62s/it][A
 62%|██████▏   | 31/50 [04:34<03:17, 10.37s/it][A
 64%|██████▍   | 32/50 [04:45<03:08, 10.45s/it][A
 66%|██████▌   | 33/50 [04:54<02:50, 10.04s/it][A
 68%|██████▊   | 34/50 [05:05<02:42, 10.18s/it][A
 70%|███████   | 35/50 [05:15<02:34, 10.29s/it][A
 72%|███████▏  | 36/50 [05:26<02:25, 10.37s/it][A
 74%|███████▍  | 37/50 [05:36<02:15, 10.42s/it][A
 76%|███████▌  | 38/50 [05:47<02:05, 10.48s/it][A
 78%|███████▊  | 39/50 [05:57<01:55, 10.51s/it][A
 80%|████████  | 40/50 [06:08<01:45, 10.53s/it][A
 82%|████████▏ | 41/50 [06:19<01:34, 10.55s/it][A
 84%|████████▍ | 42/50 [06:29<01:24, 10.57s/it][A
 86%|████████▌ | 43/50 [06:40<01:14, 10.58s/it][A
 88%|████████▊ | 44/50 [06:51<01:03, 10.60s/it][A
 90%|█████████ | 45/50 [07:01<00:53, 10.63s/it][A
 92%|█████████▏| 46/50 [07:12<00:42, 10.63s/it][A
 94%|█████████▍| 47/50 [07:23<00:31, 10.64s/it][A
 96%|█████████▌| 48/50 [07:33<00:21, 10.66s/it][A
 98%|█████████▊| 49/50 [07:44<00:10, 10.65s/it][A
100%|██████████| 50/50 [07:55<00:00, 10.65s/it][A
100%|██████████| 50/50 [07:55<00:00,  9.50s/it]
offline:  50%|█████     | 500000/1000000 [2:31:31<2651:44:06, 19.09s/it, eval_success=0.120]
offline:  50%|█████     | 500012/1000000 [2:31:31<1571:17:04, 11.31s/it, eval_success=0.120]
offline:  50%|█████     | 500021/1000000 [2:31:31<1094:08:58,  7.88s/it, eval_success=0.120]
offline:  50%|█████     | 500030/1000000 [2:31:31<763:42:54,  5.50s/it, eval_success=0.120] 
offline:  50%|█████     | 500038/1000000 [2:31:31<552:07:56,  3.98s/it, eval_success=0.120]
offline:  50%|█████     | 500046/1000000 [2:31:31<395:52:19,  2.85s/it, eval_success=0.120]
offline:  50%|█████     | 500054/1000000 [2:31:31<282:11:35,  2.03s/it, eval_success=0.120]
offline:  50%|█████     | 500062/1000000 [2:31:31<200:26:39,  1.44s/it, eval_success=0.120]
offline:  50%|█████     | 500069/1000000 [2:31:32<147:26:00,  1.06s/it, eval_success=0.120]
  2%|▏         | 1/50 [00:12<10:13, 12.53s/it][A
  4%|▍         | 2/50 [00:25<10:02, 12.55s/it][A
  6%|▌         | 3/50 [00:37<09:48, 12.52s/it][A
  8%|▊         | 4/50 [00:50<09:34, 12.49s/it][A
 10%|█         | 5/50 [01:02<09:21, 12.47s/it][A
 12%|█▏        | 6/50 [01:14<09:09, 12.49s/it][A
 14%|█▍        | 7/50 [01:27<08:58, 12.52s/it][A
 16%|█▌        | 8/50 [01:38<08:27, 12.07s/it][A
 18%|█▊        | 9/50 [01:49<07:54, 11.56s/it][A
 20%|██        | 10/50 [01:59<07:29, 11.24s/it][A
 22%|██▏       | 11/50 [02:10<07:09, 11.01s/it][A
 24%|██▍       | 12/50 [02:20<06:52, 10.84s/it][A
 26%|██▌       | 13/50 [02:31<06:38, 10.77s/it][A
 28%|██▊       | 14/50 [02:41<06:24, 10.68s/it][A
 30%|███       | 15/50 [02:52<06:12, 10.66s/it][A
 32%|███▏      | 16/50 [03:02<06:01, 10.62s/it][A
 34%|███▍      | 17/50 [03:13<05:49, 10.58s/it][A
 36%|███▌      | 18/50 [03:23<05:31, 10.37s/it][A
 38%|███▊      | 19/50 [03:33<05:23, 10.42s/it][A
 40%|████      | 20/50 [03:44<05:13, 10.46s/it][A
 42%|████▏     | 21/50 [03:54<05:03, 10.47s/it][A
 44%|████▍     | 22/50 [04:05<04:54, 10.53s/it][A
 46%|████▌     | 23/50 [04:15<04:40, 10.40s/it][A
 48%|████▊     | 24/50 [04:26<04:31, 10.46s/it][A
 50%|█████     | 25/50 [04:36<04:21, 10.48s/it][A
 52%|█████▏    | 26/50 [04:47<04:11, 10.49s/it][A
 54%|█████▍    | 27/50 [04:57<04:01, 10.52s/it][A
 56%|█████▌    | 28/50 [05:08<03:51, 10.54s/it][A
 58%|█████▊    | 29/50 [05:18<03:41, 10.57s/it][A
 60%|██████    | 30/50 [05:29<03:30, 10.55s/it][A
 62%|██████▏   | 31/50 [05:39<03:19, 10.53s/it][A
 64%|██████▍   | 32/50 [05:50<03:08, 10.50s/it][A
 66%|██████▌   | 33/50 [06:00<02:58, 10.51s/it][A
 68%|██████▊   | 34/50 [06:11<02:48, 10.50s/it][A
 70%|███████   | 35/50 [06:21<02:37, 10.52s/it][A
 72%|███████▏  | 36/50 [06:32<02:27, 10.51s/it][A
 74%|███████▍  | 37/50 [06:41<02:09,  9.93s/it][A
 76%|███████▌  | 38/50 [06:51<02:01, 10.13s/it][A
 78%|███████▊  | 39/50 [07:02<01:52, 10.25s/it][A
 80%|████████  | 40/50 [07:11<01:40, 10.08s/it][A
 82%|████████▏ | 41/50 [07:22<01:32, 10.23s/it][A
 84%|████████▍ | 42/50 [07:33<01:22, 10.34s/it][A
 86%|████████▌ | 43/50 [07:43<01:12, 10.39s/it][A
 88%|████████▊ | 44/50 [07:54<01:02, 10.45s/it][A
 90%|█████████ | 45/50 [08:04<00:52, 10.50s/it][A
 92%|█████████▏| 46/50 [08:15<00:42, 10.52s/it][A
 94%|█████████▍| 47/50 [08:25<00:31, 10.51s/it][A
 96%|█████████▌| 48/50 [08:36<00:21, 10.53s/it][A
 98%|█████████▊| 49/50 [08:46<00:10, 10.55s/it][A
100%|██████████| 50/50 [08:57<00:00, 10.52s/it][A
100%|██████████| 50/50 [08:57<00:00, 10.75s/it]
offline:  60%|██████    | 600000/1000000 [3:00:58<2881:38:10, 25.93s/it, eval_success=0.100]
offline:  60%|██████    | 600014/1000000 [3:00:58<1467:38:19, 13.21s/it, eval_success=0.100]
offline:  60%|██████    | 600022/1000000 [3:00:58<1048:21:59,  9.44s/it, eval_success=0.100]
offline:  60%|██████    | 600030/1000000 [3:00:59<744:37:33,  6.70s/it, eval_success=0.100] 
offline:  60%|██████    | 600039/1000000 [3:00:59<508:17:03,  4.58s/it, eval_success=0.100]
offline:  60%|██████    | 600047/1000000 [3:00:59<362:43:59,  3.26s/it, eval_success=0.100]
offline:  60%|██████    | 600054/1000000 [3:00:59<267:13:10,  2.41s/it, eval_success=0.100]
offline:  60%|██████    | 600061/1000000 [3:00:59<194:23:51,  1.75s/it, eval_success=0.100]
offline:  60%|██████    | 600068/1000000 [3:00:59<140:09:32,  1.26s/it, eval_success=0.100]
  2%|▏         | 1/50 [00:08<07:03,  8.64s/it][A
  4%|▍         | 2/50 [00:18<07:31,  9.41s/it][A
  6%|▌         | 3/50 [00:28<07:27,  9.53s/it][A
  8%|▊         | 4/50 [00:38<07:38,  9.96s/it][A
 10%|█         | 5/50 [00:49<07:35, 10.12s/it][A
 12%|█▏        | 6/50 [00:59<07:32, 10.28s/it][A
 14%|█▍        | 7/50 [01:09<07:15, 10.14s/it][A
 16%|█▌        | 8/50 [01:20<07:11, 10.27s/it][A
 18%|█▊        | 9/50 [01:30<07:04, 10.35s/it][A
 20%|██        | 10/50 [01:41<06:56, 10.40s/it][A
 22%|██▏       | 11/50 [01:51<06:48, 10.47s/it][A
 24%|██▍       | 12/50 [02:02<06:38, 10.48s/it][A
 26%|██▌       | 13/50 [02:12<06:28, 10.49s/it][A
 28%|██▊       | 14/50 [02:23<06:19, 10.54s/it][A
 30%|███       | 15/50 [02:34<06:09, 10.55s/it][A
 32%|███▏      | 16/50 [02:44<05:58, 10.55s/it][A
 34%|███▍      | 17/50 [02:55<05:47, 10.53s/it][A
 36%|███▌      | 18/50 [03:05<05:37, 10.56s/it][A
 38%|███▊      | 19/50 [03:16<05:26, 10.54s/it][A
 40%|████      | 20/50 [03:26<05:16, 10.55s/it][A
 42%|████▏     | 21/50 [03:35<04:50, 10.02s/it][A
 44%|████▍     | 22/50 [03:45<04:36,  9.86s/it][A
 46%|████▌     | 23/50 [03:55<04:31, 10.05s/it][A
 48%|████▊     | 24/50 [04:04<04:13,  9.74s/it][A
 50%|█████     | 25/50 [04:13<03:59,  9.58s/it][A
 52%|█████▏    | 26/50 [04:24<03:57,  9.88s/it][A
 54%|█████▍    | 27/50 [04:35<03:51, 10.09s/it][A
 56%|█████▌    | 28/50 [04:43<03:33,  9.72s/it][A
 58%|█████▊    | 29/50 [04:54<03:29,  9.98s/it][A
 60%|██████    | 30/50 [05:05<03:23, 10.15s/it][A
 62%|██████▏   | 31/50 [05:15<03:15, 10.26s/it][A
 64%|██████▍   | 32/50 [05:24<02:55,  9.73s/it][A
 66%|██████▌   | 33/50 [05:32<02:40,  9.47s/it][A
 68%|██████▊   | 34/50 [05:43<02:36,  9.80s/it][A
 70%|███████   | 35/50 [05:53<02:29,  9.98s/it][A
 72%|███████▏  | 36/50 [06:04<02:21, 10.14s/it][A
 74%|███████▍  | 37/50 [06:14<02:13, 10.25s/it][A
 76%|███████▌  | 38/50 [06:25<02:04, 10.35s/it][A
 78%|███████▊  | 39/50 [06:36<01:54, 10.41s/it][A
 80%|████████  | 40/50 [06:44<01:38,  9.83s/it][A
 82%|████████▏ | 41/50 [06:55<01:30, 10.04s/it][A
 84%|████████▍ | 42/50 [07:05<01:21, 10.20s/it][A
 86%|████████▌ | 43/50 [07:16<01:12, 10.31s/it][A
 88%|████████▊ | 44/50 [07:26<01:02, 10.40s/it][A
 90%|█████████ | 45/50 [07:37<00:52, 10.43s/it][A
 92%|█████████▏| 46/50 [07:47<00:41, 10.47s/it][A
 94%|█████████▍| 47/50 [07:58<00:31, 10.49s/it][A
 96%|█████████▌| 48/50 [08:07<00:19,  9.93s/it][A
 98%|█████████▊| 49/50 [08:16<00:09,  9.87s/it][A
100%|██████████| 50/50 [08:27<00:00, 10.07s/it][A
100%|██████████| 50/50 [08:27<00:00, 10.15s/it]
offline:  70%|███████   | 700000/1000000 [3:29:06<1596:42:09, 19.16s/it, eval_success=0.280]
offline:  70%|███████   | 700012/1000000 [3:29:06<969:55:58, 11.64s/it, eval_success=0.280] 
offline:  70%|███████   | 700021/1000000 [3:29:07<683:01:49,  8.20s/it, eval_success=0.280]
offline:  70%|███████   | 700030/1000000 [3:29:07<480:14:10,  5.76s/it, eval_success=0.280]
offline:  70%|███████   | 700039/1000000 [3:29:07<337:28:15,  4.05s/it, eval_success=0.280]
offline:  70%|███████   | 700047/1000000 [3:29:07<245:08:13,  2.94s/it, eval_success=0.280]
offline:  70%|███████   | 700055/1000000 [3:29:07<176:21:37,  2.12s/it, eval_success=0.280]
offline:  70%|███████   | 700063/1000000 [3:29:07<126:12:13,  1.51s/it, eval_success=0.280]
offline:  70%|███████   | 700070/1000000 [3:29:07<93:14:31,  1.12s/it, eval_success=0.280] 
  2%|▏         | 1/50 [00:08<06:55,  8.48s/it][A
  4%|▍         | 2/50 [00:17<06:49,  8.53s/it][A
  6%|▌         | 3/50 [00:25<06:40,  8.52s/it][A
  8%|▊         | 4/50 [00:34<06:31,  8.50s/it][A
 10%|█         | 5/50 [00:42<06:22,  8.49s/it][A
 12%|█▏        | 6/50 [00:50<06:03,  8.26s/it][A
 14%|█▍        | 7/50 [00:58<05:53,  8.22s/it][A
 16%|█▌        | 8/50 [01:06<05:48,  8.30s/it][A
 18%|█▊        | 9/50 [01:15<05:43,  8.37s/it][A
 20%|██        | 10/50 [01:23<05:37,  8.43s/it][A
 22%|██▏       | 11/50 [01:32<05:29,  8.46s/it][A
 24%|██▍       | 12/50 [01:40<05:21,  8.45s/it][A
 26%|██▌       | 13/50 [01:49<05:12,  8.46s/it][A
 28%|██▊       | 14/50 [01:58<05:08,  8.58s/it][A
 30%|███       | 15/50 [02:08<05:20,  9.17s/it][A
 32%|███▏      | 16/50 [02:19<05:25,  9.58s/it][A
 34%|███▍      | 17/50 [02:29<05:25,  9.85s/it][A
 36%|███▌      | 18/50 [02:41<05:30, 10.31s/it][A
 38%|███▊      | 19/50 [02:53<05:39, 10.96s/it][A
 40%|████      | 20/50 [03:06<05:42, 11.41s/it][A
 42%|████▏     | 21/50 [03:18<05:40, 11.74s/it][A
 44%|████▍     | 22/50 [03:31<05:35, 11.99s/it][A
 46%|████▌     | 23/50 [03:43<05:28, 12.15s/it][A
 48%|████▊     | 24/50 [03:56<05:18, 12.24s/it][A
 50%|█████     | 25/50 [04:08<05:08, 12.33s/it][A
 52%|█████▏    | 26/50 [04:21<04:56, 12.36s/it][A
 54%|█████▍    | 27/50 [04:33<04:45, 12.40s/it][A
 56%|█████▌    | 28/50 [04:46<04:33, 12.42s/it][A
 58%|█████▊    | 29/50 [04:58<04:21, 12.46s/it][A
 60%|██████    | 30/50 [05:11<04:09, 12.49s/it][A
 62%|██████▏   | 31/50 [05:23<03:57, 12.48s/it][A
 64%|██████▍   | 32/50 [05:33<03:30, 11.70s/it][A
 66%|██████▌   | 33/50 [05:46<03:22, 11.94s/it][A
 68%|██████▊   | 34/50 [05:58<03:13, 12.09s/it][A
 70%|███████   | 35/50 [06:11<03:03, 12.21s/it][A
 72%|███████▏  | 36/50 [06:21<02:45, 11.82s/it][A
 74%|███████▍  | 37/50 [06:34<02:36, 12.02s/it][A
 76%|███████▌  | 38/50 [06:45<02:20, 11.67s/it][A
 78%|███████▊  | 39/50 [06:57<02:10, 11.91s/it][A
 80%|████████  | 40/50 [07:10<02:00, 12.07s/it][A
 82%|████████▏ | 41/50 [07:22<01:49, 12.21s/it][A
 84%|████████▍ | 42/50 [07:35<01:38, 12.28s/it][A
 86%|████████▌ | 43/50 [07:47<01:26, 12.34s/it][A
 88%|████████▊ | 44/50 [08:00<01:14, 12.39s/it][A
 90%|█████████ | 45/50 [08:12<01:02, 12.43s/it][A
 92%|█████████▏| 46/50 [08:25<00:49, 12.45s/it][A
 94%|█████████▍| 47/50 [08:37<00:37, 12.50s/it][A
 96%|█████████▌| 48/50 [08:50<00:24, 12.42s/it][A
 98%|█████████▊| 49/50 [09:00<00:11, 11.90s/it][A
100%|██████████| 50/50 [09:11<00:00, 11.54s/it][A
100%|██████████| 50/50 [09:11<00:00, 11.03s/it]
offline:  80%|████████  | 800000/1000000 [3:57:22<1136:16:10, 20.45s/it, eval_success=0.100]
offline:  80%|████████  | 800010/1000000 [3:57:22<743:08:27, 13.38s/it, eval_success=0.100] 
offline:  80%|████████  | 800019/1000000 [3:57:22<514:29:01,  9.26s/it, eval_success=0.100]
offline:  80%|████████  | 800027/1000000 [3:57:22<370:03:42,  6.66s/it, eval_success=0.100]
offline:  80%|████████  | 800035/1000000 [3:57:22<264:21:39,  4.76s/it, eval_success=0.100]
offline:  80%|████████  | 800043/1000000 [3:57:22<187:48:53,  3.38s/it, eval_success=0.100]
offline:  80%|████████  | 800050/1000000 [3:57:23<138:00:02,  2.48s/it, eval_success=0.100]
offline:  80%|████████  | 800057/1000000 [3:57:23<100:11:07,  1.80s/it, eval_success=0.100]
offline:  80%|████████  | 800065/1000000 [3:57:23<69:19:33,  1.25s/it, eval_success=0.100] 
  2%|▏         | 1/50 [00:06<05:30,  6.75s/it][A
  4%|▍         | 2/50 [00:13<05:22,  6.73s/it][A
  6%|▌         | 3/50 [00:19<04:59,  6.37s/it][A
  8%|▊         | 4/50 [00:26<05:00,  6.53s/it][A
 10%|█         | 5/50 [00:32<04:57,  6.60s/it][A
 12%|█▏        | 6/50 [00:39<04:52,  6.65s/it][A
 14%|█▍        | 7/50 [00:46<04:46,  6.67s/it][A
 16%|█▌        | 8/50 [00:51<04:21,  6.23s/it][A
 18%|█▊        | 9/50 [00:58<04:22,  6.41s/it][A
 20%|██        | 10/50 [01:04<04:13,  6.35s/it][A
 22%|██▏       | 11/50 [01:11<04:09,  6.39s/it][A
 24%|██▍       | 12/50 [01:17<04:06,  6.48s/it][A
 26%|██▌       | 13/50 [01:24<04:03,  6.57s/it][A
 28%|██▊       | 14/50 [01:31<03:56,  6.58s/it][A
 30%|███       | 15/50 [01:37<03:51,  6.62s/it][A
 32%|███▏      | 16/50 [01:44<03:46,  6.66s/it][A
 34%|███▍      | 17/50 [01:51<03:40,  6.69s/it][A
 36%|███▌      | 18/50 [01:58<03:34,  6.71s/it][A
 38%|███▊      | 19/50 [02:04<03:19,  6.43s/it][A
 40%|████      | 20/50 [02:10<03:15,  6.51s/it][A
 42%|████▏     | 21/50 [02:17<03:08,  6.50s/it][A
 44%|████▍     | 22/50 [02:24<03:04,  6.61s/it][A
 46%|████▌     | 23/50 [02:30<03:00,  6.67s/it][A
 48%|████▊     | 24/50 [02:37<02:53,  6.69s/it][A
 50%|█████     | 25/50 [02:44<02:48,  6.73s/it][A
 52%|█████▏    | 26/50 [02:50<02:35,  6.47s/it][A
 54%|█████▍    | 27/50 [02:57<02:31,  6.57s/it][A
 56%|█████▌    | 28/50 [03:03<02:25,  6.62s/it][A
 58%|█████▊    | 29/50 [03:08<02:09,  6.18s/it][A
 60%|██████    | 30/50 [03:15<02:06,  6.35s/it][A
 62%|██████▏   | 31/50 [03:22<02:02,  6.46s/it][A
 64%|██████▍   | 32/50 [03:27<01:51,  6.19s/it][A
 66%|██████▌   | 33/50 [03:35<01:51,  6.54s/it][A
 68%|██████▊   | 34/50 [03:44<01:58,  7.39s/it][A
 70%|███████   | 35/50 [03:56<02:10,  8.67s/it][A
 72%|███████▏  | 36/50 [04:08<02:17,  9.81s/it][A
 74%|███████▍  | 37/50 [04:21<02:18, 10.62s/it][A
 76%|███████▌  | 38/50 [04:33<02:14, 11.21s/it][A
 78%|███████▊  | 39/50 [04:45<02:04, 11.32s/it][A
 80%|████████  | 40/50 [04:57<01:56, 11.67s/it][A
 82%|████████▏ | 41/50 [05:10<01:47, 11.92s/it][A
 84%|████████▍ | 42/50 [05:22<01:36, 12.08s/it][A
 86%|████████▌ | 43/50 [05:34<01:22, 11.81s/it][A
 88%|████████▊ | 44/50 [05:46<01:12, 12.02s/it][A
 90%|█████████ | 45/50 [05:59<01:00, 12.15s/it][A
 92%|█████████▏| 46/50 [06:11<00:49, 12.26s/it][A
 94%|█████████▍| 47/50 [06:24<00:36, 12.33s/it][A
 96%|█████████▌| 48/50 [06:36<00:24, 12.39s/it][A
 98%|█████████▊| 49/50 [06:49<00:12, 12.43s/it][A
100%|██████████| 50/50 [07:01<00:00, 12.47s/it][A
100%|██████████| 50/50 [07:01<00:00,  8.43s/it]
offline:  90%|█████████ | 900000/1000000 [4:26:19<407:04:37, 14.65s/it, eval_success=0.280]
offline:  90%|█████████ | 900011/1000000 [4:26:19<263:29:02,  9.49s/it, eval_success=0.280]
offline:  90%|█████████ | 900021/1000000 [4:26:19<180:48:10,  6.51s/it, eval_success=0.280]
offline:  90%|█████████ | 900030/1000000 [4:26:19<128:54:44,  4.64s/it, eval_success=0.280]
offline:  90%|█████████ | 900038/1000000 [4:26:20<94:32:24,  3.40s/it, eval_success=0.280] 
offline:  90%|█████████ | 900045/1000000 [4:26:20<70:59:40,  2.56s/it, eval_success=0.280]
offline:  90%|█████████ | 900052/1000000 [4:26:20<52:23:51,  1.89s/it, eval_success=0.280]
offline:  90%|█████████ | 900059/1000000 [4:26:20<38:12:27,  1.38s/it, eval_success=0.280]
offline:  90%|█████████ | 900065/1000000 [4:26:20<28:44:40,  1.04s/it, eval_success=0.280]
  2%|▏         | 1/50 [00:06<05:21,  6.56s/it][A
  4%|▍         | 2/50 [00:12<05:11,  6.49s/it][A
  6%|▌         | 3/50 [00:18<04:53,  6.25s/it][A
  8%|▊         | 4/50 [00:25<04:53,  6.39s/it][A
 10%|█         | 5/50 [00:32<04:50,  6.45s/it][A
 12%|█▏        | 6/50 [00:38<04:45,  6.49s/it][A
 14%|█▍        | 7/50 [00:45<04:48,  6.71s/it][A
 16%|█▌        | 8/50 [00:52<04:47,  6.84s/it][A
 18%|█▊        | 9/50 [00:59<04:38,  6.79s/it][A
 20%|██        | 10/50 [01:06<04:31,  6.78s/it][A
 22%|██▏       | 11/50 [01:12<04:19,  6.66s/it][A
 24%|██▍       | 12/50 [01:19<04:13,  6.68s/it][A
 26%|██▌       | 13/50 [01:26<04:08,  6.71s/it][A
 28%|██▊       | 14/50 [01:33<04:01,  6.72s/it][A
 30%|███       | 15/50 [01:39<03:53,  6.68s/it][A
 32%|███▏      | 16/50 [01:46<03:46,  6.65s/it][A
 34%|███▍      | 17/50 [01:52<03:37,  6.60s/it][A
 36%|███▌      | 18/50 [01:59<03:31,  6.61s/it][A
 38%|███▊      | 19/50 [02:05<03:24,  6.60s/it][A
 40%|████      | 20/50 [02:12<03:17,  6.59s/it][A
 42%|████▏     | 21/50 [02:19<03:10,  6.58s/it][A
 44%|████▍     | 22/50 [02:25<03:03,  6.55s/it][A
 46%|████▌     | 23/50 [02:32<02:56,  6.54s/it][A
 48%|████▊     | 24/50 [02:40<03:01,  6.99s/it][A
 50%|█████     | 25/50 [02:48<03:05,  7.43s/it][A
 52%|█████▏    | 26/50 [02:56<03:05,  7.73s/it][A
 54%|█████▍    | 27/50 [03:05<03:03,  7.98s/it][A
 56%|█████▌    | 28/50 [03:13<02:58,  8.11s/it][A
 58%|█████▊    | 29/50 [03:20<02:42,  7.74s/it][A
 60%|██████    | 30/50 [03:29<02:39,  7.98s/it][A
 62%|██████▏   | 31/50 [03:37<02:31,  8.00s/it][A
 64%|██████▍   | 32/50 [03:44<02:17,  7.63s/it][A
 66%|██████▌   | 33/50 [03:50<02:05,  7.37s/it][A
 68%|██████▊   | 34/50 [03:57<01:54,  7.17s/it][A
 70%|███████   | 35/50 [04:04<01:45,  7.04s/it][A
 72%|███████▏  | 36/50 [04:10<01:35,  6.83s/it][A
 74%|███████▍  | 37/50 [04:17<01:28,  6.80s/it][A
 76%|███████▌  | 38/50 [04:24<01:21,  6.78s/it][A
 78%|███████▊  | 39/50 [04:30<01:14,  6.80s/it][A
 80%|████████  | 40/50 [04:37<01:07,  6.79s/it][A
 82%|████████▏ | 41/50 [04:44<01:01,  6.78s/it][A
 84%|████████▍ | 42/50 [04:50<00:52,  6.51s/it][A
 86%|████████▌ | 43/50 [04:56<00:44,  6.40s/it][A
 88%|████████▊ | 44/50 [05:03<00:39,  6.50s/it][A
 90%|█████████ | 45/50 [05:08<00:31,  6.20s/it][A
 92%|█████████▏| 46/50 [05:15<00:25,  6.38s/it][A
 94%|█████████▍| 47/50 [05:22<00:19,  6.42s/it][A
 96%|█████████▌| 48/50 [05:28<00:12,  6.32s/it][A
 98%|█████████▊| 49/50 [05:35<00:06,  6.61s/it][A
100%|██████████| 50/50 [05:44<00:00,  7.25s/it][A
100%|██████████| 50/50 [05:44<00:00,  6.88s/it]
offline: 100%|█████████▉| 999999/1000000 [4:53:42<00:09,  9.58s/it, eval_success=0.200]
  2%|▏         | 1/50 [00:08<07:20,  9.00s/it][A
  4%|▍         | 2/50 [00:19<07:59, 10.00s/it][A
  6%|▌         | 3/50 [00:30<08:04, 10.31s/it][A
  8%|▊         | 4/50 [00:41<08:00, 10.44s/it][A
 10%|█         | 5/50 [00:51<07:53, 10.53s/it][A
 12%|█▏        | 6/50 [01:02<07:45, 10.57s/it][A
 14%|█▍        | 7/50 [01:11<07:08,  9.96s/it][A
 16%|█▌        | 8/50 [01:21<07:08, 10.19s/it][A
 18%|█▊        | 9/50 [01:32<07:03, 10.34s/it][A
 20%|██        | 10/50 [01:43<06:57, 10.44s/it][A
 22%|██▏       | 11/50 [01:53<06:49, 10.51s/it][A
 24%|██▍       | 12/50 [02:04<06:41, 10.57s/it][A
 26%|██▌       | 13/50 [02:15<06:31, 10.59s/it][A
 28%|██▊       | 14/50 [02:25<06:22, 10.63s/it][A
 30%|███       | 15/50 [02:35<06:04, 10.43s/it][A
 32%|███▏      | 16/50 [02:44<05:38,  9.96s/it][A
 34%|███▍      | 17/50 [02:55<05:34, 10.14s/it][A
 36%|███▌      | 18/50 [03:04<05:15,  9.84s/it][A
 38%|███▊      | 19/50 [03:13<04:57,  9.61s/it][A
 40%|████      | 20/50 [03:24<04:57,  9.92s/it][A
 42%|████▏     | 21/50 [03:34<04:53, 10.12s/it][A
 44%|████▍     | 22/50 [03:45<04:48, 10.30s/it][A
 46%|████▌     | 23/50 [03:55<04:40, 10.40s/it][A
 48%|████▊     | 24/50 [04:06<04:32, 10.49s/it][A
 50%|█████     | 25/50 [04:16<04:18, 10.35s/it][A
 52%|█████▏    | 26/50 [04:27<04:10, 10.45s/it][A
 54%|█████▍    | 27/50 [04:38<04:02, 10.54s/it][A
 56%|█████▌    | 28/50 [04:48<03:48, 10.40s/it][A
 58%|█████▊    | 29/50 [04:58<03:40, 10.49s/it][A
 60%|██████    | 30/50 [05:10<03:34, 10.74s/it][A
 62%|██████▏   | 31/50 [05:21<03:26, 10.88s/it][A
 64%|██████▍   | 32/50 [05:33<03:22, 11.25s/it][A
 66%|██████▌   | 33/50 [05:46<03:17, 11.64s/it][A
 68%|██████▊   | 34/50 [05:58<03:10, 11.91s/it][A
 70%|███████   | 35/50 [06:11<03:01, 12.10s/it][A
 72%|███████▏  | 36/50 [06:23<02:51, 12.25s/it][A
 74%|███████▍  | 37/50 [06:36<02:40, 12.31s/it][A
 76%|███████▌  | 38/50 [06:48<02:28, 12.38s/it][A
 78%|███████▊  | 39/50 [07:01<02:16, 12.44s/it][A
 80%|████████  | 40/50 [07:13<02:04, 12.49s/it][A
 82%|████████▏ | 41/50 [07:26<01:52, 12.50s/it][A
 84%|████████▍ | 42/50 [07:39<01:40, 12.52s/it][A
 86%|████████▌ | 43/50 [07:51<01:27, 12.54s/it][A
 88%|████████▊ | 44/50 [08:04<01:15, 12.53s/it][A
 90%|█████████ | 45/50 [08:16<01:02, 12.56s/it][A
 92%|█████████▏| 46/50 [08:29<00:50, 12.54s/it][A
 94%|█████████▍| 47/50 [08:41<00:37, 12.47s/it][A
 96%|█████████▌| 48/50 [08:52<00:23, 11.90s/it][A
 98%|█████████▊| 49/50 [09:04<00:12, 12.10s/it][A
100%|██████████| 50/50 [09:17<00:00, 12.23s/it][A
100%|██████████| 50/50 [09:17<00:00, 11.15s/it]
offline: 100%|█████████▉| 999999/1000000 [5:02:59<00:09,  9.58s/it, eval_success=0.280]
offline: 100%|██████████| 1000000/1000000 [5:02:59<00:00, 30.50s/it, eval_success=0.280]
Saved to exp/beat/ant2/B1_lam001_t3_s1/antmaze-giant-navigate-singletask-task3-v0/antmaze-giant-navigate-singletask-task3-v0_sd001_anq_stdfp_chunk-h1_20260819_095935/params_offline.pkl
Saved modules ('critic', 'target_critic') to exp/beat/ant2/B1_lam001_t3_s1/antmaze-giant-navigate-singletask-task3-v0/antmaze-giant-navigate-singletask-task3-v0_sd001_anq_stdfp_chunk-h1_20260819_095935/critic_offline.pkl
[1;34mwandb[0m: 
[1;34mwandb[0m: 🚀 View run [33mantmaze-giant-navigate-singletask-task3-v0_sd001_anq_stdfp_chunk-h1_20260819_095935[0m at: [34mhttps://wandb.ai/tjrcjf410-seoul-national-university/ant2/runs/5n838wsr[0m
[1;34mwandb[0m: Find logs at: [1;35m../../../tmp/tmp8c0ss371/wandb/run-20260819_095936-5n838wsr/logs[0m
--- last progress lines ---
offline: 100%|██████████| 1000000/1000000 [5:02:59<00:00, 55.01it/s, eval_success=0.280]
online: 0it [00:00, ?it/s]
online: 0it [00:00, ?it/s]
