wandb: Using wandb-core as the SDK backend.  Please refer to https://wandb.me/wandb-core for more information.
wandb: Currently logged in as: tjrcjf410 (sjun0803-seoul-national-university) to https://api.wandb.ai. Use `wandb login --relogin` to force relogin
wandb: Tracking run with wandb version 0.19.9
wandb: Run data is saved locally in /tmp/tmprp9qxeia/wandb/run-20260819_075532-gc33ud99
wandb: Run `wandb offline` to turn off syncing.
wandb: Syncing run antmaze-giant-navigate-singletask-task3-v0_sd000_anq_stdfp_chunk-h1_20260819_075532
wandb: ⭐️ View project at https://wandb.ai/tjrcjf410-seoul-national-university/ant2
wandb: 🚀 View run at https://wandb.ai/tjrcjf410-seoul-national-university/ant2/runs/gc33ud99
wandb: WARNING Symlinked 8 files into the W&B run directory, call wandb.save again to sync new files.
I0819 07:55:33.687633 136042841683776 acceleratesupport.py:24] No OpenGL_accelerate module loaded: No module named 'OpenGL_accelerate'
offline:   0%|          | 1/1000000 [01:13<20434:17:04, 73.56s/it]
offline:   0%|          | 2/1000000 [01:33<11725:47:32, 42.21s/it]
offline:   0%|          | 3/1000000 [01:56<9252:00:55, 33.31s/it] 
offline:   0%|          | 15/1000000 [01:56<1050:05:52,  3.78s/it]
offline:   0%|          | 27/1000000 [01:56<465:25:33,  1.68s/it] 
offline:   0%|          | 37/1000000 [01:56<280:59:34,  1.01s/it]
  2%|▏         | 1/50 [00:03<02:34,  3.14s/it][A
  4%|▍         | 2/50 [00:05<02:15,  2.83s/it][A
  6%|▌         | 3/50 [00:08<02:05,  2.66s/it][A
  8%|▊         | 4/50 [00:10<01:55,  2.52s/it][A
 10%|█         | 5/50 [00:12<01:52,  2.51s/it][A
 12%|█▏        | 6/50 [00:15<01:50,  2.52s/it][A
 14%|█▍        | 7/50 [00:18<01:49,  2.54s/it][A
 16%|█▌        | 8/50 [00:20<01:45,  2.51s/it][A
 18%|█▊        | 9/50 [00:23<01:43,  2.51s/it][A
 20%|██        | 10/50 [00:25<01:43,  2.58s/it][A
 22%|██▏       | 11/50 [00:28<01:39,  2.55s/it][A
 24%|██▍       | 12/50 [00:30<01:35,  2.52s/it][A
 26%|██▌       | 13/50 [00:33<01:32,  2.51s/it][A
 28%|██▊       | 14/50 [00:35<01:30,  2.51s/it][A
 30%|███       | 15/50 [00:38<01:26,  2.46s/it][A
 32%|███▏      | 16/50 [00:40<01:22,  2.42s/it][A
 34%|███▍      | 17/50 [00:42<01:19,  2.41s/it][A
 36%|███▌      | 18/50 [00:45<01:18,  2.45s/it][A
 38%|███▊      | 19/50 [00:47<01:16,  2.47s/it][A
 40%|████      | 20/50 [00:50<01:15,  2.51s/it][A
 42%|████▏     | 21/50 [00:53<01:21,  2.81s/it][A
 44%|████▍     | 22/50 [00:58<01:36,  3.44s/it][A
 46%|████▌     | 23/50 [01:04<01:52,  4.17s/it][A
 48%|████▊     | 24/50 [01:11<02:06,  4.85s/it][A
 50%|█████     | 25/50 [01:17<02:13,  5.32s/it][A
 52%|█████▏    | 26/50 [01:24<02:16,  5.67s/it][A
 54%|█████▍    | 27/50 [01:30<02:16,  5.95s/it][A
 56%|█████▌    | 28/50 [01:37<02:14,  6.12s/it][A
 58%|█████▊    | 29/50 [01:44<02:13,  6.36s/it][A
 60%|██████    | 30/50 [01:52<02:19,  6.99s/it][A
 62%|██████▏   | 31/50 [02:00<02:20,  7.41s/it][A
 64%|██████▍   | 32/50 [02:09<02:18,  7.71s/it][A
 66%|██████▌   | 33/50 [02:17<02:14,  7.90s/it][A
 68%|██████▊   | 34/50 [02:26<02:08,  8.03s/it][A
 70%|███████   | 35/50 [02:34<02:02,  8.14s/it][A
 72%|███████▏  | 36/50 [02:42<01:54,  8.21s/it][A
 74%|███████▍  | 37/50 [02:51<01:47,  8.25s/it][A
 76%|███████▌  | 38/50 [02:59<01:39,  8.30s/it][A
 78%|███████▊  | 39/50 [03:07<01:31,  8.33s/it][A
 80%|████████  | 40/50 [03:16<01:23,  8.33s/it][A
 82%|████████▏ | 41/50 [03:24<01:14,  8.32s/it][A
 84%|████████▍ | 42/50 [03:33<01:06,  8.36s/it][A
 86%|████████▌ | 43/50 [03:41<00:58,  8.36s/it][A
 88%|████████▊ | 44/50 [03:49<00:50,  8.40s/it][A
 90%|█████████ | 45/50 [03:58<00:42,  8.41s/it][A
 92%|█████████▏| 46/50 [04:06<00:33,  8.42s/it][A
 94%|█████████▍| 47/50 [04:15<00:25,  8.41s/it][A
 96%|█████████▌| 48/50 [04:23<00:16,  8.41s/it][A
 98%|█████████▊| 49/50 [04:31<00:08,  8.39s/it][A
100%|██████████| 50/50 [04:39<00:00,  8.06s/it][A
100%|██████████| 50/50 [04:39<00:00,  5.58s/it]
offline:  10%|█         | 100000/1000000 [23:42<1168:06:49,  4.67s/it, eval_success=0.000]
offline:  10%|█         | 100016/1000000 [23:42<845:40:13,  3.38s/it, eval_success=0.000] 
offline:  10%|█         | 100034/1000000 [23:42<586:09:34,  2.34s/it, eval_success=0.000]
offline:  10%|█         | 100051/1000000 [23:42<415:13:38,  1.66s/it, eval_success=0.000]
offline:  10%|█         | 100065/1000000 [23:42<309:24:11,  1.24s/it, eval_success=0.000]
  2%|▏         | 1/50 [00:01<01:26,  1.77s/it][A
  4%|▍         | 2/50 [00:03<01:22,  1.72s/it][A
  6%|▌         | 3/50 [00:05<01:20,  1.72s/it][A
  8%|▊         | 4/50 [00:06<01:20,  1.75s/it][A
 10%|█         | 5/50 [00:08<01:17,  1.72s/it][A
 12%|█▏        | 6/50 [00:10<01:19,  1.82s/it][A
 14%|█▍        | 7/50 [00:12<01:19,  1.84s/it][A
 16%|█▌        | 8/50 [00:14<01:18,  1.87s/it][A
 18%|█▊        | 9/50 [00:16<01:17,  1.89s/it][A
 20%|██        | 10/50 [00:18<01:15,  1.89s/it][A
 22%|██▏       | 11/50 [00:19<01:11,  1.84s/it][A
 24%|██▍       | 12/50 [00:21<01:10,  1.85s/it][A
 26%|██▌       | 13/50 [00:23<01:09,  1.87s/it][A
 28%|██▊       | 14/50 [00:25<01:09,  1.93s/it][A
 30%|███       | 15/50 [00:27<01:07,  1.92s/it][A
 32%|███▏      | 16/50 [00:29<01:06,  1.95s/it][A
 34%|███▍      | 17/50 [00:31<01:01,  1.88s/it][A
 36%|███▌      | 18/50 [00:33<00:59,  1.87s/it][A
 38%|███▊      | 19/50 [00:35<00:57,  1.84s/it][A
 40%|████      | 20/50 [00:36<00:54,  1.80s/it][A
 42%|████▏     | 21/50 [00:38<00:51,  1.77s/it][A
 44%|████▍     | 22/50 [00:40<00:50,  1.79s/it][A
 46%|████▌     | 23/50 [00:42<00:49,  1.82s/it][A
 48%|████▊     | 24/50 [00:45<00:59,  2.29s/it][A
 50%|█████     | 25/50 [00:49<01:06,  2.68s/it][A
 52%|█████▏    | 26/50 [00:52<01:10,  2.92s/it][A
 54%|█████▍    | 27/50 [00:56<01:10,  3.07s/it][A
 56%|█████▌    | 28/50 [01:00<01:17,  3.50s/it][A
 58%|█████▊    | 29/50 [01:05<01:22,  3.93s/it][A
 60%|██████    | 30/50 [01:10<01:24,  4.24s/it][A
 62%|██████▏   | 31/50 [01:16<01:28,  4.64s/it][A
 64%|██████▍   | 32/50 [01:22<01:32,  5.16s/it][A
 66%|██████▌   | 33/50 [01:28<01:34,  5.53s/it][A
 68%|██████▊   | 34/50 [01:35<01:32,  5.78s/it][A
 70%|███████   | 35/50 [01:41<01:29,  6.00s/it][A
 72%|███████▏  | 36/50 [01:48<01:25,  6.13s/it][A
 74%|███████▍  | 37/50 [01:55<01:25,  6.55s/it][A
 76%|███████▌  | 38/50 [02:03<01:23,  6.94s/it][A
 78%|███████▊  | 39/50 [02:12<01:21,  7.44s/it][A
 80%|████████  | 40/50 [02:22<01:22,  8.22s/it][A
 82%|████████▏ | 41/50 [02:32<01:20,  8.90s/it][A
 84%|████████▍ | 42/50 [02:43<01:14,  9.35s/it][A
 86%|████████▌ | 43/50 [02:53<01:07,  9.67s/it][A
 88%|████████▊ | 44/50 [03:03<00:59,  9.92s/it][A
 90%|█████████ | 45/50 [03:14<00:50, 10.10s/it][A
 92%|█████████▏| 46/50 [03:24<00:40, 10.20s/it][A
 94%|█████████▍| 47/50 [03:35<00:30, 10.30s/it][A
 96%|█████████▌| 48/50 [03:45<00:20, 10.36s/it][A
 98%|█████████▊| 49/50 [03:56<00:10, 10.39s/it][A
100%|██████████| 50/50 [04:06<00:00, 10.29s/it][A
100%|██████████| 50/50 [04:06<00:00,  4.93s/it]
offline:  20%|██        | 200000/1000000 [44:45<654:45:45,  2.95s/it, eval_success=0.020]
offline:  20%|██        | 200014/1000000 [44:45<528:55:59,  2.38s/it, eval_success=0.020]
offline:  20%|██        | 200039/1000000 [44:45<355:34:05,  1.60s/it, eval_success=0.020]
offline:  20%|██        | 200059/1000000 [44:45<259:00:29,  1.17s/it, eval_success=0.020]
  2%|▏         | 1/50 [00:06<05:37,  6.90s/it][A
  4%|▍         | 2/50 [00:13<05:30,  6.88s/it][A
  6%|▌         | 3/50 [00:20<05:22,  6.87s/it][A
  8%|▊         | 4/50 [00:26<04:51,  6.34s/it][A
 10%|█         | 5/50 [00:31<04:27,  5.94s/it][A
 12%|█▏        | 6/50 [00:37<04:29,  6.13s/it][A
 14%|█▍        | 7/50 [00:44<04:33,  6.37s/it][A
 16%|█▌        | 8/50 [00:51<04:34,  6.54s/it][A
 18%|█▊        | 9/50 [00:58<04:32,  6.64s/it][A
 20%|██        | 10/50 [01:05<04:28,  6.72s/it][A
 22%|██▏       | 11/50 [01:12<04:24,  6.78s/it][A
 24%|██▍       | 12/50 [01:19<04:18,  6.81s/it][A
 26%|██▌       | 13/50 [01:26<04:12,  6.83s/it][A
 28%|██▊       | 14/50 [01:32<04:06,  6.85s/it][A
 30%|███       | 15/50 [01:39<04:00,  6.88s/it][A
 32%|███▏      | 16/50 [01:45<03:43,  6.58s/it][A
 34%|███▍      | 17/50 [01:50<03:19,  6.05s/it][A
 36%|███▌      | 18/50 [01:55<03:02,  5.71s/it][A
 38%|███▊      | 19/50 [02:00<02:49,  5.48s/it][A
 40%|████      | 20/50 [02:05<02:39,  5.30s/it][A
 42%|████▏     | 21/50 [02:11<02:44,  5.66s/it][A
 44%|████▍     | 22/50 [02:18<02:46,  5.94s/it][A
 46%|████▌     | 23/50 [02:25<02:45,  6.13s/it][A
 48%|████▊     | 24/50 [02:31<02:42,  6.24s/it][A
 50%|█████     | 25/50 [02:38<02:38,  6.33s/it][A
 52%|█████▏    | 26/50 [02:44<02:35,  6.47s/it][A
 54%|█████▍    | 27/50 [02:51<02:28,  6.46s/it][A
 56%|█████▌    | 28/50 [02:59<02:33,  6.97s/it][A
 58%|█████▊    | 29/50 [03:09<02:47,  7.97s/it][A
 60%|██████    | 30/50 [03:20<02:53,  8.66s/it][A
 62%|██████▏   | 31/50 [03:29<02:47,  8.82s/it][A
 64%|██████▍   | 32/50 [03:37<02:37,  8.74s/it][A
 66%|██████▌   | 33/50 [03:46<02:27,  8.66s/it][A
 68%|██████▊   | 34/50 [03:54<02:17,  8.60s/it][A
 70%|███████   | 35/50 [04:03<02:08,  8.57s/it][A
 72%|███████▏  | 36/50 [04:11<01:59,  8.55s/it][A
 74%|███████▍  | 37/50 [04:20<01:50,  8.52s/it][A
 76%|███████▌  | 38/50 [04:28<01:41,  8.50s/it][A
 78%|███████▊  | 39/50 [04:37<01:33,  8.49s/it][A
 80%|████████  | 40/50 [04:45<01:24,  8.49s/it][A
 82%|████████▏ | 41/50 [04:54<01:16,  8.50s/it][A
 84%|████████▍ | 42/50 [05:02<01:07,  8.49s/it][A
 86%|████████▌ | 43/50 [05:11<00:59,  8.48s/it][A
 88%|████████▊ | 44/50 [05:19<00:50,  8.50s/it][A
 90%|█████████ | 45/50 [05:28<00:42,  8.49s/it][A
 92%|█████████▏| 46/50 [05:36<00:33,  8.47s/it][A
 94%|█████████▍| 47/50 [05:44<00:25,  8.45s/it][A
 96%|█████████▌| 48/50 [05:53<00:16,  8.47s/it][A
 98%|█████████▊| 49/50 [06:01<00:08,  8.47s/it][A
100%|██████████| 50/50 [06:10<00:00,  8.50s/it][A
100%|██████████| 50/50 [06:10<00:00,  7.41s/it]
offline:  30%|███       | 300000/1000000 [1:12:50<2340:02:28, 12.03s/it, eval_success=0.000]
offline:  30%|███       | 300014/1000000 [1:12:50<1419:52:03,  7.30s/it, eval_success=0.000]
offline:  30%|███       | 300025/1000000 [1:12:50<985:37:04,  5.07s/it, eval_success=0.000] 
offline:  30%|███       | 300035/1000000 [1:12:50<705:50:24,  3.63s/it, eval_success=0.000]
offline:  30%|███       | 300044/1000000 [1:12:51<517:33:53,  2.66s/it, eval_success=0.000]
offline:  30%|███       | 300053/1000000 [1:12:51<375:02:02,  1.93s/it, eval_success=0.000]
offline:  30%|███       | 300062/1000000 [1:12:51<269:24:47,  1.39s/it, eval_success=0.000]
  2%|▏         | 1/50 [00:03<03:05,  3.78s/it][A
  4%|▍         | 2/50 [00:07<03:06,  3.88s/it][A
  6%|▌         | 3/50 [00:11<03:01,  3.86s/it][A
  8%|▊         | 4/50 [00:15<02:56,  3.85s/it][A
 10%|█         | 5/50 [00:19<02:50,  3.79s/it][A
 12%|█▏        | 6/50 [00:22<02:45,  3.76s/it][A
 14%|█▍        | 7/50 [00:26<02:45,  3.86s/it][A
 16%|█▌        | 8/50 [00:30<02:44,  3.91s/it][A
 18%|█▊        | 9/50 [00:35<02:45,  4.03s/it][A
 20%|██        | 10/50 [00:39<02:44,  4.11s/it][A
 22%|██▏       | 11/50 [00:43<02:39,  4.08s/it][A
 24%|██▍       | 12/50 [00:47<02:34,  4.05s/it][A
 26%|██▌       | 13/50 [00:51<02:30,  4.08s/it][A
 28%|██▊       | 14/50 [00:55<02:25,  4.03s/it][A
 30%|███       | 15/50 [00:59<02:21,  4.04s/it][A
 32%|███▏      | 16/50 [01:03<02:21,  4.15s/it][A
 34%|███▍      | 17/50 [01:08<02:23,  4.34s/it][A
 36%|███▌      | 18/50 [01:13<02:24,  4.51s/it][A
 38%|███▊      | 19/50 [01:19<02:36,  5.04s/it][A
 40%|████      | 20/50 [01:26<02:44,  5.49s/it][A
 42%|████▏     | 21/50 [01:32<02:48,  5.80s/it][A
 44%|████▍     | 22/50 [01:39<02:48,  6.03s/it][A
 46%|████▌     | 23/50 [01:46<02:47,  6.19s/it][A
 48%|████▊     | 24/50 [01:52<02:43,  6.29s/it][A
 50%|█████     | 25/50 [01:59<02:39,  6.37s/it][A
 52%|█████▏    | 26/50 [02:05<02:33,  6.41s/it][A
 54%|█████▍    | 27/50 [02:13<02:37,  6.84s/it][A
 56%|█████▌    | 28/50 [02:22<02:43,  7.43s/it][A
 58%|█████▊    | 29/50 [02:32<02:54,  8.32s/it][A
 60%|██████    | 30/50 [02:43<02:58,  8.92s/it][A
 62%|██████▏   | 31/50 [02:53<02:57,  9.34s/it][A
 64%|██████▍   | 32/50 [03:03<02:53,  9.64s/it][A
 66%|██████▌   | 33/50 [03:13<02:46,  9.82s/it][A
 68%|██████▊   | 34/50 [03:24<02:39,  9.98s/it][A
 70%|███████   | 35/50 [03:34<02:31, 10.07s/it][A
 72%|███████▏  | 36/50 [03:44<02:22, 10.15s/it][A
 74%|███████▍  | 37/50 [03:55<02:12, 10.19s/it][A
 76%|███████▌  | 38/50 [04:05<02:02, 10.25s/it][A
 78%|███████▊  | 39/50 [04:15<01:52, 10.25s/it][A
 80%|████████  | 40/50 [04:25<01:41, 10.15s/it][A
 82%|████████▏ | 41/50 [04:34<01:26,  9.61s/it][A
 84%|████████▍ | 42/50 [04:42<01:14,  9.25s/it][A
 86%|████████▌ | 43/50 [04:51<01:03,  9.01s/it][A
 88%|████████▊ | 44/50 [04:59<00:52,  8.79s/it][A
 90%|█████████ | 45/50 [05:07<00:43,  8.68s/it][A
 92%|█████████▏| 46/50 [05:16<00:34,  8.59s/it][A
 94%|█████████▍| 47/50 [05:24<00:25,  8.55s/it][A
 96%|█████████▌| 48/50 [05:33<00:17,  8.53s/it][A
 98%|█████████▊| 49/50 [05:41<00:08,  8.50s/it][A
100%|██████████| 50/50 [05:49<00:00,  8.47s/it][A
100%|██████████| 50/50 [05:49<00:00,  7.00s/it]
offline:  40%|████      | 400000/1000000 [1:39:09<1121:46:34,  6.73s/it, eval_success=0.000]
offline:  40%|████      | 400011/1000000 [1:39:09<862:00:42,  5.17s/it, eval_success=0.000] 
offline:  40%|████      | 400027/1000000 [1:39:09<582:26:28,  3.49s/it, eval_success=0.000]
offline:  40%|████      | 400041/1000000 [1:39:09<414:43:18,  2.49s/it, eval_success=0.000]
offline:  40%|████      | 400053/1000000 [1:39:09<306:54:27,  1.84s/it, eval_success=0.000]
offline:  40%|████      | 400064/1000000 [1:39:09<229:06:50,  1.37s/it, eval_success=0.000]
offline:  40%|████      | 400075/1000000 [1:39:09<168:26:55,  1.01s/it, eval_success=0.000]
  2%|▏         | 1/50 [00:06<05:25,  6.65s/it][A
  4%|▍         | 2/50 [00:13<05:20,  6.68s/it][A
  6%|▌         | 3/50 [00:18<04:50,  6.19s/it][A
  8%|▊         | 4/50 [00:25<04:54,  6.40s/it][A
 10%|█         | 5/50 [00:32<04:52,  6.51s/it][A
 12%|█▏        | 6/50 [00:39<04:49,  6.57s/it][A
 14%|█▍        | 7/50 [00:45<04:44,  6.61s/it][A
 16%|█▌        | 8/50 [00:52<04:39,  6.66s/it][A
 18%|█▊        | 9/50 [00:59<04:33,  6.67s/it][A
 20%|██        | 10/50 [01:05<04:27,  6.68s/it][A
 22%|██▏       | 11/50 [01:11<04:11,  6.44s/it][A
 24%|██▍       | 12/50 [01:18<04:08,  6.53s/it][A
 26%|██▌       | 13/50 [01:25<04:04,  6.62s/it][A
 28%|██▊       | 14/50 [01:32<03:58,  6.63s/it][A
 30%|███       | 15/50 [01:38<03:51,  6.63s/it][A
 32%|███▏      | 16/50 [01:45<03:46,  6.65s/it][A
 34%|███▍      | 17/50 [01:53<03:50,  6.97s/it][A
 36%|███▌      | 18/50 [02:01<03:58,  7.45s/it][A
 38%|███▊      | 19/50 [02:10<04:01,  7.78s/it][A
 40%|████      | 20/50 [02:18<04:00,  8.01s/it][A
 42%|████▏     | 21/50 [02:27<03:56,  8.16s/it][A
 44%|████▍     | 22/50 [02:35<03:51,  8.28s/it][A
 46%|████▌     | 23/50 [02:44<03:45,  8.35s/it][A
 48%|████▊     | 24/50 [02:53<03:44,  8.62s/it][A
 50%|█████     | 25/50 [03:04<03:49,  9.20s/it][A
 52%|█████▏    | 26/50 [03:14<03:50,  9.60s/it][A
 54%|█████▍    | 27/50 [03:22<03:29,  9.11s/it][A
 56%|█████▌    | 28/50 [03:27<02:51,  7.79s/it][A
 58%|█████▊    | 29/50 [03:32<02:24,  6.90s/it][A
 60%|██████    | 30/50 [03:36<02:05,  6.28s/it][A
 62%|██████▏   | 31/50 [03:41<01:50,  5.83s/it][A
 64%|██████▍   | 32/50 [03:46<01:39,  5.50s/it][A
 66%|██████▌   | 33/50 [03:59<02:10,  7.68s/it][A
 68%|██████▊   | 34/50 [04:13<02:35,  9.69s/it][A
 70%|███████   | 35/50 [04:27<02:42, 10.81s/it][A
 72%|███████▏  | 36/50 [04:36<02:26, 10.43s/it][A
 74%|███████▍  | 37/50 [04:41<01:54,  8.80s/it][A
 76%|███████▌  | 38/50 [04:46<01:32,  7.69s/it][A
 78%|███████▊  | 39/50 [04:51<01:15,  6.88s/it][A
 80%|████████  | 40/50 [04:56<01:03,  6.35s/it][A
 82%|████████▏ | 41/50 [05:01<00:53,  5.97s/it][A
 84%|████████▍ | 42/50 [05:06<00:44,  5.62s/it][A
 86%|████████▌ | 43/50 [05:11<00:37,  5.36s/it][A
 88%|████████▊ | 44/50 [05:16<00:30,  5.15s/it][A
 90%|█████████ | 45/50 [05:20<00:25,  5.02s/it][A
 92%|█████████▏| 46/50 [05:25<00:19,  4.96s/it][A
 94%|█████████▍| 47/50 [05:30<00:14,  4.92s/it][A
 96%|█████████▌| 48/50 [05:35<00:09,  4.86s/it][A
 98%|█████████▊| 49/50 [05:39<00:04,  4.81s/it][A
100%|██████████| 50/50 [05:44<00:00,  4.80s/it][A
100%|██████████| 50/50 [05:44<00:00,  6.89s/it]
offline:  50%|█████     | 500000/1000000 [2:06:05<1490:29:22, 10.73s/it, eval_success=0.040]
offline:  50%|█████     | 500016/1000000 [2:06:05<871:44:14,  6.28s/it, eval_success=0.040] 
offline:  50%|█████     | 500032/1000000 [2:06:05<547:24:58,  3.94s/it, eval_success=0.040]
offline:  50%|█████     | 500045/1000000 [2:06:05<382:33:24,  2.75s/it, eval_success=0.040]
offline:  50%|█████     | 500059/1000000 [2:06:05<261:35:42,  1.88s/it, eval_success=0.040]
offline:  50%|█████     | 500073/1000000 [2:06:05<180:23:47,  1.30s/it, eval_success=0.040]
  2%|▏         | 1/50 [00:08<07:06,  8.71s/it][A
  4%|▍         | 2/50 [00:17<06:56,  8.67s/it][A
  6%|▌         | 3/50 [00:25<06:34,  8.39s/it][A
  8%|▊         | 4/50 [00:32<06:05,  7.95s/it][A
 10%|█         | 5/50 [00:41<06:08,  8.19s/it][A
 12%|█▏        | 6/50 [00:49<05:58,  8.14s/it][A
 14%|█▍        | 7/50 [00:56<05:38,  7.87s/it][A
 16%|█▌        | 8/50 [01:05<05:40,  8.10s/it][A
 18%|█▊        | 9/50 [01:13<05:38,  8.25s/it][A
 20%|██        | 10/50 [01:22<05:34,  8.36s/it][A
 22%|██▏       | 11/50 [01:31<05:29,  8.44s/it][A
 24%|██▍       | 12/50 [01:39<05:21,  8.46s/it][A
 26%|██▌       | 13/50 [01:48<05:13,  8.48s/it][A
 28%|██▊       | 14/50 [01:56<05:06,  8.52s/it][A
 30%|███       | 15/50 [02:05<04:59,  8.56s/it][A
 32%|███▏      | 16/50 [02:13<04:45,  8.39s/it][A
 34%|███▍      | 17/50 [02:21<04:30,  8.21s/it][A
 36%|███▌      | 18/50 [02:27<04:07,  7.73s/it][A
 38%|███▊      | 19/50 [02:34<03:46,  7.31s/it][A
 40%|████      | 20/50 [02:40<03:30,  7.03s/it][A
 42%|████▏     | 21/50 [02:46<03:13,  6.66s/it][A
 44%|████▍     | 22/50 [02:53<03:07,  6.69s/it][A
 46%|████▌     | 23/50 [02:59<03:00,  6.70s/it][A
 48%|████▊     | 24/50 [03:06<02:54,  6.70s/it][A
 50%|█████     | 25/50 [03:13<02:47,  6.70s/it][A
 52%|█████▏    | 26/50 [03:19<02:41,  6.71s/it][A
 54%|█████▍    | 27/50 [03:26<02:34,  6.71s/it][A
 56%|█████▌    | 28/50 [03:33<02:27,  6.70s/it][A
 58%|█████▊    | 29/50 [03:38<02:10,  6.20s/it][A
 60%|██████    | 30/50 [03:45<02:07,  6.35s/it][A
 62%|██████▏   | 31/50 [03:51<02:02,  6.45s/it][A
 64%|██████▍   | 32/50 [03:58<01:57,  6.53s/it][A
 66%|██████▌   | 33/50 [04:05<01:51,  6.58s/it][A
 68%|██████▊   | 34/50 [04:11<01:45,  6.62s/it][A
 70%|███████   | 35/50 [04:18<01:39,  6.65s/it][A
 72%|███████▏  | 36/50 [04:25<01:33,  6.67s/it][A
 74%|███████▍  | 37/50 [04:31<01:26,  6.66s/it][A
 76%|███████▌  | 38/50 [04:38<01:20,  6.67s/it][A
 78%|███████▊  | 39/50 [04:45<01:13,  6.68s/it][A
 80%|████████  | 40/50 [04:52<01:07,  6.78s/it][A
 82%|████████▏ | 41/50 [04:58<00:59,  6.60s/it][A
 84%|████████▍ | 42/50 [05:03<00:49,  6.16s/it][A
 86%|████████▌ | 43/50 [05:08<00:40,  5.85s/it][A
 88%|████████▊ | 44/50 [05:13<00:33,  5.62s/it][A
 90%|█████████ | 45/50 [05:19<00:27,  5.48s/it][A
 92%|█████████▏| 46/50 [05:24<00:21,  5.35s/it][A
 94%|█████████▍| 47/50 [05:29<00:15,  5.26s/it][A
 96%|█████████▌| 48/50 [05:34<00:10,  5.24s/it][A
 98%|█████████▊| 49/50 [05:39<00:05,  5.20s/it][A
100%|██████████| 50/50 [05:44<00:00,  5.17s/it][A
100%|██████████| 50/50 [05:44<00:00,  6.89s/it]
offline:  60%|██████    | 600000/1000000 [2:34:19<1803:39:14, 16.23s/it, eval_success=0.220]
offline:  60%|██████    | 600018/1000000 [2:34:19<816:36:36,  7.35s/it, eval_success=0.220] 
offline:  60%|██████    | 600029/1000000 [2:34:19<552:53:10,  4.98s/it, eval_success=0.220]
offline:  60%|██████    | 600042/1000000 [2:34:19<357:56:53,  3.22s/it, eval_success=0.220]
offline:  60%|██████    | 600055/1000000 [2:34:19<238:12:18,  2.14s/it, eval_success=0.220]
offline:  60%|██████    | 600068/1000000 [2:34:19<161:20:21,  1.45s/it, eval_success=0.220]
  2%|▏         | 1/50 [00:08<07:08,  8.75s/it][A
  4%|▍         | 2/50 [00:18<07:39,  9.57s/it][A
  6%|▌         | 3/50 [00:29<07:52, 10.05s/it][A
  8%|▊         | 4/50 [00:40<07:53, 10.30s/it][A
 10%|█         | 5/50 [00:50<07:48, 10.42s/it][A
 12%|█▏        | 6/50 [01:01<07:41, 10.49s/it][A
 14%|█▍        | 7/50 [01:12<07:33, 10.54s/it][A
 16%|█▌        | 8/50 [01:22<07:23, 10.56s/it][A
 18%|█▊        | 9/50 [01:33<07:13, 10.58s/it][A
 20%|██        | 10/50 [01:44<07:04, 10.61s/it][A
 22%|██▏       | 11/50 [01:54<06:54, 10.63s/it][A
 24%|██▍       | 12/50 [02:05<06:44, 10.64s/it][A
 26%|██▌       | 13/50 [02:15<06:32, 10.61s/it][A
 28%|██▊       | 14/50 [02:26<06:22, 10.63s/it][A
 30%|███       | 15/50 [02:37<06:12, 10.64s/it][A
 32%|███▏      | 16/50 [02:47<06:01, 10.64s/it][A
 34%|███▍      | 17/50 [02:58<05:51, 10.64s/it][A
 36%|███▌      | 18/50 [03:09<05:40, 10.64s/it][A
 38%|███▊      | 19/50 [03:19<05:29, 10.64s/it][A
 40%|████      | 20/50 [03:30<05:18, 10.63s/it][A
 42%|████▏     | 21/50 [03:40<05:07, 10.62s/it][A
 44%|████▍     | 22/50 [03:51<04:57, 10.64s/it][A
 46%|████▌     | 23/50 [04:02<04:46, 10.62s/it][A
 48%|████▊     | 24/50 [04:12<04:36, 10.62s/it][A
 50%|█████     | 25/50 [04:23<04:25, 10.62s/it][A
 52%|█████▏    | 26/50 [04:34<04:14, 10.62s/it][A
 54%|█████▍    | 27/50 [04:44<04:04, 10.62s/it][A
 56%|█████▌    | 28/50 [04:55<03:52, 10.59s/it][A
 58%|█████▊    | 29/50 [05:05<03:42, 10.61s/it][A
 60%|██████    | 30/50 [05:16<03:31, 10.56s/it][A
 62%|██████▏   | 31/50 [05:25<03:10, 10.00s/it][A
 64%|██████▍   | 32/50 [05:33<02:52,  9.60s/it][A
 66%|██████▌   | 33/50 [05:42<02:38,  9.31s/it][A
 68%|██████▊   | 34/50 [05:50<02:22,  8.92s/it][A
 70%|███████   | 35/50 [05:58<02:12,  8.82s/it][A
 72%|███████▏  | 36/50 [06:07<02:03,  8.80s/it][A
 74%|███████▍  | 37/50 [06:15<01:50,  8.50s/it][A
 76%|███████▌  | 38/50 [06:24<01:42,  8.57s/it][A
 78%|███████▊  | 39/50 [06:32<01:34,  8.59s/it][A
 80%|████████  | 40/50 [06:41<01:26,  8.62s/it][A
 82%|████████▏ | 41/50 [06:50<01:17,  8.62s/it][A
 84%|████████▍ | 42/50 [06:58<01:09,  8.64s/it][A
 86%|████████▌ | 43/50 [07:07<01:00,  8.65s/it][A
 88%|████████▊ | 44/50 [07:16<00:52,  8.70s/it][A
 90%|█████████ | 45/50 [07:23<00:41,  8.28s/it][A
 92%|█████████▏| 46/50 [07:32<00:33,  8.41s/it][A
 94%|█████████▍| 47/50 [07:40<00:25,  8.45s/it][A
 96%|█████████▌| 48/50 [07:49<00:17,  8.53s/it][A
 98%|█████████▊| 49/50 [07:58<00:08,  8.56s/it][A
100%|██████████| 50/50 [08:06<00:00,  8.37s/it][A
100%|██████████| 50/50 [08:06<00:00,  9.72s/it]
offline:  70%|███████   | 700000/1000000 [3:05:35<1702:11:17, 20.43s/it, eval_success=0.080]
offline:  70%|███████   | 700012/1000000 [3:05:35<990:15:22, 11.88s/it, eval_success=0.080] 
offline:  70%|███████   | 700022/1000000 [3:05:35<661:16:20,  7.94s/it, eval_success=0.080]
offline:  70%|███████   | 700031/1000000 [3:05:35<463:45:28,  5.57s/it, eval_success=0.080]
offline:  70%|███████   | 700039/1000000 [3:05:35<336:18:13,  4.04s/it, eval_success=0.080]
offline:  70%|███████   | 700047/1000000 [3:05:35<241:40:13,  2.90s/it, eval_success=0.080]
offline:  70%|███████   | 700055/1000000 [3:05:36<172:41:19,  2.07s/it, eval_success=0.080]
offline:  70%|███████   | 700062/1000000 [3:05:36<127:29:09,  1.53s/it, eval_success=0.080]
offline:  70%|███████   | 700070/1000000 [3:05:36<89:25:42,  1.07s/it, eval_success=0.080] 
  2%|▏         | 1/50 [00:08<07:04,  8.67s/it][A
  4%|▍         | 2/50 [00:17<06:59,  8.74s/it][A
  6%|▌         | 3/50 [00:25<06:44,  8.60s/it][A
  8%|▊         | 4/50 [00:34<06:38,  8.66s/it][A
 10%|█         | 5/50 [00:43<06:30,  8.68s/it][A
 12%|█▏        | 6/50 [00:52<06:22,  8.70s/it][A
 14%|█▍        | 7/50 [01:00<06:15,  8.74s/it][A
 16%|█▌        | 8/50 [01:08<05:56,  8.49s/it][A
 18%|█▊        | 9/50 [01:17<05:51,  8.58s/it][A
 20%|██        | 10/50 [01:26<05:44,  8.62s/it][A
 22%|██▏       | 11/50 [01:35<05:37,  8.65s/it][A
 24%|██▍       | 12/50 [01:43<05:30,  8.69s/it][A
 26%|██▌       | 13/50 [01:52<05:22,  8.71s/it][A
 28%|██▊       | 14/50 [02:01<05:14,  8.73s/it][A
 30%|███       | 15/50 [02:10<05:05,  8.73s/it][A
 32%|███▏      | 16/50 [02:18<04:57,  8.74s/it][A
 34%|███▍      | 17/50 [02:27<04:48,  8.74s/it][A
 36%|███▌      | 18/50 [02:36<04:39,  8.74s/it][A
 38%|███▊      | 19/50 [02:45<04:31,  8.76s/it][A
 40%|████      | 20/50 [02:53<04:22,  8.75s/it][A
 42%|████▏     | 21/50 [03:02<04:14,  8.77s/it][A
 44%|████▍     | 22/50 [03:11<04:06,  8.81s/it][A
 46%|████▌     | 23/50 [03:18<03:45,  8.35s/it][A
 48%|████▊     | 24/50 [03:27<03:40,  8.48s/it][A
 50%|█████     | 25/50 [03:36<03:34,  8.58s/it][A
 52%|█████▏    | 26/50 [03:45<03:27,  8.65s/it][A
 54%|█████▍    | 27/50 [03:54<03:19,  8.69s/it][A
 56%|█████▌    | 28/50 [04:02<03:11,  8.69s/it][A
 58%|█████▊    | 29/50 [04:11<03:02,  8.71s/it][A
 60%|██████    | 30/50 [04:20<02:54,  8.73s/it][A
 62%|██████▏   | 31/50 [04:29<02:45,  8.72s/it][A
 64%|██████▍   | 32/50 [04:36<02:31,  8.40s/it][A
 66%|██████▌   | 33/50 [04:45<02:24,  8.52s/it][A
 68%|██████▊   | 34/50 [04:54<02:17,  8.58s/it][A
 70%|███████   | 35/50 [05:02<02:09,  8.62s/it][A
 72%|███████▏  | 36/50 [05:11<02:01,  8.68s/it][A
 74%|███████▍  | 37/50 [05:20<01:51,  8.59s/it][A
 76%|███████▌  | 38/50 [05:28<01:43,  8.63s/it][A
 78%|███████▊  | 39/50 [05:36<01:31,  8.34s/it][A
 80%|████████  | 40/50 [05:45<01:24,  8.46s/it][A
 82%|████████▏ | 41/50 [05:53<01:16,  8.54s/it][A
 84%|████████▍ | 42/50 [06:02<01:08,  8.59s/it][A
 86%|████████▌ | 43/50 [06:11<01:00,  8.63s/it][A
 88%|████████▊ | 44/50 [06:21<00:53,  8.99s/it][A
 90%|█████████ | 45/50 [06:30<00:44,  8.93s/it][A
 92%|█████████▏| 46/50 [06:38<00:35,  8.76s/it][A
 94%|█████████▍| 47/50 [06:47<00:26,  8.72s/it][A
 96%|█████████▌| 48/50 [06:55<00:17,  8.71s/it][A
 98%|█████████▊| 49/50 [07:05<00:09,  9.05s/it][A
100%|██████████| 50/50 [07:16<00:00,  9.53s/it][A
100%|██████████| 50/50 [07:16<00:00,  8.72s/it]
offline:  80%|████████  | 800000/1000000 [3:35:36<975:42:23, 17.56s/it, eval_success=0.140]
offline:  80%|████████  | 800011/1000000 [3:35:36<598:05:44, 10.77s/it, eval_success=0.140]
offline:  80%|████████  | 800020/1000000 [3:35:36<411:58:52,  7.42s/it, eval_success=0.140]
offline:  80%|████████  | 800029/1000000 [3:35:36<285:21:25,  5.14s/it, eval_success=0.140]
offline:  80%|████████  | 800037/1000000 [3:35:36<205:20:30,  3.70s/it, eval_success=0.140]
offline:  80%|████████  | 800045/1000000 [3:35:36<146:45:11,  2.64s/it, eval_success=0.140]
offline:  80%|████████  | 800052/1000000 [3:35:36<108:20:12,  1.95s/it, eval_success=0.140]
offline:  80%|████████  | 800061/1000000 [3:35:37<73:11:04,  1.32s/it, eval_success=0.140] 
  2%|▏         | 1/50 [00:10<08:39, 10.61s/it][A
  4%|▍         | 2/50 [00:21<08:31, 10.67s/it][A
  6%|▌         | 3/50 [00:31<08:20, 10.65s/it][A
  8%|▊         | 4/50 [00:42<08:09, 10.64s/it][A
 10%|█         | 5/50 [00:53<07:59, 10.65s/it][A
 12%|█▏        | 6/50 [01:03<07:47, 10.62s/it][A
 14%|█▍        | 7/50 [01:14<07:36, 10.61s/it][A
 16%|█▌        | 8/50 [01:24<07:25, 10.60s/it][A
 18%|█▊        | 9/50 [01:35<07:15, 10.62s/it][A
 20%|██        | 10/50 [01:44<06:39,  9.98s/it][A
 22%|██▏       | 11/50 [01:54<06:37, 10.20s/it][A
 24%|██▍       | 12/50 [02:05<06:32, 10.34s/it][A
 26%|██▌       | 13/50 [02:16<06:25, 10.41s/it][A
 28%|██▊       | 14/50 [02:26<06:16, 10.46s/it][A
 30%|███       | 15/50 [02:37<06:06, 10.49s/it][A
 32%|███▏      | 16/50 [02:47<05:58, 10.54s/it][A
 34%|███▍      | 17/50 [02:58<05:48, 10.55s/it][A
 36%|███▌      | 18/50 [03:09<05:37, 10.56s/it][A
 38%|███▊      | 19/50 [03:19<05:26, 10.54s/it][A
 40%|████      | 20/50 [03:30<05:16, 10.57s/it][A
 42%|████▏     | 21/50 [03:39<04:52, 10.07s/it][A
 44%|████▍     | 22/50 [03:49<04:45, 10.21s/it][A
 46%|████▌     | 23/50 [04:00<04:38, 10.33s/it][A
 48%|████▊     | 24/50 [04:10<04:31, 10.42s/it][A
 50%|█████     | 25/50 [04:21<04:22, 10.48s/it][A
 52%|█████▏    | 26/50 [04:32<04:12, 10.51s/it][A
 54%|█████▍    | 27/50 [04:42<04:02, 10.55s/it][A
 56%|█████▌    | 28/50 [04:53<03:52, 10.55s/it][A
 58%|█████▊    | 29/50 [05:03<03:41, 10.56s/it][A
 60%|██████    | 30/50 [05:14<03:31, 10.55s/it][A
 62%|██████▏   | 31/50 [05:23<03:12, 10.16s/it][A
 64%|██████▍   | 32/50 [05:32<02:53,  9.64s/it][A
 66%|██████▌   | 33/50 [05:42<02:48,  9.92s/it][A
 68%|██████▊   | 34/50 [05:53<02:42, 10.14s/it][A
 70%|███████   | 35/50 [06:02<02:28,  9.92s/it][A
 72%|███████▏  | 36/50 [06:11<02:14,  9.58s/it][A
 74%|███████▍  | 37/50 [06:20<02:01,  9.34s/it][A
 76%|███████▌  | 38/50 [06:28<01:49,  9.15s/it][A
 78%|███████▊  | 39/50 [06:37<01:37,  8.86s/it][A
 80%|████████  | 40/50 [06:45<01:28,  8.83s/it][A
 82%|████████▏ | 41/50 [06:54<01:19,  8.81s/it][A
 84%|████████▍ | 42/50 [07:00<01:04,  8.07s/it][A
 86%|████████▌ | 43/50 [07:09<00:57,  8.28s/it][A
 88%|████████▊ | 44/50 [07:18<00:50,  8.40s/it][A
 90%|█████████ | 45/50 [07:27<00:42,  8.49s/it][A
 92%|█████████▏| 46/50 [07:35<00:34,  8.56s/it][A
 94%|█████████▍| 47/50 [07:43<00:24,  8.24s/it][A
 96%|█████████▌| 48/50 [07:52<00:17,  8.57s/it][A
 98%|█████████▊| 49/50 [08:03<00:09,  9.22s/it][A
100%|██████████| 50/50 [08:13<00:00,  9.48s/it][A
100%|██████████| 50/50 [08:13<00:00,  9.87s/it]
offline:  90%|█████████ | 900000/1000000 [4:06:10<606:12:08, 21.82s/it, eval_success=0.200]
offline:  90%|█████████ | 900014/1000000 [4:06:10<321:56:36, 11.59s/it, eval_success=0.200]
offline:  90%|█████████ | 900023/1000000 [4:06:10<225:10:32,  8.11s/it, eval_success=0.200]
offline:  90%|█████████ | 900031/1000000 [4:06:11<163:00:00,  5.87s/it, eval_success=0.200]
offline:  90%|█████████ | 900039/1000000 [4:06:11<116:57:10,  4.21s/it, eval_success=0.200]
offline:  90%|█████████ | 900047/1000000 [4:06:11<83:21:48,  3.00s/it, eval_success=0.200] 
offline:  90%|█████████ | 900055/1000000 [4:06:11<59:11:30,  2.13s/it, eval_success=0.200]
offline:  90%|█████████ | 900062/1000000 [4:06:11<43:30:17,  1.57s/it, eval_success=0.200]
offline:  90%|█████████ | 900069/1000000 [4:06:11<31:38:24,  1.14s/it, eval_success=0.200]
  2%|▏         | 1/50 [00:06<05:37,  6.88s/it][A
  4%|▍         | 2/50 [00:13<05:09,  6.44s/it][A
  6%|▌         | 3/50 [00:19<05:10,  6.61s/it][A
  8%|▊         | 4/50 [00:26<05:08,  6.70s/it][A
 10%|█         | 5/50 [00:33<05:08,  6.85s/it][A
 12%|█▏        | 6/50 [00:40<05:01,  6.84s/it][A
 14%|█▍        | 7/50 [00:47<04:54,  6.85s/it][A
 16%|█▌        | 8/50 [00:54<04:47,  6.85s/it][A
 18%|█▊        | 9/50 [01:01<04:40,  6.85s/it][A
 20%|██        | 10/50 [01:08<04:34,  6.86s/it][A
 22%|██▏       | 11/50 [01:14<04:27,  6.86s/it][A
 24%|██▍       | 12/50 [01:22<04:25,  6.99s/it][A
 26%|██▌       | 13/50 [01:32<04:59,  8.08s/it][A
 28%|██▊       | 14/50 [01:43<05:17,  8.83s/it][A
 30%|███       | 15/50 [01:53<05:28,  9.37s/it][A
 32%|███▏      | 16/50 [02:03<05:24,  9.54s/it][A
 34%|███▍      | 17/50 [02:14<05:25,  9.86s/it][A
 36%|███▌      | 18/50 [02:25<05:23, 10.12s/it][A
 38%|███▊      | 19/50 [02:35<05:18, 10.27s/it][A
 40%|████      | 20/50 [02:46<05:11, 10.38s/it][A
 42%|████▏     | 21/50 [02:57<05:03, 10.45s/it][A
 44%|████▍     | 22/50 [03:07<04:54, 10.50s/it][A
 46%|████▌     | 23/50 [03:18<04:44, 10.55s/it][A
 48%|████▊     | 24/50 [03:28<04:34, 10.56s/it][A
 50%|█████     | 25/50 [03:39<04:24, 10.59s/it][A
 52%|█████▏    | 26/50 [03:50<04:14, 10.62s/it][A
 54%|█████▍    | 27/50 [04:01<04:04, 10.64s/it][A
 56%|█████▌    | 28/50 [04:11<03:54, 10.64s/it][A
 58%|█████▊    | 29/50 [04:22<03:42, 10.60s/it][A
 60%|██████    | 30/50 [04:32<03:31, 10.57s/it][A
 62%|██████▏   | 31/50 [04:43<03:20, 10.57s/it][A
 64%|██████▍   | 32/50 [04:53<03:10, 10.58s/it][A
 66%|██████▌   | 33/50 [05:04<02:59, 10.58s/it][A
 68%|██████▊   | 34/50 [05:14<02:49, 10.57s/it][A
 70%|███████   | 35/50 [05:25<02:38, 10.57s/it][A
 72%|███████▏  | 36/50 [05:36<02:28, 10.58s/it][A
 74%|███████▍  | 37/50 [05:46<02:17, 10.59s/it][A
 76%|███████▌  | 38/50 [05:57<02:07, 10.60s/it][A
 78%|███████▊  | 39/50 [06:07<01:56, 10.60s/it][A
 80%|████████  | 40/50 [06:17<01:43, 10.38s/it][A
 82%|████████▏ | 41/50 [06:28<01:34, 10.46s/it][A
 84%|████████▍ | 42/50 [06:39<01:24, 10.51s/it][A
 86%|████████▌ | 43/50 [06:49<01:13, 10.57s/it][A
 88%|████████▊ | 44/50 [07:00<01:03, 10.59s/it][A
 90%|█████████ | 45/50 [07:11<00:53, 10.60s/it][A
 92%|█████████▏| 46/50 [07:22<00:43, 10.84s/it][A
 94%|█████████▍| 47/50 [07:34<00:33, 11.33s/it][A
 96%|█████████▌| 48/50 [07:47<00:23, 11.61s/it][A
 98%|█████████▊| 49/50 [07:57<00:11, 11.07s/it][A
100%|██████████| 50/50 [08:09<00:00, 11.50s/it][A
100%|██████████| 50/50 [08:09<00:00,  9.79s/it]
offline: 100%|█████████▉| 999999/1000000 [4:36:26<00:14, 14.98s/it, eval_success=0.140]
  2%|▏         | 1/50 [00:12<10:14, 12.53s/it][A
  4%|▍         | 2/50 [00:24<09:58, 12.46s/it][A
  6%|▌         | 3/50 [00:37<09:46, 12.47s/it][A
  8%|▊         | 4/50 [00:49<09:34, 12.48s/it][A
 10%|█         | 5/50 [01:02<09:27, 12.61s/it][A
 12%|█▏        | 6/50 [01:15<09:18, 12.68s/it][A
 14%|█▍        | 7/50 [01:28<09:09, 12.77s/it][A
 16%|█▌        | 8/50 [01:41<09:00, 12.86s/it][A
 18%|█▊        | 9/50 [01:54<08:50, 12.94s/it][A
 20%|██        | 10/50 [02:07<08:38, 12.96s/it][A
 22%|██▏       | 11/50 [02:20<08:20, 12.83s/it][A
 24%|██▍       | 12/50 [02:34<08:27, 13.36s/it][A
 26%|██▌       | 13/50 [02:49<08:29, 13.77s/it][A
 28%|██▊       | 14/50 [03:04<08:24, 14.02s/it][A
 30%|███       | 15/50 [03:18<08:17, 14.22s/it][A
 32%|███▏      | 16/50 [03:30<07:39, 13.51s/it][A
 34%|███▍      | 17/50 [03:43<07:16, 13.23s/it][A
 36%|███▌      | 18/50 [03:54<06:45, 12.66s/it][A
 38%|███▊      | 19/50 [04:07<06:33, 12.68s/it][A
 40%|████      | 20/50 [04:19<06:19, 12.65s/it][A
 42%|████▏     | 21/50 [04:32<06:07, 12.66s/it][A
 44%|████▍     | 22/50 [04:43<05:40, 12.15s/it][A
 46%|████▌     | 23/50 [04:54<05:16, 11.73s/it][A
 48%|████▊     | 24/50 [05:02<04:40, 10.80s/it][A
 50%|█████     | 25/50 [05:11<04:14, 10.18s/it][A
 52%|█████▏    | 26/50 [05:20<03:54,  9.78s/it][A
 54%|█████▍    | 27/50 [05:29<03:37,  9.45s/it][A
 56%|█████▌    | 28/50 [05:37<03:23,  9.23s/it][A
 58%|█████▊    | 29/50 [05:46<03:11,  9.12s/it][A
 60%|██████    | 30/50 [05:55<03:00,  9.02s/it][A
 62%|██████▏   | 31/50 [06:04<02:49,  8.95s/it][A
 64%|██████▍   | 32/50 [06:13<02:39,  8.87s/it][A
 66%|██████▌   | 33/50 [06:21<02:29,  8.81s/it][A
 68%|██████▊   | 34/50 [06:30<02:20,  8.78s/it][A
 70%|███████   | 35/50 [06:39<02:11,  8.77s/it][A
 72%|███████▏  | 36/50 [06:47<02:02,  8.77s/it][A
 74%|███████▍  | 37/50 [06:56<01:53,  8.74s/it][A
 76%|███████▌  | 38/50 [07:04<01:40,  8.35s/it][A
 78%|███████▊  | 39/50 [07:11<01:28,  8.04s/it][A
 80%|████████  | 40/50 [07:20<01:22,  8.26s/it][A
 82%|████████▏ | 41/50 [07:28<01:15,  8.38s/it][A
 84%|████████▍ | 42/50 [07:37<01:07,  8.48s/it][A
 86%|████████▌ | 43/50 [07:46<01:00,  8.59s/it][A
 88%|████████▊ | 44/50 [07:55<00:51,  8.64s/it][A
 90%|█████████ | 45/50 [08:03<00:42,  8.54s/it][A
 92%|█████████▏| 46/50 [08:09<00:31,  7.95s/it][A
 94%|█████████▍| 47/50 [08:18<00:24,  8.17s/it][A
 96%|█████████▌| 48/50 [08:27<00:16,  8.37s/it][A
 98%|█████████▊| 49/50 [08:36<00:08,  8.49s/it][A
100%|██████████| 50/50 [08:45<00:00,  8.59s/it][A
100%|██████████| 50/50 [08:45<00:00, 10.50s/it]
offline: 100%|█████████▉| 999999/1000000 [4:45:11<00:14, 14.98s/it, eval_success=0.220]
offline: 100%|██████████| 1000000/1000000 [4:45:11<00:00, 36.33s/it, eval_success=0.220]
Saved to exp/beat/ant2/B_lam001_t3/antmaze-giant-navigate-singletask-task3-v0/antmaze-giant-navigate-singletask-task3-v0_sd000_anq_stdfp_chunk-h1_20260819_075532/params_offline.pkl
Saved modules ('critic', 'target_critic') to exp/beat/ant2/B_lam001_t3/antmaze-giant-navigate-singletask-task3-v0/antmaze-giant-navigate-singletask-task3-v0_sd000_anq_stdfp_chunk-h1_20260819_075532/critic_offline.pkl
[1;34mwandb[0m: 
[1;34mwandb[0m: 🚀 View run [33mantmaze-giant-navigate-singletask-task3-v0_sd000_anq_stdfp_chunk-h1_20260819_075532[0m at: [34mhttps://wandb.ai/tjrcjf410-seoul-national-university/ant2/runs/gc33ud99[0m
[1;34mwandb[0m: Find logs at: [1;35m../../../tmp/tmprp9qxeia/wandb/run-20260819_075532-gc33ud99/logs[0m
--- last progress lines ---
offline: 100%|██████████| 1000000/1000000 [4:45:11<00:00, 58.44it/s, eval_success=0.220]
online: 0it [00:00, ?it/s]
online: 0it [00:00, ?it/s]
