wandb: Using wandb-core as the SDK backend.  Please refer to https://wandb.me/wandb-core for more information.
wandb: Currently logged in as: tjrcjf410 (sjun0803-seoul-national-university) to https://api.wandb.ai. Use `wandb login --relogin` to force relogin
wandb: Tracking run with wandb version 0.19.9
wandb: Run data is saved locally in /tmp/tmp6y7i20n2/wandb/run-20260819_075151-v7a41q07
wandb: Run `wandb offline` to turn off syncing.
wandb: Syncing run antmaze-giant-navigate-singletask-task3-v0_sd000_anq_stdfp3_chunk-h1_20260819_075151
wandb: ⭐️ View project at https://wandb.ai/tjrcjf410-seoul-national-university/ant2
wandb: 🚀 View run at https://wandb.ai/tjrcjf410-seoul-national-university/ant2/runs/v7a41q07
wandb: WARNING Symlinked 8 files into the W&B run directory, call wandb.save again to sync new files.
I0819 07:51:52.740957 125582608066368 acceleratesupport.py:24] No OpenGL_accelerate module loaded: No module named 'OpenGL_accelerate'
offline:   0%|          | 1/1000000 [00:50<13963:36:19, 50.27s/it]
offline:   0%|          | 2/1000000 [01:11<9202:33:48, 33.13s/it] 
offline:   0%|          | 3/1000000 [01:40<8746:20:43, 31.49s/it]
offline:   0%|          | 27/1000000 [01:41<526:13:21,  1.89s/it]
  2%|▏         | 1/50 [00:06<05:11,  6.36s/it][A
  4%|▍         | 2/50 [00:11<04:28,  5.60s/it][A
  6%|▌         | 3/50 [00:16<04:12,  5.37s/it][A
  8%|▊         | 4/50 [00:21<04:02,  5.26s/it][A
 10%|█         | 5/50 [00:26<03:53,  5.19s/it][A
 12%|█▏        | 6/50 [00:31<03:37,  4.95s/it][A
 14%|█▍        | 7/50 [00:34<03:16,  4.56s/it][A
 16%|█▌        | 8/50 [00:38<03:00,  4.31s/it][A
 18%|█▊        | 9/50 [00:42<02:50,  4.16s/it][A
 20%|██        | 10/50 [00:46<02:42,  4.07s/it][A
 22%|██▏       | 11/50 [00:51<02:47,  4.29s/it][A
 24%|██▍       | 12/50 [00:56<02:51,  4.50s/it][A
 26%|██▌       | 13/50 [01:01<02:51,  4.63s/it][A
 28%|██▊       | 14/50 [01:06<02:50,  4.75s/it][A
 30%|███       | 15/50 [01:11<02:47,  4.80s/it][A
 32%|███▏      | 16/50 [01:15<02:44,  4.83s/it][A
 34%|███▍      | 17/50 [01:20<02:40,  4.86s/it][A
 36%|███▌      | 18/50 [01:25<02:36,  4.89s/it][A
 38%|███▊      | 19/50 [01:30<02:30,  4.85s/it][A
 40%|████      | 20/50 [01:35<02:26,  4.87s/it][A
 42%|████▏     | 21/50 [01:40<02:20,  4.85s/it][A
 44%|████▍     | 22/50 [01:45<02:15,  4.85s/it][A
 46%|████▌     | 23/50 [01:50<02:11,  4.88s/it][A
 48%|████▊     | 24/50 [01:54<02:05,  4.83s/it][A
 50%|█████     | 25/50 [01:59<02:01,  4.86s/it][A
 52%|█████▏    | 26/50 [02:04<01:55,  4.81s/it][A
 54%|█████▍    | 27/50 [02:08<01:42,  4.45s/it][A
 56%|█████▌    | 28/50 [02:10<01:24,  3.84s/it][A
 58%|█████▊    | 29/50 [02:12<01:11,  3.42s/it][A
 60%|██████    | 30/50 [02:15<01:02,  3.14s/it][A
 62%|██████▏   | 31/50 [02:17<00:55,  2.92s/it][A
 64%|██████▍   | 32/50 [02:20<00:50,  2.78s/it][A
 66%|██████▌   | 33/50 [02:22<00:45,  2.66s/it][A
 68%|██████▊   | 34/50 [02:25<00:41,  2.60s/it][A
 70%|███████   | 35/50 [02:27<00:38,  2.54s/it][A
 72%|███████▏  | 36/50 [02:29<00:34,  2.44s/it][A
 74%|███████▍  | 37/50 [02:32<00:31,  2.40s/it][A
 76%|███████▌  | 38/50 [02:34<00:28,  2.39s/it][A
 78%|███████▊  | 39/50 [02:36<00:26,  2.39s/it][A
 80%|████████  | 40/50 [02:39<00:24,  2.42s/it][A
 82%|████████▏ | 41/50 [02:41<00:21,  2.40s/it][A
 84%|████████▍ | 42/50 [02:44<00:19,  2.45s/it][A
 86%|████████▌ | 43/50 [02:46<00:16,  2.40s/it][A
 88%|████████▊ | 44/50 [02:48<00:14,  2.40s/it][A
 90%|█████████ | 45/50 [02:51<00:11,  2.36s/it][A
 92%|█████████▏| 46/50 [02:53<00:09,  2.33s/it][A
 94%|█████████▍| 47/50 [02:55<00:07,  2.40s/it][A
 96%|█████████▌| 48/50 [02:58<00:04,  2.38s/it][A
 98%|█████████▊| 49/50 [03:02<00:02,  3.00s/it][A
100%|██████████| 50/50 [03:07<00:00,  3.53s/it][A
100%|██████████| 50/50 [03:07<00:00,  3.75s/it]
offline:  10%|█         | 100000/1000000 [23:45<1077:34:02,  4.31s/it, eval_success=0.000]
offline:  10%|█         | 100016/1000000 [23:45<707:30:26,  2.83s/it, eval_success=0.000] 
offline:  10%|█         | 100030/1000000 [23:45<495:19:25,  1.98s/it, eval_success=0.000]
offline:  10%|█         | 100044/1000000 [23:45<347:04:25,  1.39s/it, eval_success=0.000]
  2%|▏         | 1/50 [00:06<05:09,  6.32s/it][A
  4%|▍         | 2/50 [00:12<05:03,  6.33s/it][A
  6%|▌         | 3/50 [00:19<04:59,  6.37s/it][A
  8%|▊         | 4/50 [00:25<04:49,  6.29s/it][A
 10%|█         | 5/50 [00:29<04:16,  5.70s/it][A
 12%|█▏        | 6/50 [00:34<03:54,  5.33s/it][A
 14%|█▍        | 7/50 [00:39<03:38,  5.09s/it][A
 16%|█▌        | 8/50 [00:43<03:28,  4.97s/it][A
 18%|█▊        | 9/50 [00:48<03:20,  4.88s/it][A
 20%|██        | 10/50 [00:53<03:11,  4.79s/it][A
 22%|██▏       | 11/50 [00:57<03:05,  4.75s/it][A
 24%|██▍       | 12/50 [01:01<02:49,  4.47s/it][A
 26%|██▌       | 13/50 [01:05<02:38,  4.29s/it][A
 28%|██▊       | 14/50 [01:09<02:27,  4.09s/it][A
 30%|███       | 15/50 [01:12<02:20,  4.02s/it][A
 32%|███▏      | 16/50 [01:16<02:15,  4.00s/it][A
 34%|███▍      | 17/50 [01:20<02:10,  3.96s/it][A
 36%|███▌      | 18/50 [01:24<02:03,  3.86s/it][A
 38%|███▊      | 19/50 [01:27<01:56,  3.76s/it][A
 40%|████      | 20/50 [01:31<01:50,  3.68s/it][A
 42%|████▏     | 21/50 [01:35<01:46,  3.66s/it][A
 44%|████▍     | 22/50 [01:38<01:42,  3.66s/it][A
 46%|████▌     | 23/50 [01:42<01:38,  3.64s/it][A
 48%|████▊     | 24/50 [01:44<01:20,  3.09s/it][A
 50%|█████     | 25/50 [01:45<01:07,  2.71s/it][A
 52%|█████▏    | 26/50 [01:47<00:58,  2.44s/it][A
 54%|█████▍    | 27/50 [01:49<00:52,  2.27s/it][A
 56%|█████▌    | 28/50 [01:51<00:47,  2.17s/it][A
 58%|█████▊    | 29/50 [01:53<00:42,  2.03s/it][A
 60%|██████    | 30/50 [01:55<00:39,  1.99s/it][A
 62%|██████▏   | 31/50 [01:56<00:36,  1.93s/it][A
 64%|██████▍   | 32/50 [01:58<00:34,  1.91s/it][A
 66%|██████▌   | 33/50 [02:00<00:32,  1.92s/it][A
 68%|██████▊   | 34/50 [02:02<00:30,  1.92s/it][A
 70%|███████   | 35/50 [02:04<00:28,  1.92s/it][A
 72%|███████▏  | 36/50 [02:06<00:28,  2.00s/it][A
 74%|███████▍  | 37/50 [02:08<00:25,  1.98s/it][A
 76%|███████▌  | 38/50 [02:10<00:23,  1.98s/it][A
 78%|███████▊  | 39/50 [02:12<00:21,  1.98s/it][A
 80%|████████  | 40/50 [02:14<00:19,  1.95s/it][A
 82%|████████▏ | 41/50 [02:16<00:17,  1.95s/it][A
 84%|████████▍ | 42/50 [02:18<00:15,  1.89s/it][A
 86%|████████▌ | 43/50 [02:20<00:13,  1.87s/it][A
 88%|████████▊ | 44/50 [02:21<00:11,  1.87s/it][A
 90%|█████████ | 45/50 [02:23<00:09,  1.81s/it][A
 92%|█████████▏| 46/50 [02:25<00:07,  1.92s/it][A
 94%|█████████▍| 47/50 [02:29<00:07,  2.45s/it][A
 96%|█████████▌| 48/50 [02:32<00:05,  2.68s/it][A
 98%|█████████▊| 49/50 [02:36<00:03,  3.02s/it][A
100%|██████████| 50/50 [02:39<00:00,  3.13s/it][A
100%|██████████| 50/50 [02:39<00:00,  3.20s/it]
offline:  20%|██        | 200000/1000000 [45:18<1113:18:05,  5.01s/it, eval_success=0.000]
offline:  20%|██        | 200022/1000000 [45:18<562:25:12,  2.53s/it, eval_success=0.000] 
offline:  20%|██        | 200041/1000000 [45:18<349:33:05,  1.57s/it, eval_success=0.000]
offline:  20%|██        | 200058/1000000 [45:18<235:51:01,  1.06s/it, eval_success=0.000]
  2%|▏         | 1/50 [00:10<08:19, 10.19s/it][A
  4%|▍         | 2/50 [00:18<07:02,  8.79s/it][A
  6%|▌         | 3/50 [00:24<06:08,  7.84s/it][A
  8%|▊         | 4/50 [00:31<05:47,  7.55s/it][A
 10%|█         | 5/50 [00:40<05:59,  8.00s/it][A
 12%|█▏        | 6/50 [00:49<06:03,  8.25s/it][A
 14%|█▍        | 7/50 [00:58<06:02,  8.43s/it][A
 16%|█▌        | 8/50 [01:07<06:00,  8.58s/it][A
 18%|█▊        | 9/50 [01:15<05:54,  8.65s/it][A
 20%|██        | 10/50 [01:24<05:47,  8.69s/it][A
 22%|██▏       | 11/50 [01:33<05:39,  8.72s/it][A
 24%|██▍       | 12/50 [01:42<05:32,  8.76s/it][A
 26%|██▌       | 13/50 [01:51<05:24,  8.77s/it][A
 28%|██▊       | 14/50 [01:59<05:16,  8.78s/it][A
 30%|███       | 15/50 [02:06<04:47,  8.23s/it][A
 32%|███▏      | 16/50 [02:14<04:31,  7.99s/it][A
 34%|███▍      | 17/50 [02:23<04:31,  8.24s/it][A
 36%|███▌      | 18/50 [02:31<04:29,  8.41s/it][A
 38%|███▊      | 19/50 [02:40<04:24,  8.54s/it][A
 40%|████      | 20/50 [02:49<04:19,  8.64s/it][A
 42%|████▏     | 21/50 [02:58<04:11,  8.67s/it][A
 44%|████▍     | 22/50 [03:07<04:03,  8.71s/it][A
 46%|████▌     | 23/50 [03:15<03:50,  8.55s/it][A
 48%|████▊     | 24/50 [03:22<03:29,  8.04s/it][A
 50%|█████     | 25/50 [03:29<03:12,  7.69s/it][A
 52%|█████▏    | 26/50 [03:35<02:57,  7.42s/it][A
 54%|█████▍    | 27/50 [03:40<02:32,  6.63s/it][A
 56%|█████▌    | 28/50 [03:45<02:14,  6.13s/it][A
 58%|█████▊    | 29/50 [03:52<02:13,  6.35s/it][A
 60%|██████    | 30/50 [03:59<02:10,  6.52s/it][A
 62%|██████▏   | 31/50 [04:06<02:06,  6.64s/it][A
 64%|██████▍   | 32/50 [04:13<02:00,  6.71s/it][A
 66%|██████▌   | 33/50 [04:20<01:55,  6.77s/it][A
 68%|██████▊   | 34/50 [04:26<01:48,  6.81s/it][A
 70%|███████   | 35/50 [04:33<01:42,  6.84s/it][A
 72%|███████▏  | 36/50 [04:40<01:35,  6.85s/it][A
 74%|███████▍  | 37/50 [04:47<01:29,  6.86s/it][A
 76%|███████▌  | 38/50 [04:54<01:22,  6.88s/it][A
 78%|███████▊  | 39/50 [04:59<01:10,  6.43s/it][A
 80%|████████  | 40/50 [05:04<00:58,  5.89s/it][A
 82%|████████▏ | 41/50 [05:09<00:49,  5.55s/it][A
 84%|████████▍ | 42/50 [05:14<00:42,  5.35s/it][A
 86%|████████▌ | 43/50 [05:19<00:36,  5.25s/it][A
 88%|████████▊ | 44/50 [05:25<00:33,  5.64s/it][A
 90%|█████████ | 45/50 [05:32<00:29,  5.92s/it][A
 92%|█████████▏| 46/50 [05:38<00:24,  6.10s/it][A
 94%|█████████▍| 47/50 [05:45<00:18,  6.23s/it][A
 96%|█████████▌| 48/50 [05:51<00:12,  6.32s/it][A
 98%|█████████▊| 49/50 [05:58<00:06,  6.37s/it][A
100%|██████████| 50/50 [06:04<00:00,  6.38s/it][A
100%|██████████| 50/50 [06:04<00:00,  7.30s/it]
offline:  30%|███       | 300000/1000000 [1:13:14<3295:25:07, 16.95s/it, eval_success=0.000]
offline:  30%|███       | 300015/1000000 [1:13:14<1653:36:42,  8.50s/it, eval_success=0.000]
offline:  30%|███       | 300025/1000000 [1:13:14<1121:58:29,  5.77s/it, eval_success=0.000]
offline:  30%|███       | 300035/1000000 [1:13:14<769:11:55,  3.96s/it, eval_success=0.000] 
offline:  30%|███       | 300047/1000000 [1:13:14<500:03:18,  2.57s/it, eval_success=0.000]
offline:  30%|███       | 300057/1000000 [1:13:14<353:25:17,  1.82s/it, eval_success=0.000]
offline:  30%|███       | 300067/1000000 [1:13:14<249:21:30,  1.28s/it, eval_success=0.000]
  2%|▏         | 1/50 [00:05<04:09,  5.10s/it][A
  4%|▍         | 2/50 [00:10<04:05,  5.11s/it][A
  6%|▌         | 3/50 [00:15<03:59,  5.09s/it][A
  8%|▊         | 4/50 [00:20<03:52,  5.06s/it][A
 10%|█         | 5/50 [00:25<03:48,  5.08s/it][A
 12%|█▏        | 6/50 [00:30<03:43,  5.09s/it][A
 14%|█▍        | 7/50 [00:35<03:37,  5.06s/it][A
 16%|█▌        | 8/50 [00:40<03:33,  5.08s/it][A
 18%|█▊        | 9/50 [00:45<03:28,  5.09s/it][A
 20%|██        | 10/50 [00:50<03:23,  5.10s/it][A
 22%|██▏       | 11/50 [00:55<03:18,  5.09s/it][A
 24%|██▍       | 12/50 [01:01<03:13,  5.09s/it][A
 26%|██▌       | 13/50 [01:06<03:08,  5.09s/it][A
 28%|██▊       | 14/50 [01:11<03:03,  5.09s/it][A
 30%|███       | 15/50 [01:16<02:57,  5.08s/it][A
 32%|███▏      | 16/50 [01:21<02:51,  5.06s/it][A
 34%|███▍      | 17/50 [01:26<02:46,  5.04s/it][A
 36%|███▌      | 18/50 [01:31<02:41,  5.06s/it][A
 38%|███▊      | 19/50 [01:36<02:36,  5.04s/it][A
 40%|████      | 20/50 [01:41<02:31,  5.05s/it][A
 42%|████▏     | 21/50 [01:46<02:25,  5.01s/it][A
 44%|████▍     | 22/50 [01:49<02:08,  4.59s/it][A
 46%|████▌     | 23/50 [01:53<01:58,  4.38s/it][A
 48%|████▊     | 24/50 [01:57<01:48,  4.18s/it][A
 50%|█████     | 25/50 [02:01<01:40,  4.04s/it][A
 52%|█████▏    | 26/50 [02:04<01:32,  3.87s/it][A
 54%|█████▍    | 27/50 [02:08<01:26,  3.77s/it][A
 56%|█████▌    | 28/50 [02:12<01:23,  3.78s/it][A
 58%|█████▊    | 29/50 [02:15<01:17,  3.70s/it][A
 60%|██████    | 30/50 [02:19<01:13,  3.66s/it][A
 62%|██████▏   | 31/50 [02:22<01:09,  3.66s/it][A
 64%|██████▍   | 32/50 [02:26<01:05,  3.65s/it][A
 66%|██████▌   | 33/50 [02:30<01:02,  3.69s/it][A
 68%|██████▊   | 34/50 [02:33<00:58,  3.63s/it][A
 70%|███████   | 35/50 [02:37<00:54,  3.66s/it][A
 72%|███████▏  | 36/50 [02:41<00:52,  3.73s/it][A
 74%|███████▍  | 37/50 [02:45<00:49,  3.79s/it][A
 76%|███████▌  | 38/50 [02:49<00:45,  3.80s/it][A
 78%|███████▊  | 39/50 [02:53<00:44,  4.08s/it][A
 80%|████████  | 40/50 [02:58<00:42,  4.27s/it][A
 82%|████████▏ | 41/50 [03:04<00:42,  4.74s/it][A
 84%|████████▍ | 42/50 [03:11<00:42,  5.29s/it][A
 86%|████████▌ | 43/50 [03:17<00:39,  5.65s/it][A
 88%|████████▊ | 44/50 [03:24<00:35,  5.92s/it][A
 90%|█████████ | 45/50 [03:30<00:30,  6.11s/it][A
 92%|█████████▏| 46/50 [03:37<00:25,  6.26s/it][A
 94%|█████████▍| 47/50 [03:43<00:19,  6.34s/it][A
 96%|█████████▌| 48/50 [03:50<00:12,  6.41s/it][A
 98%|█████████▊| 49/50 [03:57<00:06,  6.72s/it][A
100%|██████████| 50/50 [04:06<00:00,  7.25s/it][A
100%|██████████| 50/50 [04:06<00:00,  4.92s/it]
offline:  40%|████      | 400000/1000000 [1:39:21<1312:29:14,  7.87s/it, eval_success=0.000]
offline:  40%|████      | 400013/1000000 [1:39:21<824:35:41,  4.95s/it, eval_success=0.000] 
offline:  40%|████      | 400025/1000000 [1:39:21<553:51:52,  3.32s/it, eval_success=0.000]
offline:  40%|████      | 400036/1000000 [1:39:21<387:39:15,  2.33s/it, eval_success=0.000]
offline:  40%|████      | 400046/1000000 [1:39:21<279:11:21,  1.68s/it, eval_success=0.000]
offline:  40%|████      | 400056/1000000 [1:39:22<199:39:59,  1.20s/it, eval_success=0.000]
--- last progress lines ---
offline:  46%|████▌     | 461518/1000000 [1:51:59<1:54:49, 78.16it/s, eval_success=0.000]
offline:  46%|████▌     | 461526/1000000 [1:51:59<1:59:42, 74.97it/s, eval_success=0.000]
offline:  46%|████▌     | 461535/1000000 [1:51:59<1:53:57, 78.75it/s, eval_success=0.000]
