wandb: Using wandb-core as the SDK backend.  Please refer to https://wandb.me/wandb-core for more information.
wandb: Currently logged in as: tjrcjf410 (sjun0803-seoul-national-university) to https://api.wandb.ai. Use `wandb login --relogin` to force relogin
wandb: Tracking run with wandb version 0.19.9
wandb: Run data is saved locally in /tmp/tmpniqh3bup/wandb/run-20260819_075300-i1oi1ssh
wandb: Run `wandb offline` to turn off syncing.
wandb: Syncing run antmaze-giant-navigate-singletask-task3-v0_sd000_anq_stdfp_chunk-h1_20260819_075259
wandb: ⭐️ View project at https://wandb.ai/tjrcjf410-seoul-national-university/ant2
wandb: 🚀 View run at https://wandb.ai/tjrcjf410-seoul-national-university/ant2/runs/i1oi1ssh
wandb: WARNING Symlinked 8 files into the W&B run directory, call wandb.save again to sync new files.
I0819 07:53:01.130693 136719035696960 acceleratesupport.py:24] No OpenGL_accelerate module loaded: No module named 'OpenGL_accelerate'
offline:   0%|          | 1/1000000 [00:39<10987:10:47, 39.55s/it]
offline:   0%|          | 2/1000000 [01:01<8048:54:08, 28.98s/it] 
offline:   0%|          | 3/1000000 [01:23<7157:34:43, 25.77s/it]
offline:   0%|          | 21/1000000 [01:23<563:16:10,  2.03s/it]
  2%|▏         | 1/50 [00:04<03:33,  4.36s/it][A
  4%|▍         | 2/50 [00:08<03:13,  4.04s/it][A
  6%|▌         | 3/50 [00:12<03:09,  4.03s/it][A
  8%|▊         | 4/50 [00:16<03:04,  4.02s/it][A
 10%|█         | 5/50 [00:20<03:12,  4.29s/it][A
 12%|█▏        | 6/50 [00:26<03:20,  4.56s/it][A
 14%|█▍        | 7/50 [00:31<03:23,  4.73s/it][A
 16%|█▌        | 8/50 [00:36<03:20,  4.78s/it][A
 18%|█▊        | 9/50 [00:40<03:18,  4.84s/it][A
 20%|██        | 10/50 [00:45<03:15,  4.89s/it][A
 22%|██▏       | 11/50 [00:50<03:09,  4.87s/it][A
 24%|██▍       | 12/50 [00:55<03:05,  4.87s/it][A
 26%|██▌       | 13/50 [01:00<02:59,  4.86s/it][A
 28%|██▊       | 14/50 [01:05<02:55,  4.88s/it][A
 30%|███       | 15/50 [01:10<02:50,  4.88s/it][A
 32%|███▏      | 16/50 [01:15<02:46,  4.89s/it][A
 34%|███▍      | 17/50 [01:20<02:42,  4.93s/it][A
 36%|███▌      | 18/50 [01:25<02:36,  4.90s/it][A
 38%|███▊      | 19/50 [01:29<02:31,  4.90s/it][A
 40%|████      | 20/50 [01:34<02:24,  4.82s/it][A
 42%|████▏     | 21/50 [01:38<02:10,  4.48s/it][A
 44%|████▍     | 22/50 [01:40<01:49,  3.92s/it][A
 46%|████▌     | 23/50 [01:43<01:33,  3.45s/it][A
 48%|████▊     | 24/50 [01:45<01:21,  3.12s/it][A
 50%|█████     | 25/50 [01:48<01:13,  2.92s/it][A
 52%|█████▏    | 26/50 [01:50<01:07,  2.81s/it][A
 54%|█████▍    | 27/50 [01:53<01:02,  2.71s/it][A
 56%|█████▌    | 28/50 [01:55<00:58,  2.64s/it][A
 58%|█████▊    | 29/50 [01:58<00:55,  2.64s/it][A
 60%|██████    | 30/50 [02:00<00:51,  2.55s/it][A
 62%|██████▏   | 31/50 [02:03<00:47,  2.52s/it][A
 64%|██████▍   | 32/50 [02:05<00:45,  2.51s/it][A
 66%|██████▌   | 33/50 [02:07<00:42,  2.48s/it][A
 68%|██████▊   | 34/50 [02:10<00:39,  2.46s/it][A
 70%|███████   | 35/50 [02:12<00:36,  2.45s/it][A
 72%|███████▏  | 36/50 [02:15<00:33,  2.42s/it][A
 74%|███████▍  | 37/50 [02:17<00:31,  2.42s/it][A
 76%|███████▌  | 38/50 [02:19<00:28,  2.37s/it][A
 78%|███████▊  | 39/50 [02:22<00:26,  2.43s/it][A
 80%|████████  | 40/50 [02:24<00:24,  2.43s/it][A
 82%|████████▏ | 41/50 [02:27<00:21,  2.41s/it][A
 84%|████████▍ | 42/50 [02:30<00:21,  2.64s/it][A
 86%|████████▌ | 43/50 [02:35<00:22,  3.27s/it][A
 88%|████████▊ | 44/50 [02:40<00:23,  3.94s/it][A
 90%|█████████ | 45/50 [02:47<00:23,  4.69s/it][A
 92%|█████████▏| 46/50 [02:53<00:20,  5.22s/it][A
 94%|█████████▍| 47/50 [02:59<00:16,  5.60s/it][A
 96%|█████████▌| 48/50 [03:06<00:11,  5.88s/it][A
 98%|█████████▊| 49/50 [03:12<00:06,  6.07s/it][A
100%|██████████| 50/50 [03:19<00:00,  6.19s/it][A
100%|██████████| 50/50 [03:19<00:00,  3.99s/it]
offline:  10%|█         | 100000/1000000 [23:18<887:08:36,  3.55s/it, eval_success=0.000]
offline:  10%|█         | 100016/1000000 [23:18<631:29:52,  2.53s/it, eval_success=0.000]
offline:  10%|█         | 100033/1000000 [23:18<439:51:36,  1.76s/it, eval_success=0.000]
offline:  10%|█         | 100048/1000000 [23:18<318:26:33,  1.27s/it, eval_success=0.000]
  2%|▏         | 1/50 [00:04<03:54,  4.78s/it][A
  4%|▍         | 2/50 [00:09<03:49,  4.78s/it][A
  6%|▌         | 3/50 [00:14<03:41,  4.72s/it][A
  8%|▊         | 4/50 [00:18<03:37,  4.72s/it][A
 10%|█         | 5/50 [00:23<03:31,  4.70s/it][A
 12%|█▏        | 6/50 [00:28<03:25,  4.68s/it][A
 14%|█▍        | 7/50 [00:33<03:22,  4.71s/it][A
 16%|█▌        | 8/50 [00:36<03:07,  4.46s/it][A
 18%|█▊        | 9/50 [00:40<02:49,  4.14s/it][A
 20%|██        | 10/50 [00:44<02:40,  4.00s/it][A
 22%|██▏       | 11/50 [00:47<02:31,  3.87s/it][A
 24%|██▍       | 12/50 [00:51<02:24,  3.80s/it][A
 26%|██▌       | 13/50 [00:55<02:20,  3.81s/it][A
 28%|██▊       | 14/50 [00:58<02:15,  3.77s/it][A
 30%|███       | 15/50 [01:02<02:08,  3.68s/it][A
 32%|███▏      | 16/50 [01:05<02:01,  3.57s/it][A
 34%|███▍      | 17/50 [01:08<01:55,  3.51s/it][A
 36%|███▌      | 18/50 [01:12<01:51,  3.48s/it][A
 38%|███▊      | 19/50 [01:16<01:49,  3.54s/it][A
 40%|████      | 20/50 [01:18<01:38,  3.27s/it][A
 42%|████▏     | 21/50 [01:20<01:22,  2.84s/it][A
 44%|████▍     | 22/50 [01:22<01:10,  2.51s/it][A
 46%|████▌     | 23/50 [01:24<01:02,  2.30s/it][A
 48%|████▊     | 24/50 [01:25<00:54,  2.09s/it][A
 50%|█████     | 25/50 [01:27<00:50,  2.02s/it][A
 52%|█████▏    | 26/50 [01:29<00:46,  1.96s/it][A
 54%|█████▍    | 27/50 [01:31<00:44,  1.92s/it][A
 56%|█████▌    | 28/50 [01:33<00:43,  1.98s/it][A
 58%|█████▊    | 29/50 [01:35<00:40,  1.95s/it][A
 60%|██████    | 30/50 [01:37<00:38,  1.92s/it][A
 62%|██████▏   | 31/50 [01:39<00:37,  1.95s/it][A
 64%|██████▍   | 32/50 [01:40<00:34,  1.91s/it][A
 66%|██████▌   | 33/50 [01:42<00:31,  1.87s/it][A
 68%|██████▊   | 34/50 [01:44<00:30,  1.90s/it][A
 70%|███████   | 35/50 [01:46<00:28,  1.90s/it][A
 72%|███████▏  | 36/50 [01:48<00:26,  1.86s/it][A
 74%|███████▍  | 37/50 [01:50<00:23,  1.82s/it][A
 76%|███████▌  | 38/50 [01:51<00:21,  1.79s/it][A
 78%|███████▊  | 39/50 [01:53<00:19,  1.81s/it][A
 80%|████████  | 40/50 [01:55<00:17,  1.80s/it][A
 82%|████████▏ | 41/50 [01:57<00:16,  1.78s/it][A
 84%|████████▍ | 42/50 [01:58<00:14,  1.79s/it][A
 86%|████████▌ | 43/50 [02:01<00:13,  1.90s/it][A
 88%|████████▊ | 44/50 [02:04<00:14,  2.48s/it][A
 90%|█████████ | 45/50 [02:08<00:14,  2.86s/it][A
 92%|█████████▏| 46/50 [02:12<00:12,  3.03s/it][A
 94%|█████████▍| 47/50 [02:15<00:09,  3.18s/it][A
 96%|█████████▌| 48/50 [02:20<00:07,  3.70s/it][A
 98%|█████████▊| 49/50 [02:25<00:04,  4.10s/it][A
100%|██████████| 50/50 [02:30<00:00,  4.37s/it][A
100%|██████████| 50/50 [02:30<00:00,  3.01s/it]
offline:  20%|██        | 200000/1000000 [44:24<703:45:15,  3.17s/it, eval_success=0.000]
offline:  20%|██        | 200018/1000000 [44:25<457:47:41,  2.06s/it, eval_success=0.000]
offline:  20%|██        | 200033/1000000 [44:25<323:38:01,  1.46s/it, eval_success=0.000]
offline:  20%|██        | 200047/1000000 [44:25<232:55:10,  1.05s/it, eval_success=0.000]
  2%|▏         | 1/50 [00:08<06:58,  8.55s/it][A
  4%|▍         | 2/50 [00:15<05:52,  7.35s/it][A
  6%|▌         | 3/50 [00:21<05:29,  7.02s/it][A
  8%|▊         | 4/50 [00:30<05:54,  7.70s/it][A
 10%|█         | 5/50 [00:39<06:03,  8.07s/it][A
 12%|█▏        | 6/50 [00:47<06:05,  8.31s/it][A
 14%|█▍        | 7/50 [00:56<06:05,  8.49s/it][A
 16%|█▌        | 8/50 [01:05<06:01,  8.60s/it][A
 18%|█▊        | 9/50 [01:14<05:55,  8.66s/it][A
 20%|██        | 10/50 [01:23<05:47,  8.69s/it][A
 22%|██▏       | 11/50 [01:32<05:40,  8.73s/it][A
 24%|██▍       | 12/50 [01:40<05:32,  8.76s/it][A
 26%|██▌       | 13/50 [01:49<05:24,  8.78s/it][A
 28%|██▊       | 14/50 [01:57<05:02,  8.41s/it][A
 30%|███       | 15/50 [02:04<04:38,  7.95s/it][A
 32%|███▏      | 16/50 [02:12<04:38,  8.20s/it][A
 34%|███▍      | 17/50 [02:21<04:36,  8.39s/it][A
 36%|███▌      | 18/50 [02:30<04:32,  8.53s/it][A
 38%|███▊      | 19/50 [02:39<04:27,  8.63s/it][A
 40%|████      | 20/50 [02:48<04:22,  8.75s/it][A
 42%|████▏     | 21/50 [02:57<04:14,  8.77s/it][A
 44%|████▍     | 22/50 [03:05<04:04,  8.72s/it][A
 46%|████▌     | 23/50 [03:12<03:40,  8.17s/it][A
 48%|████▊     | 24/50 [03:19<03:22,  7.78s/it][A
 50%|█████     | 25/50 [03:26<03:07,  7.50s/it][A
 52%|█████▏    | 26/50 [03:31<02:43,  6.82s/it][A
 54%|█████▍    | 27/50 [03:36<02:22,  6.21s/it][A
 56%|█████▌    | 28/50 [03:43<02:19,  6.33s/it][A
 58%|█████▊    | 29/50 [03:50<02:16,  6.49s/it][A
 60%|██████    | 30/50 [03:56<02:12,  6.62s/it][A
 62%|██████▏   | 31/50 [04:03<02:07,  6.69s/it][A
 64%|██████▍   | 32/50 [04:10<02:01,  6.76s/it][A
 66%|██████▌   | 33/50 [04:17<01:55,  6.80s/it][A
 68%|██████▊   | 34/50 [04:24<01:49,  6.83s/it][A
 70%|███████   | 35/50 [04:31<01:42,  6.84s/it][A
 72%|███████▏  | 36/50 [04:38<01:35,  6.86s/it][A
 74%|███████▍  | 37/50 [04:45<01:29,  6.89s/it][A
 76%|███████▌  | 38/50 [04:51<01:19,  6.60s/it][A
 78%|███████▊  | 39/50 [04:55<01:06,  6.06s/it][A
 80%|████████  | 40/50 [05:00<00:56,  5.69s/it][A
 82%|████████▏ | 41/50 [05:05<00:49,  5.49s/it][A
 84%|████████▍ | 42/50 [05:10<00:42,  5.30s/it][A
 86%|████████▌ | 43/50 [05:17<00:39,  5.68s/it][A
 88%|████████▊ | 44/50 [05:23<00:35,  5.95s/it][A
 90%|█████████ | 45/50 [05:30<00:30,  6.14s/it][A
 92%|█████████▏| 46/50 [05:36<00:25,  6.26s/it][A
 94%|█████████▍| 47/50 [05:43<00:19,  6.33s/it][A
 96%|█████████▌| 48/50 [05:49<00:12,  6.38s/it][A
 98%|█████████▊| 49/50 [05:56<00:06,  6.39s/it][A
100%|██████████| 50/50 [06:04<00:00,  6.93s/it][A
100%|██████████| 50/50 [06:04<00:00,  7.29s/it]
offline:  30%|███       | 300000/1000000 [1:12:12<2578:21:47, 13.26s/it, eval_success=0.000]
offline:  30%|███       | 300012/1000000 [1:12:12<1589:39:51,  8.18s/it, eval_success=0.000]
offline:  30%|███       | 300022/1000000 [1:12:12<1091:52:31,  5.62s/it, eval_success=0.000]
offline:  30%|███       | 300032/1000000 [1:12:13<754:57:35,  3.88s/it, eval_success=0.000] 
offline:  30%|███       | 300042/1000000 [1:12:13<524:12:32,  2.70s/it, eval_success=0.000]
offline:  30%|███       | 300051/1000000 [1:12:13<376:38:09,  1.94s/it, eval_success=0.000]
offline:  30%|███       | 300060/1000000 [1:12:13<269:20:15,  1.39s/it, eval_success=0.000]
offline:  30%|███       | 300068/1000000 [1:12:13<197:57:49,  1.02s/it, eval_success=0.000]
  2%|▏         | 1/50 [00:06<05:25,  6.65s/it][A
  4%|▍         | 2/50 [00:13<05:13,  6.54s/it][A
  6%|▌         | 3/50 [00:18<04:33,  5.83s/it][A
  8%|▊         | 4/50 [00:23<04:15,  5.56s/it][A
 10%|█         | 5/50 [00:28<04:02,  5.39s/it][A
 12%|█▏        | 6/50 [00:33<03:52,  5.29s/it][A
 14%|█▍        | 7/50 [00:38<03:44,  5.22s/it][A
 16%|█▌        | 8/50 [00:43<03:37,  5.17s/it][A
 18%|█▊        | 9/50 [00:48<03:30,  5.13s/it][A
 20%|██        | 10/50 [00:53<03:24,  5.12s/it][A
 22%|██▏       | 11/50 [00:58<03:19,  5.13s/it][A
 24%|██▍       | 12/50 [01:04<03:15,  5.14s/it][A
 26%|██▌       | 13/50 [01:09<03:08,  5.09s/it][A
 28%|██▊       | 14/50 [01:14<03:03,  5.10s/it][A
 30%|███       | 15/50 [01:19<02:58,  5.10s/it][A
 32%|███▏      | 16/50 [01:24<02:53,  5.10s/it][A
 34%|███▍      | 17/50 [01:29<02:48,  5.09s/it][A
 36%|███▌      | 18/50 [01:34<02:42,  5.08s/it][A
 38%|███▊      | 19/50 [01:39<02:37,  5.09s/it][A
 40%|████      | 20/50 [01:44<02:33,  5.11s/it][A
 42%|████▏     | 21/50 [01:49<02:28,  5.11s/it][A
 44%|████▍     | 22/50 [01:55<02:23,  5.13s/it][A
 46%|████▌     | 23/50 [01:59<02:14,  4.97s/it][A
 48%|████▊     | 24/50 [02:03<01:59,  4.59s/it][A
 50%|█████     | 25/50 [02:07<01:49,  4.38s/it][A
 52%|█████▏    | 26/50 [02:11<01:41,  4.22s/it][A
 54%|█████▍    | 27/50 [02:14<01:31,  3.96s/it][A
 56%|█████▌    | 28/50 [02:17<01:24,  3.84s/it][A
 58%|█████▊    | 29/50 [02:21<01:21,  3.89s/it][A
 60%|██████    | 30/50 [02:25<01:16,  3.85s/it][A
 62%|██████▏   | 31/50 [02:29<01:12,  3.83s/it][A
 64%|██████▍   | 32/50 [02:33<01:09,  3.87s/it][A
 66%|██████▌   | 33/50 [02:37<01:05,  3.84s/it][A
 68%|██████▊   | 34/50 [02:40<01:00,  3.77s/it][A
 70%|███████   | 35/50 [02:44<00:55,  3.70s/it][A
 72%|███████▏  | 36/50 [02:48<00:53,  3.79s/it][A
 74%|███████▍  | 37/50 [02:51<00:48,  3.70s/it][A
 76%|███████▌  | 38/50 [02:55<00:43,  3.65s/it][A
 78%|███████▊  | 39/50 [02:59<00:40,  3.68s/it][A
 80%|████████  | 40/50 [03:03<00:39,  3.97s/it][A
 82%|████████▏ | 41/50 [03:08<00:38,  4.23s/it][A
 84%|████████▍ | 42/50 [03:13<00:35,  4.46s/it][A
 86%|████████▌ | 43/50 [03:20<00:35,  5.08s/it][A
 88%|████████▊ | 44/50 [03:26<00:33,  5.50s/it][A
 90%|█████████ | 45/50 [03:33<00:29,  5.83s/it][A
 92%|█████████▏| 46/50 [03:39<00:24,  6.03s/it][A
 94%|█████████▍| 47/50 [03:46<00:18,  6.20s/it][A
 96%|█████████▌| 48/50 [03:52<00:12,  6.31s/it][A
 98%|█████████▊| 49/50 [03:59<00:06,  6.36s/it][A
100%|██████████| 50/50 [04:05<00:00,  6.42s/it][A
100%|██████████| 50/50 [04:05<00:00,  4.92s/it]
offline:  40%|████      | 400000/1000000 [1:37:59<1324:57:35,  7.95s/it, eval_success=0.000]
offline:  40%|████      | 400013/1000000 [1:37:59<829:06:09,  4.97s/it, eval_success=0.000] 
offline:  40%|████      | 400026/1000000 [1:38:00<540:31:04,  3.24s/it, eval_success=0.000]
offline:  40%|████      | 400038/1000000 [1:38:00<371:01:49,  2.23s/it, eval_success=0.000]
offline:  40%|████      | 400049/1000000 [1:38:00<263:10:18,  1.58s/it, eval_success=0.000]
offline:  40%|████      | 400060/1000000 [1:38:00<186:09:05,  1.12s/it, eval_success=0.000]
  2%|▏         | 1/50 [00:08<06:57,  8.51s/it][A
  4%|▍         | 2/50 [00:17<06:50,  8.56s/it][A
  6%|▌         | 3/50 [00:25<06:41,  8.54s/it][A
  8%|▊         | 4/50 [00:34<06:32,  8.53s/it][A
 10%|█         | 5/50 [00:42<06:23,  8.53s/it][A
 12%|█▏        | 6/50 [00:51<06:16,  8.55s/it][A
 14%|█▍        | 7/50 [00:59<06:09,  8.59s/it][A
 16%|█▌        | 8/50 [01:08<06:00,  8.58s/it][A
 18%|█▊        | 9/50 [01:17<05:51,  8.58s/it][A
 20%|██        | 10/50 [01:25<05:41,  8.54s/it][A
 22%|██▏       | 11/50 [01:34<05:32,  8.53s/it][A
 24%|██▍       | 12/50 [01:42<05:23,  8.52s/it][A
 26%|██▌       | 13/50 [01:51<05:16,  8.55s/it][A
 28%|██▊       | 14/50 [01:59<05:07,  8.54s/it][A
 30%|███       | 15/50 [02:08<04:59,  8.54s/it][A
 32%|███▏      | 16/50 [02:16<04:50,  8.54s/it][A
 34%|███▍      | 17/50 [02:25<04:41,  8.54s/it][A
 36%|███▌      | 18/50 [02:33<04:32,  8.53s/it][A
 38%|███▊      | 19/50 [02:42<04:24,  8.52s/it][A
 40%|████      | 20/50 [02:50<04:16,  8.54s/it][A
 42%|████▏     | 21/50 [02:59<04:08,  8.56s/it][A
 44%|████▍     | 22/50 [03:08<03:59,  8.56s/it][A
 46%|████▌     | 23/50 [03:16<03:50,  8.55s/it][A
 48%|████▊     | 24/50 [03:25<03:42,  8.56s/it][A
 50%|█████     | 25/50 [03:33<03:33,  8.54s/it][A
 52%|█████▏    | 26/50 [03:42<03:25,  8.56s/it][A
 54%|█████▍    | 27/50 [03:50<03:12,  8.35s/it][A
 56%|█████▌    | 28/50 [03:56<02:52,  7.84s/it][A
 58%|█████▊    | 29/50 [04:03<02:37,  7.52s/it][A
 60%|██████    | 30/50 [04:10<02:25,  7.28s/it][A
 62%|██████▏   | 31/50 [04:16<02:15,  7.11s/it][A
 64%|██████▍   | 32/50 [04:23<02:05,  6.97s/it][A
 66%|██████▌   | 33/50 [04:30<01:57,  6.90s/it][A
 68%|██████▊   | 34/50 [04:37<01:49,  6.85s/it][A
 70%|███████   | 35/50 [04:43<01:42,  6.81s/it][A
 72%|███████▏  | 36/50 [04:50<01:34,  6.76s/it][A
 74%|███████▍  | 37/50 [04:57<01:27,  6.75s/it][A
 76%|███████▌  | 38/50 [05:03<01:20,  6.74s/it][A
 78%|███████▊  | 39/50 [05:10<01:14,  6.75s/it][A
 80%|████████  | 40/50 [05:17<01:07,  6.72s/it][A
 82%|████████▏ | 41/50 [05:23<01:00,  6.70s/it][A
 84%|████████▍ | 42/50 [05:30<00:53,  6.70s/it][A
 86%|████████▌ | 43/50 [05:37<00:47,  6.83s/it][A
 88%|████████▊ | 44/50 [05:46<00:44,  7.35s/it][A
 90%|█████████ | 45/50 [05:54<00:38,  7.70s/it][A
 92%|█████████▏| 46/50 [06:03<00:31,  7.96s/it][A
 94%|█████████▍| 47/50 [06:11<00:24,  8.12s/it][A
 96%|█████████▌| 48/50 [06:20<00:16,  8.26s/it][A
 98%|█████████▊| 49/50 [06:29<00:08,  8.33s/it][A
100%|██████████| 50/50 [06:37<00:00,  8.41s/it][A
100%|██████████| 50/50 [06:37<00:00,  7.95s/it]
offline:  50%|█████     | 500000/1000000 [2:05:43<2311:04:07, 16.64s/it, eval_success=0.000]
offline:  50%|█████     | 500013/1000000 [2:05:43<1301:40:12,  9.37s/it, eval_success=0.000]
offline:  50%|█████     | 500023/1000000 [2:05:43<879:54:46,  6.34s/it, eval_success=0.000] 
offline:  50%|█████     | 500032/1000000 [2:05:44<621:25:52,  4.47s/it, eval_success=0.000]
offline:  50%|█████     | 500041/1000000 [2:05:44<438:01:10,  3.15s/it, eval_success=0.000]
offline:  50%|█████     | 500050/1000000 [2:05:44<308:19:13,  2.22s/it, eval_success=0.000]
offline:  50%|█████     | 500059/1000000 [2:05:44<217:05:59,  1.56s/it, eval_success=0.000]
offline:  50%|█████     | 500068/1000000 [2:05:44<152:45:34,  1.10s/it, eval_success=0.000]
--- last progress lines ---
offline:  50%|█████     | 502260/1000000 [2:06:13<1:43:48, 79.91it/s, eval_success=0.000]
offline:  50%|█████     | 502269/1000000 [2:06:13<1:40:36, 82.45it/s, eval_success=0.000]
offline:  50%|█████     | 502278/1000000 [2:06:13<1:49:12, 75.96it/s, eval_success=0.000]
