wandb: Using wandb-core as the SDK backend.  Please refer to https://wandb.me/wandb-core for more information.
wandb: Currently logged in as: tjrcjf410 (sjun0803-seoul-national-university) to https://api.wandb.ai. Use `wandb login --relogin` to force relogin
wandb: Tracking run with wandb version 0.19.9
wandb: Run data is saved locally in /tmp/tmpraylp_kx/wandb/run-20260819_075621-0ketmu2r
wandb: Run `wandb offline` to turn off syncing.
wandb: Syncing run antmaze-giant-navigate-singletask-task3-v0_sd000_rebrac_nstep-h1_20260819_075621
wandb: ⭐️ View project at https://wandb.ai/tjrcjf410-seoul-national-university/ant2
wandb: 🚀 View run at https://wandb.ai/tjrcjf410-seoul-national-university/ant2/runs/0ketmu2r
wandb: WARNING Symlinked 8 files into the W&B run directory, call wandb.save again to sync new files.
I0819 07:56:22.746642 123626629936960 acceleratesupport.py:24] No OpenGL_accelerate module loaded: No module named 'OpenGL_accelerate'
offline:   0%|          | 1/1000000 [00:39<10950:20:59, 39.42s/it]
offline:   0%|          | 2/1000000 [00:39<4555:26:08, 16.40s/it] 
  2%|▏         | 1/50 [00:08<07:19,  8.97s/it][A
  4%|▍         | 2/50 [00:17<06:54,  8.63s/it][A
  6%|▌         | 3/50 [00:25<06:39,  8.50s/it][A
  8%|▊         | 4/50 [00:34<06:28,  8.45s/it][A
 10%|█         | 5/50 [00:42<06:20,  8.45s/it][A
 12%|█▏        | 6/50 [00:50<06:09,  8.40s/it][A
 14%|█▍        | 7/50 [00:59<06:01,  8.41s/it][A
 16%|█▌        | 8/50 [01:07<05:53,  8.41s/it][A
 18%|█▊        | 9/50 [01:16<05:44,  8.40s/it][A
 20%|██        | 10/50 [01:24<05:36,  8.42s/it][A
 22%|██▏       | 11/50 [01:32<05:27,  8.41s/it][A
 24%|██▍       | 12/50 [01:41<05:20,  8.42s/it][A
 26%|██▌       | 13/50 [01:49<05:11,  8.41s/it][A
 28%|██▊       | 14/50 [01:58<05:01,  8.38s/it][A
 30%|███       | 15/50 [02:06<04:53,  8.37s/it][A
 32%|███▏      | 16/50 [02:14<04:44,  8.38s/it][A
 34%|███▍      | 17/50 [02:23<04:36,  8.37s/it][A
 36%|███▌      | 18/50 [02:31<04:28,  8.39s/it][A
 38%|███▊      | 19/50 [02:39<04:20,  8.40s/it][A
 40%|████      | 20/50 [02:48<04:11,  8.40s/it][A
 42%|████▏     | 21/50 [02:56<04:03,  8.40s/it][A
 44%|████▍     | 22/50 [03:05<03:56,  8.45s/it][A
 46%|████▌     | 23/50 [03:13<03:48,  8.46s/it][A
 48%|████▊     | 24/50 [03:22<03:39,  8.43s/it][A
 50%|█████     | 25/50 [03:30<03:30,  8.43s/it][A
 52%|█████▏    | 26/50 [03:39<03:22,  8.44s/it][A
 54%|█████▍    | 27/50 [03:47<03:14,  8.44s/it][A
 56%|█████▌    | 28/50 [03:55<03:05,  8.43s/it][A
 58%|█████▊    | 29/50 [04:04<02:56,  8.42s/it][A
 60%|██████    | 30/50 [04:12<02:48,  8.44s/it][A
 62%|██████▏   | 31/50 [04:21<02:40,  8.45s/it][A
 64%|██████▍   | 32/50 [04:29<02:31,  8.43s/it][A
 66%|██████▌   | 33/50 [04:38<02:23,  8.43s/it][A
 68%|██████▊   | 34/50 [04:46<02:14,  8.43s/it][A
 70%|███████   | 35/50 [04:55<02:06,  8.45s/it][A
 72%|███████▏  | 36/50 [05:03<01:58,  8.48s/it][A
 74%|███████▍  | 37/50 [05:12<01:50,  8.47s/it][A
 76%|███████▌  | 38/50 [05:20<01:41,  8.47s/it][A
 78%|███████▊  | 39/50 [05:27<01:28,  8.09s/it][A
 80%|████████  | 40/50 [05:33<01:14,  7.43s/it][A
 82%|████████▏ | 41/50 [05:38<01:00,  6.69s/it][A
 84%|████████▍ | 42/50 [05:43<00:49,  6.15s/it][A
 86%|████████▌ | 43/50 [05:48<00:40,  5.79s/it][A
 88%|████████▊ | 44/50 [05:53<00:33,  5.56s/it][A
 90%|█████████ | 45/50 [05:58<00:26,  5.37s/it][A
 92%|█████████▏| 46/50 [06:02<00:20,  5.01s/it][A
 94%|█████████▍| 47/50 [06:06<00:14,  4.68s/it][A
 96%|█████████▌| 48/50 [06:10<00:08,  4.34s/it][A
 98%|█████████▊| 49/50 [06:13<00:04,  4.14s/it][A
100%|██████████| 50/50 [06:17<00:00,  4.01s/it][A
100%|██████████| 50/50 [06:17<00:00,  7.55s/it]
offline:  10%|█         | 100000/1000000 [16:53<1848:19:39,  7.39s/it, eval_success=0.000]
offline:  10%|█         | 100042/1000000 [16:53<850:17:58,  3.40s/it, eval_success=0.000] 
offline:  10%|█         | 100081/1000000 [16:53<495:38:01,  1.98s/it, eval_success=0.000]
offline:  10%|█         | 100121/1000000 [16:53<307:46:04,  1.23s/it, eval_success=0.000]
  2%|▏         | 1/50 [00:07<05:53,  7.22s/it][A
  4%|▍         | 2/50 [00:15<06:19,  7.90s/it][A
  6%|▌         | 3/50 [00:23<06:21,  8.12s/it][A
  8%|▊         | 4/50 [00:32<06:20,  8.27s/it][A
 10%|█         | 5/50 [00:40<06:14,  8.32s/it][A
 12%|█▏        | 6/50 [00:49<06:07,  8.36s/it][A
 14%|█▍        | 7/50 [00:57<06:01,  8.41s/it][A
 16%|█▌        | 8/50 [01:06<05:55,  8.45s/it][A
 18%|█▊        | 9/50 [01:14<05:47,  8.48s/it][A
 20%|██        | 10/50 [01:23<05:39,  8.48s/it][A
 22%|██▏       | 11/50 [01:32<05:32,  8.54s/it][A
 24%|██▍       | 12/50 [01:40<05:25,  8.58s/it][A
 26%|██▌       | 13/50 [01:49<05:16,  8.54s/it][A
 28%|██▊       | 14/50 [01:57<05:06,  8.51s/it][A
 30%|███       | 15/50 [02:06<04:57,  8.49s/it][A
 32%|███▏      | 16/50 [02:14<04:48,  8.47s/it][A
 34%|███▍      | 17/50 [02:23<04:40,  8.50s/it][A
 36%|███▌      | 18/50 [02:31<04:32,  8.52s/it][A
 38%|███▊      | 19/50 [02:40<04:25,  8.58s/it][A
 40%|████      | 20/50 [02:49<04:18,  8.63s/it][A
 42%|████▏     | 21/50 [02:57<04:09,  8.61s/it][A
 44%|████▍     | 22/50 [03:06<04:00,  8.59s/it][A
 46%|████▌     | 23/50 [03:14<03:51,  8.58s/it][A
 48%|████▊     | 24/50 [03:23<03:42,  8.56s/it][A
 50%|█████     | 25/50 [03:31<03:34,  8.59s/it][A
 52%|█████▏    | 26/50 [03:40<03:26,  8.62s/it][A
 54%|█████▍    | 27/50 [03:49<03:17,  8.57s/it][A
 56%|█████▌    | 28/50 [03:57<03:07,  8.53s/it][A
 58%|█████▊    | 29/50 [04:05<02:58,  8.50s/it][A
 60%|██████    | 30/50 [04:14<02:49,  8.48s/it][A
 62%|██████▏   | 31/50 [04:22<02:41,  8.48s/it][A
 64%|██████▍   | 32/50 [04:31<02:32,  8.47s/it][A
 66%|██████▌   | 33/50 [04:39<02:23,  8.47s/it][A
 68%|██████▊   | 34/50 [04:48<02:15,  8.47s/it][A
 70%|███████   | 35/50 [04:56<02:07,  8.47s/it][A
 72%|███████▏  | 36/50 [05:05<01:58,  8.49s/it][A
 74%|███████▍  | 37/50 [05:13<01:50,  8.48s/it][A
 76%|███████▌  | 38/50 [05:22<01:41,  8.45s/it][A
 78%|███████▊  | 39/50 [05:30<01:32,  8.43s/it][A
 80%|████████  | 40/50 [05:38<01:24,  8.41s/it][A
 82%|████████▏ | 41/50 [05:47<01:15,  8.43s/it][A
 84%|████████▍ | 42/50 [05:55<01:07,  8.43s/it][A
 86%|████████▌ | 43/50 [06:04<00:59,  8.44s/it][A
 88%|████████▊ | 44/50 [06:12<00:50,  8.46s/it][A
 90%|█████████ | 45/50 [06:21<00:42,  8.46s/it][A
 92%|█████████▏| 46/50 [06:29<00:33,  8.46s/it][A
 94%|█████████▍| 47/50 [06:38<00:25,  8.47s/it][A
 96%|█████████▌| 48/50 [06:46<00:16,  8.47s/it][A
 98%|█████████▊| 49/50 [06:55<00:08,  8.46s/it][A
100%|██████████| 50/50 [07:03<00:00,  8.45s/it][A
100%|██████████| 50/50 [07:03<00:00,  8.47s/it]
offline:  20%|██        | 200000/1000000 [29:53<1496:19:16,  6.73s/it, eval_success=0.000]
offline:  20%|██        | 200017/1000000 [29:53<1080:10:52,  4.86s/it, eval_success=0.000]
offline:  20%|██        | 200036/1000000 [29:53<748:14:16,  3.37s/it, eval_success=0.000] 
offline:  20%|██        | 200057/1000000 [29:53<503:55:36,  2.27s/it, eval_success=0.000]
offline:  20%|██        | 200076/1000000 [29:53<354:40:50,  1.60s/it, eval_success=0.000]
offline:  20%|██        | 200095/1000000 [29:54<249:22:14,  1.12s/it, eval_success=0.000]
  2%|▏         | 1/50 [00:03<02:56,  3.60s/it][A
  4%|▍         | 2/50 [00:07<02:59,  3.74s/it][A
  6%|▌         | 3/50 [00:10<02:48,  3.59s/it][A
  8%|▊         | 4/50 [00:14<02:44,  3.58s/it][A
 10%|█         | 5/50 [00:17<02:37,  3.51s/it][A
 12%|█▏        | 6/50 [00:21<02:35,  3.53s/it][A
 14%|█▍        | 7/50 [00:24<02:32,  3.54s/it][A
 16%|█▌        | 8/50 [00:28<02:29,  3.57s/it][A
 18%|█▊        | 9/50 [00:31<02:23,  3.51s/it][A
 20%|██        | 10/50 [00:35<02:18,  3.46s/it][A
 22%|██▏       | 11/50 [00:38<02:16,  3.49s/it][A
 24%|██▍       | 12/50 [00:42<02:13,  3.51s/it][A
 26%|██▌       | 13/50 [00:44<01:57,  3.18s/it][A
 28%|██▊       | 14/50 [00:46<01:37,  2.70s/it][A
 30%|███       | 15/50 [00:48<01:23,  2.38s/it][A
 32%|███▏      | 16/50 [00:49<01:14,  2.19s/it][A
 34%|███▍      | 17/50 [00:51<01:09,  2.09s/it][A
 36%|███▌      | 18/50 [00:53<01:03,  1.98s/it][A
 38%|███▊      | 19/50 [00:55<00:59,  1.93s/it][A
 40%|████      | 20/50 [00:56<00:55,  1.85s/it][A
 42%|████▏     | 21/50 [00:58<00:51,  1.76s/it][A
 44%|████▍     | 22/50 [01:00<00:49,  1.76s/it][A
 46%|████▌     | 23/50 [01:01<00:47,  1.76s/it][A
 48%|████▊     | 24/50 [01:03<00:45,  1.75s/it][A
 50%|█████     | 25/50 [01:05<00:43,  1.76s/it][A
 52%|█████▏    | 26/50 [01:07<00:42,  1.76s/it][A
 54%|█████▍    | 27/50 [01:09<00:42,  1.83s/it][A
 56%|█████▌    | 28/50 [01:10<00:39,  1.81s/it][A
 58%|█████▊    | 29/50 [01:12<00:37,  1.79s/it][A
 60%|██████    | 30/50 [01:14<00:36,  1.81s/it][A
 62%|██████▏   | 31/50 [01:16<00:34,  1.82s/it][A
 64%|██████▍   | 32/50 [01:18<00:31,  1.75s/it][A
 66%|██████▌   | 33/50 [01:19<00:29,  1.72s/it][A
 68%|██████▊   | 34/50 [01:21<00:27,  1.70s/it][A
 70%|███████   | 35/50 [01:23<00:25,  1.72s/it][A
 72%|███████▏  | 36/50 [01:24<00:24,  1.73s/it][A
 74%|███████▍  | 37/50 [01:26<00:23,  1.78s/it][A
 76%|███████▌  | 38/50 [01:30<00:27,  2.31s/it][A
 78%|███████▊  | 39/50 [01:34<00:30,  2.79s/it][A
 80%|████████  | 40/50 [01:37<00:29,  2.97s/it][A
 82%|████████▏ | 41/50 [01:41<00:28,  3.17s/it][A
 84%|████████▍ | 42/50 [01:45<00:29,  3.64s/it][A
 86%|████████▌ | 43/50 [01:50<00:28,  4.03s/it][A
 88%|████████▊ | 44/50 [01:55<00:25,  4.29s/it][A
 90%|█████████ | 45/50 [02:01<00:24,  4.83s/it][A
 92%|█████████▏| 46/50 [02:08<00:21,  5.29s/it][A
 94%|█████████▍| 47/50 [02:14<00:16,  5.61s/it][A
 96%|█████████▌| 48/50 [02:20<00:11,  5.85s/it][A
 98%|█████████▊| 49/50 [02:27<00:06,  6.04s/it][A
100%|██████████| 50/50 [02:33<00:00,  6.17s/it][A
100%|██████████| 50/50 [02:33<00:00,  3.08s/it]
offline:  30%|███       | 300000/1000000 [41:40<253:26:40,  1.30s/it, eval_success=0.000]
offline:  30%|███       | 300021/1000000 [41:41<202:25:42,  1.04s/it, eval_success=0.000]
  2%|▏         | 1/50 [00:10<08:31, 10.44s/it][A
  4%|▍         | 2/50 [00:20<08:19, 10.41s/it][A
  6%|▌         | 3/50 [00:31<08:10, 10.44s/it][A
  8%|▊         | 4/50 [00:41<07:59, 10.43s/it][A
 10%|█         | 5/50 [00:52<07:49, 10.43s/it][A
 12%|█▏        | 6/50 [01:02<07:38, 10.42s/it][A
 14%|█▍        | 7/50 [01:12<07:27, 10.41s/it][A
 16%|█▌        | 8/50 [01:23<07:18, 10.43s/it][A
 18%|█▊        | 9/50 [01:33<07:07, 10.42s/it][A
 20%|██        | 10/50 [01:44<06:57, 10.44s/it][A
 22%|██▏       | 11/50 [01:54<06:48, 10.47s/it][A
 24%|██▍       | 12/50 [02:05<06:37, 10.46s/it][A
 26%|██▌       | 13/50 [02:15<06:26, 10.46s/it][A
 28%|██▊       | 14/50 [02:26<06:16, 10.45s/it][A
 30%|███       | 15/50 [02:36<06:06, 10.47s/it][A
 32%|███▏      | 16/50 [02:47<05:55, 10.44s/it][A
 34%|███▍      | 17/50 [02:57<05:44, 10.44s/it][A
 36%|███▌      | 18/50 [03:07<05:33, 10.43s/it][A
 38%|███▊      | 19/50 [03:18<05:23, 10.43s/it][A
 40%|████      | 20/50 [03:28<05:12, 10.42s/it][A
 42%|████▏     | 21/50 [03:39<05:02, 10.43s/it][A
 44%|████▍     | 22/50 [03:49<04:52, 10.44s/it][A
 46%|████▌     | 23/50 [04:00<04:41, 10.44s/it][A
 48%|████▊     | 24/50 [04:10<04:30, 10.42s/it][A
 50%|█████     | 25/50 [04:20<04:20, 10.42s/it][A
 52%|█████▏    | 26/50 [04:31<04:10, 10.42s/it][A
 54%|█████▍    | 27/50 [04:41<03:59, 10.39s/it][A
 56%|█████▌    | 28/50 [04:52<03:49, 10.42s/it][A
 58%|█████▊    | 29/50 [05:02<03:38, 10.41s/it][A
 60%|██████    | 30/50 [05:12<03:28, 10.41s/it][A
 62%|██████▏   | 31/50 [05:23<03:17, 10.41s/it][A
 64%|██████▍   | 32/50 [05:33<03:08, 10.49s/it][A
 66%|██████▌   | 33/50 [05:44<02:57, 10.44s/it][A
 68%|██████▊   | 34/50 [05:54<02:47, 10.45s/it][A
 70%|███████   | 35/50 [06:05<02:36, 10.44s/it][A
 72%|███████▏  | 36/50 [06:15<02:25, 10.42s/it][A
 74%|███████▍  | 37/50 [06:25<02:15, 10.42s/it][A
 76%|███████▌  | 38/50 [06:36<02:04, 10.40s/it][A
 78%|███████▊  | 39/50 [06:46<01:54, 10.39s/it][A
 80%|████████  | 40/50 [06:57<01:43, 10.39s/it][A
 82%|████████▏ | 41/50 [07:07<01:33, 10.40s/it][A
 84%|████████▍ | 42/50 [07:17<01:23, 10.42s/it][A
 86%|████████▌ | 43/50 [07:28<01:13, 10.44s/it][A
 88%|████████▊ | 44/50 [07:38<01:02, 10.45s/it][A
 90%|█████████ | 45/50 [07:49<00:52, 10.51s/it][A
 92%|█████████▏| 46/50 [08:00<00:42, 10.60s/it][A
 94%|█████████▍| 47/50 [08:11<00:32, 10.72s/it][A
 96%|█████████▌| 48/50 [08:22<00:21, 10.91s/it][A
 98%|█████████▊| 49/50 [08:35<00:11, 11.49s/it][A
100%|██████████| 50/50 [08:47<00:00, 11.64s/it][A
100%|██████████| 50/50 [08:47<00:00, 10.55s/it]
offline:  40%|████      | 400000/1000000 [1:01:14<1819:01:28, 10.91s/it, eval_success=0.000]
offline:  40%|████      | 400019/1000000 [1:01:14<1165:39:23,  6.99s/it, eval_success=0.000]
offline:  40%|████      | 400034/1000000 [1:01:14<829:47:31,  4.98s/it, eval_success=0.000] 
offline:  40%|████      | 400049/1000000 [1:01:15<588:07:17,  3.53s/it, eval_success=0.000]
offline:  40%|████      | 400066/1000000 [1:01:15<399:46:05,  2.40s/it, eval_success=0.000]
offline:  40%|████      | 400081/1000000 [1:01:15<285:00:56,  1.71s/it, eval_success=0.000]
offline:  40%|████      | 400095/1000000 [1:01:15<206:22:24,  1.24s/it, eval_success=0.000]
  2%|▏         | 1/50 [00:08<06:58,  8.54s/it][A
  4%|▍         | 2/50 [00:17<06:49,  8.52s/it][A
  6%|▌         | 3/50 [00:25<06:40,  8.51s/it][A
  8%|▊         | 4/50 [00:33<06:29,  8.48s/it][A
 10%|█         | 5/50 [00:42<06:22,  8.49s/it][A
 12%|█▏        | 6/50 [00:50<06:12,  8.47s/it][A
 14%|█▍        | 7/50 [00:59<06:04,  8.48s/it][A
 16%|█▌        | 8/50 [01:07<05:55,  8.47s/it][A
 18%|█▊        | 9/50 [01:16<05:47,  8.47s/it][A
 20%|██        | 10/50 [01:24<05:39,  8.49s/it][A
 22%|██▏       | 11/50 [01:33<05:30,  8.48s/it][A
 24%|██▍       | 12/50 [01:41<05:22,  8.48s/it][A
 26%|██▌       | 13/50 [01:50<05:13,  8.49s/it][A
 28%|██▊       | 14/50 [01:58<05:05,  8.48s/it][A
 30%|███       | 15/50 [02:07<04:56,  8.46s/it][A
 32%|███▏      | 16/50 [02:15<04:47,  8.46s/it][A
 34%|███▍      | 17/50 [02:24<04:38,  8.45s/it][A
 36%|███▌      | 18/50 [02:32<04:31,  8.47s/it][A
 38%|███▊      | 19/50 [02:41<04:22,  8.48s/it][A
 40%|████      | 20/50 [02:50<04:21,  8.73s/it][A
 42%|████▏     | 21/50 [03:00<04:28,  9.26s/it][A
 44%|████▍     | 22/50 [03:11<04:29,  9.63s/it][A
 46%|████▌     | 23/50 [03:21<04:26,  9.87s/it][A
 48%|████▊     | 24/50 [03:32<04:20, 10.03s/it][A
 50%|█████     | 25/50 [03:42<04:14, 10.16s/it][A
 52%|█████▏    | 26/50 [03:52<04:03, 10.13s/it][A
 54%|█████▍    | 27/50 [04:01<03:40,  9.60s/it][A
 56%|█████▌    | 28/50 [04:09<03:23,  9.25s/it][A
 58%|█████▊    | 29/50 [04:17<03:08,  8.98s/it][A
 60%|██████    | 30/50 [04:26<02:55,  8.75s/it][A
 62%|██████▏   | 31/50 [04:34<02:43,  8.62s/it][A
 64%|██████▍   | 32/50 [04:42<02:33,  8.53s/it][A
 66%|██████▌   | 33/50 [04:51<02:23,  8.46s/it][A
 68%|██████▊   | 34/50 [04:59<02:14,  8.38s/it][A
 70%|███████   | 35/50 [05:07<02:04,  8.32s/it][A
 72%|███████▏  | 36/50 [05:15<01:56,  8.30s/it][A
 74%|███████▍  | 37/50 [05:23<01:47,  8.26s/it][A
 76%|███████▌  | 38/50 [05:32<01:38,  8.25s/it][A
 78%|███████▊  | 39/50 [05:40<01:31,  8.29s/it][A
 80%|████████  | 40/50 [05:48<01:23,  8.32s/it][A
 82%|████████▏ | 41/50 [05:56<01:13,  8.17s/it][A
 84%|████████▍ | 42/50 [06:04<01:04,  8.09s/it][A
 86%|████████▌ | 43/50 [06:12<00:57,  8.17s/it][A
 88%|████████▊ | 44/50 [06:21<00:49,  8.33s/it][A
 90%|█████████ | 45/50 [06:30<00:42,  8.48s/it][A
 92%|█████████▏| 46/50 [06:39<00:34,  8.54s/it][A
 94%|█████████▍| 47/50 [06:47<00:25,  8.56s/it][A
 96%|█████████▌| 48/50 [06:56<00:17,  8.58s/it][A
 98%|█████████▊| 49/50 [07:04<00:08,  8.53s/it][A
100%|██████████| 50/50 [07:13<00:00,  8.53s/it][A
100%|██████████| 50/50 [07:13<00:00,  8.67s/it]
offline:  50%|█████     | 500000/1000000 [1:16:29<1189:22:03,  8.56s/it, eval_success=0.000]
offline:  50%|█████     | 500021/1000000 [1:16:29<747:16:10,  5.38s/it, eval_success=0.000] 
offline:  50%|█████     | 500039/1000000 [1:16:29<513:40:42,  3.70s/it, eval_success=0.000]
offline:  50%|█████     | 500056/1000000 [1:16:29<361:27:21,  2.60s/it, eval_success=0.000]
offline:  50%|█████     | 500073/1000000 [1:16:29<254:05:51,  1.83s/it, eval_success=0.000]
offline:  50%|█████     | 500089/1000000 [1:16:29<181:44:42,  1.31s/it, eval_success=0.000]
  2%|▏         | 1/50 [00:10<08:28, 10.38s/it][A
  4%|▍         | 2/50 [00:20<08:16, 10.35s/it][A
  6%|▌         | 3/50 [00:31<08:06, 10.36s/it][A
  8%|▊         | 4/50 [00:41<07:48, 10.19s/it][A
 10%|█         | 5/50 [00:49<07:11,  9.58s/it][A
 12%|█▏        | 6/50 [00:58<06:45,  9.23s/it][A
 14%|█▍        | 7/50 [01:06<06:26,  8.99s/it][A
 16%|█▌        | 8/50 [01:14<06:10,  8.81s/it][A
 18%|█▊        | 9/50 [01:23<05:57,  8.72s/it][A
 20%|██        | 10/50 [01:31<05:45,  8.64s/it][A
 22%|██▏       | 11/50 [01:40<05:32,  8.53s/it][A
 24%|██▍       | 12/50 [01:46<05:01,  7.95s/it][A
 26%|██▌       | 13/50 [01:53<04:35,  7.45s/it][A
 28%|██▊       | 14/50 [01:58<04:01,  6.71s/it][A
 30%|███       | 15/50 [02:03<03:37,  6.21s/it][A
 32%|███▏      | 16/50 [02:08<03:19,  5.86s/it][A
 34%|███▍      | 17/50 [02:13<03:05,  5.63s/it][A
 36%|███▌      | 18/50 [02:18<02:53,  5.43s/it][A
 38%|███▊      | 19/50 [02:23<02:45,  5.33s/it][A
 40%|████      | 20/50 [02:28<02:36,  5.23s/it][A
 42%|████▏     | 21/50 [02:33<02:29,  5.17s/it][A
 44%|████▍     | 22/50 [02:38<02:24,  5.16s/it][A
 46%|████▌     | 23/50 [02:43<02:18,  5.13s/it][A
 48%|████▊     | 24/50 [02:48<02:12,  5.09s/it][A
 50%|█████     | 25/50 [02:53<02:06,  5.07s/it][A
 52%|█████▏    | 26/50 [02:58<02:01,  5.06s/it][A
 54%|█████▍    | 27/50 [03:03<01:56,  5.05s/it][A
 56%|█████▌    | 28/50 [03:08<01:50,  5.04s/it][A
 58%|█████▊    | 29/50 [03:13<01:45,  5.02s/it][A
 60%|██████    | 30/50 [03:18<01:39,  5.00s/it][A
 62%|██████▏   | 31/50 [03:23<01:34,  5.00s/it][A
 64%|██████▍   | 32/50 [03:28<01:29,  5.00s/it][A
 66%|██████▌   | 33/50 [03:33<01:25,  5.00s/it][A
 68%|██████▊   | 34/50 [03:38<01:18,  4.91s/it][A
 70%|███████   | 35/50 [03:42<01:08,  4.57s/it][A
 72%|███████▏  | 36/50 [03:46<01:01,  4.37s/it][A
 74%|███████▍  | 37/50 [03:49<00:54,  4.19s/it][A
 76%|███████▌  | 38/50 [03:53<00:48,  4.02s/it][A
 78%|███████▊  | 39/50 [03:57<00:43,  3.93s/it][A
 80%|████████  | 40/50 [04:00<00:38,  3.89s/it][A
 82%|████████▏ | 41/50 [04:04<00:34,  3.87s/it][A
 84%|████████▍ | 42/50 [04:08<00:30,  3.86s/it][A
 86%|████████▌ | 43/50 [04:12<00:27,  3.98s/it][A
 88%|████████▊ | 44/50 [04:16<00:23,  3.97s/it][A
 90%|█████████ | 45/50 [04:20<00:19,  3.89s/it][A
 92%|█████████▏| 46/50 [04:24<00:15,  3.91s/it][A
 94%|█████████▍| 47/50 [04:28<00:11,  3.95s/it][A
 96%|█████████▌| 48/50 [04:32<00:07,  3.81s/it][A
 98%|█████████▊| 49/50 [04:35<00:03,  3.82s/it][A
100%|██████████| 50/50 [04:39<00:00,  3.80s/it][A
100%|██████████| 50/50 [04:39<00:00,  5.59s/it]
offline:  60%|██████    | 600000/1000000 [1:33:32<801:25:43,  7.21s/it, eval_success=0.000]
offline:  60%|██████    | 600039/1000000 [1:33:32<329:17:52,  2.96s/it, eval_success=0.000]
offline:  60%|██████    | 600078/1000000 [1:33:32<178:54:03,  1.61s/it, eval_success=0.000]
  2%|▏         | 1/50 [00:08<06:50,  8.38s/it][A
  4%|▍         | 2/50 [00:16<06:43,  8.40s/it][A
  6%|▌         | 3/50 [00:25<06:34,  8.40s/it][A
  8%|▊         | 4/50 [00:33<06:26,  8.41s/it][A
 10%|█         | 5/50 [00:42<06:19,  8.43s/it][A
 12%|█▏        | 6/50 [00:50<06:11,  8.44s/it][A
 14%|█▍        | 7/50 [00:58<06:02,  8.42s/it][A
 16%|█▌        | 8/50 [01:07<05:53,  8.42s/it][A
 18%|█▊        | 9/50 [01:15<05:45,  8.43s/it][A
 20%|██        | 10/50 [01:24<05:37,  8.44s/it][A
 22%|██▏       | 11/50 [01:32<05:28,  8.42s/it][A
 24%|██▍       | 12/50 [01:41<05:19,  8.41s/it][A
 26%|██▌       | 13/50 [01:49<05:10,  8.40s/it][A
 28%|██▊       | 14/50 [01:57<05:03,  8.42s/it][A
 30%|███       | 15/50 [02:06<04:55,  8.45s/it][A
 32%|███▏      | 16/50 [02:16<05:07,  9.05s/it][A
 34%|███▍      | 17/50 [02:27<05:11,  9.43s/it][A
 36%|███▌      | 18/50 [02:37<05:11,  9.73s/it][A
 38%|███▊      | 19/50 [02:47<05:06,  9.90s/it][A
 40%|████      | 20/50 [02:58<05:01, 10.06s/it][A
 42%|████▏     | 21/50 [03:08<04:54, 10.17s/it][A
 44%|████▍     | 22/50 [03:19<04:46, 10.24s/it][A
 46%|████▌     | 23/50 [03:29<04:37, 10.30s/it][A
 48%|████▊     | 24/50 [03:40<04:29, 10.35s/it][A
 50%|█████     | 25/50 [03:50<04:20, 10.40s/it][A
 52%|█████▏    | 26/50 [04:00<04:10, 10.42s/it][A
 54%|█████▍    | 27/50 [04:11<04:00, 10.45s/it][A
 56%|█████▌    | 28/50 [04:21<03:50, 10.45s/it][A
 58%|█████▊    | 29/50 [04:32<03:39, 10.47s/it][A
 60%|██████    | 30/50 [04:42<03:28, 10.45s/it][A
--- last progress lines ---
offline:  70%|██████▉   | 699983/1000000 [1:42:37<30:52, 161.91it/s, eval_success=0.000]
  0%|          | 0/50 [00:00<?, ?it/s][A
offline:  70%|██████▉   | 699983/1000000 [1:42:50<30:52, 161.91it/s, eval_success=0.000]
