wandb: Using wandb-core as the SDK backend.  Please refer to https://wandb.me/wandb-core for more information.
wandb: Currently logged in as: tjrcjf410 (sjun0803-seoul-national-university) to https://api.wandb.ai. Use `wandb login --relogin` to force relogin
wandb: creating run
wandb: Tracking run with wandb version 0.19.9
wandb: Run data is saved locally in /tmp/tmpvjxvffxc/wandb/run-20260819_091122-s44gx0yf
wandb: Run `wandb offline` to turn off syncing.
wandb: Syncing run antmaze-giant-navigate-singletask-task3-v0_sd000_mani_stdfp_chunk-h1_20260819_091122
wandb: ⭐️ View project at https://wandb.ai/tjrcjf410-seoul-national-university/ant2
wandb: 🚀 View run at https://wandb.ai/tjrcjf410-seoul-national-university/ant2/runs/s44gx0yf
wandb: WARNING Symlinked 8 files into the W&B run directory, call wandb.save again to sync new files.
I0819 09:11:24.152933 124469282715456 acceleratesupport.py:24] No OpenGL_accelerate module loaded: No module named 'OpenGL_accelerate'
offline:   0%|          | 1/1000000 [01:25<23764:42:59, 85.55s/it]
offline:   0%|          | 2/1000000 [01:45<13037:26:40, 46.93s/it]
offline:   0%|          | 3/1000000 [02:06<9724:46:04, 35.01s/it] 
offline:   0%|          | 16/1000000 [02:06<1027:56:00,  3.70s/it]
offline:   0%|          | 28/1000000 [02:06<474:16:29,  1.71s/it] 
offline:   0%|          | 37/1000000 [02:06<301:30:07,  1.09s/it]
  2%|▏         | 1/50 [00:09<07:29,  9.17s/it][A
  4%|▍         | 2/50 [00:17<06:57,  8.70s/it][A
  6%|▌         | 3/50 [00:26<06:44,  8.60s/it][A
  8%|▊         | 4/50 [00:34<06:30,  8.48s/it][A
 10%|█         | 5/50 [00:42<06:20,  8.45s/it][A
 12%|█▏        | 6/50 [00:51<06:10,  8.43s/it][A
 14%|█▍        | 7/50 [00:59<06:02,  8.44s/it][A
 16%|█▌        | 8/50 [01:08<05:54,  8.45s/it][A
 18%|█▊        | 9/50 [01:16<05:46,  8.45s/it][A
 20%|██        | 10/50 [01:24<05:36,  8.42s/it][A
 22%|██▏       | 11/50 [01:34<05:47,  8.91s/it][A
 24%|██▍       | 12/50 [01:45<05:53,  9.30s/it][A
 26%|██▌       | 13/50 [01:55<05:55,  9.61s/it][A
 28%|██▊       | 14/50 [02:05<05:52,  9.81s/it][A
 30%|███       | 15/50 [02:15<05:48,  9.96s/it][A
 32%|███▏      | 16/50 [02:26<05:42, 10.08s/it][A
 34%|███▍      | 17/50 [02:36<05:33, 10.10s/it][A
 36%|███▌      | 18/50 [02:46<05:25, 10.16s/it][A
 38%|███▊      | 19/50 [02:57<05:16, 10.20s/it][A
 40%|████      | 20/50 [03:07<05:07, 10.24s/it][A
 42%|████▏     | 21/50 [03:17<04:57, 10.26s/it][A
 44%|████▍     | 22/50 [03:28<04:47, 10.27s/it][A
 46%|████▌     | 23/50 [03:38<04:37, 10.30s/it][A
 48%|████▊     | 24/50 [03:48<04:28, 10.33s/it][A
 50%|█████     | 25/50 [03:59<04:18, 10.34s/it][A
 52%|█████▏    | 26/50 [04:09<04:08, 10.35s/it][A
 54%|█████▍    | 27/50 [04:19<03:57, 10.33s/it][A
 56%|█████▌    | 28/50 [04:30<03:47, 10.33s/it][A
 58%|█████▊    | 29/50 [04:40<03:37, 10.34s/it][A
 60%|██████    | 30/50 [04:50<03:26, 10.32s/it][A
 62%|██████▏   | 31/50 [05:01<03:16, 10.33s/it][A
 64%|██████▍   | 32/50 [05:11<03:06, 10.35s/it][A
 66%|██████▌   | 33/50 [05:21<02:55, 10.33s/it][A
 68%|██████▊   | 34/50 [05:32<02:45, 10.35s/it][A
 70%|███████   | 35/50 [05:42<02:34, 10.33s/it][A
 72%|███████▏  | 36/50 [05:50<02:16,  9.76s/it][A
 74%|███████▍  | 37/50 [05:59<02:01,  9.36s/it][A
 76%|███████▌  | 38/50 [06:07<01:48,  9.08s/it][A
 78%|███████▊  | 39/50 [06:16<01:37,  8.88s/it][A
 80%|████████  | 40/50 [06:24<01:27,  8.75s/it][A
 82%|████████▏ | 41/50 [06:33<01:17,  8.67s/it][A
 84%|████████▍ | 42/50 [06:41<01:08,  8.59s/it][A
 86%|████████▌ | 43/50 [06:49<00:59,  8.54s/it][A
 88%|████████▊ | 44/50 [06:58<00:51,  8.51s/it][A
 90%|█████████ | 45/50 [07:06<00:42,  8.49s/it][A
 92%|█████████▏| 46/50 [07:15<00:33,  8.46s/it][A
 94%|█████████▍| 47/50 [07:23<00:25,  8.44s/it][A
 96%|█████████▌| 48/50 [07:31<00:16,  8.42s/it][A
 98%|█████████▊| 49/50 [07:40<00:08,  8.44s/it][A
100%|██████████| 50/50 [07:48<00:00,  8.45s/it][A
100%|██████████| 50/50 [07:48<00:00,  9.38s/it]
offline:  10%|█         | 100000/1000000 [29:41<4395:28:16, 17.58s/it, eval_success=0.000]
offline:  10%|█         | 100013/1000000 [29:41<2593:10:58, 10.37s/it, eval_success=0.000]
offline:  10%|█         | 100023/1000000 [29:41<1788:11:41,  7.15s/it, eval_success=0.000]
offline:  10%|█         | 100032/1000000 [29:42<1278:59:56,  5.12s/it, eval_success=0.000]
offline:  10%|█         | 100041/1000000 [29:42<909:24:28,  3.64s/it, eval_success=0.000] 
offline:  10%|█         | 100049/1000000 [29:42<665:57:51,  2.66s/it, eval_success=0.000]
offline:  10%|█         | 100059/1000000 [29:42<450:44:04,  1.80s/it, eval_success=0.000]
offline:  10%|█         | 100068/1000000 [29:42<319:23:29,  1.28s/it, eval_success=0.000]
--- last progress lines ---
offline:  18%|█▊        | 181098/1000000 [47:50<3:18:18, 68.83it/s, eval_success=0.000]
offline:  18%|█▊        | 181105/1000000 [47:50<3:36:57, 62.91it/s, eval_success=0.000]
offline:  18%|█▊        | 181114/1000000 [47:50<3:26:48, 66.00it/s, eval_success=0.000]
