wandb: Using wandb-core as the SDK backend.  Please refer to https://wandb.me/wandb-core for more information.
wandb: Currently logged in as: tjrcjf410 (sjun0803-seoul-national-university) to https://api.wandb.ai. Use `wandb login --relogin` to force relogin
wandb: Tracking run with wandb version 0.19.9
wandb: Run data is saved locally in /tmp/tmp8vpubxed/wandb/run-20260819_095936-cmzhefkj
wandb: Run `wandb offline` to turn off syncing.
wandb: Syncing run antmaze-giant-navigate-singletask-task3-v0_sd001_mani_stdfp_chunk-h1_20260819_095935
wandb: ⭐️ View project at https://wandb.ai/tjrcjf410-seoul-national-university/ant2
wandb: 🚀 View run at https://wandb.ai/tjrcjf410-seoul-national-university/ant2/runs/cmzhefkj
wandb: WARNING Symlinked 8 files into the W&B run directory, call wandb.save again to sync new files.
I0819 09:59:37.579735 139320935532352 acceleratesupport.py:24] No OpenGL_accelerate module loaded: No module named 'OpenGL_accelerate'
offline:   0%|          | 1/1000000 [01:36<26767:56:34, 96.36s/it]
offline:   0%|          | 2/1000000 [01:57<14533:20:40, 52.32s/it]
offline:   0%|          | 3/1000000 [02:19<10595:50:38, 38.15s/it]
offline:   0%|          | 19/1000000 [02:19<928:08:06,  3.34s/it] 
offline:   0%|          | 34/1000000 [02:19<419:33:20,  1.51s/it]
  2%|▏         | 1/50 [00:07<06:03,  7.43s/it][A
  4%|▍         | 2/50 [00:14<05:36,  7.01s/it][A
  6%|▌         | 3/50 [00:20<05:23,  6.89s/it][A
  8%|▊         | 4/50 [00:27<05:13,  6.81s/it][A
 10%|█         | 5/50 [00:34<05:04,  6.77s/it][A
 12%|█▏        | 6/50 [00:40<04:56,  6.75s/it][A
 14%|█▍        | 7/50 [00:47<04:50,  6.75s/it][A
 16%|█▌        | 8/50 [00:54<04:42,  6.74s/it][A
 18%|█▊        | 9/50 [01:01<04:36,  6.74s/it][A
 20%|██        | 10/50 [01:07<04:29,  6.74s/it][A
 22%|██▏       | 11/50 [01:14<04:22,  6.72s/it][A
 24%|██▍       | 12/50 [01:21<04:14,  6.70s/it][A
 26%|██▌       | 13/50 [01:27<04:07,  6.69s/it][A
 28%|██▊       | 14/50 [01:34<04:00,  6.69s/it][A
 30%|███       | 15/50 [01:41<03:54,  6.70s/it][A
 32%|███▏      | 16/50 [01:48<03:48,  6.71s/it][A
 34%|███▍      | 17/50 [01:54<03:41,  6.72s/it][A
 36%|███▌      | 18/50 [02:01<03:35,  6.72s/it][A
 38%|███▊      | 19/50 [02:08<03:27,  6.71s/it][A
 40%|████      | 20/50 [02:14<03:20,  6.69s/it][A
 42%|████▏     | 21/50 [02:21<03:14,  6.70s/it][A
 44%|████▍     | 22/50 [02:28<03:07,  6.69s/it][A
 46%|████▌     | 23/50 [02:35<03:01,  6.71s/it][A
 48%|████▊     | 24/50 [02:41<02:48,  6.49s/it][A
 50%|█████     | 25/50 [02:46<02:31,  6.07s/it][A
 52%|█████▏    | 26/50 [02:51<02:19,  5.80s/it][A
 54%|█████▍    | 27/50 [02:56<02:08,  5.60s/it][A
 56%|█████▌    | 28/50 [03:01<01:59,  5.45s/it][A
 58%|█████▊    | 29/50 [03:06<01:52,  5.36s/it][A
 60%|██████    | 30/50 [03:11<01:45,  5.29s/it][A
 62%|██████▏   | 31/50 [03:16<01:39,  5.22s/it][A
 64%|██████▍   | 32/50 [03:21<01:33,  5.18s/it][A
 66%|██████▌   | 33/50 [03:27<01:28,  5.21s/it][A
 68%|██████▊   | 34/50 [03:33<01:30,  5.65s/it][A
 70%|███████   | 35/50 [03:41<01:32,  6.17s/it][A
 72%|███████▏  | 36/50 [03:49<01:36,  6.89s/it][A
 74%|███████▍  | 37/50 [03:58<01:35,  7.37s/it][A
 76%|███████▌  | 38/50 [04:06<01:32,  7.71s/it][A
 78%|███████▊  | 39/50 [04:15<01:27,  7.94s/it][A
 80%|████████  | 40/50 [04:23<01:21,  8.11s/it][A
 82%|████████▏ | 41/50 [04:32<01:14,  8.23s/it][A
 84%|████████▍ | 42/50 [04:40<01:06,  8.33s/it][A
 86%|████████▌ | 43/50 [04:49<00:58,  8.40s/it][A
 88%|████████▊ | 44/50 [04:57<00:50,  8.44s/it][A
 90%|█████████ | 45/50 [05:06<00:42,  8.47s/it][A
 92%|█████████▏| 46/50 [05:15<00:34,  8.51s/it][A
 94%|█████████▍| 47/50 [05:23<00:25,  8.58s/it][A
 96%|█████████▌| 48/50 [05:32<00:17,  8.66s/it][A
 98%|█████████▊| 49/50 [05:41<00:08,  8.80s/it][A
100%|██████████| 50/50 [05:50<00:00,  8.87s/it][A
100%|██████████| 50/50 [05:50<00:00,  7.02s/it]
offline:  10%|█         | 100000/1000000 [32:40<3219:12:02, 12.88s/it, eval_success=0.000]
offline:  10%|█         | 100015/1000000 [32:40<1803:39:26,  7.21s/it, eval_success=0.000]
offline:  10%|█         | 100025/1000000 [32:40<1272:06:11,  5.09s/it, eval_success=0.000]
offline:  10%|█         | 100035/1000000 [32:40<896:00:24,  3.58s/it, eval_success=0.000] 
offline:  10%|█         | 100044/1000000 [32:41<649:28:16,  2.60s/it, eval_success=0.000]
offline:  10%|█         | 100053/1000000 [32:41<466:39:19,  1.87s/it, eval_success=0.000]
offline:  10%|█         | 100061/1000000 [32:41<344:19:29,  1.38s/it, eval_success=0.000]
offline:  10%|█         | 100069/1000000 [32:41<251:21:30,  1.01s/it, eval_success=0.000]
  2%|▏         | 1/50 [00:08<07:05,  8.69s/it][A
  4%|▍         | 2/50 [00:17<06:56,  8.67s/it][A
  6%|▌         | 3/50 [00:26<06:47,  8.67s/it][A
  8%|▊         | 4/50 [00:34<06:37,  8.65s/it][A
 10%|█         | 5/50 [00:43<06:28,  8.63s/it][A
 12%|█▏        | 6/50 [00:51<06:21,  8.67s/it][A
 14%|█▍        | 7/50 [01:00<06:13,  8.69s/it][A
 16%|█▌        | 8/50 [01:09<06:05,  8.70s/it][A
 18%|█▊        | 9/50 [01:18<05:55,  8.68s/it][A
 20%|██        | 10/50 [01:26<05:47,  8.68s/it][A
 22%|██▏       | 11/50 [01:35<05:37,  8.66s/it][A
 24%|██▍       | 12/50 [01:44<05:29,  8.67s/it][A
 26%|██▌       | 13/50 [01:52<05:21,  8.68s/it][A
 28%|██▊       | 14/50 [02:01<05:13,  8.71s/it][A
 30%|███       | 15/50 [02:10<05:04,  8.70s/it][A
 32%|███▏      | 16/50 [02:18<04:55,  8.69s/it][A
 34%|███▍      | 17/50 [02:27<04:45,  8.66s/it][A
 36%|███▌      | 18/50 [02:36<04:37,  8.66s/it][A
 38%|███▊      | 19/50 [02:44<04:27,  8.64s/it][A
 40%|████      | 20/50 [02:55<04:35,  9.19s/it][A
 42%|████▏     | 21/50 [03:07<04:55, 10.21s/it][A
 44%|████▍     | 22/50 [03:20<05:05, 10.90s/it][A
 46%|████▌     | 23/50 [03:32<05:07, 11.38s/it][A
 48%|████▊     | 24/50 [03:45<05:04, 11.72s/it][A
 50%|█████     | 25/50 [03:57<04:56, 11.85s/it][A
 52%|█████▏    | 26/50 [04:08<04:35, 11.48s/it][A
 54%|█████▍    | 27/50 [04:18<04:18, 11.22s/it][A
 56%|█████▌    | 28/50 [04:29<04:03, 11.05s/it][A
 58%|█████▊    | 29/50 [04:39<03:49, 10.93s/it][A
 60%|██████    | 30/50 [04:49<03:31, 10.57s/it][A
 62%|██████▏   | 31/50 [04:58<03:10, 10.02s/it][A
 64%|██████▍   | 32/50 [05:07<02:53,  9.62s/it][A
 66%|██████▌   | 33/50 [05:15<02:39,  9.36s/it][A
 68%|██████▊   | 34/50 [05:24<02:26,  9.15s/it][A
 70%|███████   | 35/50 [05:33<02:14,  8.98s/it][A
 72%|███████▏  | 36/50 [05:42<02:05,  8.96s/it][A
 74%|███████▍  | 37/50 [05:50<01:55,  8.88s/it][A
 76%|███████▌  | 38/50 [05:59<01:45,  8.83s/it][A
 78%|███████▊  | 39/50 [06:08<01:36,  8.79s/it][A
 80%|████████  | 40/50 [06:16<01:25,  8.58s/it][A
 82%|████████▏ | 41/50 [06:23<01:12,  8.03s/it][A
 84%|████████▍ | 42/50 [06:29<01:01,  7.67s/it][A
 86%|████████▌ | 43/50 [06:36<00:51,  7.41s/it][A
 88%|████████▊ | 44/50 [06:43<00:43,  7.23s/it][A
 90%|█████████ | 45/50 [06:50<00:35,  7.10s/it][A
 92%|█████████▏| 46/50 [06:57<00:28,  7.00s/it][A
 94%|█████████▍| 47/50 [07:03<00:20,  6.93s/it][A
 96%|█████████▌| 48/50 [07:10<00:13,  6.89s/it][A
 98%|█████████▊| 49/50 [07:17<00:06,  6.86s/it][A
100%|██████████| 50/50 [07:24<00:00,  6.84s/it][A
100%|██████████| 50/50 [07:24<00:00,  8.88s/it]
offline:  20%|██        | 200000/1000000 [1:06:05<4048:14:44, 18.22s/it, eval_success=0.000]
offline:  20%|██        | 200015/1000000 [1:06:05<2156:47:35,  9.71s/it, eval_success=0.000]
offline:  20%|██        | 200025/1000000 [1:06:05<1493:17:20,  6.72s/it, eval_success=0.000]
offline:  20%|██        | 200036/1000000 [1:06:05<1006:59:38,  4.53s/it, eval_success=0.000]
offline:  20%|██        | 200046/1000000 [1:06:05<708:09:38,  3.19s/it, eval_success=0.000] 
offline:  20%|██        | 200055/1000000 [1:06:06<512:55:58,  2.31s/it, eval_success=0.000]
offline:  20%|██        | 200066/1000000 [1:06:06<346:32:29,  1.56s/it, eval_success=0.000]
offline:  20%|██        | 200076/1000000 [1:06:06<244:30:37,  1.10s/it, eval_success=0.000]
  2%|▏         | 1/50 [00:08<07:04,  8.66s/it][A
  4%|▍         | 2/50 [00:17<06:56,  8.67s/it][A
  6%|▌         | 3/50 [00:25<06:46,  8.65s/it][A
  8%|▊         | 4/50 [00:34<06:38,  8.66s/it][A
 10%|█         | 5/50 [00:44<06:52,  9.17s/it][A
 12%|█▏        | 6/50 [00:55<07:07,  9.71s/it][A
 14%|█▍        | 7/50 [01:08<07:37, 10.64s/it][A
 16%|█▌        | 8/50 [01:20<07:53, 11.27s/it][A
 18%|█▊        | 9/50 [01:33<07:58, 11.66s/it][A
 20%|██        | 10/50 [01:45<07:58, 11.95s/it][A
 22%|██▏       | 11/50 [01:58<07:53, 12.14s/it][A
 24%|██▍       | 12/50 [02:10<07:46, 12.27s/it][A
 26%|██▌       | 13/50 [02:23<07:37, 12.35s/it][A
 28%|██▊       | 14/50 [02:35<07:26, 12.40s/it][A
 30%|███       | 15/50 [02:48<07:14, 12.42s/it][A
 32%|███▏      | 16/50 [03:00<07:02, 12.43s/it][A
 34%|███▍      | 17/50 [03:13<06:51, 12.46s/it][A
 36%|███▌      | 18/50 [03:25<06:39, 12.49s/it][A
 38%|███▊      | 19/50 [03:38<06:27, 12.50s/it][A
 40%|████      | 20/50 [03:51<06:15, 12.53s/it][A
 42%|████▏     | 21/50 [04:03<06:03, 12.55s/it][A
 44%|████▍     | 22/50 [04:16<05:50, 12.53s/it][A
 46%|████▌     | 23/50 [04:28<05:37, 12.51s/it][A
 48%|████▊     | 24/50 [04:41<05:25, 12.52s/it][A
 50%|█████     | 25/50 [04:53<05:12, 12.52s/it][A
 52%|█████▏    | 26/50 [05:03<04:41, 11.75s/it][A
 54%|█████▍    | 27/50 [05:12<04:08, 10.79s/it][A
 56%|█████▌    | 28/50 [05:20<03:43, 10.17s/it][A
 58%|█████▊    | 29/50 [05:29<03:23,  9.71s/it][A
 60%|██████    | 30/50 [05:38<03:07,  9.40s/it][A
 62%|██████▏   | 31/50 [05:46<02:54,  9.16s/it][A
 64%|██████▍   | 32/50 [05:55<02:41,  8.99s/it][A
 66%|██████▌   | 33/50 [06:03<02:30,  8.87s/it][A
 68%|██████▊   | 34/50 [06:12<02:20,  8.81s/it][A
 70%|███████   | 35/50 [06:21<02:11,  8.74s/it][A
 72%|███████▏  | 36/50 [06:29<02:02,  8.72s/it][A
 74%|███████▍  | 37/50 [06:38<01:52,  8.69s/it][A
 76%|███████▌  | 38/50 [06:47<01:44,  8.69s/it][A
 78%|███████▊  | 39/50 [06:55<01:35,  8.66s/it][A
 80%|████████  | 40/50 [07:04<01:26,  8.64s/it][A
 82%|████████▏ | 41/50 [07:13<01:17,  8.64s/it][A
 84%|████████▍ | 42/50 [07:21<01:09,  8.63s/it][A
 86%|████████▌ | 43/50 [07:30<01:00,  8.62s/it][A
 88%|████████▊ | 44/50 [07:38<00:51,  8.63s/it][A
 90%|█████████ | 45/50 [07:47<00:43,  8.62s/it][A
 92%|█████████▏| 46/50 [07:56<00:34,  8.62s/it][A
 94%|█████████▍| 47/50 [08:04<00:25,  8.62s/it][A
 96%|█████████▌| 48/50 [08:13<00:17,  8.61s/it][A
 98%|█████████▊| 49/50 [08:21<00:08,  8.60s/it][A
100%|██████████| 50/50 [08:30<00:00,  8.59s/it][A
100%|██████████| 50/50 [08:30<00:00, 10.21s/it]
offline:  30%|███       | 300000/1000000 [1:39:09<4244:05:05, 21.83s/it, eval_success=0.000]
offline:  30%|███       | 300015/1000000 [1:39:09<2216:52:39, 11.40s/it, eval_success=0.000]
offline:  30%|███       | 300024/1000000 [1:39:09<1573:34:46,  8.09s/it, eval_success=0.000]
offline:  30%|███       | 300032/1000000 [1:39:09<1150:20:49,  5.92s/it, eval_success=0.000]
offline:  30%|███       | 300041/1000000 [1:39:09<803:19:45,  4.13s/it, eval_success=0.000] 
offline:  30%|███       | 300050/1000000 [1:39:09<561:48:33,  2.89s/it, eval_success=0.000]
offline:  30%|███       | 300058/1000000 [1:39:09<407:06:28,  2.09s/it, eval_success=0.000]
offline:  30%|███       | 300066/1000000 [1:39:09<292:24:22,  1.50s/it, eval_success=0.000]
offline:  30%|███       | 300074/1000000 [1:39:10<208:54:19,  1.07s/it, eval_success=0.000]
  2%|▏         | 1/50 [00:10<08:43, 10.69s/it][A
  4%|▍         | 2/50 [00:21<08:35, 10.75s/it][A
  6%|▌         | 3/50 [00:32<08:25, 10.76s/it][A
  8%|▊         | 4/50 [00:43<08:14, 10.76s/it][A
 10%|█         | 5/50 [00:53<08:02, 10.73s/it][A
 12%|█▏        | 6/50 [01:04<07:51, 10.71s/it][A
 14%|█▍        | 7/50 [01:15<07:39, 10.69s/it][A
 16%|█▌        | 8/50 [01:25<07:28, 10.69s/it][A
 18%|█▊        | 9/50 [01:36<07:18, 10.69s/it][A
 20%|██        | 10/50 [01:47<07:08, 10.71s/it][A
 22%|██▏       | 11/50 [01:56<06:36, 10.18s/it][A
 24%|██▍       | 12/50 [02:04<06:10,  9.74s/it][A
 26%|██▌       | 13/50 [02:13<05:49,  9.46s/it][A
 28%|██▊       | 14/50 [02:22<05:32,  9.23s/it][A
 30%|███       | 15/50 [02:31<05:17,  9.07s/it][A
 32%|███▏      | 16/50 [02:39<05:06,  9.01s/it][A
 34%|███▍      | 17/50 [02:48<04:54,  8.92s/it][A
 36%|███▌      | 18/50 [02:57<04:42,  8.84s/it][A
 38%|███▊      | 19/50 [03:06<04:33,  8.81s/it][A
 40%|████      | 20/50 [03:14<04:23,  8.77s/it][A
 42%|████▏     | 21/50 [03:23<04:14,  8.78s/it][A
 44%|████▍     | 22/50 [03:32<04:05,  8.77s/it][A
 46%|████▌     | 23/50 [03:42<04:05,  9.11s/it][A
 48%|████▊     | 24/50 [03:52<04:08,  9.57s/it][A
 50%|█████     | 25/50 [04:03<04:06,  9.87s/it][A
 52%|█████▏    | 26/50 [04:13<04:02, 10.08s/it][A
 54%|█████▍    | 27/50 [04:23<03:47,  9.89s/it][A
 56%|█████▌    | 28/50 [04:32<03:29,  9.52s/it][A
 58%|█████▊    | 29/50 [04:40<03:14,  9.26s/it][A
 60%|██████    | 30/50 [04:49<03:01,  9.07s/it][A
 62%|██████▏   | 31/50 [04:57<02:49,  8.92s/it][A
 64%|██████▍   | 32/50 [05:06<02:39,  8.86s/it][A
 66%|██████▌   | 33/50 [05:15<02:29,  8.77s/it][A
 68%|██████▊   | 34/50 [05:23<02:19,  8.73s/it][A
 70%|███████   | 35/50 [05:32<02:10,  8.70s/it][A
 72%|███████▏  | 36/50 [05:41<02:01,  8.66s/it][A
 74%|███████▍  | 37/50 [05:49<01:52,  8.63s/it][A
 76%|███████▌  | 38/50 [05:58<01:43,  8.64s/it][A
 78%|███████▊  | 39/50 [06:06<01:35,  8.64s/it][A
 80%|████████  | 40/50 [06:15<01:26,  8.64s/it][A
 82%|████████▏ | 41/50 [06:24<01:17,  8.64s/it][A
 84%|████████▍ | 42/50 [06:32<01:09,  8.65s/it][A
 86%|████████▌ | 43/50 [06:41<01:00,  8.65s/it][A
 88%|████████▊ | 44/50 [06:50<00:51,  8.62s/it][A
 90%|█████████ | 45/50 [06:58<00:43,  8.63s/it][A
 92%|█████████▏| 46/50 [07:07<00:34,  8.63s/it][A
 94%|█████████▍| 47/50 [07:15<00:25,  8.64s/it][A
 96%|█████████▌| 48/50 [07:24<00:17,  8.65s/it][A
 98%|█████████▊| 49/50 [07:33<00:08,  8.64s/it][A
100%|██████████| 50/50 [07:41<00:00,  8.62s/it][A
100%|██████████| 50/50 [07:41<00:00,  9.24s/it]
offline:  40%|████      | 400000/1000000 [2:11:48<3373:45:28, 20.24s/it, eval_success=0.000]
offline:  40%|████      | 400016/1000000 [2:11:48<1687:05:14, 10.12s/it, eval_success=0.000]
offline:  40%|████      | 400025/1000000 [2:11:49<1204:28:30,  7.23s/it, eval_success=0.000]
offline:  40%|████      | 400033/1000000 [2:11:49<883:37:03,  5.30s/it, eval_success=0.000] 
offline:  40%|████      | 400041/1000000 [2:11:49<640:22:16,  3.84s/it, eval_success=0.000]
offline:  40%|████      | 400049/1000000 [2:11:49<460:11:16,  2.76s/it, eval_success=0.000]
offline:  40%|████      | 400058/1000000 [2:11:49<316:59:54,  1.90s/it, eval_success=0.000]
offline:  40%|████      | 400066/1000000 [2:11:49<227:45:35,  1.37s/it, eval_success=0.000]
  2%|▏         | 1/50 [00:08<07:10,  8.79s/it][A
  4%|▍         | 2/50 [00:17<07:00,  8.76s/it][A
  6%|▌         | 3/50 [00:26<06:51,  8.76s/it][A
  8%|▊         | 4/50 [00:35<06:42,  8.76s/it][A
 10%|█         | 5/50 [00:43<06:33,  8.74s/it][A
 12%|█▏        | 6/50 [00:52<06:26,  8.78s/it][A
 14%|█▍        | 7/50 [01:01<06:17,  8.77s/it][A
 16%|█▌        | 8/50 [01:10<06:08,  8.77s/it][A
 18%|█▊        | 9/50 [01:18<05:58,  8.75s/it][A
 20%|██        | 10/50 [01:27<05:49,  8.73s/it][A
 22%|██▏       | 11/50 [01:36<05:40,  8.72s/it][A
 24%|██▍       | 12/50 [01:44<05:31,  8.73s/it][A
 26%|██▌       | 13/50 [01:53<05:23,  8.73s/it][A
 28%|██▊       | 14/50 [02:02<05:14,  8.75s/it][A
 30%|███       | 15/50 [02:11<05:06,  8.75s/it][A
 32%|███▏      | 16/50 [02:20<04:58,  8.77s/it][A
 34%|███▍      | 17/50 [02:28<04:48,  8.75s/it][A
 36%|███▌      | 18/50 [02:37<04:40,  8.75s/it][A
 38%|███▊      | 19/50 [02:46<04:31,  8.76s/it][A
 40%|████      | 20/50 [02:55<04:22,  8.76s/it][A
 42%|████▏     | 21/50 [03:03<04:14,  8.77s/it][A
 44%|████▍     | 22/50 [03:12<04:05,  8.76s/it][A
 46%|████▌     | 23/50 [03:21<03:56,  8.74s/it][A
 48%|████▊     | 24/50 [03:30<03:48,  8.77s/it][A
 50%|█████     | 25/50 [03:38<03:39,  8.78s/it][A
 52%|█████▏    | 26/50 [03:47<03:30,  8.79s/it][A
 54%|█████▍    | 27/50 [03:56<03:20,  8.70s/it][A
 56%|█████▌    | 28/50 [04:02<02:58,  8.11s/it][A
 58%|█████▊    | 29/50 [04:09<02:41,  7.68s/it][A
 60%|██████    | 30/50 [04:16<02:27,  7.38s/it][A
 62%|██████▏   | 31/50 [04:22<02:15,  7.16s/it][A
 64%|██████▍   | 32/50 [04:29<02:06,  7.01s/it][A
 66%|██████▌   | 33/50 [04:36<01:57,  6.91s/it][A
 68%|██████▊   | 34/50 [04:42<01:49,  6.83s/it][A
 70%|███████   | 35/50 [04:49<01:41,  6.78s/it][A
 72%|███████▏  | 36/50 [04:56<01:34,  6.75s/it][A
 74%|███████▍  | 37/50 [05:02<01:27,  6.70s/it][A
 76%|███████▌  | 38/50 [05:09<01:20,  6.68s/it][A
 78%|███████▊  | 39/50 [05:16<01:13,  6.67s/it][A
 80%|████████  | 40/50 [05:22<01:06,  6.68s/it][A
 82%|████████▏ | 41/50 [05:29<00:59,  6.65s/it][A
 84%|████████▍ | 42/50 [05:36<00:53,  6.67s/it][A
 86%|████████▌ | 43/50 [05:44<00:50,  7.21s/it][A
 88%|████████▊ | 44/50 [05:53<00:45,  7.60s/it][A
 90%|█████████ | 45/50 [06:02<00:41,  8.21s/it][A
 92%|█████████▏| 46/50 [06:13<00:35,  8.88s/it][A
 94%|█████████▍| 47/50 [06:23<00:28,  9.36s/it][A
 96%|█████████▌| 48/50 [06:32<00:18,  9.19s/it][A
 98%|█████████▊| 49/50 [06:41<00:08,  9.00s/it][A
100%|██████████| 50/50 [06:49<00:00,  8.86s/it][A
100%|██████████| 50/50 [06:49<00:00,  8.19s/it]
offline:  50%|█████     | 500000/1000000 [2:44:10<2651:51:20, 19.09s/it, eval_success=0.000]
offline:  50%|█████     | 500016/1000000 [2:44:10<1285:16:17,  9.25s/it, eval_success=0.000]
offline:  50%|█████     | 500026/1000000 [2:44:10<880:53:14,  6.34s/it, eval_success=0.000] 
offline:  50%|█████     | 500035/1000000 [2:44:10<627:21:11,  4.52s/it, eval_success=0.000]
offline:  50%|█████     | 500044/1000000 [2:44:10<444:52:48,  3.20s/it, eval_success=0.000]
offline:  50%|█████     | 500052/1000000 [2:44:10<325:10:35,  2.34s/it, eval_success=0.000]
offline:  50%|█████     | 500060/1000000 [2:44:10<235:06:15,  1.69s/it, eval_success=0.000]
offline:  50%|█████     | 500068/1000000 [2:44:10<168:46:30,  1.22s/it, eval_success=0.000]
--- last progress lines ---
offline:  51%|█████     | 509035/1000000 [2:46:21<1:46:09, 77.08it/s, eval_success=0.000]
offline:  51%|█████     | 509043/1000000 [2:46:21<2:04:02, 65.97it/s, eval_success=0.000]
offline:  51%|█████     | 509050/1000000 [2:46:21<2:08:26, 63.70it/s, eval_success=0.000]
