wandb: Using wandb-core as the SDK backend.  Please refer to https://wandb.me/wandb-core for more information.
wandb: Currently logged in as: tjrcjf410 (sjun0803-seoul-national-university) to https://api.wandb.ai. Use `wandb login --relogin` to force relogin
wandb: creating run
wandb: Tracking run with wandb version 0.19.9
wandb: Run data is saved locally in /tmp/tmp7obcdlx2/wandb/run-20260819_094405-u07aa0ej
wandb: Run `wandb offline` to turn off syncing.
wandb: Syncing run antmaze-giant-navigate-singletask-task3-v0_sd000_mani_stdfp_chunk-h1_20260819_094404
wandb: ⭐️ View project at https://wandb.ai/tjrcjf410-seoul-national-university/ant2
wandb: 🚀 View run at https://wandb.ai/tjrcjf410-seoul-national-university/ant2/runs/u07aa0ej
wandb: WARNING Symlinked 8 files into the W&B run directory, call wandb.save again to sync new files.
I0819 09:44:06.561952 127038240208704 acceleratesupport.py:24] No OpenGL_accelerate module loaded: No module named 'OpenGL_accelerate'
offline:   0%|          | 1/1000000 [00:57<16001:40:37, 57.61s/it]
offline:   0%|          | 2/1000000 [01:18<9985:04:54, 35.95s/it] 
offline:   0%|          | 3/1000000 [01:40<8235:56:50, 29.65s/it]
offline:   0%|          | 15/1000000 [01:40<935:06:18,  3.37s/it]
offline:   0%|          | 27/1000000 [01:40<414:20:04,  1.49s/it]
  2%|▏         | 1/50 [00:09<07:27,  9.13s/it][A
  4%|▍         | 2/50 [00:17<07:03,  8.83s/it][A
  6%|▌         | 3/50 [00:26<06:49,  8.72s/it][A
  8%|▊         | 4/50 [00:34<06:38,  8.66s/it][A
 10%|█         | 5/50 [00:43<06:27,  8.61s/it][A
 12%|█▏        | 6/50 [00:51<06:18,  8.60s/it][A
 14%|█▍        | 7/50 [01:00<06:09,  8.60s/it][A
 16%|█▌        | 8/50 [01:09<06:01,  8.60s/it][A
 18%|█▊        | 9/50 [01:17<05:51,  8.58s/it][A
 20%|██        | 10/50 [01:26<05:42,  8.56s/it][A
 22%|██▏       | 11/50 [01:34<05:33,  8.55s/it][A
 24%|██▍       | 12/50 [01:43<05:24,  8.55s/it][A
 26%|██▌       | 13/50 [01:51<05:15,  8.53s/it][A
 28%|██▊       | 14/50 [02:00<05:05,  8.50s/it][A
 30%|███       | 15/50 [02:08<04:57,  8.51s/it][A
 32%|███▏      | 16/50 [02:17<04:49,  8.50s/it][A
 34%|███▍      | 17/50 [02:25<04:40,  8.51s/it][A
 36%|███▌      | 18/50 [02:34<04:32,  8.52s/it][A
 38%|███▊      | 19/50 [02:42<04:23,  8.51s/it][A
 40%|████      | 20/50 [02:51<04:15,  8.53s/it][A
 42%|████▏     | 21/50 [03:00<04:08,  8.55s/it][A
 44%|████▍     | 22/50 [03:08<03:59,  8.54s/it][A
 46%|████▌     | 23/50 [03:17<03:51,  8.56s/it][A
 48%|████▊     | 24/50 [03:25<03:42,  8.55s/it][A
 50%|█████     | 25/50 [03:34<03:33,  8.55s/it][A
 52%|█████▏    | 26/50 [03:42<03:25,  8.56s/it][A
 54%|█████▍    | 27/50 [03:51<03:16,  8.55s/it][A
 56%|█████▌    | 28/50 [03:59<03:08,  8.55s/it][A
 58%|█████▊    | 29/50 [04:08<02:59,  8.54s/it][A
 60%|██████    | 30/50 [04:16<02:50,  8.55s/it][A
 62%|██████▏   | 31/50 [04:25<02:42,  8.55s/it][A
 64%|██████▍   | 32/50 [04:34<02:33,  8.55s/it][A
 66%|██████▌   | 33/50 [04:42<02:25,  8.55s/it][A
 68%|██████▊   | 34/50 [04:51<02:16,  8.55s/it][A
 70%|███████   | 35/50 [04:59<02:08,  8.54s/it][A
 72%|███████▏  | 36/50 [05:08<01:59,  8.55s/it][A
 74%|███████▍  | 37/50 [05:16<01:51,  8.56s/it][A
 76%|███████▌  | 38/50 [05:25<01:42,  8.55s/it][A
 78%|███████▊  | 39/50 [05:33<01:34,  8.55s/it][A
 80%|████████  | 40/50 [05:43<01:27,  8.72s/it][A
 82%|████████▏ | 41/50 [05:53<01:23,  9.23s/it][A
 84%|████████▍ | 42/50 [06:03<01:16,  9.59s/it][A
 86%|████████▌ | 43/50 [06:14<01:09,  9.88s/it][A
 88%|████████▊ | 44/50 [06:24<01:00, 10.08s/it][A
 90%|█████████ | 45/50 [06:35<00:51, 10.21s/it][A
 92%|█████████▏| 46/50 [06:46<00:41, 10.37s/it][A
 94%|█████████▍| 47/50 [06:57<00:31, 10.53s/it][A
 96%|█████████▌| 48/50 [07:07<00:21, 10.57s/it][A
 98%|█████████▊| 49/50 [07:18<00:10, 10.53s/it][A
100%|██████████| 50/50 [07:28<00:00, 10.52s/it][A
100%|██████████| 50/50 [07:28<00:00,  8.97s/it]
offline:  10%|█         | 100000/1000000 [30:33<4624:33:40, 18.50s/it, eval_success=0.000]
offline:  10%|█         | 100014/1000000 [30:33<2536:44:51, 10.15s/it, eval_success=0.000]
offline:  10%|█         | 100023/1000000 [30:33<1794:09:19,  7.18s/it, eval_success=0.000]
offline:  10%|█         | 100032/1000000 [30:33<1266:11:23,  5.06s/it, eval_success=0.000]
offline:  10%|█         | 100040/1000000 [30:33<922:12:38,  3.69s/it, eval_success=0.000] 
offline:  10%|█         | 100047/1000000 [30:33<688:47:21,  2.76s/it, eval_success=0.000]
offline:  10%|█         | 100054/1000000 [30:34<506:54:24,  2.03s/it, eval_success=0.000]
offline:  10%|█         | 100060/1000000 [30:34<383:27:10,  1.53s/it, eval_success=0.000]
offline:  10%|█         | 100068/1000000 [30:34<262:13:27,  1.05s/it, eval_success=0.000]
  2%|▏         | 1/50 [00:10<08:41, 10.64s/it][A
  4%|▍         | 2/50 [00:21<08:28, 10.59s/it][A
  6%|▌         | 3/50 [00:31<08:18, 10.61s/it][A
  8%|▊         | 4/50 [00:42<08:08, 10.61s/it][A
 10%|█         | 5/50 [00:53<07:58, 10.63s/it][A
 12%|█▏        | 6/50 [01:03<07:47, 10.63s/it][A
 14%|█▍        | 7/50 [01:14<07:38, 10.65s/it][A
 16%|█▌        | 8/50 [01:25<07:26, 10.63s/it][A
 18%|█▊        | 9/50 [01:35<07:15, 10.62s/it][A
 20%|██        | 10/50 [01:46<07:05, 10.64s/it][A
 22%|██▏       | 11/50 [01:56<06:54, 10.64s/it][A
 24%|██▍       | 12/50 [02:07<06:44, 10.65s/it][A
 26%|██▌       | 13/50 [02:18<06:33, 10.65s/it][A
 28%|██▊       | 14/50 [02:28<06:22, 10.64s/it][A
 30%|███       | 15/50 [02:39<06:11, 10.63s/it][A
 32%|███▏      | 16/50 [02:50<06:01, 10.64s/it][A
 34%|███▍      | 17/50 [03:00<05:50, 10.63s/it][A
 36%|███▌      | 18/50 [03:11<05:40, 10.65s/it][A
 38%|███▊      | 19/50 [03:22<05:29, 10.64s/it][A
 40%|████      | 20/50 [03:32<05:19, 10.64s/it][A
 42%|████▏     | 21/50 [03:43<05:07, 10.62s/it][A
 44%|████▍     | 22/50 [03:53<04:58, 10.65s/it][A
 46%|████▌     | 23/50 [04:04<04:48, 10.68s/it][A
 48%|████▊     | 24/50 [04:15<04:37, 10.66s/it][A
 50%|█████     | 25/50 [04:25<04:26, 10.66s/it][A
 52%|█████▏    | 26/50 [04:36<04:15, 10.65s/it][A
 54%|█████▍    | 27/50 [04:49<04:18, 11.23s/it][A
 56%|█████▌    | 28/50 [05:01<04:16, 11.65s/it][A
 58%|█████▊    | 29/50 [05:14<04:09, 11.90s/it][A
 60%|██████    | 30/50 [05:26<04:02, 12.11s/it][A
 62%|██████▏   | 31/50 [05:39<03:52, 12.22s/it][A
 64%|██████▍   | 32/50 [05:51<03:41, 12.31s/it][A
 66%|██████▌   | 33/50 [06:03<03:26, 12.14s/it][A
 68%|██████▊   | 34/50 [06:14<03:07, 11.70s/it][A
 70%|███████   | 35/50 [06:25<02:50, 11.40s/it][A
 72%|███████▏  | 36/50 [06:35<02:36, 11.16s/it][A
 74%|███████▍  | 37/50 [06:46<02:23, 11.02s/it][A
 76%|███████▌  | 38/50 [06:56<02:10, 10.92s/it][A
 78%|███████▊  | 39/50 [07:07<01:59, 10.86s/it][A
 80%|████████  | 40/50 [07:18<01:48, 10.83s/it][A
 82%|████████▏ | 41/50 [07:29<01:37, 10.79s/it][A
 84%|████████▍ | 42/50 [07:39<01:26, 10.76s/it][A
 86%|████████▌ | 43/50 [07:50<01:15, 10.75s/it][A
 88%|████████▊ | 44/50 [08:01<01:04, 10.71s/it][A
 90%|█████████ | 45/50 [08:11<00:53, 10.69s/it][A
 92%|█████████▏| 46/50 [08:22<00:42, 10.69s/it][A
 94%|█████████▍| 47/50 [08:33<00:32, 10.72s/it][A
 96%|█████████▌| 48/50 [08:44<00:21, 10.71s/it][A
 98%|█████████▊| 49/50 [08:54<00:10, 10.70s/it][A
100%|██████████| 50/50 [09:05<00:00, 10.66s/it][A
100%|██████████| 50/50 [09:05<00:00, 10.91s/it]
offline:  20%|██        | 200000/1000000 [1:02:21<5563:10:32, 25.03s/it, eval_success=0.000]
offline:  20%|██        | 200014/1000000 [1:02:21<2902:48:44, 13.06s/it, eval_success=0.000]
offline:  20%|██        | 200022/1000000 [1:02:21<2088:29:40,  9.40s/it, eval_success=0.000]
offline:  20%|██        | 200030/1000000 [1:02:21<1491:47:24,  6.71s/it, eval_success=0.000]
offline:  20%|██        | 200037/1000000 [1:02:21<1099:46:16,  4.95s/it, eval_success=0.000]
offline:  20%|██        | 200044/1000000 [1:02:21<799:50:50,  3.60s/it, eval_success=0.000] 
offline:  20%|██        | 200051/1000000 [1:02:22<576:01:59,  2.59s/it, eval_success=0.000]
offline:  20%|██        | 200058/1000000 [1:02:22<412:28:49,  1.86s/it, eval_success=0.000]
offline:  20%|██        | 200064/1000000 [1:02:22<306:23:50,  1.38s/it, eval_success=0.000]
  2%|▏         | 1/50 [00:08<07:10,  8.79s/it][A
  4%|▍         | 2/50 [00:18<07:25,  9.29s/it][A
  6%|▌         | 3/50 [00:29<07:47,  9.95s/it][A
  8%|▊         | 4/50 [00:39<07:50, 10.22s/it][A
 10%|█         | 5/50 [00:50<07:46, 10.36s/it][A
 12%|█▏        | 6/50 [01:01<07:39, 10.44s/it][A
 14%|█▍        | 7/50 [01:11<07:30, 10.49s/it][A
 16%|█▌        | 8/50 [01:22<07:25, 10.61s/it][A
 18%|█▊        | 9/50 [01:33<07:15, 10.62s/it][A
 20%|██        | 10/50 [01:43<07:04, 10.62s/it][A
 22%|██▏       | 11/50 [01:54<06:54, 10.63s/it][A
 24%|██▍       | 12/50 [02:05<06:50, 10.79s/it][A
 26%|██▌       | 13/50 [02:18<06:58, 11.32s/it][A
 28%|██▊       | 14/50 [02:30<07:01, 11.72s/it][A
 30%|███       | 15/50 [02:43<06:58, 11.96s/it][A
 32%|███▏      | 16/50 [02:55<06:52, 12.12s/it][A
 34%|███▍      | 17/50 [03:08<06:44, 12.25s/it][A
 36%|███▌      | 18/50 [03:20<06:34, 12.34s/it][A
 38%|███▊      | 19/50 [03:33<06:24, 12.40s/it][A
 40%|████      | 20/50 [03:45<06:12, 12.43s/it][A
 42%|████▏     | 21/50 [03:58<06:01, 12.45s/it][A
 44%|████▍     | 22/50 [04:10<05:49, 12.48s/it][A
 46%|████▌     | 23/50 [04:23<05:37, 12.48s/it][A
 48%|████▊     | 24/50 [04:35<05:24, 12.47s/it][A
 50%|█████     | 25/50 [04:48<05:11, 12.46s/it][A
 52%|█████▏    | 26/50 [05:00<04:59, 12.48s/it][A
 54%|█████▍    | 27/50 [05:13<04:47, 12.48s/it][A
 56%|█████▌    | 28/50 [05:25<04:34, 12.49s/it][A
 58%|█████▊    | 29/50 [05:38<04:22, 12.49s/it][A
 60%|██████    | 30/50 [05:50<04:09, 12.49s/it][A
 62%|██████▏   | 31/50 [06:03<03:57, 12.49s/it][A
 64%|██████▍   | 32/50 [06:15<03:44, 12.49s/it][A
 66%|██████▌   | 33/50 [06:28<03:32, 12.49s/it][A
 68%|██████▊   | 34/50 [06:40<03:19, 12.49s/it][A
 70%|███████   | 35/50 [06:53<03:07, 12.48s/it][A
 72%|███████▏  | 36/50 [07:05<02:54, 12.47s/it][A
 74%|███████▍  | 37/50 [07:18<02:42, 12.52s/it][A
 76%|███████▌  | 38/50 [07:30<02:30, 12.51s/it][A
 78%|███████▊  | 39/50 [07:43<02:17, 12.51s/it][A
 80%|████████  | 40/50 [07:55<02:05, 12.52s/it][A
 82%|████████▏ | 41/50 [08:08<01:52, 12.49s/it][A
 84%|████████▍ | 42/50 [08:20<01:39, 12.48s/it][A
 86%|████████▌ | 43/50 [08:33<01:27, 12.50s/it][A
 88%|████████▊ | 44/50 [08:45<01:15, 12.51s/it][A
 90%|█████████ | 45/50 [08:58<01:02, 12.49s/it][A
 92%|█████████▏| 46/50 [09:10<00:50, 12.51s/it][A
 94%|█████████▍| 47/50 [09:23<00:37, 12.51s/it][A
 96%|█████████▌| 48/50 [09:35<00:25, 12.51s/it][A
 98%|█████████▊| 49/50 [09:48<00:12, 12.51s/it][A
100%|██████████| 50/50 [10:00<00:00, 12.50s/it][A
100%|██████████| 50/50 [10:00<00:00, 12.02s/it]
offline:  30%|███       | 300000/1000000 [1:35:46<4321:03:01, 22.22s/it, eval_success=0.000]
offline:  30%|███       | 300011/1000000 [1:35:46<2734:32:24, 14.06s/it, eval_success=0.000]
offline:  30%|███       | 300019/1000000 [1:35:47<1980:29:29, 10.19s/it, eval_success=0.000]
offline:  30%|███       | 300028/1000000 [1:35:47<1372:17:47,  7.06s/it, eval_success=0.000]
offline:  30%|███       | 300036/1000000 [1:35:47<988:22:44,  5.08s/it, eval_success=0.000] 
offline:  30%|███       | 300043/1000000 [1:35:47<732:23:55,  3.77s/it, eval_success=0.000]
offline:  30%|███       | 300050/1000000 [1:35:47<535:01:27,  2.75s/it, eval_success=0.000]
offline:  30%|███       | 300057/1000000 [1:35:47<387:13:47,  1.99s/it, eval_success=0.000]
offline:  30%|███       | 300066/1000000 [1:35:47<256:56:26,  1.32s/it, eval_success=0.000]
  2%|▏         | 1/50 [00:10<08:41, 10.63s/it][A
  4%|▍         | 2/50 [00:21<08:32, 10.67s/it][A
  6%|▌         | 3/50 [00:32<08:22, 10.70s/it][A
  8%|▊         | 4/50 [00:42<08:11, 10.69s/it][A
 10%|█         | 5/50 [00:53<08:01, 10.71s/it][A
 12%|█▏        | 6/50 [01:04<07:51, 10.71s/it][A
 14%|█▍        | 7/50 [01:14<07:41, 10.72s/it][A
 16%|█▌        | 8/50 [01:25<07:30, 10.72s/it][A
 18%|█▊        | 9/50 [01:36<07:18, 10.70s/it][A
 20%|██        | 10/50 [01:47<07:08, 10.70s/it][A
 22%|██▏       | 11/50 [01:57<06:57, 10.70s/it][A
 24%|██▍       | 12/50 [02:08<06:46, 10.69s/it][A
 26%|██▌       | 13/50 [02:19<06:35, 10.68s/it][A
 28%|██▊       | 14/50 [02:29<06:25, 10.69s/it][A
 30%|███       | 15/50 [02:40<06:13, 10.68s/it][A
 32%|███▏      | 16/50 [02:51<06:02, 10.67s/it][A
 34%|███▍      | 17/50 [03:01<05:52, 10.68s/it][A
 36%|███▌      | 18/50 [03:12<05:41, 10.67s/it][A
 38%|███▊      | 19/50 [03:23<05:30, 10.65s/it][A
 40%|████      | 20/50 [03:33<05:19, 10.65s/it][A
 42%|████▏     | 21/50 [03:44<05:09, 10.66s/it][A
 44%|████▍     | 22/50 [03:54<04:58, 10.65s/it][A
 46%|████▌     | 23/50 [04:05<04:47, 10.65s/it][A
 48%|████▊     | 24/50 [04:16<04:37, 10.66s/it][A
 50%|█████     | 25/50 [04:26<04:26, 10.66s/it][A
 52%|█████▏    | 26/50 [04:37<04:15, 10.65s/it][A
 54%|█████▍    | 27/50 [04:48<04:04, 10.65s/it][A
 56%|█████▌    | 28/50 [04:59<04:00, 10.91s/it][A
 58%|█████▊    | 29/50 [05:12<03:59, 11.39s/it][A
 60%|██████    | 30/50 [05:24<03:55, 11.75s/it][A
 62%|██████▏   | 31/50 [05:37<03:49, 12.06s/it][A
 64%|██████▍   | 32/50 [05:50<03:39, 12.19s/it][A
 66%|██████▌   | 33/50 [06:02<03:28, 12.27s/it][A
 68%|██████▊   | 34/50 [06:15<03:17, 12.34s/it][A
 70%|███████   | 35/50 [06:27<03:05, 12.39s/it][A
 72%|███████▏  | 36/50 [06:40<02:54, 12.43s/it][A
 74%|███████▍  | 37/50 [06:52<02:42, 12.48s/it][A
 76%|███████▌  | 38/50 [07:05<02:30, 12.51s/it][A
 78%|███████▊  | 39/50 [07:17<02:17, 12.49s/it][A
 80%|████████  | 40/50 [07:30<02:05, 12.51s/it][A
 82%|████████▏ | 41/50 [07:42<01:52, 12.52s/it][A
 84%|████████▍ | 42/50 [07:55<01:40, 12.51s/it][A
 86%|████████▌ | 43/50 [08:07<01:27, 12.47s/it][A
 88%|████████▊ | 44/50 [08:20<01:14, 12.49s/it][A
 90%|█████████ | 45/50 [08:32<01:02, 12.49s/it][A
 92%|█████████▏| 46/50 [08:45<00:49, 12.48s/it][A
 94%|█████████▍| 47/50 [08:57<00:37, 12.49s/it][A
 96%|█████████▌| 48/50 [09:10<00:25, 12.51s/it][A
 98%|█████████▊| 49/50 [09:22<00:12, 12.52s/it][A
100%|██████████| 50/50 [09:35<00:00, 12.42s/it][A
100%|██████████| 50/50 [09:35<00:00, 11.50s/it]
offline:  40%|████      | 400000/1000000 [2:08:48<3788:28:53, 22.73s/it, eval_success=0.000]
offline:  40%|████      | 400014/1000000 [2:08:49<2117:31:02, 12.71s/it, eval_success=0.000]
offline:  40%|████      | 400022/1000000 [2:08:49<1557:44:00,  9.35s/it, eval_success=0.000]
offline:  40%|████      | 400029/1000000 [2:08:49<1171:04:53,  7.03s/it, eval_success=0.000]
offline:  40%|████      | 400036/1000000 [2:08:49<864:51:55,  5.19s/it, eval_success=0.000] 
offline:  40%|████      | 400043/1000000 [2:08:49<630:05:01,  3.78s/it, eval_success=0.000]
offline:  40%|████      | 400051/1000000 [2:08:49<436:44:32,  2.62s/it, eval_success=0.000]
offline:  40%|████      | 400058/1000000 [2:08:49<316:17:30,  1.90s/it, eval_success=0.000]
offline:  40%|████      | 400065/1000000 [2:08:50<227:19:27,  1.36s/it, eval_success=0.000]
offline:  40%|████      | 400071/1000000 [2:08:50<169:22:02,  1.02s/it, eval_success=0.000]
  2%|▏         | 1/50 [00:12<10:12, 12.50s/it][A
  4%|▍         | 2/50 [00:24<09:59, 12.48s/it][A
  6%|▌         | 3/50 [00:37<09:49, 12.54s/it][A
  8%|▊         | 4/50 [00:49<09:17, 12.13s/it][A
 10%|█         | 5/50 [00:59<08:42, 11.62s/it][A
 12%|█▏        | 6/50 [01:10<08:15, 11.27s/it][A
 14%|█▍        | 7/50 [01:21<07:57, 11.10s/it][A
 16%|█▌        | 8/50 [01:31<07:41, 10.99s/it][A
 18%|█▊        | 9/50 [01:42<07:27, 10.90s/it][A
 20%|██        | 10/50 [01:53<07:13, 10.84s/it][A
 22%|██▏       | 11/50 [02:04<07:02, 10.82s/it][A
 24%|██▍       | 12/50 [02:14<06:49, 10.79s/it][A
 26%|██▌       | 13/50 [02:25<06:37, 10.75s/it][A
 28%|██▊       | 14/50 [02:36<06:26, 10.73s/it][A
 30%|███       | 15/50 [02:46<06:16, 10.74s/it][A
 32%|███▏      | 16/50 [02:57<06:03, 10.70s/it][A
 34%|███▍      | 17/50 [03:08<05:53, 10.70s/it][A
 36%|███▌      | 18/50 [03:18<05:42, 10.71s/it][A
 38%|███▊      | 19/50 [03:29<05:31, 10.69s/it][A
 40%|████      | 20/50 [03:40<05:19, 10.66s/it][A
 42%|████▏     | 21/50 [03:50<05:09, 10.69s/it][A
 44%|████▍     | 22/50 [04:01<04:59, 10.69s/it][A
 46%|████▌     | 23/50 [04:12<04:47, 10.66s/it][A
 48%|████▊     | 24/50 [04:22<04:37, 10.66s/it][A
 50%|█████     | 25/50 [04:33<04:26, 10.66s/it][A
 52%|█████▏    | 26/50 [04:44<04:16, 10.68s/it][A
 54%|█████▍    | 27/50 [04:54<04:05, 10.68s/it][A
 56%|█████▌    | 28/50 [05:05<03:54, 10.66s/it][A
 58%|█████▊    | 29/50 [05:16<03:44, 10.68s/it][A
 60%|██████    | 30/50 [05:26<03:33, 10.67s/it][A
 62%|██████▏   | 31/50 [05:37<03:23, 10.69s/it][A
 64%|██████▍   | 32/50 [05:48<03:11, 10.67s/it][A
 66%|██████▌   | 33/50 [05:58<03:01, 10.65s/it][A
 68%|██████▊   | 34/50 [06:09<02:50, 10.66s/it][A
 70%|███████   | 35/50 [06:19<02:36, 10.41s/it][A
 72%|███████▏  | 36/50 [06:28<02:18,  9.89s/it][A
 74%|███████▍  | 37/50 [06:36<02:04,  9.54s/it][A
 76%|███████▌  | 38/50 [06:45<01:51,  9.32s/it][A
 78%|███████▊  | 39/50 [06:54<01:39,  9.06s/it][A
 80%|████████  | 40/50 [07:00<01:24,  8.40s/it][A
 82%|████████▏ | 41/50 [07:07<01:11,  7.94s/it][A
 84%|████████▍ | 42/50 [07:14<01:00,  7.62s/it][A
 86%|████████▌ | 43/50 [07:21<00:51,  7.38s/it][A
 88%|████████▊ | 44/50 [07:28<00:43,  7.21s/it][A
 90%|█████████ | 45/50 [07:35<00:35,  7.11s/it][A
 92%|█████████▏| 46/50 [07:41<00:28,  7.02s/it][A
 94%|█████████▍| 47/50 [07:48<00:20,  6.98s/it][A
 96%|█████████▌| 48/50 [07:55<00:13,  6.94s/it][A
 98%|█████████▊| 49/50 [08:02<00:06,  6.93s/it][A
100%|██████████| 50/50 [08:09<00:00,  6.92s/it][A
100%|██████████| 50/50 [08:09<00:00,  9.79s/it]
offline:  50%|█████     | 500000/1000000 [2:41:00<3906:58:51, 28.13s/it, eval_success=0.000]
offline:  50%|█████     | 500016/1000000 [2:41:00<1690:35:51, 12.17s/it, eval_success=0.000]
offline:  50%|█████     | 500025/1000000 [2:41:00<1161:42:19,  8.36s/it, eval_success=0.000]
offline:  50%|█████     | 500037/1000000 [2:41:00<728:05:09,  5.24s/it, eval_success=0.000] 
offline:  50%|█████     | 500047/1000000 [2:41:01<504:36:56,  3.63s/it, eval_success=0.000]
offline:  50%|█████     | 500057/1000000 [2:41:01<350:54:26,  2.53s/it, eval_success=0.000]
offline:  50%|█████     | 500066/1000000 [2:41:01<252:28:58,  1.82s/it, eval_success=0.000]
offline:  50%|█████     | 500075/1000000 [2:41:01<180:27:04,  1.30s/it, eval_success=0.000]
--- last progress lines ---
offline:  59%|█████▉    | 589398/1000000 [3:01:51<1:35:20, 71.77it/s, eval_success=0.000]
offline:  59%|█████▉    | 589410/1000000 [3:01:52<1:22:40, 82.77it/s, eval_success=0.000]
offline:  59%|█████▉    | 589419/1000000 [3:01:52<1:36:45, 70.73it/s, eval_success=0.000]
