wandb: Using wandb-core as the SDK backend.  Please refer to https://wandb.me/wandb-core for more information.
wandb: Currently logged in as: tjrcjf410 (sjun0803-seoul-national-university) to https://api.wandb.ai. Use `wandb login --relogin` to force relogin
wandb: Tracking run with wandb version 0.19.9
wandb: Run data is saved locally in /tmp/tmpeukc7v1u/wandb/run-20260819_134509-gst2fnrj
wandb: Run `wandb offline` to turn off syncing.
wandb: Syncing run antmaze-giant-navigate-singletask-task3-v0_sd001_anq_stdfp_chunk-h1_20260819_134509
wandb: ⭐️ View project at https://wandb.ai/tjrcjf410-seoul-national-university/ant2
wandb: 🚀 View run at https://wandb.ai/tjrcjf410-seoul-national-university/ant2/runs/gst2fnrj
wandb: WARNING Symlinked 8 files into the W&B run directory, call wandb.save again to sync new files.
I0819 13:45:11.174285 135250844907328 acceleratesupport.py:24] No OpenGL_accelerate module loaded: No module named 'OpenGL_accelerate'
offline:   0%|          | 1/1000000 [01:15<20895:36:05, 75.22s/it]
offline:   0%|          | 2/1000000 [01:35<11975:18:13, 43.11s/it]
offline:   0%|          | 3/1000000 [01:59<9566:52:01, 34.44s/it] 
offline:   0%|          | 18/1000000 [02:00<888:50:07,  3.20s/it]
offline:   0%|          | 33/1000000 [02:00<389:29:57,  1.40s/it]
  2%|▏         | 1/50 [00:11<09:16, 11.35s/it][A
  4%|▍         | 2/50 [00:21<08:43, 10.90s/it][A
  6%|▌         | 3/50 [00:32<08:25, 10.75s/it][A
  8%|▊         | 4/50 [00:43<08:10, 10.66s/it][A
 10%|█         | 5/50 [00:53<07:56, 10.60s/it][A
 12%|█▏        | 6/50 [01:04<07:44, 10.56s/it][A
 14%|█▍        | 7/50 [01:14<07:34, 10.56s/it][A
 16%|█▌        | 8/50 [01:25<07:23, 10.56s/it][A
 18%|█▊        | 9/50 [01:35<07:12, 10.54s/it][A
 20%|██        | 10/50 [01:46<07:02, 10.57s/it][A
 22%|██▏       | 11/50 [01:56<06:51, 10.56s/it][A
 24%|██▍       | 12/50 [02:07<06:41, 10.57s/it][A
 26%|██▌       | 13/50 [02:17<06:31, 10.57s/it][A
 28%|██▊       | 14/50 [02:28<06:20, 10.56s/it][A
 30%|███       | 15/50 [02:38<06:08, 10.54s/it][A
 32%|███▏      | 16/50 [02:49<05:57, 10.51s/it][A
 34%|███▍      | 17/50 [02:59<05:46, 10.49s/it][A
 36%|███▌      | 18/50 [03:10<05:35, 10.49s/it][A
 38%|███▊      | 19/50 [03:20<05:25, 10.50s/it][A
 40%|████      | 20/50 [03:31<05:14, 10.49s/it][A
 42%|████▏     | 21/50 [03:41<05:04, 10.51s/it][A
 44%|████▍     | 22/50 [03:52<04:54, 10.52s/it][A
 46%|████▌     | 23/50 [04:03<04:44, 10.54s/it][A
 48%|████▊     | 24/50 [04:13<04:34, 10.55s/it][A
 50%|█████     | 25/50 [04:24<04:23, 10.56s/it][A
 52%|█████▏    | 26/50 [04:34<04:13, 10.54s/it][A
 54%|█████▍    | 27/50 [04:45<04:02, 10.54s/it][A
 56%|█████▌    | 28/50 [04:55<03:51, 10.54s/it][A
 58%|█████▊    | 29/50 [05:06<03:41, 10.54s/it][A
 60%|██████    | 30/50 [05:16<03:30, 10.54s/it][A
 62%|██████▏   | 31/50 [05:27<03:20, 10.56s/it][A
 64%|██████▍   | 32/50 [05:37<03:09, 10.55s/it][A
 66%|██████▌   | 33/50 [05:48<02:59, 10.53s/it][A
 68%|██████▊   | 34/50 [05:58<02:48, 10.53s/it][A
 70%|███████   | 35/50 [06:07<02:30, 10.04s/it][A
 72%|███████▏  | 36/50 [06:16<02:14,  9.59s/it][A
 74%|███████▍  | 37/50 [06:23<01:56,  8.93s/it][A
 76%|███████▌  | 38/50 [06:30<01:38,  8.20s/it][A
 78%|███████▊  | 39/50 [06:35<01:20,  7.32s/it][A
 80%|████████  | 40/50 [06:40<01:06,  6.70s/it][A
 82%|████████▏ | 41/50 [06:46<00:56,  6.28s/it][A
 84%|████████▍ | 42/50 [06:51<00:48,  6.06s/it][A
 86%|████████▌ | 43/50 [06:58<00:43,  6.28s/it][A
 88%|████████▊ | 44/50 [07:05<00:38,  6.44s/it][A
 90%|█████████ | 45/50 [07:12<00:32,  6.54s/it][A
 92%|█████████▏| 46/50 [07:18<00:26,  6.61s/it][A
 94%|█████████▍| 47/50 [07:25<00:19,  6.65s/it][A
 96%|█████████▌| 48/50 [07:32<00:13,  6.68s/it][A
 98%|█████████▊| 49/50 [07:39<00:06,  6.70s/it][A
100%|██████████| 50/50 [07:45<00:00,  6.70s/it][A
100%|██████████| 50/50 [07:45<00:00,  9.32s/it]
offline:  10%|█         | 100000/1000000 [33:15<4952:55:19, 19.81s/it, eval_success=0.000]
offline:  10%|█         | 100015/1000000 [33:15<2593:15:08, 10.37s/it, eval_success=0.000]
offline:  10%|█         | 100026/1000000 [33:15<1730:26:00,  6.92s/it, eval_success=0.000]
offline:  10%|█         | 100036/1000000 [33:16<1208:54:02,  4.84s/it, eval_success=0.000]
offline:  10%|█         | 100046/1000000 [33:16<845:36:35,  3.38s/it, eval_success=0.000] 
offline:  10%|█         | 100057/1000000 [33:16<574:36:08,  2.30s/it, eval_success=0.000]
offline:  10%|█         | 100068/1000000 [33:16<394:33:57,  1.58s/it, eval_success=0.000]
offline:  10%|█         | 100078/1000000 [33:16<281:00:57,  1.12s/it, eval_success=0.000]
  2%|▏         | 1/50 [00:06<05:35,  6.85s/it][A
  4%|▍         | 2/50 [00:13<05:29,  6.86s/it][A
  6%|▌         | 3/50 [00:20<05:20,  6.83s/it][A
  8%|▊         | 4/50 [00:27<05:14,  6.83s/it][A
 10%|█         | 5/50 [00:34<05:07,  6.84s/it][A
 12%|█▏        | 6/50 [00:41<05:00,  6.83s/it][A
 14%|█▍        | 7/50 [00:47<04:54,  6.85s/it][A
 16%|█▌        | 8/50 [00:54<04:47,  6.84s/it][A
 18%|█▊        | 9/50 [01:01<04:40,  6.84s/it][A
 20%|██        | 10/50 [01:08<04:33,  6.85s/it][A
 22%|██▏       | 11/50 [01:15<04:26,  6.83s/it][A
 24%|██▍       | 12/50 [01:22<04:19,  6.84s/it][A
 26%|██▌       | 13/50 [01:28<04:13,  6.84s/it][A
 28%|██▊       | 14/50 [01:35<04:05,  6.83s/it][A
 30%|███       | 15/50 [01:42<03:59,  6.83s/it][A
 32%|███▏      | 16/50 [01:49<03:51,  6.82s/it][A
 34%|███▍      | 17/50 [01:56<03:44,  6.81s/it][A
 36%|███▌      | 18/50 [02:02<03:37,  6.81s/it][A
 38%|███▊      | 19/50 [02:09<03:29,  6.75s/it][A
 40%|████      | 20/50 [02:16<03:23,  6.78s/it][A
 42%|████▏     | 21/50 [02:23<03:16,  6.78s/it][A
 44%|████▍     | 22/50 [02:30<03:13,  6.91s/it][A
 46%|████▌     | 23/50 [02:38<03:19,  7.40s/it][A
 48%|████▊     | 24/50 [02:47<03:21,  7.75s/it][A
 50%|█████     | 25/50 [02:56<03:19,  7.97s/it][A
 52%|█████▏    | 26/50 [03:04<03:15,  8.14s/it][A
 54%|█████▍    | 27/50 [03:13<03:10,  8.27s/it][A
 56%|█████▌    | 28/50 [03:21<03:04,  8.37s/it][A
 58%|█████▊    | 29/50 [03:30<02:56,  8.42s/it][A
 60%|██████    | 30/50 [03:38<02:49,  8.49s/it][A
 62%|██████▏   | 31/50 [03:47<02:41,  8.50s/it][A
 64%|██████▍   | 32/50 [03:56<02:33,  8.52s/it][A
 66%|██████▌   | 33/50 [04:04<02:24,  8.51s/it][A
 68%|██████▊   | 34/50 [04:13<02:16,  8.54s/it][A
 70%|███████   | 35/50 [04:21<02:08,  8.56s/it][A
 72%|███████▏  | 36/50 [04:30<01:59,  8.57s/it][A
 74%|███████▍  | 37/50 [04:38<01:51,  8.56s/it][A
 76%|███████▌  | 38/50 [04:47<01:42,  8.56s/it][A
 78%|███████▊  | 39/50 [04:55<01:34,  8.57s/it][A
 80%|████████  | 40/50 [05:04<01:25,  8.56s/it][A
 82%|████████▏ | 41/50 [05:13<01:17,  8.57s/it][A
 84%|████████▍ | 42/50 [05:21<01:08,  8.57s/it][A
 86%|████████▌ | 43/50 [05:30<00:59,  8.51s/it][A
 88%|████████▊ | 44/50 [05:38<00:51,  8.53s/it][A
 90%|█████████ | 45/50 [05:48<00:45,  9.05s/it][A
 92%|█████████▏| 46/50 [05:59<00:37,  9.42s/it][A
 94%|█████████▍| 47/50 [06:09<00:29,  9.70s/it][A
 96%|█████████▌| 48/50 [06:19<00:19,  9.86s/it][A
 98%|█████████▊| 49/50 [06:29<00:09,  9.98s/it][A
100%|██████████| 50/50 [06:40<00:00, 10.06s/it][A
100%|██████████| 50/50 [06:40<00:00,  8.01s/it]
offline:  20%|██        | 200000/1000000 [1:01:47<3093:45:20, 13.92s/it, eval_success=0.020]
offline:  20%|██        | 200013/1000000 [1:01:47<1881:42:33,  8.47s/it, eval_success=0.020]
offline:  20%|██        | 200022/1000000 [1:01:47<1356:39:42,  6.11s/it, eval_success=0.020]
offline:  20%|██        | 200031/1000000 [1:01:47<970:36:55,  4.37s/it, eval_success=0.020] 
offline:  20%|██        | 200039/1000000 [1:01:48<713:14:45,  3.21s/it, eval_success=0.020]
offline:  20%|██        | 200047/1000000 [1:01:48<517:42:35,  2.33s/it, eval_success=0.020]
offline:  20%|██        | 200055/1000000 [1:01:48<372:38:30,  1.68s/it, eval_success=0.020]
offline:  20%|██        | 200064/1000000 [1:01:48<257:08:39,  1.16s/it, eval_success=0.020]
  2%|▏         | 1/50 [00:10<08:40, 10.61s/it][A
  4%|▍         | 2/50 [00:21<08:26, 10.56s/it][A
  6%|▌         | 3/50 [00:31<08:15, 10.55s/it][A
  8%|▊         | 4/50 [00:42<08:06, 10.58s/it][A
 10%|█         | 5/50 [00:52<07:56, 10.60s/it][A
 12%|█▏        | 6/50 [01:03<07:46, 10.59s/it][A
 14%|█▍        | 7/50 [01:14<07:35, 10.59s/it][A
 16%|█▌        | 8/50 [01:24<07:24, 10.58s/it][A
 18%|█▊        | 9/50 [01:35<07:12, 10.55s/it][A
 20%|██        | 10/50 [01:45<07:01, 10.54s/it][A
 22%|██▏       | 11/50 [01:56<06:51, 10.56s/it][A
 24%|██▍       | 12/50 [02:06<06:41, 10.56s/it][A
 26%|██▌       | 13/50 [02:17<06:29, 10.54s/it][A
 28%|██▊       | 14/50 [02:27<06:19, 10.53s/it][A
 30%|███       | 15/50 [02:35<05:42,  9.78s/it][A
 32%|███▏      | 16/50 [02:46<05:40, 10.01s/it][A
 34%|███▍      | 17/50 [02:56<05:35, 10.17s/it][A
 36%|███▌      | 18/50 [03:07<05:28, 10.28s/it][A
 38%|███▊      | 19/50 [03:17<05:20, 10.35s/it][A
 40%|████      | 20/50 [03:28<05:14, 10.49s/it][A
 42%|████▏     | 21/50 [03:38<04:55, 10.21s/it][A
 44%|████▍     | 22/50 [03:47<04:33,  9.76s/it][A
 46%|████▌     | 23/50 [03:55<04:14,  9.44s/it][A
 48%|████▊     | 24/50 [04:04<03:59,  9.22s/it][A
 50%|█████     | 25/50 [04:13<03:46,  9.06s/it][A
 52%|█████▏    | 26/50 [04:21<03:35,  8.98s/it][A
 54%|█████▍    | 27/50 [04:30<03:25,  8.93s/it][A
 56%|█████▌    | 28/50 [04:39<03:12,  8.74s/it][A
 58%|█████▊    | 29/50 [04:45<02:51,  8.18s/it][A
 60%|██████    | 30/50 [04:52<02:36,  7.81s/it][A
 62%|██████▏   | 31/50 [04:59<02:22,  7.52s/it][A
 64%|██████▍   | 32/50 [05:06<02:11,  7.31s/it][A
 66%|██████▌   | 33/50 [05:13<02:02,  7.18s/it][A
 68%|██████▊   | 34/50 [05:20<01:53,  7.09s/it][A
 70%|███████   | 35/50 [05:27<01:45,  7.02s/it][A
 72%|███████▏  | 36/50 [05:34<01:37,  6.97s/it][A
 74%|███████▍  | 37/50 [05:40<01:29,  6.92s/it][A
 76%|███████▌  | 38/50 [05:47<01:22,  6.90s/it][A
 78%|███████▊  | 39/50 [05:54<01:15,  6.88s/it][A
 80%|████████  | 40/50 [06:01<01:08,  6.88s/it][A
 82%|████████▏ | 41/50 [06:08<01:01,  6.88s/it][A
 84%|████████▍ | 42/50 [06:15<00:55,  6.88s/it][A
 86%|████████▌ | 43/50 [06:22<00:48,  6.88s/it][A
 88%|████████▊ | 44/50 [06:28<00:41,  6.86s/it][A
 90%|█████████ | 45/50 [06:35<00:34,  6.86s/it][A
 92%|█████████▏| 46/50 [06:44<00:29,  7.31s/it][A
 94%|█████████▍| 47/50 [06:52<00:23,  7.76s/it][A
 96%|█████████▌| 48/50 [07:00<00:15,  7.71s/it][A
 98%|█████████▊| 49/50 [07:09<00:08,  8.02s/it][A
100%|██████████| 50/50 [07:17<00:00,  8.24s/it][A
100%|██████████| 50/50 [07:17<00:00,  8.76s/it]
offline:  30%|███       | 300000/1000000 [1:29:06<3306:25:39, 17.00s/it, eval_success=0.040]
offline:  30%|███       | 300013/1000000 [1:29:06<1923:00:25,  9.89s/it, eval_success=0.040]
offline:  30%|███       | 300021/1000000 [1:29:06<1406:28:39,  7.23s/it, eval_success=0.040]
offline:  30%|███       | 300029/1000000 [1:29:07<1016:43:05,  5.23s/it, eval_success=0.040]
offline:  30%|███       | 300038/1000000 [1:29:07<703:42:19,  3.62s/it, eval_success=0.040] 
offline:  30%|███       | 300046/1000000 [1:29:07<506:26:36,  2.60s/it, eval_success=0.040]
offline:  30%|███       | 300054/1000000 [1:29:07<361:54:09,  1.86s/it, eval_success=0.040]
offline:  30%|███       | 300063/1000000 [1:29:07<248:31:11,  1.28s/it, eval_success=0.040]
  2%|▏         | 1/50 [00:07<05:44,  7.03s/it][A
  4%|▍         | 2/50 [00:14<05:58,  7.46s/it][A
  6%|▌         | 3/50 [00:21<05:40,  7.23s/it][A
  8%|▊         | 4/50 [00:28<05:27,  7.11s/it][A
 10%|█         | 5/50 [00:35<05:18,  7.08s/it][A
 12%|█▏        | 6/50 [00:42<05:09,  7.04s/it][A
 14%|█▍        | 7/50 [00:49<05:00,  7.00s/it][A
 16%|█▌        | 8/50 [00:56<04:53,  6.98s/it][A
 18%|█▊        | 9/50 [01:03<04:43,  6.91s/it][A
 20%|██        | 10/50 [01:10<04:34,  6.86s/it][A
 22%|██▏       | 11/50 [01:16<04:26,  6.83s/it][A
 24%|██▍       | 12/50 [01:23<04:18,  6.79s/it][A
 26%|██▌       | 13/50 [01:30<04:11,  6.79s/it][A
 28%|██▊       | 14/50 [01:37<04:04,  6.79s/it][A
 30%|███       | 15/50 [01:43<03:56,  6.75s/it][A
 32%|███▏      | 16/50 [01:50<03:49,  6.75s/it][A
 34%|███▍      | 17/50 [01:57<03:48,  6.91s/it][A
 36%|███▌      | 18/50 [02:06<03:58,  7.46s/it][A
 38%|███▊      | 19/50 [02:15<04:02,  7.84s/it][A
 40%|████      | 20/50 [02:23<04:02,  8.09s/it][A
 42%|████▏     | 21/50 [02:32<04:00,  8.30s/it][A
 44%|████▍     | 22/50 [02:41<03:56,  8.44s/it][A
 46%|████▌     | 23/50 [02:50<03:49,  8.51s/it][A
 48%|████▊     | 24/50 [02:58<03:42,  8.56s/it][A
 50%|█████     | 25/50 [03:07<03:35,  8.61s/it][A
 52%|█████▏    | 26/50 [03:16<03:27,  8.63s/it][A
 54%|█████▍    | 27/50 [03:24<03:19,  8.66s/it][A
 56%|█████▌    | 28/50 [03:33<03:11,  8.69s/it][A
 58%|█████▊    | 29/50 [03:40<02:53,  8.25s/it][A
 60%|██████    | 30/50 [03:47<02:36,  7.83s/it][A
 62%|██████▏   | 31/50 [03:54<02:22,  7.52s/it][A
 64%|██████▍   | 32/50 [04:01<02:11,  7.32s/it][A
 66%|██████▌   | 33/50 [04:08<02:01,  7.15s/it][A
 68%|██████▊   | 34/50 [04:14<01:52,  7.05s/it][A
 70%|███████   | 35/50 [04:21<01:44,  6.97s/it][A
 72%|███████▏  | 36/50 [04:28<01:37,  6.93s/it][A
 74%|███████▍  | 37/50 [04:35<01:29,  6.88s/it][A
 76%|███████▌  | 38/50 [04:42<01:22,  6.86s/it][A
 78%|███████▊  | 39/50 [04:49<01:15,  6.86s/it][A
 80%|████████  | 40/50 [04:55<01:08,  6.86s/it][A
 82%|████████▏ | 41/50 [05:02<01:01,  6.83s/it][A
 84%|████████▍ | 42/50 [05:09<00:54,  6.82s/it][A
 86%|████████▌ | 43/50 [05:16<00:47,  6.81s/it][A
 88%|████████▊ | 44/50 [05:23<00:40,  6.82s/it][A
 90%|█████████ | 45/50 [05:29<00:34,  6.82s/it][A
 92%|█████████▏| 46/50 [05:36<00:27,  6.81s/it][A
 94%|█████████▍| 47/50 [05:44<00:21,  7.02s/it][A
 96%|█████████▌| 48/50 [05:52<00:15,  7.52s/it][A
 98%|█████████▊| 49/50 [06:01<00:07,  7.87s/it][A
100%|██████████| 50/50 [06:10<00:00,  8.12s/it][A
100%|██████████| 50/50 [06:10<00:00,  7.41s/it]
offline:  40%|████      | 400000/1000000 [1:55:27<2714:28:22, 16.29s/it, eval_success=0.000]
offline:  40%|████      | 400011/1000000 [1:55:28<1606:34:57,  9.64s/it, eval_success=0.000]
offline:  40%|████      | 400020/1000000 [1:55:28<1088:05:35,  6.53s/it, eval_success=0.000]
offline:  40%|████      | 400029/1000000 [1:55:28<745:08:11,  4.47s/it, eval_success=0.000] 
offline:  40%|████      | 400038/1000000 [1:55:28<514:09:22,  3.09s/it, eval_success=0.000]
offline:  40%|████      | 400047/1000000 [1:55:28<356:47:16,  2.14s/it, eval_success=0.000]
offline:  40%|████      | 400058/1000000 [1:55:28<232:40:34,  1.40s/it, eval_success=0.000]
  2%|▏         | 1/50 [00:05<04:15,  5.21s/it][A
  4%|▍         | 2/50 [00:13<05:41,  7.12s/it][A
  6%|▌         | 3/50 [00:21<05:51,  7.47s/it][A
  8%|▊         | 4/50 [00:30<06:03,  7.91s/it][A
 10%|█         | 5/50 [00:37<05:40,  7.58s/it][A
 12%|█▏        | 6/50 [00:45<05:46,  7.88s/it][A
 14%|█▍        | 7/50 [00:54<05:47,  8.08s/it][A
 16%|█▌        | 8/50 [01:02<05:37,  8.04s/it][A
 18%|█▊        | 9/50 [01:09<05:19,  7.80s/it][A
 20%|██        | 10/50 [01:17<05:20,  8.02s/it][A
 22%|██▏       | 11/50 [01:26<05:19,  8.19s/it][A
 24%|██▍       | 12/50 [01:34<05:14,  8.28s/it][A
 26%|██▌       | 13/50 [01:42<05:04,  8.22s/it][A
 28%|██▊       | 14/50 [01:51<04:58,  8.30s/it][A
 30%|███       | 15/50 [02:00<04:54,  8.40s/it][A
 32%|███▏      | 16/50 [02:08<04:47,  8.45s/it][A
 34%|███▍      | 17/50 [02:15<04:25,  8.05s/it][A
 36%|███▌      | 18/50 [02:24<04:22,  8.21s/it][A
 38%|███▊      | 19/50 [02:32<04:17,  8.30s/it][A
 40%|████      | 20/50 [02:41<04:10,  8.36s/it][A
 42%|████▏     | 21/50 [02:48<03:52,  8.01s/it][A
 44%|████▍     | 22/50 [02:58<04:03,  8.69s/it][A
 46%|████▌     | 23/50 [03:09<04:09,  9.24s/it][A
 48%|████▊     | 24/50 [03:19<04:10,  9.63s/it][A
 50%|█████     | 25/50 [03:30<04:07,  9.88s/it][A
 52%|█████▏    | 26/50 [03:38<03:45,  9.39s/it][A
 54%|█████▍    | 27/50 [03:49<03:44,  9.75s/it][A
 56%|█████▌    | 28/50 [03:58<03:29,  9.52s/it][A
 58%|█████▊    | 29/50 [04:07<03:20,  9.57s/it][A
 60%|██████    | 30/50 [04:15<03:00,  9.03s/it][A
 62%|██████▏   | 31/50 [04:24<02:48,  8.86s/it][A
 64%|██████▍   | 32/50 [04:30<02:27,  8.17s/it][A
 66%|██████▌   | 33/50 [04:38<02:17,  8.06s/it][A
 68%|██████▊   | 34/50 [04:45<02:02,  7.63s/it][A
 70%|███████   | 35/50 [04:51<01:50,  7.37s/it][A
 72%|███████▏  | 36/50 [04:58<01:40,  7.15s/it][A
 74%|███████▍  | 37/50 [05:05<01:30,  6.98s/it][A
 76%|███████▌  | 38/50 [05:11<01:22,  6.90s/it][A
 78%|███████▊  | 39/50 [05:18<01:15,  6.83s/it][A
 80%|████████  | 40/50 [05:24<01:07,  6.73s/it][A
 82%|████████▏ | 41/50 [05:31<01:00,  6.71s/it][A
 84%|████████▍ | 42/50 [05:37<00:52,  6.54s/it][A
 86%|████████▌ | 43/50 [05:44<00:45,  6.57s/it][A
 88%|████████▊ | 44/50 [05:49<00:36,  6.07s/it][A
 90%|█████████ | 45/50 [05:55<00:31,  6.25s/it][A
 92%|█████████▏| 46/50 [06:02<00:25,  6.38s/it][A
 94%|█████████▍| 47/50 [06:09<00:19,  6.45s/it][A
 96%|█████████▌| 48/50 [06:15<00:12,  6.33s/it][A
 98%|█████████▊| 49/50 [06:22<00:06,  6.44s/it][A
100%|██████████| 50/50 [06:28<00:00,  6.45s/it][A
100%|██████████| 50/50 [06:28<00:00,  7.77s/it]
offline:  50%|█████     | 500000/1000000 [2:24:09<1354:51:03,  9.75s/it, eval_success=0.400]
offline:  50%|█████     | 500017/1000000 [2:24:09<842:28:15,  6.07s/it, eval_success=0.400] 
offline:  50%|█████     | 500030/1000000 [2:24:09<596:24:50,  4.29s/it, eval_success=0.400]
offline:  50%|█████     | 500042/1000000 [2:24:09<430:49:53,  3.10s/it, eval_success=0.400]
offline:  50%|█████     | 500053/1000000 [2:24:09<316:08:11,  2.28s/it, eval_success=0.400]
offline:  50%|█████     | 500064/1000000 [2:24:10<229:19:23,  1.65s/it, eval_success=0.400]
offline:  50%|█████     | 500075/1000000 [2:24:10<164:49:33,  1.19s/it, eval_success=0.400]
  2%|▏         | 1/50 [00:05<04:13,  5.17s/it][A
  4%|▍         | 2/50 [00:10<04:10,  5.23s/it][A
  6%|▌         | 3/50 [00:15<04:04,  5.20s/it][A
  8%|▊         | 4/50 [00:20<03:48,  4.96s/it][A
 10%|█         | 5/50 [00:25<03:47,  5.05s/it][A
 12%|█▏        | 6/50 [00:30<03:37,  4.94s/it][A
 14%|█▍        | 7/50 [00:33<03:14,  4.52s/it][A
 16%|█▌        | 8/50 [00:38<03:11,  4.56s/it][A
 18%|█▊        | 9/50 [00:43<03:14,  4.75s/it][A
 20%|██        | 10/50 [00:48<03:16,  4.91s/it][A
 22%|██▏       | 11/50 [00:54<03:14,  4.99s/it][A
 24%|██▍       | 12/50 [00:59<03:11,  5.03s/it][A
 26%|██▌       | 13/50 [01:04<03:08,  5.08s/it][A
 28%|██▊       | 14/50 [01:08<02:55,  4.88s/it][A
 30%|███       | 15/50 [01:14<02:54,  4.99s/it][A
 32%|███▏      | 16/50 [01:19<02:52,  5.09s/it][A
 34%|███▍      | 17/50 [01:24<02:48,  5.11s/it][A
 36%|███▌      | 18/50 [01:30<02:55,  5.48s/it][A
 38%|███▊      | 19/50 [01:37<03:02,  5.89s/it][A
 40%|████      | 20/50 [01:45<03:18,  6.61s/it][A
 42%|████▏     | 21/50 [01:54<03:28,  7.18s/it][A
 44%|████▍     | 22/50 [02:03<03:32,  7.60s/it][A
 46%|████▌     | 23/50 [02:11<03:32,  7.88s/it][A
 48%|████▊     | 24/50 [02:18<03:16,  7.56s/it][A
 50%|█████     | 25/50 [02:26<03:16,  7.85s/it][A
 52%|█████▏    | 26/50 [02:34<03:09,  7.89s/it][A
 54%|█████▍    | 27/50 [02:43<03:06,  8.09s/it][A
 56%|█████▌    | 28/50 [02:52<03:00,  8.23s/it][A
 58%|█████▊    | 29/50 [03:00<02:54,  8.30s/it][A
 60%|██████    | 30/50 [03:07<02:38,  7.91s/it][A
 62%|██████▏   | 31/50 [03:14<02:22,  7.52s/it][A
 64%|██████▍   | 32/50 [03:20<02:07,  7.09s/it][A
 66%|██████▌   | 33/50 [03:27<02:00,  7.06s/it][A
 68%|██████▊   | 34/50 [03:33<01:50,  6.92s/it][A
 70%|███████   | 35/50 [03:40<01:41,  6.79s/it][A
 72%|███████▏  | 36/50 [03:47<01:35,  6.85s/it][A
 74%|███████▍  | 37/50 [03:55<01:35,  7.35s/it][A
 76%|███████▌  | 38/50 [04:02<01:26,  7.22s/it][A
 78%|███████▊  | 39/50 [04:09<01:18,  7.16s/it][A
 80%|████████  | 40/50 [04:18<01:15,  7.57s/it][A
 82%|████████▏ | 41/50 [04:25<01:08,  7.57s/it][A
 84%|████████▍ | 42/50 [04:33<00:59,  7.49s/it][A
 86%|████████▌ | 43/50 [04:41<00:54,  7.79s/it][A
 88%|████████▊ | 44/50 [04:50<00:48,  8.00s/it][A
 90%|█████████ | 45/50 [04:58<00:40,  8.14s/it][A
 92%|█████████▏| 46/50 [05:07<00:32,  8.23s/it][A
 94%|█████████▍| 47/50 [05:15<00:24,  8.30s/it][A
 96%|█████████▌| 48/50 [05:24<00:16,  8.38s/it][A
 98%|█████████▊| 49/50 [05:32<00:08,  8.41s/it][A
100%|██████████| 50/50 [05:40<00:00,  8.43s/it][A
100%|██████████| 50/50 [05:40<00:00,  6.82s/it]
offline:  60%|██████    | 600000/1000000 [2:52:05<848:01:19,  7.63s/it, eval_success=0.320]
offline:  60%|██████    | 600014/1000000 [2:52:05<586:21:27,  5.28s/it, eval_success=0.320]
offline:  60%|██████    | 600027/1000000 [2:52:05<416:18:00,  3.75s/it, eval_success=0.320]
offline:  60%|██████    | 600039/1000000 [2:52:05<301:19:50,  2.71s/it, eval_success=0.320]
offline:  60%|██████    | 600050/1000000 [2:52:06<221:23:13,  1.99s/it, eval_success=0.320]
offline:  60%|██████    | 600061/1000000 [2:52:06<160:49:13,  1.45s/it, eval_success=0.320]
offline:  60%|██████    | 600071/1000000 [2:52:06<118:48:11,  1.07s/it, eval_success=0.320]
  2%|▏         | 1/50 [00:08<06:54,  8.46s/it][A
  4%|▍         | 2/50 [00:16<06:46,  8.48s/it][A
  6%|▌         | 3/50 [00:24<06:29,  8.28s/it][A
  8%|▊         | 4/50 [00:35<07:02,  9.17s/it][A
 10%|█         | 5/50 [00:44<06:53,  9.19s/it][A
 12%|█▏        | 6/50 [00:53<06:34,  8.97s/it][A
 14%|█▍        | 7/50 [01:01<06:17,  8.79s/it][A
 16%|█▌        | 8/50 [01:09<05:53,  8.41s/it][A
 18%|█▊        | 9/50 [01:17<05:45,  8.43s/it][A
 20%|██        | 10/50 [01:26<05:37,  8.44s/it][A
 22%|██▏       | 11/50 [01:34<05:21,  8.25s/it][A
 24%|██▍       | 12/50 [01:42<05:16,  8.32s/it][A
 26%|██▌       | 13/50 [01:49<04:55,  8.00s/it][A
 28%|██▊       | 14/50 [01:56<04:32,  7.57s/it][A
 30%|███       | 15/50 [02:02<04:11,  7.19s/it][A
 32%|███▏      | 16/50 [02:08<03:49,  6.74s/it][A
 34%|███▍      | 17/50 [02:14<03:38,  6.62s/it][A
 36%|███▌      | 18/50 [02:21<03:31,  6.62s/it][A
 38%|███▊      | 19/50 [02:28<03:25,  6.63s/it][A
 40%|████      | 20/50 [02:34<03:16,  6.54s/it][A
 42%|████▏     | 21/50 [02:41<03:11,  6.59s/it][A
 44%|████▍     | 22/50 [02:47<03:04,  6.59s/it][A
 46%|████▌     | 23/50 [02:53<02:48,  6.26s/it][A
 48%|████▊     | 24/50 [03:00<02:49,  6.52s/it][A
 50%|█████     | 25/50 [03:08<02:58,  7.12s/it][A
 52%|█████▏    | 26/50 [03:16<02:57,  7.41s/it][A
 54%|█████▍    | 27/50 [03:25<02:58,  7.75s/it][A
 56%|█████▌    | 28/50 [03:33<02:51,  7.81s/it][A
 58%|█████▊    | 29/50 [03:40<02:37,  7.49s/it][A
 60%|██████    | 30/50 [03:46<02:25,  7.28s/it][A
 62%|██████▏   | 31/50 [03:53<02:13,  7.05s/it][A
 64%|██████▍   | 32/50 [03:58<01:56,  6.46s/it][A
 66%|██████▌   | 33/50 [04:03<01:43,  6.08s/it][A
 68%|██████▊   | 34/50 [04:08<01:32,  5.81s/it][A
 70%|███████   | 35/50 [04:13<01:19,  5.32s/it][A
 72%|███████▏  | 36/50 [04:18<01:13,  5.26s/it][A
 74%|███████▍  | 37/50 [04:23<01:07,  5.21s/it][A
 76%|███████▌  | 38/50 [04:27<00:59,  4.99s/it][A
 78%|███████▊  | 39/50 [04:32<00:55,  5.04s/it][A
 80%|████████  | 40/50 [04:38<00:50,  5.08s/it][A
 82%|████████▏ | 41/50 [04:42<00:44,  4.98s/it][A
 84%|████████▍ | 42/50 [04:46<00:36,  4.59s/it][A
 86%|████████▌ | 43/50 [04:51<00:33,  4.79s/it][A
 88%|████████▊ | 44/50 [04:55<00:27,  4.52s/it][A
 90%|█████████ | 45/50 [05:00<00:23,  4.71s/it][A
 92%|█████████▏| 46/50 [05:05<00:19,  4.84s/it][A
 94%|█████████▍| 47/50 [05:11<00:14,  4.93s/it][A
 96%|█████████▌| 48/50 [05:16<00:09,  4.99s/it][A
 98%|█████████▊| 49/50 [05:21<00:05,  5.05s/it][A
100%|██████████| 50/50 [05:26<00:00,  5.07s/it][A
100%|██████████| 50/50 [05:26<00:00,  6.53s/it]
offline:  70%|███████   | 700000/1000000 [3:20:11<1040:16:42, 12.48s/it, eval_success=0.320]
offline:  70%|███████   | 700020/1000000 [3:20:11<497:49:27,  5.97s/it, eval_success=0.320] 
offline:  70%|███████   | 700033/1000000 [3:20:12<335:35:25,  4.03s/it, eval_success=0.320]
offline:  70%|███████   | 700045/1000000 [3:20:12<234:50:50,  2.82s/it, eval_success=0.320]
offline:  70%|███████   | 700059/1000000 [3:20:12<156:39:20,  1.88s/it, eval_success=0.320]
offline:  70%|███████   | 700074/1000000 [3:20:12<103:51:07,  1.25s/it, eval_success=0.320]
  2%|▏         | 1/50 [00:10<08:32, 10.47s/it][A
  4%|▍         | 2/50 [00:20<08:08, 10.18s/it][A
  6%|▌         | 3/50 [00:30<08:06, 10.34s/it][A
  8%|▊         | 4/50 [00:41<07:57, 10.38s/it][A
 10%|█         | 5/50 [00:51<07:48, 10.42s/it][A
 12%|█▏        | 6/50 [01:02<07:38, 10.43s/it][A
 14%|█▍        | 7/50 [01:12<07:17, 10.18s/it][A
 16%|█▌        | 8/50 [01:20<06:44,  9.62s/it][A
 18%|█▊        | 9/50 [01:28<06:19,  9.25s/it][A
 20%|██        | 10/50 [01:37<06:00,  9.01s/it][A
 22%|██▏       | 11/50 [01:45<05:44,  8.83s/it][A
 24%|██▍       | 12/50 [01:54<05:31,  8.71s/it][A
 26%|██▌       | 13/50 [02:02<05:20,  8.66s/it][A
 28%|██▊       | 14/50 [02:10<05:05,  8.48s/it][A
 30%|███       | 15/50 [02:19<04:55,  8.44s/it][A
 32%|███▏      | 16/50 [02:27<04:46,  8.43s/it][A
 34%|███▍      | 17/50 [02:36<04:39,  8.46s/it][A
 36%|███▌      | 18/50 [02:44<04:30,  8.46s/it][A
 38%|███▊      | 19/50 [02:53<04:22,  8.47s/it][A
 40%|████      | 20/50 [03:00<04:03,  8.11s/it][A
 42%|████▏     | 21/50 [03:10<04:16,  8.83s/it][A
 44%|████▍     | 22/50 [03:21<04:20,  9.32s/it][A
 46%|████▌     | 23/50 [03:31<04:21,  9.68s/it][A
 48%|████▊     | 24/50 [03:42<04:18,  9.94s/it][A
 50%|█████     | 25/50 [03:52<04:12, 10.10s/it][A
 52%|█████▏    | 26/50 [04:03<04:04, 10.20s/it][A
 54%|█████▍    | 27/50 [04:13<03:56, 10.28s/it][A
 56%|█████▌    | 28/50 [04:24<03:47, 10.33s/it][A
 58%|█████▊    | 29/50 [04:34<03:37, 10.36s/it][A
 60%|██████    | 30/50 [04:45<03:27, 10.38s/it][A
 62%|██████▏   | 31/50 [04:55<03:17, 10.39s/it][A
 64%|██████▍   | 32/50 [05:05<03:04, 10.25s/it][A
 66%|██████▌   | 33/50 [05:13<02:44,  9.70s/it][A
 68%|██████▊   | 34/50 [05:22<02:29,  9.35s/it][A
 70%|███████   | 35/50 [05:30<02:16,  9.09s/it][A
 72%|███████▏  | 36/50 [05:39<02:04,  8.91s/it][A
 74%|███████▍  | 37/50 [05:47<01:54,  8.78s/it][A
 76%|███████▌  | 38/50 [05:56<01:44,  8.70s/it][A
 78%|███████▊  | 39/50 [06:04<01:34,  8.63s/it][A
 80%|████████  | 40/50 [06:12<01:24,  8.50s/it][A
 82%|████████▏ | 41/50 [06:21<01:16,  8.52s/it][A
 84%|████████▍ | 42/50 [06:29<01:05,  8.23s/it][A
 86%|████████▌ | 43/50 [06:37<00:58,  8.29s/it][A
 88%|████████▊ | 44/50 [06:45<00:50,  8.34s/it][A
 90%|█████████ | 45/50 [06:53<00:40,  8.13s/it][A
 92%|█████████▏| 46/50 [07:02<00:32,  8.24s/it][A
 94%|█████████▍| 47/50 [07:10<00:24,  8.32s/it][A
 96%|█████████▌| 48/50 [07:19<00:16,  8.38s/it][A
 98%|█████████▊| 49/50 [07:27<00:08,  8.26s/it][A
100%|██████████| 50/50 [07:35<00:00,  8.32s/it][A
100%|██████████| 50/50 [07:35<00:00,  9.11s/it]
offline:  80%|████████  | 800000/1000000 [3:49:57<996:32:20, 17.94s/it, eval_success=0.140]
offline:  80%|████████  | 800012/1000000 [3:49:58<595:26:59, 10.72s/it, eval_success=0.140]
offline:  80%|████████  | 800023/1000000 [3:49:58<390:01:56,  7.02s/it, eval_success=0.140]
offline:  80%|████████  | 800033/1000000 [3:49:58<269:33:16,  4.85s/it, eval_success=0.140]
offline:  80%|████████  | 800042/1000000 [3:49:58<193:03:38,  3.48s/it, eval_success=0.140]
offline:  80%|████████  | 800050/1000000 [3:49:58<141:59:49,  2.56s/it, eval_success=0.140]
offline:  80%|████████  | 800058/1000000 [3:49:58<103:10:17,  1.86s/it, eval_success=0.140]
offline:  80%|████████  | 800068/1000000 [3:49:58<69:24:11,  1.25s/it, eval_success=0.140] 
  2%|▏         | 1/50 [00:06<05:32,  6.79s/it][A
  4%|▍         | 2/50 [00:13<05:24,  6.75s/it][A
  6%|▌         | 3/50 [00:20<05:18,  6.78s/it][A
  8%|▊         | 4/50 [00:26<05:09,  6.73s/it][A
 10%|█         | 5/50 [00:33<04:54,  6.54s/it][A
 12%|█▏        | 6/50 [00:39<04:51,  6.63s/it][A
 14%|█▍        | 7/50 [00:46<04:46,  6.67s/it][A
 16%|█▌        | 8/50 [00:53<04:41,  6.69s/it][A
 18%|█▊        | 9/50 [01:00<04:34,  6.70s/it][A
 20%|██        | 10/50 [01:06<04:27,  6.69s/it][A
 22%|██▏       | 11/50 [01:14<04:26,  6.84s/it][A
 24%|██▍       | 12/50 [01:22<04:41,  7.40s/it][A
 26%|██▌       | 13/50 [01:32<04:57,  8.04s/it][A
 28%|██▊       | 14/50 [01:42<05:16,  8.79s/it][A
 30%|███       | 15/50 [01:52<05:14,  9.00s/it][A
 32%|███▏      | 16/50 [02:02<05:22,  9.48s/it][A
 34%|███▍      | 17/50 [02:13<05:23,  9.81s/it][A
 36%|███▌      | 18/50 [02:24<05:21, 10.05s/it][A
 38%|███▊      | 19/50 [02:34<05:14, 10.16s/it][A
 40%|████      | 20/50 [02:45<05:09, 10.30s/it][A
 42%|████▏     | 21/50 [02:55<05:01, 10.41s/it][A
 44%|████▍     | 22/50 [03:06<04:52, 10.45s/it][A
 46%|████▌     | 23/50 [03:14<04:27,  9.92s/it][A
 48%|████▊     | 24/50 [03:25<04:22, 10.08s/it][A
 50%|█████     | 25/50 [03:35<04:15, 10.20s/it][A
 52%|█████▏    | 26/50 [03:46<04:07, 10.30s/it][A
 54%|█████▍    | 27/50 [03:56<03:58, 10.36s/it][A
 56%|█████▌    | 28/50 [04:07<03:48, 10.39s/it][A
 58%|█████▊    | 29/50 [04:17<03:38, 10.43s/it][A
 60%|██████    | 30/50 [04:28<03:29, 10.46s/it][A
 62%|██████▏   | 31/50 [04:38<03:19, 10.47s/it][A
 64%|██████▍   | 32/50 [04:48<03:01, 10.10s/it][A
 66%|██████▌   | 33/50 [04:58<02:54, 10.24s/it][A
 68%|██████▊   | 34/50 [05:07<02:37,  9.85s/it][A
 70%|███████   | 35/50 [05:16<02:21,  9.46s/it][A
 72%|███████▏  | 36/50 [05:24<02:08,  9.20s/it][A
 74%|███████▍  | 37/50 [05:33<01:55,  8.92s/it][A
 76%|███████▌  | 38/50 [05:41<01:44,  8.74s/it][A
 78%|███████▊  | 39/50 [05:50<01:35,  8.71s/it][A
 80%|████████  | 40/50 [06:00<01:31,  9.14s/it][A
 82%|████████▏ | 41/50 [06:10<01:25,  9.53s/it][A
 84%|████████▍ | 42/50 [06:21<01:18,  9.83s/it][A
 86%|████████▌ | 43/50 [06:31<01:10, 10.01s/it][A
 88%|████████▊ | 44/50 [06:42<01:00, 10.13s/it][A
 90%|█████████ | 45/50 [06:52<00:51, 10.23s/it][A
 92%|█████████▏| 46/50 [07:02<00:41, 10.29s/it][A
 94%|█████████▍| 47/50 [07:13<00:31, 10.35s/it][A
 96%|█████████▌| 48/50 [07:23<00:20, 10.42s/it][A
 98%|█████████▊| 49/50 [07:33<00:10, 10.22s/it][A
100%|██████████| 50/50 [07:44<00:00, 10.27s/it][A
100%|██████████| 50/50 [07:44<00:00,  9.28s/it]
offline:  90%|█████████ | 900000/1000000 [4:17:01<430:35:22, 15.50s/it, eval_success=0.160]
offline:  90%|█████████ | 900012/1000000 [4:17:01<273:59:05,  9.86s/it, eval_success=0.160]
offline:  90%|█████████ | 900023/1000000 [4:17:01<185:43:22,  6.69s/it, eval_success=0.160]
offline:  90%|█████████ | 900032/1000000 [4:17:01<134:56:58,  4.86s/it, eval_success=0.160]
offline:  90%|█████████ | 900041/1000000 [4:17:01<97:07:11,  3.50s/it, eval_success=0.160] 
offline:  90%|█████████ | 900049/1000000 [4:17:02<71:39:27,  2.58s/it, eval_success=0.160]
offline:  90%|█████████ | 900057/1000000 [4:17:02<52:10:28,  1.88s/it, eval_success=0.160]
offline:  90%|█████████ | 900065/1000000 [4:17:02<37:37:20,  1.36s/it, eval_success=0.160]
  2%|▏         | 1/50 [00:08<07:02,  8.62s/it][A
  4%|▍         | 2/50 [00:17<06:52,  8.60s/it][A
  6%|▌         | 3/50 [00:25<06:42,  8.56s/it][A
  8%|▊         | 4/50 [00:33<06:20,  8.28s/it][A
 10%|█         | 5/50 [00:42<06:26,  8.59s/it][A
 12%|█▏        | 6/50 [00:51<06:21,  8.66s/it][A
 14%|█▍        | 7/50 [00:59<06:08,  8.57s/it][A
 16%|█▌        | 8/50 [01:10<06:26,  9.20s/it][A
 18%|█▊        | 9/50 [01:18<06:04,  8.89s/it][A
 20%|██        | 10/50 [01:26<05:39,  8.48s/it][A
 22%|██▏       | 11/50 [01:36<05:55,  9.12s/it][A
 24%|██▍       | 12/50 [01:46<05:53,  9.31s/it][A
 26%|██▌       | 13/50 [01:56<05:57,  9.66s/it][A
 28%|██▊       | 14/50 [02:05<05:30,  9.17s/it][A
 30%|███       | 15/50 [02:14<05:26,  9.34s/it][A
 32%|███▏      | 16/50 [02:25<05:29,  9.69s/it][A
 34%|███▍      | 17/50 [02:35<05:29,  9.97s/it][A
 36%|███▌      | 18/50 [02:46<05:24, 10.15s/it][A
 38%|███▊      | 19/50 [02:57<05:18, 10.28s/it][A
 40%|████      | 20/50 [03:05<04:50,  9.69s/it][A
 42%|████▏     | 21/50 [03:15<04:47,  9.93s/it][A
 44%|████▍     | 22/50 [03:26<04:42, 10.10s/it][A
 46%|████▌     | 23/50 [03:36<04:36, 10.24s/it][A
 48%|████▊     | 24/50 [03:47<04:28, 10.34s/it][A
 50%|█████     | 25/50 [03:57<04:19, 10.39s/it][A
 52%|█████▏    | 26/50 [04:08<04:08, 10.37s/it][A
 54%|█████▍    | 27/50 [04:18<03:55, 10.25s/it][A
 56%|█████▌    | 28/50 [04:28<03:48, 10.38s/it][A
 58%|█████▊    | 29/50 [04:39<03:36, 10.29s/it][A
 60%|██████    | 30/50 [04:49<03:27, 10.39s/it][A
 62%|██████▏   | 31/50 [05:00<03:17, 10.42s/it][A
 64%|██████▍   | 32/50 [05:10<03:08, 10.46s/it][A
 66%|██████▌   | 33/50 [05:21<02:58, 10.50s/it][A
 68%|██████▊   | 34/50 [05:31<02:48, 10.50s/it][A
 70%|███████   | 35/50 [05:39<02:22,  9.51s/it][A
 72%|███████▏  | 36/50 [05:47<02:09,  9.26s/it][A
 74%|███████▍  | 37/50 [05:54<01:51,  8.59s/it][A
 76%|███████▌  | 38/50 [06:01<01:36,  8.02s/it][A
 78%|███████▊  | 39/50 [06:08<01:24,  7.65s/it][A
 80%|████████  | 40/50 [06:14<01:13,  7.37s/it][A
 82%|████████▏ | 41/50 [06:21<01:04,  7.19s/it][A
 84%|████████▍ | 42/50 [06:28<00:56,  7.06s/it][A
 86%|████████▌ | 43/50 [06:35<00:48,  6.97s/it][A
 88%|████████▊ | 44/50 [06:41<00:41,  6.89s/it][A
 90%|█████████ | 45/50 [06:47<00:32,  6.52s/it][A
 92%|█████████▏| 46/50 [06:53<00:25,  6.45s/it][A
 94%|█████████▍| 47/50 [06:59<00:18,  6.25s/it][A
 96%|█████████▌| 48/50 [07:06<00:12,  6.33s/it][A
 98%|█████████▊| 49/50 [07:12<00:06,  6.47s/it][A
100%|██████████| 50/50 [07:19<00:00,  6.56s/it][A
100%|██████████| 50/50 [07:19<00:00,  8.79s/it]
offline: 100%|█████████▉| 999999/1000000 [4:45:21<00:14, 14.62s/it, eval_success=0.360]
  2%|▏         | 1/50 [00:06<05:29,  6.73s/it][A
  4%|▍         | 2/50 [00:13<05:23,  6.75s/it][A
  6%|▌         | 3/50 [00:20<05:15,  6.72s/it][A
  8%|▊         | 4/50 [00:26<05:07,  6.68s/it][A
 10%|█         | 5/50 [00:33<05:01,  6.70s/it][A
 12%|█▏        | 6/50 [00:40<04:56,  6.73s/it][A
 14%|█▍        | 7/50 [00:47<04:49,  6.74s/it][A
 16%|█▌        | 8/50 [00:53<04:34,  6.54s/it][A
 18%|█▊        | 9/50 [00:59<04:31,  6.62s/it][A
 20%|██        | 10/50 [01:06<04:26,  6.65s/it][A
 22%|██▏       | 11/50 [01:11<04:00,  6.16s/it][A
 24%|██▍       | 12/50 [01:18<04:00,  6.33s/it][A
 26%|██▌       | 13/50 [01:25<03:59,  6.46s/it][A
 28%|██▊       | 14/50 [01:30<03:44,  6.23s/it][A
 30%|███       | 15/50 [01:37<03:42,  6.37s/it][A
 32%|███▏      | 16/50 [01:44<03:40,  6.49s/it][A
 34%|███▍      | 17/50 [01:51<03:36,  6.56s/it][A
 36%|███▌      | 18/50 [01:57<03:31,  6.62s/it][A
 38%|███▊      | 19/50 [02:04<03:25,  6.64s/it][A
 40%|████      | 20/50 [02:10<03:14,  6.50s/it][A
 42%|████▏     | 21/50 [02:16<03:02,  6.29s/it][A
 44%|████▍     | 22/50 [02:23<02:57,  6.36s/it][A
 46%|████▌     | 23/50 [02:29<02:53,  6.44s/it][A
 48%|████▊     | 24/50 [02:36<02:48,  6.48s/it][A
 50%|█████     | 25/50 [02:42<02:42,  6.52s/it][A
 52%|█████▏    | 26/50 [02:49<02:36,  6.53s/it][A
 54%|█████▍    | 27/50 [02:56<02:30,  6.56s/it][A
 56%|█████▌    | 28/50 [03:02<02:23,  6.54s/it][A
 58%|█████▊    | 29/50 [03:09<02:18,  6.58s/it][A
 60%|██████    | 30/50 [03:15<02:11,  6.58s/it][A
 62%|██████▏   | 31/50 [03:22<02:05,  6.60s/it][A
 64%|██████▍   | 32/50 [03:29<01:58,  6.59s/it][A
 66%|██████▌   | 33/50 [03:34<01:46,  6.28s/it][A
 68%|██████▊   | 34/50 [03:41<01:41,  6.37s/it][A
 70%|███████   | 35/50 [03:49<01:42,  6.83s/it][A
 72%|███████▏  | 36/50 [03:57<01:41,  7.28s/it][A
 74%|███████▍  | 37/50 [04:05<01:39,  7.64s/it][A
 76%|███████▌  | 38/50 [04:16<01:41,  8.46s/it][A
 78%|███████▊  | 39/50 [04:24<01:33,  8.50s/it][A
 80%|████████  | 40/50 [04:33<01:24,  8.46s/it][A
 82%|████████▏ | 41/50 [04:41<01:15,  8.44s/it][A
 84%|████████▍ | 42/50 [04:50<01:07,  8.49s/it][A
 86%|████████▌ | 43/50 [04:58<00:59,  8.50s/it][A
 88%|████████▊ | 44/50 [05:06<00:50,  8.35s/it][A
 90%|█████████ | 45/50 [05:13<00:40,  8.00s/it][A
 92%|█████████▏| 46/50 [05:22<00:32,  8.23s/it][A
 94%|█████████▍| 47/50 [05:31<00:25,  8.41s/it][A
 96%|█████████▌| 48/50 [05:40<00:16,  8.46s/it][A
 98%|█████████▊| 49/50 [05:48<00:08,  8.55s/it][A
100%|██████████| 50/50 [05:55<00:00,  8.06s/it][A
100%|██████████| 50/50 [05:55<00:00,  7.11s/it]
offline: 100%|█████████▉| 999999/1000000 [4:51:17<00:14, 14.62s/it, eval_success=0.240]
offline: 100%|██████████| 1000000/1000000 [4:51:17<00:00, 30.08s/it, eval_success=0.240]
Saved to exp/beat/ant2/J1_pretanh_t3_s1/antmaze-giant-navigate-singletask-task3-v0/antmaze-giant-navigate-singletask-task3-v0_sd001_anq_stdfp_chunk-h1_20260819_134509/params_offline.pkl
Saved modules ('critic', 'target_critic') to exp/beat/ant2/J1_pretanh_t3_s1/antmaze-giant-navigate-singletask-task3-v0/antmaze-giant-navigate-singletask-task3-v0_sd001_anq_stdfp_chunk-h1_20260819_134509/critic_offline.pkl
[1;34mwandb[0m: 
[1;34mwandb[0m: 🚀 View run [33mantmaze-giant-navigate-singletask-task3-v0_sd001_anq_stdfp_chunk-h1_20260819_134509[0m at: [34mhttps://wandb.ai/tjrcjf410-seoul-national-university/ant2/runs/gst2fnrj[0m
[1;34mwandb[0m: Find logs at: [1;35m../../../tmp/tmpeukc7v1u/wandb/run-20260819_134509-gst2fnrj/logs[0m
--- last progress lines ---
offline: 100%|██████████| 1000000/1000000 [4:51:17<00:00, 57.22it/s, eval_success=0.240]
online: 0it [00:00, ?it/s]
online: 0it [00:00, ?it/s]
