wandb: Using wandb-core as the SDK backend.  Please refer to https://wandb.me/wandb-core for more information.
wandb: Currently logged in as: tjrcjf410 (sjun0803-seoul-national-university) to https://api.wandb.ai. Use `wandb login --relogin` to force relogin
wandb: creating run
wandb: Tracking run with wandb version 0.19.9
wandb: Run data is saved locally in /tmp/tmpqgqi8otm/wandb/run-20260819_094409-6kjk9eas
wandb: Run `wandb offline` to turn off syncing.
wandb: Syncing run antmaze-giant-navigate-singletask-task3-v0_sd000_anq_stdfp_chunk-h1_20260819_094409
wandb: ⭐️ View project at https://wandb.ai/tjrcjf410-seoul-national-university/ant2
wandb: 🚀 View run at https://wandb.ai/tjrcjf410-seoul-national-university/ant2/runs/6kjk9eas
wandb: WARNING Symlinked 8 files into the W&B run directory, call wandb.save again to sync new files.
I0819 09:44:11.533112 129625888065344 acceleratesupport.py:24] No OpenGL_accelerate module loaded: No module named 'OpenGL_accelerate'
offline:   0%|          | 1/1000000 [01:37<27064:17:21, 97.43s/it]
offline:   0%|          | 2/1000000 [01:56<14265:39:57, 51.36s/it]
offline:   0%|          | 3/1000000 [02:16<10292:44:56, 37.05s/it]
offline:   0%|          | 17/1000000 [02:16<1019:04:42,  3.67s/it]
offline:   0%|          | 25/1000000 [02:16<588:40:08,  2.12s/it] 
offline:   0%|          | 33/1000000 [02:16<368:09:05,  1.33s/it]
  2%|▏         | 1/50 [00:09<07:30,  9.20s/it][A
  4%|▍         | 2/50 [00:17<07:00,  8.77s/it][A
  6%|▌         | 3/50 [00:26<06:47,  8.67s/it][A
  8%|▊         | 4/50 [00:35<06:42,  8.74s/it][A
 10%|█         | 5/50 [00:45<07:01,  9.36s/it][A
 12%|█▏        | 6/50 [00:56<07:10,  9.78s/it][A
 14%|█▍        | 7/50 [01:06<07:09,  9.98s/it][A
 16%|█▌        | 8/50 [01:17<07:06, 10.16s/it][A
 18%|█▊        | 9/50 [01:27<07:00, 10.27s/it][A
 20%|██        | 10/50 [01:38<06:54, 10.36s/it][A
 22%|██▏       | 11/50 [01:47<06:27,  9.94s/it][A
 24%|██▍       | 12/50 [01:55<06:01,  9.52s/it][A
 26%|██▌       | 13/50 [02:04<05:41,  9.24s/it][A
 28%|██▊       | 14/50 [02:12<05:25,  9.04s/it][A
 30%|███       | 15/50 [02:21<05:10,  8.89s/it][A
 32%|███▏      | 16/50 [02:29<04:58,  8.79s/it][A
 34%|███▍      | 17/50 [02:38<04:48,  8.75s/it][A
 36%|███▌      | 18/50 [02:47<04:38,  8.70s/it][A
 38%|███▊      | 19/50 [02:55<04:28,  8.65s/it][A
 40%|████      | 20/50 [03:04<04:18,  8.61s/it][A
 42%|████▏     | 21/50 [03:12<04:08,  8.58s/it][A
 44%|████▍     | 22/50 [03:21<04:00,  8.58s/it][A
 46%|████▌     | 23/50 [03:29<03:50,  8.55s/it][A
 48%|████▊     | 24/50 [03:38<03:41,  8.51s/it][A
 50%|█████     | 25/50 [03:46<03:32,  8.52s/it][A
 52%|█████▏    | 26/50 [03:55<03:24,  8.50s/it][A
 54%|█████▍    | 27/50 [04:03<03:16,  8.53s/it][A
 56%|█████▌    | 28/50 [04:12<03:07,  8.53s/it][A
 58%|█████▊    | 29/50 [04:20<02:58,  8.51s/it][A
 60%|██████    | 30/50 [04:29<02:50,  8.53s/it][A
 62%|██████▏   | 31/50 [04:37<02:42,  8.55s/it][A
 64%|██████▍   | 32/50 [04:46<02:33,  8.55s/it][A
 66%|██████▌   | 33/50 [04:55<02:25,  8.56s/it][A
 68%|██████▊   | 34/50 [05:03<02:16,  8.56s/it][A
 70%|███████   | 35/50 [05:12<02:08,  8.54s/it][A
 72%|███████▏  | 36/50 [05:20<01:59,  8.54s/it][A
 74%|███████▍  | 37/50 [05:29<01:51,  8.54s/it][A
 76%|███████▌  | 38/50 [05:37<01:42,  8.56s/it][A
 78%|███████▊  | 39/50 [05:46<01:34,  8.55s/it][A
 80%|████████  | 40/50 [05:54<01:25,  8.55s/it][A
 82%|████████▏ | 41/50 [06:03<01:17,  8.56s/it][A
 84%|████████▍ | 42/50 [06:12<01:08,  8.56s/it][A
 86%|████████▌ | 43/50 [06:20<00:59,  8.56s/it][A
 88%|████████▊ | 44/50 [06:29<00:51,  8.55s/it][A
 90%|█████████ | 45/50 [06:37<00:42,  8.55s/it][A
 92%|█████████▏| 46/50 [06:46<00:34,  8.55s/it][A
 94%|█████████▍| 47/50 [06:54<00:25,  8.57s/it][A
 96%|█████████▌| 48/50 [07:03<00:17,  8.56s/it][A
 98%|█████████▊| 49/50 [07:11<00:08,  8.54s/it][A
100%|██████████| 50/50 [07:20<00:00,  8.53s/it][A
100%|██████████| 50/50 [07:20<00:00,  8.81s/it]
offline:  10%|█         | 100000/1000000 [28:38<4832:46:03, 19.33s/it, eval_success=0.000]
offline:  10%|█         | 100014/1000000 [28:38<2575:33:09, 10.30s/it, eval_success=0.000]
offline:  10%|█         | 100024/1000000 [28:38<1745:05:52,  6.98s/it, eval_success=0.000]
offline:  10%|█         | 100033/1000000 [28:39<1234:12:30,  4.94s/it, eval_success=0.000]
offline:  10%|█         | 100042/1000000 [28:39<870:40:05,  3.48s/it, eval_success=0.000] 
offline:  10%|█         | 100052/1000000 [28:39<593:41:35,  2.37s/it, eval_success=0.000]
offline:  10%|█         | 100061/1000000 [28:39<421:59:06,  1.69s/it, eval_success=0.000]
offline:  10%|█         | 100071/1000000 [28:39<289:30:34,  1.16s/it, eval_success=0.000]
  2%|▏         | 1/50 [00:10<08:38, 10.59s/it][A
  4%|▍         | 2/50 [00:21<08:28, 10.59s/it][A
  6%|▌         | 3/50 [00:31<08:19, 10.62s/it][A
  8%|▊         | 4/50 [00:42<08:09, 10.63s/it][A
 10%|█         | 5/50 [00:53<07:57, 10.61s/it][A
 12%|█▏        | 6/50 [01:03<07:47, 10.61s/it][A
 14%|█▍        | 7/50 [01:14<07:35, 10.60s/it][A
 16%|█▌        | 8/50 [01:24<07:24, 10.59s/it][A
 18%|█▊        | 9/50 [01:35<07:13, 10.57s/it][A
 20%|██        | 10/50 [01:46<07:03, 10.60s/it][A
 22%|██▏       | 11/50 [01:56<06:53, 10.59s/it][A
 24%|██▍       | 12/50 [02:07<06:42, 10.59s/it][A
 26%|██▌       | 13/50 [02:17<06:31, 10.58s/it][A
 28%|██▊       | 14/50 [02:28<06:22, 10.61s/it][A
 30%|███       | 15/50 [02:38<06:10, 10.59s/it][A
 32%|███▏      | 16/50 [02:49<06:00, 10.60s/it][A
 34%|███▍      | 17/50 [03:00<05:50, 10.63s/it][A
 36%|███▌      | 18/50 [03:10<05:39, 10.62s/it][A
 38%|███▊      | 19/50 [03:21<05:29, 10.64s/it][A
 40%|████      | 20/50 [03:32<05:18, 10.62s/it][A
 42%|████▏     | 21/50 [03:44<05:23, 11.14s/it][A
 44%|████▍     | 22/50 [03:57<05:24, 11.58s/it][A
 46%|████▌     | 23/50 [04:09<05:20, 11.87s/it][A
 48%|████▊     | 24/50 [04:22<05:13, 12.07s/it][A
 50%|█████     | 25/50 [04:32<04:51, 11.65s/it][A
 52%|█████▏    | 26/50 [04:43<04:31, 11.32s/it][A
 54%|█████▍    | 27/50 [04:54<04:15, 11.11s/it][A
 56%|█████▌    | 28/50 [05:04<04:01, 10.96s/it][A
 58%|█████▊    | 29/50 [05:15<03:48, 10.88s/it][A
 60%|██████    | 30/50 [05:25<03:36, 10.80s/it][A
 62%|██████▏   | 31/50 [05:36<03:24, 10.77s/it][A
 64%|██████▍   | 32/50 [05:47<03:12, 10.71s/it][A
 66%|██████▌   | 33/50 [05:57<03:01, 10.68s/it][A
 68%|██████▊   | 34/50 [06:08<02:50, 10.67s/it][A
 70%|███████   | 35/50 [06:19<02:39, 10.66s/it][A
 72%|███████▏  | 36/50 [06:29<02:29, 10.66s/it][A
 74%|███████▍  | 37/50 [06:40<02:18, 10.66s/it][A
 76%|███████▌  | 38/50 [06:51<02:07, 10.64s/it][A
 78%|███████▊  | 39/50 [07:01<01:56, 10.63s/it][A
 80%|████████  | 40/50 [07:12<01:46, 10.65s/it][A
 82%|████████▏ | 41/50 [07:22<01:35, 10.63s/it][A
 84%|████████▍ | 42/50 [07:33<01:25, 10.65s/it][A
 86%|████████▌ | 43/50 [07:44<01:14, 10.63s/it][A
 88%|████████▊ | 44/50 [07:54<01:03, 10.63s/it][A
 90%|█████████ | 45/50 [08:05<00:53, 10.62s/it][A
 92%|█████████▏| 46/50 [08:16<00:42, 10.65s/it][A
 94%|█████████▍| 47/50 [08:26<00:32, 10.68s/it][A
 96%|█████████▌| 48/50 [08:37<00:21, 10.66s/it][A
 98%|█████████▊| 49/50 [08:48<00:10, 10.66s/it][A
100%|██████████| 50/50 [08:58<00:00, 10.65s/it][A
100%|██████████| 50/50 [08:58<00:00, 10.78s/it]
offline:  20%|██        | 200000/1000000 [57:46<5888:56:19, 26.50s/it, eval_success=0.000]
offline:  20%|██        | 200013/1000000 [57:46<3080:03:46, 13.86s/it, eval_success=0.000]
offline:  20%|██        | 200022/1000000 [57:46<2093:46:35,  9.42s/it, eval_success=0.000]
offline:  20%|██        | 200032/1000000 [57:47<1388:39:35,  6.25s/it, eval_success=0.000]
offline:  20%|██        | 200040/1000000 [57:47<1003:34:26,  4.52s/it, eval_success=0.000]
offline:  20%|██        | 200047/1000000 [57:47<745:44:05,  3.36s/it, eval_success=0.000] 
offline:  20%|██        | 200054/1000000 [57:47<545:45:11,  2.46s/it, eval_success=0.000]
offline:  20%|██        | 200062/1000000 [57:47<380:00:18,  1.71s/it, eval_success=0.000]
offline:  20%|██        | 200069/1000000 [57:47<276:05:06,  1.24s/it, eval_success=0.000]
  2%|▏         | 1/50 [00:06<05:31,  6.76s/it][A
  4%|▍         | 2/50 [00:13<05:27,  6.82s/it][A
  6%|▌         | 3/50 [00:20<05:21,  6.84s/it][A
  8%|▊         | 4/50 [00:27<05:14,  6.84s/it][A
 10%|█         | 5/50 [00:34<05:06,  6.82s/it][A
 12%|█▏        | 6/50 [00:40<04:59,  6.81s/it][A
 14%|█▍        | 7/50 [00:47<04:52,  6.80s/it][A
 16%|█▌        | 8/50 [00:54<04:44,  6.78s/it][A
 18%|█▊        | 9/50 [01:01<04:38,  6.80s/it][A
 20%|██        | 10/50 [01:08<04:32,  6.81s/it][A
 22%|██▏       | 11/50 [01:16<04:40,  7.18s/it][A
 24%|██▍       | 12/50 [01:24<04:51,  7.66s/it][A
 26%|██▌       | 13/50 [01:33<04:55,  8.00s/it][A
 28%|██▊       | 14/50 [01:42<04:55,  8.20s/it][A
 30%|███       | 15/50 [01:51<04:52,  8.36s/it][A
 32%|███▏      | 16/50 [01:59<04:47,  8.47s/it][A
 34%|███▍      | 17/50 [02:08<04:42,  8.55s/it][A
 36%|███▌      | 18/50 [02:17<04:34,  8.57s/it][A
 38%|███▊      | 19/50 [02:25<04:26,  8.61s/it][A
 40%|████      | 20/50 [02:34<04:21,  8.73s/it][A
 42%|████▏     | 21/50 [02:43<04:13,  8.74s/it][A
 44%|████▍     | 22/50 [02:52<04:04,  8.75s/it][A
 46%|████▌     | 23/50 [03:01<03:56,  8.75s/it][A
 48%|████▊     | 24/50 [03:09<03:47,  8.74s/it][A
 50%|█████     | 25/50 [03:18<03:38,  8.74s/it][A
 52%|█████▏    | 26/50 [03:26<03:24,  8.52s/it][A
 54%|█████▍    | 27/50 [03:35<03:17,  8.59s/it][A
 56%|█████▌    | 28/50 [03:44<03:09,  8.63s/it][A
 58%|█████▊    | 29/50 [03:52<03:01,  8.66s/it][A
 60%|██████    | 30/50 [04:01<02:53,  8.68s/it][A
 62%|██████▏   | 31/50 [04:10<02:45,  8.69s/it][A
 64%|██████▍   | 32/50 [04:18<02:36,  8.71s/it][A
 66%|██████▌   | 33/50 [04:27<02:28,  8.74s/it][A
 68%|██████▊   | 34/50 [04:36<02:19,  8.74s/it][A
 70%|███████   | 35/50 [04:45<02:11,  8.74s/it][A
 72%|███████▏  | 36/50 [04:55<02:09,  9.22s/it][A
 74%|███████▍  | 37/50 [05:06<02:05,  9.63s/it][A
 76%|███████▌  | 38/50 [05:16<01:59,  9.98s/it][A
 78%|███████▊  | 39/50 [05:26<01:47,  9.79s/it][A
 80%|████████  | 40/50 [05:35<01:35,  9.57s/it][A
 82%|████████▏ | 41/50 [05:46<01:29,  9.92s/it][A
 84%|████████▍ | 42/50 [05:56<01:21, 10.14s/it][A
 86%|████████▌ | 43/50 [06:07<01:11, 10.28s/it][A
 88%|████████▊ | 44/50 [06:17<01:02, 10.37s/it][A
 90%|█████████ | 45/50 [06:28<00:52, 10.44s/it][A
 92%|█████████▏| 46/50 [06:39<00:41, 10.49s/it][A
 94%|█████████▍| 47/50 [06:49<00:31, 10.53s/it][A
 96%|█████████▌| 48/50 [07:00<00:21, 10.55s/it][A
 98%|█████████▊| 49/50 [07:11<00:10, 10.58s/it][A
100%|██████████| 50/50 [07:21<00:00, 10.59s/it][A
100%|██████████| 50/50 [07:21<00:00,  8.83s/it]
offline:  30%|███       | 300000/1000000 [1:27:41<2498:05:20, 12.85s/it, eval_success=0.020]
offline:  30%|███       | 300011/1000000 [1:27:41<1715:38:50,  8.82s/it, eval_success=0.020]
offline:  30%|███       | 300022/1000000 [1:27:41<1185:49:02,  6.10s/it, eval_success=0.020]
offline:  30%|███       | 300032/1000000 [1:27:42<846:59:03,  4.36s/it, eval_success=0.020] 
offline:  30%|███       | 300041/1000000 [1:27:42<619:37:48,  3.19s/it, eval_success=0.020]
offline:  30%|███       | 300050/1000000 [1:27:42<448:08:41,  2.30s/it, eval_success=0.020]
offline:  30%|███       | 300059/1000000 [1:27:42<321:55:12,  1.66s/it, eval_success=0.020]
offline:  30%|███       | 300067/1000000 [1:27:42<237:24:51,  1.22s/it, eval_success=0.020]
  2%|▏         | 1/50 [00:08<07:10,  8.79s/it][A
  4%|▍         | 2/50 [00:17<06:56,  8.68s/it][A
  6%|▌         | 3/50 [00:26<06:48,  8.69s/it][A
  8%|▊         | 4/50 [00:34<06:38,  8.67s/it][A
 10%|█         | 5/50 [00:43<06:29,  8.66s/it][A
 12%|█▏        | 6/50 [00:51<06:20,  8.65s/it][A
 14%|█▍        | 7/50 [01:00<06:10,  8.62s/it][A
 16%|█▌        | 8/50 [01:09<06:02,  8.62s/it][A
 18%|█▊        | 9/50 [01:17<05:53,  8.63s/it][A
 20%|██        | 10/50 [01:26<05:45,  8.63s/it][A
 22%|██▏       | 11/50 [01:35<05:36,  8.63s/it][A
 24%|██▍       | 12/50 [01:43<05:28,  8.64s/it][A
 26%|██▌       | 13/50 [01:52<05:20,  8.65s/it][A
 28%|██▊       | 14/50 [02:01<05:10,  8.63s/it][A
 30%|███       | 15/50 [02:09<05:01,  8.62s/it][A
 32%|███▏      | 16/50 [02:18<04:53,  8.62s/it][A
 34%|███▍      | 17/50 [02:26<04:43,  8.60s/it][A
 36%|███▌      | 18/50 [02:35<04:35,  8.60s/it][A
 38%|███▊      | 19/50 [02:44<04:27,  8.62s/it][A
 40%|████      | 20/50 [02:52<04:18,  8.62s/it][A
 42%|████▏     | 21/50 [03:00<04:06,  8.49s/it][A
 44%|████▍     | 22/50 [03:09<03:58,  8.52s/it][A
 46%|████▌     | 23/50 [03:18<03:50,  8.55s/it][A
 48%|████▊     | 24/50 [03:26<03:42,  8.56s/it][A
 50%|█████     | 25/50 [03:35<03:37,  8.70s/it][A
 52%|█████▏    | 26/50 [03:46<03:42,  9.26s/it][A
 54%|█████▍    | 27/50 [03:56<03:42,  9.69s/it][A
 56%|█████▌    | 28/50 [04:07<03:39,  9.98s/it][A
 58%|█████▊    | 29/50 [04:18<03:33, 10.16s/it][A
 60%|██████    | 30/50 [04:28<03:25, 10.27s/it][A
 62%|██████▏   | 31/50 [04:39<03:17, 10.38s/it][A
 64%|██████▍   | 32/50 [04:49<03:07, 10.43s/it][A
 66%|██████▌   | 33/50 [04:59<02:52, 10.16s/it][A
 68%|██████▊   | 34/50 [05:08<02:35,  9.72s/it][A
 70%|███████   | 35/50 [05:16<02:21,  9.42s/it][A
 72%|███████▏  | 36/50 [05:25<02:08,  9.20s/it][A
 74%|███████▍  | 37/50 [05:34<01:57,  9.05s/it][A
 76%|███████▌  | 38/50 [05:42<01:47,  8.94s/it][A
 78%|███████▊  | 39/50 [05:51<01:37,  8.88s/it][A
 80%|████████  | 40/50 [06:00<01:28,  8.82s/it][A
 82%|████████▏ | 41/50 [06:09<01:19,  8.80s/it][A
 84%|████████▍ | 42/50 [06:17<01:10,  8.80s/it][A
 86%|████████▌ | 43/50 [06:26<01:01,  8.77s/it][A
 88%|████████▊ | 44/50 [06:35<00:52,  8.75s/it][A
 90%|█████████ | 45/50 [06:43<00:43,  8.74s/it][A
 92%|█████████▏| 46/50 [06:52<00:34,  8.71s/it][A
 94%|█████████▍| 47/50 [07:01<00:26,  8.70s/it][A
 96%|█████████▌| 48/50 [07:10<00:17,  8.71s/it][A
 98%|█████████▊| 49/50 [07:18<00:08,  8.71s/it][A
100%|██████████| 50/50 [07:27<00:00,  8.70s/it][A
100%|██████████| 50/50 [07:27<00:00,  8.95s/it]
offline:  40%|████      | 400000/1000000 [1:58:28<3144:51:11, 18.87s/it, eval_success=0.020]
offline:  40%|████      | 400013/1000000 [1:58:28<1765:11:12, 10.59s/it, eval_success=0.020]
offline:  40%|████      | 400022/1000000 [1:58:28<1231:37:38,  7.39s/it, eval_success=0.020]
offline:  40%|████      | 400031/1000000 [1:58:28<860:27:35,  5.16s/it, eval_success=0.020] 
offline:  40%|████      | 400040/1000000 [1:58:28<601:48:44,  3.61s/it, eval_success=0.020]
offline:  40%|████      | 400049/1000000 [1:58:28<421:22:35,  2.53s/it, eval_success=0.020]
offline:  40%|████      | 400058/1000000 [1:58:28<295:15:17,  1.77s/it, eval_success=0.020]
offline:  40%|████      | 400067/1000000 [1:58:29<207:26:04,  1.24s/it, eval_success=0.020]
  2%|▏         | 1/50 [00:06<05:24,  6.61s/it][A
  4%|▍         | 2/50 [00:15<06:17,  7.86s/it][A
  6%|▌         | 3/50 [00:22<05:53,  7.53s/it][A
  8%|▊         | 4/50 [00:31<06:08,  8.01s/it][A
 10%|█         | 5/50 [00:39<06:11,  8.26s/it][A
 12%|█▏        | 6/50 [00:48<06:11,  8.44s/it][A
 14%|█▍        | 7/50 [00:57<06:07,  8.54s/it][A
 16%|█▌        | 8/50 [01:06<06:00,  8.59s/it][A
 18%|█▊        | 9/50 [01:14<05:55,  8.66s/it][A
 20%|██        | 10/50 [01:22<05:35,  8.39s/it][A
 22%|██▏       | 11/50 [01:31<05:31,  8.51s/it][A
 24%|██▍       | 12/50 [01:40<05:26,  8.59s/it][A
 26%|██▌       | 13/50 [01:49<05:23,  8.75s/it][A
 28%|██▊       | 14/50 [02:00<05:36,  9.34s/it][A
 30%|███       | 15/50 [02:09<05:26,  9.33s/it][A
 32%|███▏      | 16/50 [02:18<05:17,  9.33s/it][A
 34%|███▍      | 17/50 [02:29<05:20,  9.71s/it][A
 36%|███▌      | 18/50 [02:38<05:00,  9.39s/it][A
 38%|███▊      | 19/50 [02:46<04:44,  9.18s/it][A
 40%|████      | 20/50 [02:55<04:30,  9.02s/it][A
 42%|████▏     | 21/50 [03:03<04:18,  8.90s/it][A
 44%|████▍     | 22/50 [03:12<04:02,  8.66s/it][A
 46%|████▌     | 23/50 [03:19<03:44,  8.31s/it][A
 48%|████▊     | 24/50 [03:28<03:38,  8.40s/it][A
 50%|█████     | 25/50 [03:34<03:17,  7.89s/it][A
 52%|█████▏    | 26/50 [03:43<03:14,  8.12s/it][A
 54%|█████▍    | 27/50 [03:52<03:09,  8.24s/it][A
 56%|█████▌    | 28/50 [04:00<03:03,  8.35s/it][A
 58%|█████▊    | 29/50 [04:09<02:57,  8.44s/it][A
 60%|██████    | 30/50 [04:17<02:49,  8.49s/it][A
 62%|██████▏   | 31/50 [04:26<02:42,  8.54s/it][A
 64%|██████▍   | 32/50 [04:35<02:34,  8.57s/it][A
 66%|██████▌   | 33/50 [04:42<02:20,  8.24s/it][A
 68%|██████▊   | 34/50 [04:51<02:13,  8.37s/it][A
 70%|███████   | 35/50 [04:59<02:06,  8.42s/it][A
 72%|███████▏  | 36/50 [05:08<01:58,  8.49s/it][A
 74%|███████▍  | 37/50 [05:17<01:50,  8.52s/it][A
 76%|███████▌  | 38/50 [05:25<01:42,  8.57s/it][A
 78%|███████▊  | 39/50 [05:34<01:34,  8.59s/it][A
 80%|████████  | 40/50 [05:42<01:24,  8.44s/it][A
 82%|████████▏ | 41/50 [05:50<01:14,  8.28s/it][A
 84%|████████▍ | 42/50 [05:59<01:08,  8.62s/it][A
 86%|████████▌ | 43/50 [06:10<01:04,  9.22s/it][A
 88%|████████▊ | 44/50 [06:21<00:57,  9.66s/it][A
 90%|█████████ | 45/50 [06:29<00:46,  9.31s/it][A
 92%|█████████▏| 46/50 [06:40<00:38,  9.68s/it][A
 94%|█████████▍| 47/50 [06:50<00:29,  9.96s/it][A
 96%|█████████▌| 48/50 [06:59<00:19,  9.55s/it][A
 98%|█████████▊| 49/50 [07:10<00:09,  9.87s/it][A
100%|██████████| 50/50 [07:20<00:00, 10.08s/it][A
100%|██████████| 50/50 [07:20<00:00,  8.81s/it]
offline:  50%|█████     | 500000/1000000 [2:28:40<2758:55:26, 19.86s/it, eval_success=0.280]
offline:  50%|█████     | 500011/1000000 [2:28:41<1616:14:52, 11.64s/it, eval_success=0.280]
offline:  50%|█████     | 500020/1000000 [2:28:41<1089:27:09,  7.84s/it, eval_success=0.280]
offline:  50%|█████     | 500029/1000000 [2:28:41<743:46:16,  5.36s/it, eval_success=0.280] 
offline:  50%|█████     | 500038/1000000 [2:28:41<511:59:03,  3.69s/it, eval_success=0.280]
offline:  50%|█████     | 500046/1000000 [2:28:41<367:16:19,  2.64s/it, eval_success=0.280]
offline:  50%|█████     | 500054/1000000 [2:28:41<261:52:15,  1.89s/it, eval_success=0.280]
offline:  50%|█████     | 500062/1000000 [2:28:41<186:00:20,  1.34s/it, eval_success=0.280]
  2%|▏         | 1/50 [00:12<10:19, 12.65s/it][A
  4%|▍         | 2/50 [00:23<09:13, 11.54s/it][A
  6%|▌         | 3/50 [00:36<09:25, 12.04s/it][A
  8%|▊         | 4/50 [00:48<09:18, 12.15s/it][A
 10%|█         | 5/50 [00:59<08:45, 11.67s/it][A
 12%|█▏        | 6/50 [01:07<07:50, 10.69s/it][A
 14%|█▍        | 7/50 [01:17<07:17, 10.18s/it][A
 16%|█▌        | 8/50 [01:25<06:44,  9.64s/it][A
 18%|█▊        | 9/50 [01:34<06:24,  9.38s/it][A
 20%|██        | 10/50 [01:42<06:02,  9.07s/it][A
 22%|██▏       | 11/50 [01:50<05:40,  8.74s/it][A
 24%|██▍       | 12/50 [01:58<05:17,  8.35s/it][A
 26%|██▌       | 13/50 [02:07<05:14,  8.49s/it][A
 28%|██▊       | 14/50 [02:15<05:08,  8.57s/it][A
 30%|███       | 15/50 [02:24<05:01,  8.62s/it][A
 32%|███▏      | 16/50 [02:32<04:50,  8.53s/it][A
 34%|███▍      | 17/50 [02:41<04:42,  8.58s/it][A
 36%|███▌      | 18/50 [02:49<04:26,  8.33s/it][A
 38%|███▊      | 19/50 [02:57<04:21,  8.45s/it][A
 40%|████      | 20/50 [03:06<04:13,  8.46s/it][A
 42%|████▏     | 21/50 [03:15<04:07,  8.55s/it][A
 44%|████▍     | 22/50 [03:23<03:57,  8.47s/it][A
 46%|████▌     | 23/50 [03:29<03:31,  7.83s/it][A
 48%|████▊     | 24/50 [03:38<03:30,  8.10s/it][A
 50%|█████     | 25/50 [03:45<03:16,  7.86s/it][A
 52%|█████▏    | 26/50 [03:54<03:15,  8.14s/it][A
 54%|█████▍    | 27/50 [04:03<03:11,  8.33s/it][A
 56%|█████▌    | 28/50 [04:12<03:06,  8.47s/it][A
 58%|█████▊    | 29/50 [04:20<02:57,  8.45s/it][A
 60%|██████    | 30/50 [04:29<02:50,  8.52s/it][A
 62%|██████▏   | 31/50 [04:37<02:42,  8.55s/it][A
 64%|██████▍   | 32/50 [04:47<02:36,  8.71s/it][A
 66%|██████▌   | 33/50 [04:54<02:21,  8.35s/it][A
 68%|██████▊   | 34/50 [05:02<02:12,  8.31s/it][A
 70%|███████   | 35/50 [05:10<02:00,  8.02s/it][A
 72%|███████▏  | 36/50 [05:16<01:46,  7.62s/it][A
 74%|███████▍  | 37/50 [05:23<01:35,  7.34s/it][A
 76%|███████▌  | 38/50 [05:30<01:25,  7.12s/it][A
 78%|███████▊  | 39/50 [05:36<01:16,  6.95s/it][A
 80%|████████  | 40/50 [05:43<01:08,  6.86s/it][A
 82%|████████▏ | 41/50 [05:49<01:01,  6.82s/it][A
 84%|████████▍ | 42/50 [05:56<00:54,  6.77s/it][A
 86%|████████▌ | 43/50 [06:03<00:47,  6.74s/it][A
 88%|████████▊ | 44/50 [06:09<00:40,  6.70s/it][A
 90%|█████████ | 45/50 [06:15<00:32,  6.46s/it][A
 92%|█████████▏| 46/50 [06:22<00:26,  6.52s/it][A
 94%|█████████▍| 47/50 [06:28<00:19,  6.49s/it][A
 96%|█████████▌| 48/50 [06:34<00:12,  6.10s/it][A
 98%|█████████▊| 49/50 [06:39<00:06,  6.01s/it][A
100%|██████████| 50/50 [06:45<00:00,  5.96s/it][A
100%|██████████| 50/50 [06:45<00:00,  8.11s/it]
offline:  60%|██████    | 600000/1000000 [2:58:21<2322:40:45, 20.90s/it, eval_success=0.440]
offline:  60%|██████    | 600013/1000000 [2:58:21<1188:17:14, 10.69s/it, eval_success=0.440]
offline:  60%|██████    | 600023/1000000 [2:58:21<773:32:42,  6.96s/it, eval_success=0.440] 
offline:  60%|██████    | 600034/1000000 [2:58:21<499:46:33,  4.50s/it, eval_success=0.440]
offline:  60%|██████    | 600045/1000000 [2:58:21<332:08:35,  2.99s/it, eval_success=0.440]
offline:  60%|██████    | 600056/1000000 [2:58:21<224:48:59,  2.02s/it, eval_success=0.440]
offline:  60%|██████    | 600067/1000000 [2:58:21<153:56:30,  1.39s/it, eval_success=0.440]
  2%|▏         | 1/50 [00:10<08:36, 10.54s/it][A
  4%|▍         | 2/50 [00:18<07:11,  9.00s/it][A
  6%|▌         | 3/50 [00:28<07:35,  9.69s/it][A
  8%|▊         | 4/50 [00:38<07:16,  9.50s/it][A
 10%|█         | 5/50 [00:48<07:24,  9.88s/it][A
 12%|█▏        | 6/50 [00:57<06:53,  9.41s/it][A
 14%|█▍        | 7/50 [01:07<07:00,  9.79s/it][A
 16%|█▌        | 8/50 [01:16<06:31,  9.33s/it][A
 18%|█▊        | 9/50 [01:26<06:38,  9.73s/it][A
 20%|██        | 10/50 [01:37<06:39,  9.98s/it][A
 22%|██▏       | 11/50 [01:47<06:29,  9.98s/it][A
 24%|██▍       | 12/50 [01:55<06:00,  9.49s/it][A
 26%|██▌       | 13/50 [02:05<05:59,  9.72s/it][A
 28%|██▊       | 14/50 [02:14<05:34,  9.28s/it][A
 30%|███       | 15/50 [02:24<05:38,  9.66s/it][A
 32%|███▏      | 16/50 [02:35<05:37,  9.91s/it][A
 34%|███▍      | 17/50 [02:45<05:33, 10.12s/it][A
 36%|███▌      | 18/50 [02:55<05:18,  9.97s/it][A
 38%|███▊      | 19/50 [03:05<05:14, 10.15s/it][A
 40%|████      | 20/50 [03:15<05:00, 10.02s/it][A
 42%|████▏     | 21/50 [03:26<04:54, 10.17s/it][A
 44%|████▍     | 22/50 [03:35<04:39,  9.99s/it][A
 46%|████▌     | 23/50 [03:46<04:34, 10.17s/it][A
 48%|████▊     | 24/50 [03:55<04:16,  9.87s/it][A
 50%|█████     | 25/50 [04:06<04:11, 10.06s/it][A
 52%|█████▏    | 26/50 [04:16<04:04, 10.20s/it][A
 54%|█████▍    | 27/50 [04:27<03:56, 10.30s/it][A
 56%|█████▌    | 28/50 [04:37<03:48, 10.41s/it][A
 58%|█████▊    | 29/50 [04:46<03:27,  9.90s/it][A
 60%|██████    | 30/50 [04:57<03:22, 10.10s/it][A
 62%|██████▏   | 31/50 [05:07<03:14, 10.22s/it][A
 64%|██████▍   | 32/50 [05:18<03:05, 10.32s/it][A
 66%|██████▌   | 33/50 [05:26<02:45,  9.75s/it][A
 68%|██████▊   | 34/50 [05:37<02:39,  9.98s/it][A
 70%|███████   | 35/50 [05:45<02:24,  9.63s/it][A
 72%|███████▏  | 36/50 [05:56<02:18,  9.90s/it][A
 74%|███████▍  | 37/50 [06:06<02:10, 10.06s/it][A
 76%|███████▌  | 38/50 [06:17<02:02, 10.20s/it][A
 78%|███████▊  | 39/50 [06:25<01:45,  9.61s/it][A
 80%|████████  | 40/50 [06:36<01:38,  9.89s/it][A
 82%|████████▏ | 41/50 [06:46<01:30, 10.07s/it][A
 84%|████████▍ | 42/50 [06:54<01:15,  9.49s/it][A
 86%|████████▌ | 43/50 [07:04<01:06,  9.56s/it][A
 88%|████████▊ | 44/50 [07:14<00:58,  9.82s/it][A
 90%|█████████ | 45/50 [07:25<00:49, 10.00s/it][A
 92%|█████████▏| 46/50 [07:35<00:40, 10.09s/it][A
 94%|█████████▍| 47/50 [07:44<00:29,  9.84s/it][A
 96%|█████████▌| 48/50 [07:51<00:17,  8.98s/it][A
 98%|█████████▊| 49/50 [08:00<00:08,  8.86s/it][A
100%|██████████| 50/50 [08:08<00:00,  8.76s/it][A
100%|██████████| 50/50 [08:08<00:00,  9.78s/it]
offline:  70%|███████   | 700000/1000000 [3:28:47<2119:25:02, 25.43s/it, eval_success=0.360]
offline:  70%|███████   | 700014/1000000 [3:28:47<1039:41:04, 12.48s/it, eval_success=0.360]
offline:  70%|███████   | 700022/1000000 [3:28:47<734:39:04,  8.82s/it, eval_success=0.360] 
offline:  70%|███████   | 700032/1000000 [3:28:47<482:09:04,  5.79s/it, eval_success=0.360]
offline:  70%|███████   | 700040/1000000 [3:28:47<346:24:45,  4.16s/it, eval_success=0.360]
offline:  70%|███████   | 700048/1000000 [3:28:47<247:11:04,  2.97s/it, eval_success=0.360]
offline:  70%|███████   | 700057/1000000 [3:28:47<169:24:15,  2.03s/it, eval_success=0.360]
offline:  70%|███████   | 700067/1000000 [3:28:47<113:12:28,  1.36s/it, eval_success=0.360]
  2%|▏         | 1/50 [00:08<06:40,  8.17s/it][A
  4%|▍         | 2/50 [00:18<07:23,  9.25s/it][A
  6%|▌         | 3/50 [00:28<07:41,  9.83s/it][A
  8%|▊         | 4/50 [00:38<07:31,  9.82s/it][A
 10%|█         | 5/50 [00:49<07:33, 10.08s/it][A
 12%|█▏        | 6/50 [00:59<07:30, 10.24s/it][A
 14%|█▍        | 7/50 [01:10<07:24, 10.33s/it][A
 16%|█▌        | 8/50 [01:20<07:17, 10.41s/it][A
 18%|█▊        | 9/50 [01:31<07:08, 10.45s/it][A
 20%|██        | 10/50 [01:40<06:45, 10.14s/it][A
 22%|██▏       | 11/50 [01:50<06:31, 10.04s/it][A
 24%|██▍       | 12/50 [02:01<06:28, 10.21s/it][A
 26%|██▌       | 13/50 [02:11<06:21, 10.31s/it][A
 28%|██▊       | 14/50 [02:20<05:56,  9.91s/it][A
 30%|███       | 15/50 [02:31<05:52, 10.09s/it][A
 32%|███▏      | 16/50 [02:41<05:47, 10.23s/it][A
 34%|███▍      | 17/50 [02:52<05:40, 10.31s/it][A
 36%|███▌      | 18/50 [03:01<05:19,  9.99s/it][A
 38%|███▊      | 19/50 [03:11<05:13, 10.12s/it][A
 40%|████      | 20/50 [03:21<04:57,  9.92s/it][A
 42%|████▏     | 21/50 [03:31<04:50, 10.02s/it][A
 44%|████▍     | 22/50 [03:42<04:44, 10.18s/it][A
 46%|████▌     | 23/50 [03:50<04:22,  9.71s/it][A
 48%|████▊     | 24/50 [04:01<04:18,  9.92s/it][A
 50%|█████     | 25/50 [04:11<04:12, 10.09s/it][A
 52%|█████▏    | 26/50 [04:21<03:58,  9.93s/it][A
 54%|█████▍    | 27/50 [04:29<03:40,  9.61s/it][A
 56%|█████▌    | 28/50 [04:40<03:37,  9.87s/it][A
 58%|█████▊    | 29/50 [04:50<03:31, 10.05s/it][A
 60%|██████    | 30/50 [05:01<03:23, 10.20s/it][A
 62%|██████▏   | 31/50 [05:11<03:15, 10.27s/it][A
 64%|██████▍   | 32/50 [05:22<03:05, 10.33s/it][A
 66%|██████▌   | 33/50 [05:32<02:56, 10.38s/it][A
 68%|██████▊   | 34/50 [05:43<02:46, 10.42s/it][A
 70%|███████   | 35/50 [05:53<02:36, 10.44s/it][A
 72%|███████▏  | 36/50 [06:04<02:26, 10.48s/it][A
 74%|███████▍  | 37/50 [06:14<02:13, 10.24s/it][A
 76%|███████▌  | 38/50 [06:24<02:03, 10.31s/it][A
 78%|███████▊  | 39/50 [06:33<01:47,  9.81s/it][A
 80%|████████  | 40/50 [06:40<01:31,  9.14s/it][A
 82%|████████▏ | 41/50 [06:51<01:26,  9.56s/it][A
 84%|████████▍ | 42/50 [06:59<01:13,  9.21s/it][A
 86%|████████▌ | 43/50 [07:10<01:07,  9.61s/it][A
 88%|████████▊ | 44/50 [07:20<00:58,  9.81s/it][A
 90%|█████████ | 45/50 [07:28<00:46,  9.23s/it][A
 92%|█████████▏| 46/50 [07:34<00:32,  8.18s/it][A
 94%|█████████▍| 47/50 [07:40<00:23,  7.77s/it][A
 96%|█████████▌| 48/50 [07:47<00:14,  7.48s/it][A
 98%|█████████▊| 49/50 [07:54<00:07,  7.28s/it][A
100%|██████████| 50/50 [08:01<00:00,  7.14s/it][A
100%|██████████| 50/50 [08:01<00:00,  9.63s/it]
offline:  80%|████████  | 800000/1000000 [3:56:31<1304:49:33, 23.49s/it, eval_success=0.380]
offline:  80%|████████  | 800013/1000000 [3:56:31<685:06:56, 12.33s/it, eval_success=0.380] 
offline:  80%|████████  | 800023/1000000 [3:56:31<450:18:23,  8.11s/it, eval_success=0.380]
offline:  80%|████████  | 800033/1000000 [3:56:31<302:23:47,  5.44s/it, eval_success=0.380]
offline:  80%|████████  | 800043/1000000 [3:56:31<205:54:44,  3.71s/it, eval_success=0.380]
offline:  80%|████████  | 800053/1000000 [3:56:31<141:33:03,  2.55s/it, eval_success=0.380]
offline:  80%|████████  | 800063/1000000 [3:56:31<98:01:15,  1.76s/it, eval_success=0.380] 
offline:  80%|████████  | 800073/1000000 [3:56:31<68:09:23,  1.23s/it, eval_success=0.380]
  2%|▏         | 1/50 [00:10<08:42, 10.66s/it][A
  4%|▍         | 2/50 [00:21<08:32, 10.67s/it][A
  6%|▌         | 3/50 [00:32<08:22, 10.70s/it][A
  8%|▊         | 4/50 [00:42<08:12, 10.71s/it][A
 10%|█         | 5/50 [00:53<07:59, 10.67s/it][A
 12%|█▏        | 6/50 [01:04<07:49, 10.66s/it][A
 14%|█▍        | 7/50 [01:12<07:14, 10.09s/it][A
 16%|█▌        | 8/50 [01:23<07:11, 10.27s/it][A
 18%|█▊        | 9/50 [01:31<06:32,  9.58s/it][A
 20%|██        | 10/50 [01:42<06:36,  9.92s/it][A
 22%|██▏       | 11/50 [01:52<06:35, 10.13s/it][A
 24%|██▍       | 12/50 [02:01<06:06,  9.64s/it][A
 26%|██▌       | 13/50 [02:12<06:09,  9.98s/it][A
 28%|██▊       | 14/50 [02:22<06:04, 10.12s/it][A
 30%|███       | 15/50 [02:33<06:00, 10.29s/it][A
 32%|███▏      | 16/50 [02:43<05:43, 10.10s/it][A
 34%|███▍      | 17/50 [02:52<05:28,  9.94s/it][A
 36%|███▌      | 18/50 [03:03<05:25, 10.18s/it][A
 38%|███▊      | 19/50 [03:11<04:53,  9.48s/it][A
 40%|████      | 20/50 [03:21<04:55,  9.84s/it][A
 42%|████▏     | 21/50 [03:32<04:52, 10.08s/it][A
 44%|████▍     | 22/50 [03:43<04:46, 10.25s/it][A
 46%|████▌     | 23/50 [03:53<04:40, 10.38s/it][A
 48%|████▊     | 24/50 [04:04<04:32, 10.48s/it][A
 50%|█████     | 25/50 [04:15<04:23, 10.53s/it][A
 52%|█████▏    | 26/50 [04:25<04:13, 10.58s/it][A
 54%|█████▍    | 27/50 [04:36<04:03, 10.60s/it][A
 56%|█████▌    | 28/50 [04:47<03:54, 10.64s/it][A
 58%|█████▊    | 29/50 [04:56<03:31, 10.07s/it][A
 60%|██████    | 30/50 [05:07<03:28, 10.42s/it][A
 62%|██████▏   | 31/50 [05:17<03:16, 10.33s/it][A
 64%|██████▍   | 32/50 [05:28<03:12, 10.68s/it][A
 66%|██████▌   | 33/50 [05:41<03:10, 11.22s/it][A
 68%|██████▊   | 34/50 [05:50<02:51, 10.75s/it][A
 70%|███████   | 35/50 [06:03<02:49, 11.29s/it][A
 72%|███████▏  | 36/50 [06:16<02:43, 11.68s/it][A
 74%|███████▍  | 37/50 [06:28<02:34, 11.91s/it][A
 76%|███████▌  | 38/50 [06:37<02:12, 11.05s/it][A
 78%|███████▊  | 39/50 [06:50<02:06, 11.50s/it][A
 80%|████████  | 40/50 [07:02<01:58, 11.81s/it][A
 82%|████████▏ | 41/50 [07:15<01:48, 12.06s/it][A
 84%|████████▍ | 42/50 [07:27<01:37, 12.22s/it][A
 86%|████████▌ | 43/50 [07:40<01:26, 12.31s/it][A
 88%|████████▊ | 44/50 [07:50<01:10, 11.68s/it][A
 90%|█████████ | 45/50 [08:02<00:58, 11.75s/it][A
 92%|█████████▏| 46/50 [08:15<00:47, 11.97s/it][A
 94%|█████████▍| 47/50 [08:27<00:36, 12.12s/it][A
 96%|█████████▌| 48/50 [08:37<00:23, 11.62s/it][A
 98%|█████████▊| 49/50 [08:48<00:11, 11.30s/it][A
100%|██████████| 50/50 [08:56<00:00, 10.25s/it][A
100%|██████████| 50/50 [08:56<00:00, 10.73s/it]
offline:  90%|█████████ | 900000/1000000 [4:25:23<770:44:20, 27.75s/it, eval_success=0.340]
offline:  90%|█████████ | 900013/1000000 [4:25:24<393:20:52, 14.16s/it, eval_success=0.340]
offline:  90%|█████████ | 900021/1000000 [4:25:24<275:03:29,  9.90s/it, eval_success=0.340]
offline:  90%|█████████ | 900029/1000000 [4:25:24<192:27:51,  6.93s/it, eval_success=0.340]
offline:  90%|█████████ | 900038/1000000 [4:25:24<129:52:28,  4.68s/it, eval_success=0.340]
offline:  90%|█████████ | 900046/1000000 [4:25:24<92:01:12,  3.31s/it, eval_success=0.340] 
offline:  90%|█████████ | 900056/1000000 [4:25:24<60:31:46,  2.18s/it, eval_success=0.340]
offline:  90%|█████████ | 900064/1000000 [4:25:24<43:41:42,  1.57s/it, eval_success=0.340]
offline:  90%|█████████ | 900071/1000000 [4:25:25<32:26:18,  1.17s/it, eval_success=0.340]
  2%|▏         | 1/50 [00:10<08:53, 10.89s/it][A
  4%|▍         | 2/50 [00:23<09:26, 11.81s/it][A
  6%|▌         | 3/50 [00:35<09:30, 12.14s/it][A
  8%|▊         | 4/50 [00:46<08:55, 11.64s/it][A
 10%|█         | 5/50 [00:57<08:35, 11.45s/it][A
 12%|█▏        | 6/50 [01:09<08:25, 11.48s/it][A
 14%|█▍        | 7/50 [01:19<07:58, 11.13s/it][A
 16%|█▌        | 8/50 [01:32<08:05, 11.55s/it][A
 18%|█▊        | 9/50 [01:44<08:05, 11.84s/it][A
 20%|██        | 10/50 [01:57<08:00, 12.00s/it][A
 22%|██▏       | 11/50 [02:09<07:50, 12.06s/it][A
 24%|██▍       | 12/50 [02:21<07:44, 12.23s/it][A
 26%|██▌       | 13/50 [02:34<07:32, 12.22s/it][A
 28%|██▊       | 14/50 [02:46<07:23, 12.32s/it][A
 30%|███       | 15/50 [02:59<07:13, 12.39s/it][A
 32%|███▏      | 16/50 [03:11<07:02, 12.43s/it][A
 34%|███▍      | 17/50 [03:23<06:40, 12.14s/it][A
 36%|███▌      | 18/50 [03:34<06:19, 11.85s/it][A
 38%|███▊      | 19/50 [03:46<06:08, 11.90s/it][A
 40%|████      | 20/50 [03:58<06:01, 12.07s/it][A
 42%|████▏     | 21/50 [04:11<05:54, 12.21s/it][A
 44%|████▍     | 22/50 [04:23<05:43, 12.25s/it][A
 46%|████▌     | 23/50 [04:36<05:33, 12.35s/it][A
 48%|████▊     | 24/50 [04:48<05:22, 12.42s/it][A
 50%|█████     | 25/50 [05:01<05:08, 12.32s/it][A
 52%|█████▏    | 26/50 [05:13<04:57, 12.38s/it][A
 54%|█████▍    | 27/50 [05:25<04:45, 12.41s/it][A
 56%|█████▌    | 28/50 [05:38<04:33, 12.43s/it][A
 58%|█████▊    | 29/50 [05:50<04:21, 12.45s/it][A
 60%|██████    | 30/50 [06:02<04:02, 12.11s/it][A
 62%|██████▏   | 31/50 [06:12<03:41, 11.66s/it][A
 64%|██████▍   | 32/50 [06:23<03:24, 11.36s/it][A
 66%|██████▌   | 33/50 [06:34<03:09, 11.17s/it][A
 68%|██████▊   | 34/50 [06:44<02:52, 10.80s/it][A
 70%|███████   | 35/50 [06:52<02:30, 10.02s/it][A
 72%|███████▏  | 36/50 [07:03<02:23, 10.23s/it][A
 74%|███████▍  | 37/50 [07:11<02:07,  9.81s/it][A
 76%|███████▌  | 38/50 [07:22<02:00, 10.08s/it][A
 78%|███████▊  | 39/50 [07:32<01:48,  9.87s/it][A
 80%|████████  | 40/50 [07:42<01:41, 10.11s/it][A
 82%|████████▏ | 41/50 [07:52<01:29,  9.99s/it][A
 84%|████████▍ | 42/50 [08:03<01:21, 10.19s/it][A
 86%|████████▌ | 43/50 [08:13<01:12, 10.33s/it][A
 88%|████████▊ | 44/50 [08:22<00:59,  9.86s/it][A
 90%|█████████ | 45/50 [08:31<00:48,  9.64s/it][A
 92%|█████████▏| 46/50 [08:42<00:39,  9.95s/it][A
 94%|█████████▍| 47/50 [08:53<00:30, 10.17s/it][A
 96%|█████████▌| 48/50 [09:03<00:20, 10.21s/it][A
 98%|█████████▊| 49/50 [09:13<00:10, 10.34s/it][A
100%|██████████| 50/50 [09:21<00:00,  9.42s/it][A
100%|██████████| 50/50 [09:21<00:00, 11.23s/it]
offline: 100%|█████████▉| 999999/1000000 [4:55:15<00:33, 33.51s/it, eval_success=0.440]
  2%|▏         | 1/50 [00:06<05:40,  6.95s/it][A
  4%|▍         | 2/50 [00:15<06:22,  7.97s/it][A
  6%|▌         | 3/50 [00:24<06:30,  8.30s/it][A
  8%|▊         | 4/50 [00:32<06:28,  8.44s/it][A
 10%|█         | 5/50 [00:40<06:12,  8.27s/it][A
 12%|█▏        | 6/50 [00:49<06:11,  8.44s/it][A
 14%|█▍        | 7/50 [00:56<05:40,  7.93s/it][A
 16%|█▌        | 8/50 [01:03<05:18,  7.59s/it][A
 18%|█▊        | 9/50 [01:10<05:01,  7.34s/it][A
 20%|██        | 10/50 [01:17<04:47,  7.18s/it][A
 22%|██▏       | 11/50 [01:22<04:17,  6.60s/it][A
 24%|██▍       | 12/50 [01:29<04:13,  6.67s/it][A
 26%|██▌       | 13/50 [01:36<04:08,  6.73s/it][A
 28%|██▊       | 14/50 [01:42<04:03,  6.75s/it][A
 30%|███       | 15/50 [01:48<03:49,  6.57s/it][A
 32%|███▏      | 16/50 [01:55<03:46,  6.65s/it][A
 34%|███▍      | 17/50 [02:02<03:41,  6.70s/it][A
 36%|███▌      | 18/50 [02:08<03:26,  6.45s/it][A
 38%|███▊      | 19/50 [02:15<03:23,  6.58s/it][A
 40%|████      | 20/50 [02:22<03:19,  6.65s/it][A
 42%|████▏     | 21/50 [02:28<03:07,  6.45s/it][A
 44%|████▍     | 22/50 [02:33<02:54,  6.22s/it][A
 46%|████▌     | 23/50 [02:40<02:51,  6.33s/it][A
 48%|████▊     | 24/50 [02:47<02:48,  6.47s/it][A
 50%|█████     | 25/50 [02:53<02:40,  6.40s/it][A
 52%|█████▏    | 26/50 [03:00<02:37,  6.55s/it][A
 54%|█████▍    | 27/50 [03:06<02:24,  6.30s/it][A
 56%|█████▌    | 28/50 [03:12<02:19,  6.36s/it][A
 58%|█████▊    | 29/50 [03:18<02:11,  6.25s/it][A
 60%|██████    | 30/50 [03:27<02:18,  6.95s/it][A
 62%|██████▏   | 31/50 [03:35<02:20,  7.42s/it][A
 64%|██████▍   | 32/50 [03:44<02:19,  7.75s/it][A
 66%|██████▌   | 33/50 [03:52<02:15,  7.99s/it][A
 68%|██████▊   | 34/50 [04:00<02:08,  8.05s/it][A
 70%|███████   | 35/50 [04:08<01:59,  7.96s/it][A
 72%|███████▏  | 36/50 [04:16<01:49,  7.83s/it][A
 74%|███████▍  | 37/50 [04:24<01:44,  8.05s/it][A
 76%|███████▌  | 38/50 [04:33<01:38,  8.21s/it][A
 78%|███████▊  | 39/50 [04:41<01:31,  8.31s/it][A
 80%|████████  | 40/50 [04:49<01:20,  8.03s/it][A
 82%|████████▏ | 41/50 [04:57<01:13,  8.18s/it][A
 84%|████████▍ | 42/50 [05:06<01:06,  8.29s/it][A
 86%|████████▌ | 43/50 [05:15<00:58,  8.39s/it][A
 88%|████████▊ | 44/50 [05:22<00:48,  8.05s/it][A
 90%|█████████ | 45/50 [05:30<00:41,  8.21s/it][A
 92%|█████████▏| 46/50 [05:39<00:33,  8.33s/it][A
 94%|█████████▍| 47/50 [05:46<00:24,  8.02s/it][A
 96%|█████████▌| 48/50 [05:55<00:16,  8.16s/it][A
 98%|█████████▊| 49/50 [06:03<00:08,  8.29s/it][A
100%|██████████| 50/50 [06:12<00:00,  8.39s/it][A
100%|██████████| 50/50 [06:12<00:00,  7.45s/it]
offline: 100%|█████████▉| 999999/1000000 [5:01:28<00:33, 33.51s/it, eval_success=0.380]
offline: 100%|██████████| 1000000/1000000 [5:01:28<00:00, 60.14s/it, eval_success=0.380]
Saved to exp/beat/ant2/J_lam001_pretanh_t3/antmaze-giant-navigate-singletask-task3-v0/antmaze-giant-navigate-singletask-task3-v0_sd000_anq_stdfp_chunk-h1_20260819_094409/params_offline.pkl
Saved modules ('critic', 'target_critic') to exp/beat/ant2/J_lam001_pretanh_t3/antmaze-giant-navigate-singletask-task3-v0/antmaze-giant-navigate-singletask-task3-v0_sd000_anq_stdfp_chunk-h1_20260819_094409/critic_offline.pkl
[1;34mwandb[0m: 
[1;34mwandb[0m: 🚀 View run [33mantmaze-giant-navigate-singletask-task3-v0_sd000_anq_stdfp_chunk-h1_20260819_094409[0m at: [34mhttps://wandb.ai/tjrcjf410-seoul-national-university/ant2/runs/6kjk9eas[0m
[1;34mwandb[0m: Find logs at: [1;35m../../../tmp/tmpqgqi8otm/wandb/run-20260819_094409-6kjk9eas/logs[0m
--- last progress lines ---
offline: 100%|██████████| 1000000/1000000 [5:01:28<00:00, 55.28it/s, eval_success=0.380]
online: 0it [00:00, ?it/s]
online: 0it [00:00, ?it/s]
