wandb: Using wandb-core as the SDK backend.  Please refer to https://wandb.me/wandb-core for more information.
wandb: Currently logged in as: tjrcjf410 (sjun0803-seoul-national-university) to https://api.wandb.ai. Use `wandb login --relogin` to force relogin
wandb: Tracking run with wandb version 0.19.9
wandb: Run data is saved locally in /tmp/tmpeno06u_a/wandb/run-20260819_124620-4evj0jes
wandb: Run `wandb offline` to turn off syncing.
wandb: Syncing run antmaze-giant-navigate-singletask-task3-v0_sd001_mani_stdfp_chunk-h1_20260819_124620
wandb: ⭐️ View project at https://wandb.ai/tjrcjf410-seoul-national-university/ant2
wandb: 🚀 View run at https://wandb.ai/tjrcjf410-seoul-national-university/ant2/runs/4evj0jes
wandb: WARNING Symlinked 8 files into the W&B run directory, call wandb.save again to sync new files.
I0819 12:46:21.857504 126155711031104 acceleratesupport.py:24] No OpenGL_accelerate module loaded: No module named 'OpenGL_accelerate'
offline:   0%|          | 1/1000000 [01:27<24329:46:10, 87.59s/it]
offline:   0%|          | 2/1000000 [01:49<13589:27:43, 48.92s/it]
offline:   0%|          | 3/1000000 [02:11<10168:54:06, 36.61s/it]
offline:   0%|          | 18/1000000 [02:11<944:35:17,  3.40s/it] 
offline:   0%|          | 33/1000000 [02:11<414:02:27,  1.49s/it]
  2%|▏         | 1/50 [00:07<06:06,  7.48s/it][A
  4%|▍         | 2/50 [00:14<05:36,  7.02s/it][A
  6%|▌         | 3/50 [00:20<05:21,  6.84s/it][A
  8%|▊         | 4/50 [00:27<05:10,  6.75s/it][A
 10%|█         | 5/50 [00:34<05:01,  6.70s/it][A
 12%|█▏        | 6/50 [00:40<04:54,  6.70s/it][A
 14%|█▍        | 7/50 [00:47<04:47,  6.69s/it][A
 16%|█▌        | 8/50 [00:53<04:39,  6.66s/it][A
 18%|█▊        | 9/50 [01:00<04:32,  6.65s/it][A
 20%|██        | 10/50 [01:07<04:25,  6.65s/it][A
 22%|██▏       | 11/50 [01:13<04:19,  6.66s/it][A
 24%|██▍       | 12/50 [01:20<04:12,  6.64s/it][A
 26%|██▌       | 13/50 [01:27<04:04,  6.61s/it][A
 28%|██▊       | 14/50 [01:33<03:57,  6.60s/it][A
 30%|███       | 15/50 [01:40<03:52,  6.64s/it][A
 32%|███▏      | 16/50 [01:46<03:45,  6.63s/it][A
 34%|███▍      | 17/50 [01:53<03:38,  6.63s/it][A
 36%|███▌      | 18/50 [02:00<03:32,  6.63s/it][A
 38%|███▊      | 19/50 [02:06<03:26,  6.65s/it][A
 40%|████      | 20/50 [02:13<03:20,  6.67s/it][A
 42%|████▏     | 21/50 [02:20<03:13,  6.66s/it][A
 44%|████▍     | 22/50 [02:26<03:06,  6.67s/it][A
 46%|████▌     | 23/50 [02:33<03:00,  6.67s/it][A
 48%|████▊     | 24/50 [02:40<02:53,  6.66s/it][A
 50%|█████     | 25/50 [02:46<02:46,  6.65s/it][A
 52%|█████▏    | 26/50 [02:53<02:39,  6.63s/it][A
 54%|█████▍    | 27/50 [03:00<02:32,  6.65s/it][A
 56%|█████▌    | 28/50 [03:06<02:26,  6.66s/it][A
 58%|█████▊    | 29/50 [03:13<02:19,  6.65s/it][A
 60%|██████    | 30/50 [03:20<02:12,  6.64s/it][A
 62%|██████▏   | 31/50 [03:26<02:05,  6.63s/it][A
 64%|██████▍   | 32/50 [03:33<01:59,  6.64s/it][A
 66%|██████▌   | 33/50 [03:40<01:53,  6.66s/it][A
 68%|██████▊   | 34/50 [03:46<01:46,  6.67s/it][A
 70%|███████   | 35/50 [03:53<01:40,  6.67s/it][A
 72%|███████▏  | 36/50 [04:00<01:36,  6.88s/it][A
 74%|███████▍  | 37/50 [04:10<01:41,  7.84s/it][A
 76%|███████▌  | 38/50 [04:21<01:43,  8.61s/it][A
 78%|███████▊  | 39/50 [04:31<01:40,  9.16s/it][A
 80%|████████  | 40/50 [04:42<01:35,  9.51s/it][A
 82%|████████▏ | 41/50 [04:52<01:27,  9.77s/it][A
 84%|████████▍ | 42/50 [05:02<01:19,  9.96s/it][A
 86%|████████▌ | 43/50 [05:13<01:10, 10.09s/it][A
 88%|████████▊ | 44/50 [05:23<01:00, 10.17s/it][A
 90%|█████████ | 45/50 [05:33<00:51, 10.24s/it][A
 92%|█████████▏| 46/50 [05:45<00:42, 10.62s/it][A
 94%|█████████▍| 47/50 [05:56<00:31, 10.61s/it][A
 96%|█████████▌| 48/50 [06:06<00:21, 10.58s/it][A
 98%|█████████▊| 49/50 [06:16<00:10, 10.39s/it][A
100%|██████████| 50/50 [06:25<00:00,  9.84s/it][A
100%|██████████| 50/50 [06:25<00:00,  7.70s/it]
offline:  10%|█         | 100000/1000000 [34:06<3420:47:26, 13.68s/it, eval_success=0.000]
offline:  10%|█         | 100014/1000000 [34:06<2001:28:33,  8.01s/it, eval_success=0.000]
offline:  10%|█         | 100024/1000000 [34:06<1406:54:43,  5.63s/it, eval_success=0.000]
offline:  10%|█         | 100033/1000000 [34:06<1018:32:05,  4.07s/it, eval_success=0.000]
offline:  10%|█         | 100042/1000000 [34:06<731:06:42,  2.92s/it, eval_success=0.000] 
offline:  10%|█         | 100051/1000000 [34:06<521:19:26,  2.09s/it, eval_success=0.000]
offline:  10%|█         | 100059/1000000 [34:07<382:47:33,  1.53s/it, eval_success=0.000]
offline:  10%|█         | 100067/1000000 [34:07<277:44:25,  1.11s/it, eval_success=0.000]
  2%|▏         | 1/50 [00:05<04:10,  5.11s/it][A
  4%|▍         | 2/50 [00:10<04:06,  5.13s/it][A
  6%|▌         | 3/50 [00:15<03:59,  5.09s/it][A
  8%|▊         | 4/50 [00:20<03:53,  5.08s/it][A
 10%|█         | 5/50 [00:25<03:47,  5.06s/it][A
 12%|█▏        | 6/50 [00:30<03:42,  5.06s/it][A
 14%|█▍        | 7/50 [00:35<03:38,  5.07s/it][A
 16%|█▌        | 8/50 [00:40<03:32,  5.07s/it][A
 18%|█▊        | 9/50 [00:45<03:28,  5.08s/it][A
 20%|██        | 10/50 [00:50<03:24,  5.10s/it][A
 22%|██▏       | 11/50 [00:55<03:18,  5.09s/it][A
 24%|██▍       | 12/50 [01:00<03:13,  5.09s/it][A
 26%|██▌       | 13/50 [01:06<03:07,  5.08s/it][A
 28%|██▊       | 14/50 [01:11<03:09,  5.25s/it][A
 30%|███       | 15/50 [01:18<03:17,  5.63s/it][A
 32%|███▏      | 16/50 [01:24<03:19,  5.87s/it][A
 34%|███▍      | 17/50 [01:29<03:06,  5.66s/it][A
 36%|███▌      | 18/50 [01:35<02:57,  5.54s/it][A
 38%|███▊      | 19/50 [01:40<02:55,  5.65s/it][A
 40%|████      | 20/50 [01:47<02:59,  5.98s/it][A
 42%|████▏     | 21/50 [01:55<03:13,  6.67s/it][A
 44%|████▍     | 22/50 [02:04<03:23,  7.26s/it][A
 46%|████▌     | 23/50 [02:13<03:25,  7.60s/it][A
 48%|████▊     | 24/50 [02:21<03:24,  7.86s/it][A
 50%|█████     | 25/50 [02:30<03:22,  8.08s/it][A
 52%|█████▏    | 26/50 [02:38<03:16,  8.20s/it][A
 54%|█████▍    | 27/50 [02:47<03:10,  8.29s/it][A
 56%|█████▌    | 28/50 [02:55<03:05,  8.42s/it][A
 58%|█████▊    | 29/50 [03:04<02:57,  8.44s/it][A
 60%|██████    | 30/50 [03:14<03:00,  9.01s/it][A
 62%|██████▏   | 31/50 [03:25<02:59,  9.44s/it][A
 64%|██████▍   | 32/50 [03:35<02:55,  9.73s/it][A
 66%|██████▌   | 33/50 [03:45<02:45,  9.72s/it][A
 68%|██████▊   | 34/50 [03:53<02:29,  9.35s/it][A
 70%|███████   | 35/50 [04:02<02:16,  9.11s/it][A
 72%|███████▏  | 36/50 [04:10<02:04,  8.93s/it][A
 74%|███████▍  | 37/50 [04:19<01:54,  8.79s/it][A
 76%|███████▌  | 38/50 [04:27<01:44,  8.71s/it][A
 78%|███████▊  | 39/50 [04:36<01:35,  8.65s/it][A
 80%|████████  | 40/50 [04:44<01:26,  8.62s/it][A
 82%|████████▏ | 41/50 [04:53<01:17,  8.59s/it][A
 84%|████████▍ | 42/50 [05:01<01:08,  8.57s/it][A
 86%|████████▌ | 43/50 [05:10<00:59,  8.55s/it][A
 88%|████████▊ | 44/50 [05:18<00:51,  8.55s/it][A
 90%|█████████ | 45/50 [05:27<00:42,  8.51s/it][A
 92%|█████████▏| 46/50 [05:35<00:34,  8.52s/it][A
 94%|█████████▍| 47/50 [05:45<00:26,  8.94s/it][A
 96%|█████████▌| 48/50 [05:56<00:18,  9.41s/it][A
 98%|█████████▊| 49/50 [06:06<00:09,  9.74s/it][A
100%|██████████| 50/50 [06:17<00:00,  9.94s/it][A
100%|██████████| 50/50 [06:17<00:00,  7.54s/it]
offline:  20%|██        | 200000/1000000 [1:04:01<2067:46:59,  9.31s/it, eval_success=0.000]
offline:  20%|██        | 200012/1000000 [1:04:02<1454:31:41,  6.55s/it, eval_success=0.000]
offline:  20%|██        | 200023/1000000 [1:04:02<1048:27:55,  4.72s/it, eval_success=0.000]
offline:  20%|██        | 200033/1000000 [1:04:02<769:53:40,  3.46s/it, eval_success=0.000] 
offline:  20%|██        | 200042/1000000 [1:04:02<574:13:55,  2.58s/it, eval_success=0.000]
offline:  20%|██        | 200050/1000000 [1:04:02<434:35:30,  1.96s/it, eval_success=0.000]
offline:  20%|██        | 200058/1000000 [1:04:02<323:11:09,  1.45s/it, eval_success=0.000]
offline:  20%|██        | 200067/1000000 [1:04:03<229:04:21,  1.03s/it, eval_success=0.000]
  2%|▏         | 1/50 [00:06<05:25,  6.64s/it][A
  4%|▍         | 2/50 [00:12<05:00,  6.26s/it][A
  6%|▌         | 3/50 [00:17<04:29,  5.73s/it][A
  8%|▊         | 4/50 [00:22<04:12,  5.49s/it][A
 10%|█         | 5/50 [00:28<04:03,  5.41s/it][A
 12%|█▏        | 6/50 [00:34<04:05,  5.58s/it][A
 14%|█▍        | 7/50 [00:40<04:16,  5.97s/it][A
 16%|█▌        | 8/50 [00:47<04:22,  6.24s/it][A
 18%|█▊        | 9/50 [00:54<04:22,  6.41s/it][A
 20%|██        | 10/50 [01:01<04:20,  6.51s/it][A
 22%|██▏       | 11/50 [01:07<04:16,  6.57s/it][A
 24%|██▍       | 12/50 [01:14<04:12,  6.65s/it][A
 26%|██▌       | 13/50 [01:21<04:06,  6.67s/it][A
 28%|██▊       | 14/50 [01:28<04:05,  6.82s/it][A
 30%|███       | 15/50 [01:37<04:17,  7.35s/it][A
 32%|███▏      | 16/50 [01:45<04:23,  7.74s/it][A
 34%|███▍      | 17/50 [01:54<04:24,  8.02s/it][A
 36%|███▌      | 18/50 [02:01<04:04,  7.64s/it][A
 38%|███▊      | 19/50 [02:07<03:48,  7.37s/it][A
 40%|████      | 20/50 [02:14<03:36,  7.20s/it][A
 42%|████▏     | 21/50 [02:21<03:25,  7.07s/it][A
 44%|████▍     | 22/50 [02:28<03:15,  6.98s/it][A
 46%|████▌     | 23/50 [02:35<03:06,  6.91s/it][A
 48%|████▊     | 24/50 [02:41<02:57,  6.84s/it][A
 50%|█████     | 25/50 [02:48<02:51,  6.84s/it][A
 52%|█████▏    | 26/50 [02:55<02:43,  6.83s/it][A
 54%|█████▍    | 27/50 [03:02<02:36,  6.79s/it][A
 56%|█████▌    | 28/50 [03:08<02:29,  6.77s/it][A
 58%|█████▊    | 29/50 [03:15<02:22,  6.77s/it][A
 60%|██████    | 30/50 [03:22<02:15,  6.76s/it][A
 62%|██████▏   | 31/50 [03:29<02:08,  6.78s/it][A
 64%|██████▍   | 32/50 [03:35<02:01,  6.76s/it][A
 66%|██████▌   | 33/50 [03:42<01:54,  6.76s/it][A
 68%|██████▊   | 34/50 [03:49<01:48,  6.75s/it][A
 70%|███████   | 35/50 [03:56<01:41,  6.76s/it][A
 72%|███████▏  | 36/50 [04:02<01:34,  6.76s/it][A
 74%|███████▍  | 37/50 [04:09<01:27,  6.76s/it][A
 76%|███████▌  | 38/50 [04:16<01:21,  6.77s/it][A
 78%|███████▊  | 39/50 [04:23<01:14,  6.78s/it][A
 80%|████████  | 40/50 [04:29<01:07,  6.77s/it][A
 82%|████████▏ | 41/50 [04:36<01:00,  6.77s/it][A
 84%|████████▍ | 42/50 [04:43<00:54,  6.78s/it][A
 86%|████████▌ | 43/50 [04:50<00:47,  6.77s/it][A
 88%|████████▊ | 44/50 [04:57<00:40,  6.76s/it][A
 90%|█████████ | 45/50 [05:03<00:33,  6.77s/it][A
 92%|█████████▏| 46/50 [05:10<00:27,  6.77s/it][A
 94%|█████████▍| 47/50 [05:17<00:20,  6.76s/it][A
 96%|█████████▌| 48/50 [05:24<00:13,  6.86s/it][A
 98%|█████████▊| 49/50 [05:33<00:07,  7.39s/it][A
100%|██████████| 50/50 [05:43<00:00,  8.20s/it][A
100%|██████████| 50/50 [05:43<00:00,  6.86s/it]
offline:  30%|███       | 300000/1000000 [1:36:22<2452:57:32, 12.62s/it, eval_success=0.000]
offline:  30%|███       | 300014/1000000 [1:36:22<1415:27:10,  7.28s/it, eval_success=0.000]
offline:  30%|███       | 300024/1000000 [1:36:22<989:16:49,  5.09s/it, eval_success=0.000] 
offline:  30%|███       | 300033/1000000 [1:36:22<714:05:37,  3.67s/it, eval_success=0.000]
offline:  30%|███       | 300041/1000000 [1:36:22<528:00:07,  2.72s/it, eval_success=0.000]
offline:  30%|███       | 300048/1000000 [1:36:23<398:31:28,  2.05s/it, eval_success=0.000]
offline:  30%|███       | 300056/1000000 [1:36:23<284:49:11,  1.46s/it, eval_success=0.000]
offline:  30%|███       | 300064/1000000 [1:36:23<203:06:39,  1.04s/it, eval_success=0.000]
  2%|▏         | 1/50 [00:07<06:30,  7.97s/it][A
  4%|▍         | 2/50 [00:14<05:40,  7.10s/it][A
  6%|▌         | 3/50 [00:20<05:21,  6.83s/it][A
  8%|▊         | 4/50 [00:27<05:09,  6.73s/it][A
 10%|█         | 5/50 [00:34<04:59,  6.66s/it][A
 12%|█▏        | 6/50 [00:40<04:52,  6.64s/it][A
 14%|█▍        | 7/50 [00:47<04:52,  6.81s/it][A
 16%|█▌        | 8/50 [00:55<04:59,  7.14s/it][A
 18%|█▊        | 9/50 [01:02<04:50,  7.08s/it][A
 20%|██        | 10/50 [01:09<04:39,  7.00s/it][A
 22%|██▏       | 11/50 [01:16<04:29,  6.91s/it][A
 24%|██▍       | 12/50 [01:22<04:20,  6.86s/it][A
 26%|██▌       | 13/50 [01:29<04:12,  6.81s/it][A
 28%|██▊       | 14/50 [01:36<04:04,  6.80s/it][A
 30%|███       | 15/50 [01:43<03:56,  6.77s/it][A
 32%|███▏      | 16/50 [01:49<03:48,  6.71s/it][A
 34%|███▍      | 17/50 [01:56<03:39,  6.65s/it][A
 36%|███▌      | 18/50 [02:02<03:32,  6.64s/it][A
 38%|███▊      | 19/50 [02:09<03:24,  6.61s/it][A
 40%|████      | 20/50 [02:15<03:17,  6.58s/it][A
 42%|████▏     | 21/50 [02:22<03:11,  6.60s/it][A
 44%|████▍     | 22/50 [02:28<03:03,  6.57s/it][A
 46%|████▌     | 23/50 [02:35<02:56,  6.55s/it][A
 48%|████▊     | 24/50 [02:42<02:54,  6.70s/it][A
 50%|█████     | 25/50 [02:51<03:01,  7.24s/it][A
 52%|█████▏    | 26/50 [02:59<03:02,  7.62s/it][A
 54%|█████▍    | 27/50 [03:08<03:01,  7.91s/it][A
 56%|█████▌    | 28/50 [03:16<02:57,  8.06s/it][A
 58%|█████▊    | 29/50 [03:25<02:52,  8.20s/it][A
 60%|██████    | 30/50 [03:33<02:46,  8.31s/it][A
 62%|██████▏   | 31/50 [03:42<02:39,  8.38s/it][A
 64%|██████▍   | 32/50 [03:48<02:21,  7.89s/it][A
 66%|██████▌   | 33/50 [03:55<02:08,  7.55s/it][A
 68%|██████▊   | 34/50 [04:02<01:56,  7.30s/it][A
 70%|███████   | 35/50 [04:09<01:46,  7.12s/it][A
 72%|███████▏  | 36/50 [04:15<01:38,  7.02s/it][A
 74%|███████▍  | 37/50 [04:22<01:30,  6.94s/it][A
 76%|███████▌  | 38/50 [04:29<01:22,  6.87s/it][A
 78%|███████▊  | 39/50 [04:36<01:15,  6.86s/it][A
 80%|████████  | 40/50 [04:42<01:08,  6.83s/it][A
 82%|████████▏ | 41/50 [04:49<01:01,  6.82s/it][A
 84%|████████▍ | 42/50 [04:56<00:54,  6.79s/it][A
 86%|████████▌ | 43/50 [05:03<00:47,  6.79s/it][A
 88%|████████▊ | 44/50 [05:09<00:40,  6.78s/it][A
 90%|█████████ | 45/50 [05:16<00:33,  6.78s/it][A
 92%|█████████▏| 46/50 [05:23<00:27,  6.78s/it][A
 94%|█████████▍| 47/50 [05:30<00:20,  6.76s/it][A
 96%|█████████▌| 48/50 [05:37<00:13,  6.77s/it][A
 98%|█████████▊| 49/50 [05:44<00:07,  7.12s/it][A
100%|██████████| 50/50 [05:53<00:00,  7.60s/it][A
100%|██████████| 50/50 [05:53<00:00,  7.07s/it]
offline:  40%|████      | 400000/1000000 [2:07:00<2326:55:07, 13.96s/it, eval_success=0.000]
offline:  40%|████      | 400017/1000000 [2:07:01<1189:39:05,  7.14s/it, eval_success=0.000]
offline:  40%|████      | 400027/1000000 [2:07:01<844:05:08,  5.06s/it, eval_success=0.000] 
offline:  40%|████      | 400036/1000000 [2:07:01<614:52:34,  3.69s/it, eval_success=0.000]
offline:  40%|████      | 400046/1000000 [2:07:01<429:45:14,  2.58s/it, eval_success=0.000]
offline:  40%|████      | 400055/1000000 [2:07:01<310:22:13,  1.86s/it, eval_success=0.000]
offline:  40%|████      | 400063/1000000 [2:07:01<229:57:29,  1.38s/it, eval_success=0.000]
  2%|▏         | 1/50 [00:08<06:58,  8.54s/it][A
  4%|▍         | 2/50 [00:17<06:50,  8.55s/it][A
  6%|▌         | 3/50 [00:25<06:42,  8.56s/it][A
  8%|▊         | 4/50 [00:34<06:33,  8.55s/it][A
 10%|█         | 5/50 [00:42<06:25,  8.56s/it][A
 12%|█▏        | 6/50 [00:51<06:16,  8.56s/it][A
 14%|█▍        | 7/50 [00:59<06:07,  8.54s/it][A
 16%|█▌        | 8/50 [01:08<05:59,  8.56s/it][A
 18%|█▊        | 9/50 [01:16<05:50,  8.56s/it][A
 20%|██        | 10/50 [01:27<06:06,  9.16s/it][A
 22%|██▏       | 11/50 [01:37<06:12,  9.54s/it][A
 24%|██▍       | 12/50 [01:48<06:13,  9.82s/it][A
 26%|██▌       | 13/50 [01:58<06:10, 10.01s/it][A
 28%|██▊       | 14/50 [02:09<06:04, 10.14s/it][A
 30%|███       | 15/50 [02:19<05:58, 10.24s/it][A
 32%|███▏      | 16/50 [02:30<05:51, 10.33s/it][A
 34%|███▍      | 17/50 [02:40<05:42, 10.37s/it][A
 36%|███▌      | 18/50 [02:51<05:32, 10.40s/it][A
 38%|███▊      | 19/50 [03:01<05:22, 10.41s/it][A
 40%|████      | 20/50 [03:12<05:12, 10.43s/it][A
 42%|████▏     | 21/50 [03:22<05:02, 10.43s/it][A
 44%|████▍     | 22/50 [03:33<04:53, 10.47s/it][A
 46%|████▌     | 23/50 [03:43<04:42, 10.48s/it][A
 48%|████▊     | 24/50 [03:53<04:31, 10.45s/it][A
 50%|█████     | 25/50 [04:04<04:21, 10.46s/it][A
 52%|█████▏    | 26/50 [04:15<04:11, 10.49s/it][A
 54%|█████▍    | 27/50 [04:25<04:01, 10.50s/it][A
 56%|█████▌    | 28/50 [04:36<03:50, 10.49s/it][A
 58%|█████▊    | 29/50 [04:46<03:40, 10.50s/it][A
 60%|██████    | 30/50 [04:57<03:29, 10.49s/it][A
 62%|██████▏   | 31/50 [05:07<03:19, 10.51s/it][A
 64%|██████▍   | 32/50 [05:17<03:08, 10.46s/it][A
 66%|██████▌   | 33/50 [05:28<02:57, 10.46s/it][A
 68%|██████▊   | 34/50 [05:38<02:47, 10.45s/it][A
 70%|███████   | 35/50 [05:49<02:36, 10.43s/it][A
 72%|███████▏  | 36/50 [05:59<02:26, 10.47s/it][A
 74%|███████▍  | 37/50 [06:10<02:16, 10.46s/it][A
 76%|███████▌  | 38/50 [06:20<02:05, 10.45s/it][A
 78%|███████▊  | 39/50 [06:31<01:55, 10.47s/it][A
 80%|████████  | 40/50 [06:41<01:44, 10.47s/it][A
 82%|████████▏ | 41/50 [06:52<01:34, 10.47s/it][A
 84%|████████▍ | 42/50 [07:02<01:23, 10.48s/it][A
 86%|████████▌ | 43/50 [07:13<01:13, 10.50s/it][A
 88%|████████▊ | 44/50 [07:23<01:03, 10.52s/it][A
 90%|█████████ | 45/50 [07:34<00:53, 10.60s/it][A
 92%|█████████▏| 46/50 [07:44<00:42, 10.54s/it][A
 94%|█████████▍| 47/50 [07:55<00:31, 10.50s/it][A
 96%|█████████▌| 48/50 [08:05<00:20, 10.48s/it][A
 98%|█████████▊| 49/50 [08:16<00:10, 10.50s/it][A
100%|██████████| 50/50 [08:26<00:00, 10.52s/it][A
100%|██████████| 50/50 [08:26<00:00, 10.14s/it]
offline:  50%|█████     | 500000/1000000 [2:39:45<3148:54:22, 22.67s/it, eval_success=0.000]
offline:  50%|█████     | 500013/1000000 [2:39:45<1721:24:23, 12.39s/it, eval_success=0.000]
offline:  50%|█████     | 500022/1000000 [2:39:45<1189:09:02,  8.56s/it, eval_success=0.000]
offline:  50%|█████     | 500030/1000000 [2:39:45<854:34:29,  6.15s/it, eval_success=0.000] 
offline:  50%|█████     | 500037/1000000 [2:39:45<632:25:42,  4.55s/it, eval_success=0.000]
offline:  50%|█████     | 500044/1000000 [2:39:46<461:25:33,  3.32s/it, eval_success=0.000]
offline:  50%|█████     | 500054/1000000 [2:39:46<297:26:16,  2.14s/it, eval_success=0.000]
offline:  50%|█████     | 500062/1000000 [2:39:46<212:41:18,  1.53s/it, eval_success=0.000]
offline:  50%|█████     | 500071/1000000 [2:39:46<145:47:47,  1.05s/it, eval_success=0.000]
  2%|▏         | 1/50 [00:12<10:17, 12.61s/it][A
  4%|▍         | 2/50 [00:25<10:02, 12.56s/it][A
  6%|▌         | 3/50 [00:37<09:49, 12.55s/it][A
  8%|▊         | 4/50 [00:50<09:35, 12.51s/it][A
 10%|█         | 5/50 [01:02<09:22, 12.49s/it][A
 12%|█▏        | 6/50 [01:15<09:09, 12.49s/it][A
 14%|█▍        | 7/50 [01:27<08:58, 12.53s/it][A
 16%|█▌        | 8/50 [01:40<08:45, 12.52s/it][A
 18%|█▊        | 9/50 [01:52<08:34, 12.55s/it][A
 20%|██        | 10/50 [02:05<08:21, 12.54s/it][A
 22%|██▏       | 11/50 [02:17<08:10, 12.58s/it][A
 24%|██▍       | 12/50 [02:30<07:58, 12.58s/it][A
 26%|██▌       | 13/50 [02:43<07:45, 12.57s/it][A
 28%|██▊       | 14/50 [02:55<07:32, 12.57s/it][A
 30%|███       | 15/50 [03:08<07:19, 12.56s/it][A
 32%|███▏      | 16/50 [03:20<07:07, 12.58s/it][A
 34%|███▍      | 17/50 [03:33<06:53, 12.54s/it][A
 36%|███▌      | 18/50 [03:45<06:41, 12.56s/it][A
 38%|███▊      | 19/50 [03:58<06:29, 12.55s/it][A
 40%|████      | 20/50 [04:11<06:17, 12.58s/it][A
 42%|████▏     | 21/50 [04:23<06:04, 12.56s/it][A
 44%|████▍     | 22/50 [04:36<05:50, 12.53s/it][A
 46%|████▌     | 23/50 [04:48<05:37, 12.49s/it][A
 48%|████▊     | 24/50 [05:00<05:25, 12.51s/it][A
 50%|█████     | 25/50 [05:13<05:13, 12.53s/it][A
 52%|█████▏    | 26/50 [05:26<05:00, 12.53s/it][A
 54%|█████▍    | 27/50 [05:38<04:48, 12.53s/it][A
 56%|█████▌    | 28/50 [05:51<04:35, 12.51s/it][A
 58%|█████▊    | 29/50 [06:03<04:22, 12.49s/it][A
 60%|██████    | 30/50 [06:16<04:10, 12.52s/it][A
 62%|██████▏   | 31/50 [06:28<03:57, 12.51s/it][A
 64%|██████▍   | 32/50 [06:41<03:45, 12.50s/it][A
 66%|██████▌   | 33/50 [06:53<03:32, 12.51s/it][A
 68%|██████▊   | 34/50 [07:06<03:20, 12.52s/it][A
 70%|███████   | 35/50 [07:18<03:07, 12.51s/it][A
 72%|███████▏  | 36/50 [07:31<02:55, 12.54s/it][A
 74%|███████▍  | 37/50 [07:43<02:43, 12.55s/it][A
 76%|███████▌  | 38/50 [07:56<02:30, 12.52s/it][A
 78%|███████▊  | 39/50 [08:07<02:11, 11.99s/it][A
 80%|████████  | 40/50 [08:17<01:55, 11.59s/it][A
 82%|████████▏ | 41/50 [08:27<01:40, 11.14s/it][A
 84%|████████▍ | 42/50 [08:36<01:22, 10.37s/it][A
 86%|████████▌ | 43/50 [08:44<01:08,  9.84s/it][A
 88%|████████▊ | 44/50 [08:53<00:56,  9.50s/it][A
 90%|█████████ | 45/50 [09:02<00:46,  9.23s/it][A
 92%|█████████▏| 46/50 [09:10<00:36,  9.06s/it][A
 94%|█████████▍| 47/50 [09:19<00:26,  8.94s/it][A
 96%|█████████▌| 48/50 [09:28<00:17,  8.84s/it][A
 98%|█████████▊| 49/50 [09:36<00:08,  8.75s/it][A
100%|██████████| 50/50 [09:45<00:00,  8.72s/it][A
100%|██████████| 50/50 [09:45<00:00, 11.71s/it]
offline:  60%|██████    | 600000/1000000 [3:11:06<3062:29:34, 27.56s/it, eval_success=0.000]
offline:  60%|██████    | 600015/1000000 [3:11:06<1525:56:11, 13.73s/it, eval_success=0.000]
offline:  60%|██████    | 600023/1000000 [3:11:06<1104:15:29,  9.94s/it, eval_success=0.000]
offline:  60%|██████    | 600031/1000000 [3:11:07<792:06:09,  7.13s/it, eval_success=0.000] 
offline:  60%|██████    | 600038/1000000 [3:11:07<585:26:11,  5.27s/it, eval_success=0.000]
offline:  60%|██████    | 600045/1000000 [3:11:07<426:40:12,  3.84s/it, eval_success=0.000]
offline:  60%|██████    | 600053/1000000 [3:11:07<296:00:56,  2.66s/it, eval_success=0.000]
offline:  60%|██████    | 600060/1000000 [3:11:07<214:20:10,  1.93s/it, eval_success=0.000]
offline:  60%|██████    | 600068/1000000 [3:11:07<147:58:02,  1.33s/it, eval_success=0.000]
--- last progress lines ---
offline:  60%|██████    | 602575/1000000 [3:11:44<1:36:53, 68.37it/s, eval_success=0.000]
offline:  60%|██████    | 602582/1000000 [3:11:45<1:36:44, 68.47it/s, eval_success=0.000]
offline:  60%|██████    | 602589/1000000 [3:11:45<1:37:27, 67.96it/s, eval_success=0.000]
