wandb: Using wandb-core as the SDK backend.  Please refer to https://wandb.me/wandb-core for more information.
wandb: Currently logged in as: tjrcjf410 (sjun0803-seoul-national-university) to https://api.wandb.ai. Use `wandb login --relogin` to force relogin
wandb: Tracking run with wandb version 0.19.9
wandb: Run data is saved locally in /tmp/tmpnatz7pv0/wandb/run-20260819_100338-yz2ju1gs
wandb: Run `wandb offline` to turn off syncing.
wandb: Syncing run antmaze-giant-navigate-singletask-task3-v0_sd000_mani_stdfp_chunk-h1_20260819_100337
wandb: ⭐️ View project at https://wandb.ai/tjrcjf410-seoul-national-university/ant2
wandb: 🚀 View run at https://wandb.ai/tjrcjf410-seoul-national-university/ant2/runs/yz2ju1gs
wandb: WARNING Symlinked 8 files into the W&B run directory, call wandb.save again to sync new files.
I0819 10:03:39.737251 138690150860608 acceleratesupport.py:24] No OpenGL_accelerate module loaded: No module named 'OpenGL_accelerate'
offline:   0%|          | 1/1000000 [01:37<27215:18:18, 97.98s/it]
offline:   0%|          | 2/1000000 [02:00<14842:02:40, 53.43s/it]
offline:   0%|          | 3/1000000 [02:23<11045:29:29, 39.76s/it]
offline:   0%|          | 18/1000000 [02:23<1026:18:35,  3.69s/it]
offline:   0%|          | 30/1000000 [02:24<506:39:50,  1.82s/it] 
offline:   0%|          | 41/1000000 [02:24<305:25:36,  1.10s/it]
  2%|▏         | 1/50 [00:05<04:51,  5.95s/it][A
  4%|▍         | 2/50 [00:11<04:23,  5.49s/it][A
  6%|▌         | 3/50 [00:16<04:10,  5.33s/it][A
  8%|▊         | 4/50 [00:21<04:01,  5.26s/it][A
 10%|█         | 5/50 [00:26<03:54,  5.21s/it][A
 12%|█▏        | 6/50 [00:31<03:47,  5.17s/it][A
 14%|█▍        | 7/50 [00:36<03:43,  5.19s/it][A
 16%|█▌        | 8/50 [00:42<03:37,  5.19s/it][A
 18%|█▊        | 9/50 [00:47<03:31,  5.15s/it][A
 20%|██        | 10/50 [00:53<03:42,  5.56s/it][A
 22%|██▏       | 11/50 [01:00<03:53,  5.98s/it][A
 24%|██▍       | 12/50 [01:09<04:17,  6.76s/it][A
 26%|██▌       | 13/50 [01:17<04:29,  7.28s/it][A
 28%|██▊       | 14/50 [01:26<04:35,  7.66s/it][A
 30%|███       | 15/50 [01:34<04:36,  7.91s/it][A
 32%|███▏      | 16/50 [01:43<04:34,  8.08s/it][A
 34%|███▍      | 17/50 [01:51<04:30,  8.21s/it][A
 36%|███▌      | 18/50 [02:00<04:25,  8.31s/it][A
 38%|███▊      | 19/50 [02:08<04:20,  8.39s/it][A
 40%|████      | 20/50 [02:17<04:12,  8.43s/it][A
 42%|████▏     | 21/50 [02:25<04:05,  8.46s/it][A
 44%|████▍     | 22/50 [02:34<03:57,  8.50s/it][A
 46%|████▌     | 23/50 [02:42<03:50,  8.55s/it][A
 48%|████▊     | 24/50 [02:51<03:43,  8.60s/it][A
 50%|█████     | 25/50 [03:01<03:42,  8.90s/it][A
 52%|█████▏    | 26/50 [03:10<03:34,  8.94s/it][A
 54%|█████▍    | 27/50 [03:20<03:36,  9.43s/it][A
 56%|█████▌    | 28/50 [03:31<03:37,  9.90s/it][A
 58%|█████▊    | 29/50 [03:43<03:38, 10.42s/it][A
 60%|██████    | 30/50 [03:55<03:39, 11.00s/it][A
 62%|██████▏   | 31/50 [04:06<03:26, 10.87s/it][A
 64%|██████▍   | 32/50 [04:17<03:14, 10.79s/it][A
 66%|██████▌   | 33/50 [04:27<03:02, 10.76s/it][A
 68%|██████▊   | 34/50 [04:38<02:51, 10.72s/it][A
 70%|███████   | 35/50 [04:48<02:40, 10.68s/it][A
 72%|███████▏  | 36/50 [04:59<02:29, 10.65s/it][A
 74%|███████▍  | 37/50 [05:10<02:18, 10.63s/it][A
 76%|███████▌  | 38/50 [05:20<02:07, 10.61s/it][A
 78%|███████▊  | 39/50 [05:31<01:56, 10.60s/it][A
 80%|████████  | 40/50 [05:41<01:46, 10.61s/it][A
 82%|████████▏ | 41/50 [05:52<01:35, 10.61s/it][A
 84%|████████▍ | 42/50 [06:03<01:24, 10.60s/it][A
 86%|████████▌ | 43/50 [06:13<01:14, 10.59s/it][A
 88%|████████▊ | 44/50 [06:24<01:03, 10.61s/it][A
 90%|█████████ | 45/50 [06:34<00:52, 10.59s/it][A
 92%|█████████▏| 46/50 [06:45<00:42, 10.60s/it][A
 94%|█████████▍| 47/50 [06:56<00:31, 10.63s/it][A
 96%|█████████▌| 48/50 [07:06<00:21, 10.63s/it][A
 98%|█████████▊| 49/50 [07:17<00:10, 10.65s/it][A
100%|██████████| 50/50 [07:28<00:00, 10.62s/it][A
100%|██████████| 50/50 [07:28<00:00,  8.96s/it]
offline:  10%|█         | 100000/1000000 [32:53<3228:09:18, 12.91s/it, eval_success=0.000]
offline:  10%|█         | 100012/1000000 [32:53<2162:06:09,  8.65s/it, eval_success=0.000]
offline:  10%|█         | 100023/1000000 [32:53<1510:17:46,  6.04s/it, eval_success=0.000]
offline:  10%|█         | 100032/1000000 [32:53<1117:03:48,  4.47s/it, eval_success=0.000]
offline:  10%|█         | 100041/1000000 [32:53<815:08:51,  3.26s/it, eval_success=0.000] 
offline:  10%|█         | 100049/1000000 [32:54<607:17:02,  2.43s/it, eval_success=0.000]
offline:  10%|█         | 100056/1000000 [32:54<460:47:54,  1.84s/it, eval_success=0.000]
offline:  10%|█         | 100063/1000000 [32:54<343:41:59,  1.37s/it, eval_success=0.000]
offline:  10%|█         | 100070/1000000 [32:54<252:14:24,  1.01s/it, eval_success=0.000]
  2%|▏         | 1/50 [00:10<08:38, 10.59s/it][A
  4%|▍         | 2/50 [00:21<08:29, 10.62s/it][A
  6%|▌         | 3/50 [00:31<08:19, 10.63s/it][A
  8%|▊         | 4/50 [00:42<08:09, 10.64s/it][A
 10%|█         | 5/50 [00:52<07:50, 10.47s/it][A
 12%|█▏        | 6/50 [01:01<07:14,  9.86s/it][A
 14%|█▍        | 7/50 [01:10<06:48,  9.49s/it][A
 16%|█▌        | 8/50 [01:18<06:28,  9.25s/it][A
 18%|█▊        | 9/50 [01:27<06:11,  9.07s/it][A
 20%|██        | 10/50 [01:36<05:57,  8.93s/it][A
 22%|██▏       | 11/50 [01:44<05:44,  8.83s/it][A
 24%|██▍       | 12/50 [01:53<05:34,  8.80s/it][A
 26%|██▌       | 13/50 [02:02<05:24,  8.77s/it][A
 28%|██▊       | 14/50 [02:10<05:14,  8.74s/it][A
 30%|███       | 15/50 [02:19<05:03,  8.68s/it][A
 32%|███▏      | 16/50 [02:26<04:36,  8.12s/it][A
 34%|███▍      | 17/50 [02:32<04:14,  7.71s/it][A
 36%|███▌      | 18/50 [02:39<03:58,  7.47s/it][A
 38%|███▊      | 19/50 [02:46<03:45,  7.26s/it][A
 40%|████      | 20/50 [02:53<03:33,  7.12s/it][A
 42%|████▏     | 21/50 [03:00<03:23,  7.01s/it][A
 44%|████▍     | 22/50 [03:07<03:14,  6.96s/it][A
 46%|████▌     | 23/50 [03:13<03:06,  6.89s/it][A
 48%|████▊     | 24/50 [03:20<02:58,  6.87s/it][A
 50%|█████     | 25/50 [03:27<02:51,  6.85s/it][A
 52%|█████▏    | 26/50 [03:35<02:54,  7.27s/it][A
 54%|█████▍    | 27/50 [03:44<02:57,  7.71s/it][A
 56%|█████▌    | 28/50 [03:53<02:58,  8.11s/it][A
 58%|█████▊    | 29/50 [04:02<02:54,  8.29s/it][A
 60%|██████    | 30/50 [04:10<02:48,  8.42s/it][A
 62%|██████▏   | 31/50 [04:19<02:41,  8.51s/it][A
 64%|██████▍   | 32/50 [04:28<02:34,  8.58s/it][A
 66%|██████▌   | 33/50 [04:36<02:26,  8.59s/it][A
 68%|██████▊   | 34/50 [04:45<02:17,  8.62s/it][A
 70%|███████   | 35/50 [04:54<02:09,  8.66s/it][A
 72%|███████▏  | 36/50 [05:03<02:01,  8.70s/it][A
 74%|███████▍  | 37/50 [05:11<01:53,  8.72s/it][A
 76%|███████▌  | 38/50 [05:20<01:44,  8.71s/it][A
 78%|███████▊  | 39/50 [05:29<01:36,  8.73s/it][A
 80%|████████  | 40/50 [05:38<01:27,  8.72s/it][A
 82%|████████▏ | 41/50 [05:46<01:18,  8.74s/it][A
 84%|████████▍ | 42/50 [05:55<01:09,  8.74s/it][A
 86%|████████▌ | 43/50 [06:04<01:01,  8.74s/it][A
 88%|████████▊ | 44/50 [06:13<00:52,  8.73s/it][A
 90%|█████████ | 45/50 [06:21<00:43,  8.73s/it][A
 92%|█████████▏| 46/50 [06:30<00:34,  8.72s/it][A
 94%|█████████▍| 47/50 [06:39<00:26,  8.74s/it][A
 96%|█████████▌| 48/50 [06:48<00:17,  8.76s/it][A
 98%|█████████▊| 49/50 [06:56<00:08,  8.74s/it][A
100%|██████████| 50/50 [07:05<00:00,  8.74s/it][A
100%|██████████| 50/50 [07:05<00:00,  8.51s/it]
offline:  20%|██        | 200000/1000000 [1:05:39<3998:13:41, 17.99s/it, eval_success=0.000]
offline:  20%|██        | 200015/1000000 [1:05:39<2100:07:11,  9.45s/it, eval_success=0.000]
offline:  20%|██        | 200024/1000000 [1:05:39<1493:52:23,  6.72s/it, eval_success=0.000]
offline:  20%|██        | 200032/1000000 [1:05:39<1093:34:32,  4.92s/it, eval_success=0.000]
offline:  20%|██        | 200041/1000000 [1:05:39<764:31:27,  3.44s/it, eval_success=0.000] 
offline:  20%|██        | 200049/1000000 [1:05:39<553:57:56,  2.49s/it, eval_success=0.000]
offline:  20%|██        | 200059/1000000 [1:05:39<371:29:49,  1.67s/it, eval_success=0.000]
offline:  20%|██        | 200067/1000000 [1:05:39<270:20:10,  1.22s/it, eval_success=0.000]
  2%|▏         | 1/50 [00:08<07:03,  8.64s/it][A
  4%|▍         | 2/50 [00:17<06:53,  8.62s/it][A
  6%|▌         | 3/50 [00:25<06:45,  8.64s/it][A
  8%|▊         | 4/50 [00:34<06:37,  8.63s/it][A
 10%|█         | 5/50 [00:43<06:28,  8.64s/it][A
 12%|█▏        | 6/50 [00:51<06:19,  8.63s/it][A
 14%|█▍        | 7/50 [01:00<06:10,  8.62s/it][A
 16%|█▌        | 8/50 [01:08<06:01,  8.61s/it][A
 18%|█▊        | 9/50 [01:17<05:53,  8.63s/it][A
 20%|██        | 10/50 [01:26<05:45,  8.63s/it][A
 22%|██▏       | 11/50 [01:34<05:36,  8.64s/it][A
 24%|██▍       | 12/50 [01:43<05:28,  8.64s/it][A
 26%|██▌       | 13/50 [01:52<05:19,  8.65s/it][A
 28%|██▊       | 14/50 [02:00<05:10,  8.63s/it][A
 30%|███       | 15/50 [02:09<05:01,  8.62s/it][A
 32%|███▏      | 16/50 [02:18<04:53,  8.63s/it][A
 34%|███▍      | 17/50 [02:26<04:43,  8.60s/it][A
 36%|███▌      | 18/50 [02:35<04:35,  8.61s/it][A
 38%|███▊      | 19/50 [02:43<04:27,  8.62s/it][A
 40%|████      | 20/50 [02:52<04:18,  8.62s/it][A
 42%|████▏     | 21/50 [03:01<04:10,  8.63s/it][A
 44%|████▍     | 22/50 [03:09<04:01,  8.61s/it][A
 46%|████▌     | 23/50 [03:18<03:52,  8.61s/it][A
 48%|████▊     | 24/50 [03:26<03:43,  8.60s/it][A
 50%|█████     | 25/50 [03:36<03:40,  8.82s/it][A
 52%|█████▏    | 26/50 [03:46<03:44,  9.34s/it][A
 54%|█████▍    | 27/50 [03:57<03:44,  9.75s/it][A
 56%|█████▌    | 28/50 [04:08<03:40, 10.02s/it][A
 58%|█████▊    | 29/50 [04:18<03:33, 10.18s/it][A
 60%|██████    | 30/50 [04:29<03:25, 10.29s/it][A
 62%|██████▏   | 31/50 [04:39<03:17, 10.39s/it][A
 64%|██████▍   | 32/50 [04:50<03:07, 10.44s/it][A
 66%|██████▌   | 33/50 [04:59<02:51, 10.09s/it][A
 68%|██████▊   | 34/50 [05:08<02:34,  9.67s/it][A
 70%|███████   | 35/50 [05:17<02:20,  9.38s/it][A
 72%|███████▏  | 36/50 [05:25<02:08,  9.19s/it][A
 74%|███████▍  | 37/50 [05:34<01:57,  9.04s/it][A
 76%|███████▌  | 38/50 [05:43<01:47,  8.93s/it][A
 78%|███████▊  | 39/50 [05:51<01:37,  8.86s/it][A
 80%|████████  | 40/50 [06:00<01:28,  8.82s/it][A
 82%|████████▏ | 41/50 [06:09<01:19,  8.79s/it][A
 84%|████████▍ | 42/50 [06:18<01:10,  8.79s/it][A
 86%|████████▌ | 43/50 [06:26<01:01,  8.76s/it][A
 88%|████████▊ | 44/50 [06:35<00:52,  8.74s/it][A
 90%|█████████ | 45/50 [06:44<00:43,  8.74s/it][A
 92%|█████████▏| 46/50 [06:52<00:34,  8.71s/it][A
 94%|█████████▍| 47/50 [07:01<00:26,  8.70s/it][A
 96%|█████████▌| 48/50 [07:10<00:17,  8.70s/it][A
 98%|█████████▊| 49/50 [07:19<00:08,  8.71s/it][A
100%|██████████| 50/50 [07:27<00:00,  8.78s/it][A
100%|██████████| 50/50 [07:27<00:00,  8.96s/it]
offline:  30%|███       | 300000/1000000 [1:39:01<3752:59:22, 19.30s/it, eval_success=0.000]
offline:  30%|███       | 300015/1000000 [1:39:01<1953:33:04, 10.05s/it, eval_success=0.000]
offline:  30%|███       | 300023/1000000 [1:39:02<1431:22:01,  7.36s/it, eval_success=0.000]
offline:  30%|███       | 300031/1000000 [1:39:02<1036:42:17,  5.33s/it, eval_success=0.000]
offline:  30%|███       | 300039/1000000 [1:39:02<743:56:51,  3.83s/it, eval_success=0.000] 
offline:  30%|███       | 300048/1000000 [1:39:02<511:54:55,  2.63s/it, eval_success=0.000]
offline:  30%|███       | 300056/1000000 [1:39:02<367:58:10,  1.89s/it, eval_success=0.000]
offline:  30%|███       | 300063/1000000 [1:39:02<272:37:32,  1.40s/it, eval_success=0.000]
  2%|▏         | 1/50 [00:08<07:02,  8.62s/it][A
  4%|▍         | 2/50 [00:17<06:55,  8.66s/it][A
  6%|▌         | 3/50 [00:25<06:47,  8.67s/it][A
  8%|▊         | 4/50 [00:34<06:37,  8.64s/it][A
 10%|█         | 5/50 [00:43<06:29,  8.65s/it][A
 12%|█▏        | 6/50 [00:51<06:20,  8.64s/it][A
 14%|█▍        | 7/50 [01:00<06:10,  8.62s/it][A
 16%|█▌        | 8/50 [01:09<06:03,  8.65s/it][A
 18%|█▊        | 9/50 [01:17<05:53,  8.62s/it][A
 20%|██        | 10/50 [01:26<05:44,  8.60s/it][A
 22%|██▏       | 11/50 [01:34<05:35,  8.62s/it][A
 24%|██▍       | 12/50 [01:43<05:27,  8.62s/it][A
 26%|██▌       | 13/50 [01:52<05:19,  8.63s/it][A
 28%|██▊       | 14/50 [02:00<05:11,  8.64s/it][A
 30%|███       | 15/50 [02:09<05:02,  8.64s/it][A
 32%|███▏      | 16/50 [02:18<04:53,  8.64s/it][A
 34%|███▍      | 17/50 [02:26<04:44,  8.63s/it][A
 36%|███▌      | 18/50 [02:35<04:35,  8.62s/it][A
 38%|███▊      | 19/50 [02:43<04:26,  8.59s/it][A
 40%|████      | 20/50 [02:52<04:18,  8.63s/it][A
 42%|████▏     | 21/50 [03:01<04:10,  8.63s/it][A
 44%|████▍     | 22/50 [03:09<04:01,  8.64s/it][A
 46%|████▌     | 23/50 [03:18<03:52,  8.63s/it][A
 48%|████▊     | 24/50 [03:27<03:49,  8.83s/it][A
 50%|█████     | 25/50 [03:38<03:53,  9.36s/it][A
 52%|█████▏    | 26/50 [03:49<03:54,  9.77s/it][A
 54%|█████▍    | 27/50 [03:59<03:49,  9.98s/it][A
 56%|█████▌    | 28/50 [04:10<03:43, 10.15s/it][A
 58%|█████▊    | 29/50 [04:20<03:36, 10.29s/it][A
 60%|██████    | 30/50 [04:31<03:28, 10.40s/it][A
 62%|██████▏   | 31/50 [04:41<03:18, 10.45s/it][A
 64%|██████▍   | 32/50 [04:52<03:09, 10.56s/it][A
 66%|██████▌   | 33/50 [05:05<03:09, 11.13s/it][A
 68%|██████▊   | 34/50 [05:17<03:04, 11.55s/it][A
 70%|███████   | 35/50 [05:30<02:57, 11.84s/it][A
 72%|███████▏  | 36/50 [05:42<02:48, 12.02s/it][A
 74%|███████▍  | 37/50 [05:55<02:37, 12.15s/it][A
 76%|███████▌  | 38/50 [06:07<02:27, 12.29s/it][A
 78%|███████▊  | 39/50 [06:20<02:15, 12.34s/it][A
 80%|████████  | 40/50 [06:32<02:03, 12.38s/it][A
 82%|████████▏ | 41/50 [06:45<01:51, 12.43s/it][A
 84%|████████▍ | 42/50 [06:57<01:39, 12.45s/it][A
 86%|████████▌ | 43/50 [07:10<01:27, 12.51s/it][A
 88%|████████▊ | 44/50 [07:22<01:15, 12.51s/it][A
 90%|█████████ | 45/50 [07:35<01:02, 12.51s/it][A
 92%|█████████▏| 46/50 [07:47<00:49, 12.47s/it][A
 94%|█████████▍| 47/50 [08:00<00:37, 12.46s/it][A
 96%|█████████▌| 48/50 [08:12<00:25, 12.53s/it][A
 98%|█████████▊| 49/50 [08:25<00:12, 12.53s/it][A
100%|██████████| 50/50 [08:37<00:00, 12.52s/it][A
100%|██████████| 50/50 [08:37<00:00, 10.36s/it]
offline:  40%|████      | 400000/1000000 [2:13:00<3993:33:36, 23.96s/it, eval_success=0.020]
offline:  40%|████      | 400014/1000000 [2:13:00<2076:00:27, 12.46s/it, eval_success=0.020]
offline:  40%|████      | 400023/1000000 [2:13:00<1441:54:33,  8.65s/it, eval_success=0.020]
offline:  40%|████      | 400031/1000000 [2:13:00<1039:29:10,  6.24s/it, eval_success=0.020]
offline:  40%|████      | 400038/1000000 [2:13:00<770:56:08,  4.63s/it, eval_success=0.020] 
offline:  40%|████      | 400044/1000000 [2:13:00<585:57:05,  3.52s/it, eval_success=0.020]
offline:  40%|████      | 400050/1000000 [2:13:00<436:45:26,  2.62s/it, eval_success=0.020]
offline:  40%|████      | 400056/1000000 [2:13:01<320:44:20,  1.92s/it, eval_success=0.020]
offline:  40%|████      | 400062/1000000 [2:13:01<233:10:43,  1.40s/it, eval_success=0.020]
offline:  40%|████      | 400067/1000000 [2:13:01<176:27:58,  1.06s/it, eval_success=0.020]
  2%|▏         | 1/50 [00:06<05:30,  6.75s/it][A
  4%|▍         | 2/50 [00:13<05:23,  6.73s/it][A
  6%|▌         | 3/50 [00:20<05:14,  6.70s/it][A
  8%|▊         | 4/50 [00:26<05:07,  6.68s/it][A
 10%|█         | 5/50 [00:33<05:00,  6.69s/it][A
 12%|█▏        | 6/50 [00:40<04:53,  6.68s/it][A
 14%|█▍        | 7/50 [00:46<04:47,  6.68s/it][A
 16%|█▌        | 8/50 [00:53<04:40,  6.67s/it][A
 18%|█▊        | 9/50 [01:00<04:33,  6.68s/it][A
 20%|██        | 10/50 [01:06<04:25,  6.64s/it][A
 22%|██▏       | 11/50 [01:13<04:19,  6.66s/it][A
 24%|██▍       | 12/50 [01:20<04:13,  6.67s/it][A
 26%|██▌       | 13/50 [01:26<04:07,  6.69s/it][A
 28%|██▊       | 14/50 [01:33<03:59,  6.66s/it][A
 30%|███       | 15/50 [01:40<03:54,  6.69s/it][A
 32%|███▏      | 16/50 [01:48<04:05,  7.22s/it][A
 34%|███▍      | 17/50 [01:57<04:10,  7.60s/it][A
 36%|███▌      | 18/50 [02:06<04:23,  8.22s/it][A
 38%|███▊      | 19/50 [02:17<04:35,  8.89s/it][A
 40%|████      | 20/50 [02:27<04:41,  9.37s/it][A
 42%|████▏     | 21/50 [02:36<04:26,  9.19s/it][A
 44%|████▍     | 22/50 [02:45<04:12,  9.00s/it][A
 46%|████▌     | 23/50 [02:53<03:59,  8.86s/it][A
 48%|████▊     | 24/50 [03:04<04:03,  9.38s/it][A
 50%|█████     | 25/50 [03:14<04:03,  9.72s/it][A
 52%|█████▏    | 26/50 [03:25<03:59,  9.99s/it][A
 54%|█████▍    | 27/50 [03:35<03:54, 10.18s/it][A
 56%|█████▌    | 28/50 [03:46<03:45, 10.27s/it][A
 58%|█████▊    | 29/50 [03:56<03:37, 10.34s/it][A
 60%|██████    | 30/50 [04:07<03:27, 10.40s/it][A
 62%|██████▏   | 31/50 [04:18<03:18, 10.45s/it][A
 64%|██████▍   | 32/50 [04:28<03:08, 10.47s/it][A
 66%|██████▌   | 33/50 [04:39<02:58, 10.50s/it][A
 68%|██████▊   | 34/50 [04:49<02:48, 10.51s/it][A
 70%|███████   | 35/50 [05:00<02:37, 10.53s/it][A
 72%|███████▏  | 36/50 [05:08<02:18,  9.90s/it][A
 74%|███████▍  | 37/50 [05:15<01:54,  8.83s/it][A
 76%|███████▌  | 38/50 [05:21<01:37,  8.10s/it][A
 78%|███████▊  | 39/50 [05:27<01:23,  7.57s/it][A
 80%|████████  | 40/50 [05:34<01:12,  7.26s/it][A
 82%|████████▏ | 41/50 [05:44<01:13,  8.20s/it][A
 84%|████████▍ | 42/50 [05:54<01:08,  8.59s/it][A
 86%|████████▌ | 43/50 [06:03<01:02,  8.88s/it][A
 88%|████████▊ | 44/50 [06:10<00:48,  8.16s/it][A
 90%|█████████ | 45/50 [06:17<00:38,  7.78s/it][A
 92%|█████████▏| 46/50 [06:23<00:29,  7.46s/it][A
 94%|█████████▍| 47/50 [06:30<00:21,  7.22s/it][A
 96%|█████████▌| 48/50 [06:37<00:14,  7.06s/it][A
 98%|█████████▊| 49/50 [06:43<00:06,  6.86s/it][A
100%|██████████| 50/50 [06:49<00:00,  6.70s/it][A
100%|██████████| 50/50 [06:49<00:00,  8.20s/it]
offline:  50%|█████     | 500000/1000000 [2:44:03<2162:34:50, 15.57s/it, eval_success=0.000]
offline:  50%|█████     | 500017/1000000 [2:44:03<1126:04:51,  8.11s/it, eval_success=0.000]
offline:  50%|█████     | 500027/1000000 [2:44:03<803:07:06,  5.78s/it, eval_success=0.000] 
offline:  50%|█████     | 500037/1000000 [2:44:03<569:52:56,  4.10s/it, eval_success=0.000]
offline:  50%|█████     | 500047/1000000 [2:44:03<403:03:27,  2.90s/it, eval_success=0.000]
offline:  50%|█████     | 500058/1000000 [2:44:04<276:21:20,  1.99s/it, eval_success=0.000]
offline:  50%|█████     | 500067/1000000 [2:44:04<202:18:34,  1.46s/it, eval_success=0.000]
  2%|▏         | 1/50 [00:08<06:56,  8.50s/it][A
  4%|▍         | 2/50 [00:16<06:48,  8.50s/it][A
  6%|▌         | 3/50 [00:25<06:39,  8.50s/it][A
  8%|▊         | 4/50 [00:34<06:32,  8.53s/it][A
 10%|█         | 5/50 [00:42<06:16,  8.36s/it][A
 12%|█▏        | 6/50 [00:48<05:42,  7.79s/it][A
 14%|█▍        | 7/50 [00:55<05:19,  7.42s/it][A
 16%|█▌        | 8/50 [01:02<05:00,  7.16s/it][A
 18%|█▊        | 9/50 [01:08<04:46,  6.98s/it][A
 20%|██        | 10/50 [01:15<04:34,  6.86s/it][A
 22%|██▏       | 11/50 [01:21<04:25,  6.80s/it][A
 24%|██▍       | 12/50 [01:28<04:17,  6.76s/it][A
 26%|██▌       | 13/50 [01:35<04:08,  6.71s/it][A
 28%|██▊       | 14/50 [01:41<04:01,  6.70s/it][A
 30%|███       | 15/50 [01:48<03:53,  6.68s/it][A
 32%|███▏      | 16/50 [01:55<03:47,  6.68s/it][A
 34%|███▍      | 17/50 [02:01<03:39,  6.65s/it][A
 36%|███▌      | 18/50 [02:08<03:32,  6.65s/it][A
 38%|███▊      | 19/50 [02:14<03:25,  6.63s/it][A
 40%|████      | 20/50 [02:21<03:19,  6.65s/it][A
 42%|████▏     | 21/50 [02:28<03:12,  6.64s/it][A
 44%|████▍     | 22/50 [02:34<03:05,  6.63s/it][A
 46%|████▌     | 23/50 [02:41<02:58,  6.63s/it][A
 48%|████▊     | 24/50 [02:48<02:52,  6.65s/it][A
 50%|█████     | 25/50 [02:54<02:46,  6.66s/it][A
 52%|█████▏    | 26/50 [03:01<02:39,  6.65s/it][A
 54%|█████▍    | 27/50 [03:08<02:33,  6.66s/it][A
 56%|█████▌    | 28/50 [03:14<02:26,  6.65s/it][A
 58%|█████▊    | 29/50 [03:21<02:19,  6.65s/it][A
 60%|██████    | 30/50 [03:28<02:12,  6.64s/it][A
 62%|██████▏   | 31/50 [03:34<02:05,  6.63s/it][A
 64%|██████▍   | 32/50 [03:41<01:59,  6.65s/it][A
 66%|██████▌   | 33/50 [03:48<01:53,  6.65s/it][A
 68%|██████▊   | 34/50 [03:54<01:46,  6.64s/it][A
 70%|███████   | 35/50 [04:01<01:39,  6.65s/it][A
 72%|███████▏  | 36/50 [04:07<01:32,  6.64s/it][A
 74%|███████▍  | 37/50 [04:14<01:26,  6.64s/it][A
 76%|███████▌  | 38/50 [04:21<01:20,  6.67s/it][A
 78%|███████▊  | 39/50 [04:27<01:13,  6.66s/it][A
 80%|████████  | 40/50 [04:34<01:06,  6.67s/it][A
 82%|████████▏ | 41/50 [04:42<01:02,  6.91s/it][A
 84%|████████▍ | 42/50 [04:52<01:03,  7.92s/it][A
 86%|████████▌ | 43/50 [05:02<01:00,  8.66s/it][A
 88%|████████▊ | 44/50 [05:13<00:55,  9.20s/it][A
 90%|█████████ | 45/50 [05:23<00:47,  9.54s/it][A
 92%|█████████▏| 46/50 [05:33<00:39,  9.78s/it][A
 94%|█████████▍| 47/50 [05:44<00:29,  9.98s/it][A
 96%|█████████▌| 48/50 [05:54<00:20, 10.10s/it][A
 98%|█████████▊| 49/50 [06:05<00:10, 10.18s/it][A
100%|██████████| 50/50 [06:15<00:00, 10.24s/it][A
100%|██████████| 50/50 [06:15<00:00,  7.51s/it]
offline:  60%|██████    | 600000/1000000 [3:15:57<1491:41:48, 13.43s/it, eval_success=0.000]
offline:  60%|██████    | 600014/1000000 [3:15:57<870:49:27,  7.84s/it, eval_success=0.000] 
offline:  60%|██████    | 600023/1000000 [3:15:57<630:25:35,  5.67s/it, eval_success=0.000]
offline:  60%|██████    | 600031/1000000 [3:15:58<467:07:54,  4.20s/it, eval_success=0.000]
offline:  60%|██████    | 600039/1000000 [3:15:58<341:08:22,  3.07s/it, eval_success=0.000]
offline:  60%|██████    | 600046/1000000 [3:15:58<255:22:50,  2.30s/it, eval_success=0.000]
offline:  60%|██████    | 600054/1000000 [3:15:58<181:10:57,  1.63s/it, eval_success=0.000]
offline:  60%|██████    | 600061/1000000 [3:15:58<133:15:09,  1.20s/it, eval_success=0.000]
  2%|▏         | 1/50 [00:06<05:30,  6.75s/it][A
  4%|▍         | 2/50 [00:13<05:26,  6.80s/it][A
  6%|▌         | 3/50 [00:20<05:18,  6.78s/it][A
  8%|▊         | 4/50 [00:26<05:07,  6.69s/it][A
 10%|█         | 5/50 [00:32<04:36,  6.14s/it][A
 12%|█▏        | 6/50 [00:37<04:14,  5.79s/it][A
 14%|█▍        | 7/50 [00:42<03:59,  5.57s/it][A
 16%|█▌        | 8/50 [00:47<03:48,  5.44s/it][A
 18%|█▊        | 9/50 [00:52<03:37,  5.30s/it][A
 20%|██        | 10/50 [00:57<03:30,  5.26s/it][A
 22%|██▏       | 11/50 [01:02<03:24,  5.24s/it][A
 24%|██▍       | 12/50 [01:07<03:17,  5.20s/it][A
 26%|██▌       | 13/50 [01:13<03:11,  5.17s/it][A
 28%|██▊       | 14/50 [01:18<03:06,  5.17s/it][A
 30%|███       | 15/50 [01:23<03:01,  5.17s/it][A
 32%|███▏      | 16/50 [01:28<02:55,  5.16s/it][A
 34%|███▍      | 17/50 [01:33<02:49,  5.14s/it][A
 36%|███▌      | 18/50 [01:39<02:54,  5.46s/it][A
 38%|███▊      | 19/50 [01:46<03:05,  5.97s/it][A
 40%|████      | 20/50 [01:52<02:59,  5.99s/it][A
 42%|████▏     | 21/50 [01:58<02:46,  5.74s/it][A
 44%|████▍     | 22/50 [02:03<02:36,  5.58s/it][A
 46%|████▌     | 23/50 [02:09<02:38,  5.86s/it][A
 48%|████▊     | 24/50 [02:16<02:40,  6.19s/it][A
 50%|█████     | 25/50 [02:25<02:53,  6.96s/it][A
 52%|█████▏    | 26/50 [02:34<02:58,  7.44s/it][A
 54%|█████▍    | 27/50 [02:42<02:57,  7.73s/it][A
 56%|█████▌    | 28/50 [02:51<02:55,  7.97s/it][A
 58%|█████▊    | 29/50 [02:59<02:51,  8.15s/it][A
 60%|██████    | 30/50 [03:08<02:45,  8.26s/it][A
 62%|██████▏   | 31/50 [03:16<02:38,  8.32s/it][A
 64%|██████▍   | 32/50 [03:25<02:30,  8.36s/it][A
 66%|██████▌   | 33/50 [03:34<02:25,  8.55s/it][A
 68%|██████▊   | 34/50 [03:44<02:26,  9.14s/it][A
 70%|███████   | 35/50 [03:54<02:22,  9.52s/it][A
 72%|███████▏  | 36/50 [04:05<02:17,  9.79s/it][A
 74%|███████▍  | 37/50 [04:14<02:04,  9.56s/it][A
 76%|███████▌  | 38/50 [04:22<01:51,  9.26s/it][A
 78%|███████▊  | 39/50 [04:31<01:39,  9.03s/it][A
 80%|████████  | 40/50 [04:39<01:28,  8.86s/it][A
 82%|████████▏ | 41/50 [04:48<01:18,  8.76s/it][A
 84%|████████▍ | 42/50 [04:57<01:09,  8.71s/it][A
 86%|████████▌ | 43/50 [05:05<01:00,  8.65s/it][A
 88%|████████▊ | 44/50 [05:14<00:51,  8.60s/it][A
 90%|█████████ | 45/50 [05:22<00:42,  8.59s/it][A
 92%|█████████▏| 46/50 [05:30<00:33,  8.48s/it][A
 94%|█████████▍| 47/50 [05:39<00:25,  8.48s/it][A
 96%|█████████▌| 48/50 [05:47<00:16,  8.49s/it][A
 98%|█████████▊| 49/50 [05:56<00:08,  8.48s/it][A
100%|██████████| 50/50 [06:04<00:00,  8.48s/it][A
100%|██████████| 50/50 [06:04<00:00,  7.30s/it]
offline:  70%|███████   | 700000/1000000 [3:46:04<959:26:50, 11.51s/it, eval_success=0.020]
offline:  70%|███████   | 700016/1000000 [3:46:04<558:00:23,  6.70s/it, eval_success=0.020]
offline:  70%|███████   | 700026/1000000 [3:46:04<406:33:19,  4.88s/it, eval_success=0.020]
offline:  70%|███████   | 700035/1000000 [3:46:04<301:27:47,  3.62s/it, eval_success=0.020]
offline:  70%|███████   | 700044/1000000 [3:46:04<220:22:22,  2.64s/it, eval_success=0.020]
offline:  70%|███████   | 700053/1000000 [3:46:04<159:16:20,  1.91s/it, eval_success=0.020]
offline:  70%|███████   | 700061/1000000 [3:46:05<117:57:18,  1.42s/it, eval_success=0.020]
offline:  70%|███████   | 700069/1000000 [3:46:05<86:14:45,  1.04s/it, eval_success=0.020] 
  2%|▏         | 1/50 [00:08<07:01,  8.59s/it][A
  4%|▍         | 2/50 [00:17<06:51,  8.57s/it][A
  6%|▌         | 3/50 [00:24<06:10,  7.88s/it][A
  8%|▊         | 4/50 [00:30<05:34,  7.27s/it][A
 10%|█         | 5/50 [00:35<04:51,  6.49s/it][A
 12%|█▏        | 6/50 [00:40<04:25,  6.04s/it][A
 14%|█▍        | 7/50 [00:45<04:07,  5.76s/it][A
 16%|█▌        | 8/50 [00:51<03:59,  5.71s/it][A
 18%|█▊        | 9/50 [00:58<04:07,  6.04s/it][A
 20%|██        | 10/50 [01:05<04:11,  6.29s/it][A
 22%|██▏       | 11/50 [01:11<04:11,  6.44s/it][A
 24%|██▍       | 12/50 [01:18<04:08,  6.53s/it][A
 26%|██▌       | 13/50 [01:25<04:03,  6.59s/it][A
 28%|██▊       | 14/50 [01:32<03:59,  6.66s/it][A
 30%|███       | 15/50 [01:39<03:54,  6.69s/it][A
 32%|███▏      | 16/50 [01:45<03:48,  6.71s/it][A
 34%|███▍      | 17/50 [01:54<04:00,  7.27s/it][A
 36%|███▌      | 18/50 [02:03<04:05,  7.69s/it][A
 38%|███▊      | 19/50 [02:11<04:07,  7.97s/it][A
 40%|████      | 20/50 [02:18<03:52,  7.73s/it][A
 42%|████▏     | 21/50 [02:25<03:35,  7.45s/it][A
 44%|████▍     | 22/50 [02:32<03:23,  7.26s/it][A
 46%|████▌     | 23/50 [02:39<03:12,  7.12s/it][A
 48%|████▊     | 24/50 [02:46<03:02,  7.02s/it][A
 50%|█████     | 25/50 [02:52<02:53,  6.94s/it][A
 52%|█████▏    | 26/50 [02:59<02:44,  6.86s/it][A
 54%|█████▍    | 27/50 [03:06<02:36,  6.81s/it][A
 56%|█████▌    | 28/50 [03:12<02:30,  6.82s/it][A
 58%|█████▊    | 29/50 [03:19<02:22,  6.79s/it][A
 60%|██████    | 30/50 [03:26<02:15,  6.77s/it][A
 62%|██████▏   | 31/50 [03:33<02:08,  6.77s/it][A
 64%|██████▍   | 32/50 [03:39<02:01,  6.76s/it][A
 66%|██████▌   | 33/50 [03:46<01:55,  6.77s/it][A
 68%|██████▊   | 34/50 [03:53<01:48,  6.77s/it][A
 70%|███████   | 35/50 [04:00<01:41,  6.76s/it][A
 72%|███████▏  | 36/50 [04:06<01:34,  6.75s/it][A
 74%|███████▍  | 37/50 [04:13<01:27,  6.76s/it][A
 76%|███████▌  | 38/50 [04:20<01:21,  6.76s/it][A
 78%|███████▊  | 39/50 [04:27<01:14,  6.76s/it][A
 80%|████████  | 40/50 [04:34<01:07,  6.77s/it][A
 82%|████████▏ | 41/50 [04:40<01:01,  6.79s/it][A
 84%|████████▍ | 42/50 [04:47<00:54,  6.78s/it][A
 86%|████████▌ | 43/50 [04:54<00:47,  6.78s/it][A
 88%|████████▊ | 44/50 [05:01<00:40,  6.77s/it][A
 90%|█████████ | 45/50 [05:07<00:33,  6.76s/it][A
 92%|█████████▏| 46/50 [05:14<00:27,  6.76s/it][A
 94%|█████████▍| 47/50 [05:21<00:20,  6.75s/it][A
 96%|█████████▌| 48/50 [05:28<00:13,  6.77s/it][A
 98%|█████████▊| 49/50 [05:35<00:06,  6.77s/it][A
100%|██████████| 50/50 [05:41<00:00,  6.77s/it][A
100%|██████████| 50/50 [05:41<00:00,  6.84s/it]
offline:  80%|████████  | 800000/1000000 [4:18:43<883:22:54, 15.90s/it, eval_success=0.000]
offline:  80%|████████  | 800016/1000000 [4:18:43<428:41:55,  7.72s/it, eval_success=0.000]
offline:  80%|████████  | 800026/1000000 [4:18:43<293:53:38,  5.29s/it, eval_success=0.000]
offline:  80%|████████  | 800035/1000000 [4:18:43<209:22:19,  3.77s/it, eval_success=0.000]
offline:  80%|████████  | 800044/1000000 [4:18:43<148:32:51,  2.67s/it, eval_success=0.000]
offline:  80%|████████  | 800057/1000000 [4:18:43<92:53:52,  1.67s/it, eval_success=0.000] 
offline:  80%|████████  | 800067/1000000 [4:18:43<65:58:33,  1.19s/it, eval_success=0.000]
  2%|▏         | 1/50 [00:10<08:17, 10.15s/it][A
  4%|▍         | 2/50 [00:19<07:46,  9.73s/it][A
  6%|▌         | 3/50 [00:26<06:42,  8.57s/it][A
  8%|▊         | 4/50 [00:33<05:56,  7.75s/it][A
 10%|█         | 5/50 [00:39<05:29,  7.32s/it][A
 12%|█▏        | 6/50 [00:46<05:11,  7.07s/it][A
 14%|█▍        | 7/50 [00:53<04:57,  6.92s/it][A
 16%|█▌        | 8/50 [00:59<04:45,  6.80s/it][A
 18%|█▊        | 9/50 [01:06<04:44,  6.95s/it][A
 20%|██        | 10/50 [01:14<04:43,  7.10s/it][A
 22%|██▏       | 11/50 [01:21<04:33,  7.01s/it][A
 24%|██▍       | 12/50 [01:27<04:23,  6.94s/it][A
 26%|██▌       | 13/50 [01:34<04:14,  6.88s/it][A
 28%|██▊       | 14/50 [01:41<04:05,  6.83s/it][A
 30%|███       | 15/50 [01:48<03:57,  6.79s/it][A
 32%|███▏      | 16/50 [01:55<03:53,  6.87s/it][A
 34%|███▍      | 17/50 [02:01<03:44,  6.80s/it][A
 36%|███▌      | 18/50 [02:08<03:35,  6.73s/it][A
 38%|███▊      | 19/50 [02:14<03:26,  6.67s/it][A
 40%|████      | 20/50 [02:21<03:19,  6.65s/it][A
 42%|████▏     | 21/50 [02:27<03:12,  6.62s/it][A
 44%|████▍     | 22/50 [02:34<03:05,  6.62s/it][A
 46%|████▌     | 23/50 [02:41<02:58,  6.62s/it][A
 48%|████▊     | 24/50 [02:47<02:50,  6.58s/it][A
 50%|█████     | 25/50 [02:54<02:44,  6.57s/it][A
 52%|█████▏    | 26/50 [03:02<02:46,  6.95s/it][A
 54%|█████▍    | 27/50 [03:10<02:50,  7.40s/it][A
 56%|█████▌    | 28/50 [03:19<02:50,  7.74s/it][A
 58%|█████▊    | 29/50 [03:27<02:47,  7.99s/it][A
 60%|██████    | 30/50 [03:36<02:42,  8.11s/it][A
 62%|██████▏   | 31/50 [03:44<02:36,  8.25s/it][A
 64%|██████▍   | 32/50 [03:53<02:30,  8.34s/it][A
 66%|██████▌   | 33/50 [04:00<02:19,  8.18s/it][A
 68%|██████▊   | 34/50 [04:07<02:04,  7.76s/it][A
 70%|███████   | 35/50 [04:14<01:51,  7.44s/it][A
 72%|███████▏  | 36/50 [04:21<01:40,  7.21s/it][A
 74%|███████▍  | 37/50 [04:27<01:31,  7.06s/it][A
 76%|███████▌  | 38/50 [04:34<01:23,  6.97s/it][A
 78%|███████▊  | 39/50 [04:41<01:16,  6.91s/it][A
 80%|████████  | 40/50 [04:48<01:08,  6.86s/it][A
 82%|████████▏ | 41/50 [04:54<01:01,  6.85s/it][A
 84%|████████▍ | 42/50 [05:01<00:54,  6.83s/it][A
 86%|████████▌ | 43/50 [05:08<00:47,  6.80s/it][A
 88%|████████▊ | 44/50 [05:15<00:40,  6.79s/it][A
 90%|█████████ | 45/50 [05:22<00:33,  6.80s/it][A
 92%|█████████▏| 46/50 [05:28<00:27,  6.79s/it][A
 94%|█████████▍| 47/50 [05:35<00:20,  6.79s/it][A
 96%|█████████▌| 48/50 [05:42<00:13,  6.78s/it][A
 98%|█████████▊| 49/50 [05:49<00:06,  6.77s/it][A
100%|██████████| 50/50 [05:55<00:00,  6.78s/it][A
100%|██████████| 50/50 [05:55<00:00,  7.12s/it]
offline:  90%|█████████ | 900000/1000000 [4:49:28<533:34:55, 19.21s/it, eval_success=0.000]
offline:  90%|█████████ | 900017/1000000 [4:49:28<231:11:20,  8.32s/it, eval_success=0.000]
offline:  90%|█████████ | 900026/1000000 [4:49:28<161:56:03,  5.83s/it, eval_success=0.000]
offline:  90%|█████████ | 900037/1000000 [4:49:28<106:22:32,  3.83s/it, eval_success=0.000]
offline:  90%|█████████ | 900047/1000000 [4:49:28<73:38:12,  2.65s/it, eval_success=0.000] 
offline:  90%|█████████ | 900055/1000000 [4:49:28<54:31:24,  1.96s/it, eval_success=0.000]
offline:  90%|█████████ | 900065/1000000 [4:49:28<37:17:09,  1.34s/it, eval_success=0.000]
  2%|▏         | 1/50 [00:08<07:13,  8.84s/it][A
  4%|▍         | 2/50 [00:17<06:55,  8.66s/it][A
  6%|▌         | 3/50 [00:25<06:44,  8.61s/it][A
  8%|▊         | 4/50 [00:34<06:35,  8.59s/it][A
 10%|█         | 5/50 [00:43<06:25,  8.57s/it][A
 12%|█▏        | 6/50 [00:51<06:17,  8.58s/it][A
 14%|█▍        | 7/50 [01:00<06:07,  8.55s/it][A
 16%|█▌        | 8/50 [01:08<05:59,  8.56s/it][A
 18%|█▊        | 9/50 [01:17<05:50,  8.56s/it][A
 20%|██        | 10/50 [01:26<05:53,  8.85s/it][A
 22%|██▏       | 11/50 [01:37<06:04,  9.35s/it][A
 24%|██▍       | 12/50 [01:47<06:07,  9.68s/it][A
 26%|██▌       | 13/50 [01:58<06:07,  9.93s/it][A
 28%|██▊       | 14/50 [02:08<06:02, 10.07s/it][A
 30%|███       | 15/50 [02:19<05:56, 10.20s/it][A
 32%|███▏      | 16/50 [02:29<05:50, 10.31s/it][A
 34%|███▍      | 17/50 [02:40<05:41, 10.35s/it][A
 36%|███▌      | 18/50 [02:50<05:32, 10.38s/it][A
 38%|███▊      | 19/50 [03:00<05:22, 10.40s/it][A
 40%|████      | 20/50 [03:11<05:12, 10.41s/it][A
 42%|████▏     | 21/50 [03:21<05:02, 10.42s/it][A
 44%|████▍     | 22/50 [03:32<04:52, 10.44s/it][A
 46%|████▌     | 23/50 [03:42<04:42, 10.48s/it][A
 48%|████▊     | 24/50 [03:53<04:31, 10.46s/it][A
 50%|█████     | 25/50 [04:03<04:21, 10.46s/it][A
 52%|█████▏    | 26/50 [04:14<04:11, 10.48s/it][A
 54%|█████▍    | 27/50 [04:24<04:01, 10.48s/it][A
 56%|█████▌    | 28/50 [04:35<03:51, 10.50s/it][A
 58%|█████▊    | 29/50 [04:45<03:40, 10.49s/it][A
 60%|██████    | 30/50 [04:56<03:29, 10.49s/it][A
 62%|██████▏   | 31/50 [05:06<03:19, 10.51s/it][A
 64%|██████▍   | 32/50 [05:17<03:08, 10.48s/it][A
 66%|██████▌   | 33/50 [05:27<02:57, 10.45s/it][A
 68%|██████▊   | 34/50 [05:38<02:47, 10.47s/it][A
 70%|███████   | 35/50 [05:48<02:36, 10.45s/it][A
 72%|███████▏  | 36/50 [05:58<02:26, 10.44s/it][A
 74%|███████▍  | 37/50 [06:09<02:16, 10.47s/it][A
 76%|███████▌  | 38/50 [06:19<02:05, 10.45s/it][A
 78%|███████▊  | 39/50 [06:30<01:54, 10.45s/it][A
 80%|████████  | 40/50 [06:40<01:44, 10.48s/it][A
 82%|████████▏ | 41/50 [06:51<01:34, 10.46s/it][A
 84%|████████▍ | 42/50 [07:01<01:23, 10.48s/it][A
 86%|████████▌ | 43/50 [07:12<01:13, 10.50s/it][A
 88%|████████▊ | 44/50 [07:22<01:03, 10.51s/it][A
 90%|█████████ | 45/50 [07:33<00:52, 10.51s/it][A
 92%|█████████▏| 46/50 [07:43<00:41, 10.50s/it][A
 94%|█████████▍| 47/50 [07:54<00:31, 10.47s/it][A
 96%|█████████▌| 48/50 [08:04<00:20, 10.45s/it][A
 98%|█████████▊| 49/50 [08:15<00:10, 10.46s/it][A
100%|██████████| 50/50 [08:25<00:00, 10.50s/it][A
100%|██████████| 50/50 [08:25<00:00, 10.12s/it]
offline: 100%|█████████▉| 999999/1000000 [5:22:21<00:23, 23.82s/it, eval_success=0.000]
  2%|▏         | 1/50 [00:11<09:21, 11.46s/it][A
  4%|▍         | 2/50 [00:23<09:37, 12.02s/it][A
  6%|▌         | 3/50 [00:36<09:35, 12.23s/it][A
  8%|▊         | 4/50 [00:48<09:29, 12.38s/it][A
 10%|█         | 5/50 [01:01<09:20, 12.46s/it][A
 12%|█▏        | 6/50 [01:14<09:11, 12.52s/it][A
 14%|█▍        | 7/50 [01:25<08:34, 11.95s/it][A
 16%|█▌        | 8/50 [01:35<08:01, 11.46s/it][A
 18%|█▊        | 9/50 [01:45<07:36, 11.15s/it][A
 20%|██        | 10/50 [01:56<07:17, 10.95s/it][A
 22%|██▏       | 11/50 [02:06<07:01, 10.81s/it][A
 24%|██▍       | 12/50 [02:17<06:46, 10.70s/it][A
 26%|██▌       | 13/50 [02:27<06:26, 10.45s/it][A
 28%|██▊       | 14/50 [02:35<05:56,  9.90s/it][A
 30%|███       | 15/50 [02:44<05:33,  9.53s/it][A
 32%|███▏      | 16/50 [02:53<05:15,  9.27s/it][A
 34%|███▍      | 17/50 [03:01<05:00,  9.10s/it][A
 36%|███▌      | 18/50 [03:10<04:46,  8.94s/it][A
 38%|███▊      | 19/50 [03:19<04:34,  8.85s/it][A
 40%|████      | 20/50 [03:27<04:24,  8.81s/it][A
 42%|████▏     | 21/50 [03:36<04:14,  8.78s/it][A
 44%|████▍     | 22/50 [03:45<04:05,  8.75s/it][A
 46%|████▌     | 23/50 [03:53<03:55,  8.73s/it][A
 48%|████▊     | 24/50 [04:02<03:46,  8.72s/it][A
 50%|█████     | 25/50 [04:11<03:37,  8.71s/it][A
 52%|█████▏    | 26/50 [04:19<03:28,  8.70s/it][A
 54%|█████▍    | 27/50 [04:28<03:19,  8.68s/it][A
 56%|█████▌    | 28/50 [04:37<03:10,  8.67s/it][A
 58%|█████▊    | 29/50 [04:45<03:02,  8.69s/it][A
 60%|██████    | 30/50 [04:54<02:53,  8.66s/it][A
 62%|██████▏   | 31/50 [05:03<02:44,  8.67s/it][A
 64%|██████▍   | 32/50 [05:11<02:36,  8.67s/it][A
 66%|██████▌   | 33/50 [05:20<02:27,  8.69s/it][A
 68%|██████▊   | 34/50 [05:29<02:18,  8.68s/it][A
 70%|███████   | 35/50 [05:37<02:10,  8.68s/it][A
 72%|███████▏  | 36/50 [05:46<02:01,  8.69s/it][A
 74%|███████▍  | 37/50 [05:55<01:53,  8.70s/it][A
 76%|███████▌  | 38/50 [06:04<01:44,  8.72s/it][A
 78%|███████▊  | 39/50 [06:12<01:35,  8.72s/it][A
 80%|████████  | 40/50 [06:21<01:26,  8.69s/it][A
 82%|████████▏ | 41/50 [06:30<01:18,  8.69s/it][A
 84%|████████▍ | 42/50 [06:38<01:09,  8.68s/it][A
 86%|████████▌ | 43/50 [06:47<01:00,  8.67s/it][A
 88%|████████▊ | 44/50 [06:56<00:51,  8.67s/it][A
 90%|█████████ | 45/50 [07:04<00:43,  8.66s/it][A
 92%|█████████▏| 46/50 [07:13<00:34,  8.67s/it][A
 94%|█████████▍| 47/50 [07:22<00:26,  8.67s/it][A
 96%|█████████▌| 48/50 [07:30<00:17,  8.67s/it][A
 98%|█████████▊| 49/50 [07:39<00:08,  8.66s/it][A
100%|██████████| 50/50 [07:48<00:00,  8.70s/it][A
100%|██████████| 50/50 [07:48<00:00,  9.37s/it]
offline: 100%|█████████▉| 999999/1000000 [5:30:09<00:23, 23.82s/it, eval_success=0.000]
offline: 100%|██████████| 1000000/1000000 [5:30:09<00:00, 51.83s/it, eval_success=0.000]
Saved to exp/beat/ant2/K_mani_norm_t3/antmaze-giant-navigate-singletask-task3-v0/antmaze-giant-navigate-singletask-task3-v0_sd000_mani_stdfp_chunk-h1_20260819_100337/params_offline.pkl
Saved modules ('critic', 'target_critic') to exp/beat/ant2/K_mani_norm_t3/antmaze-giant-navigate-singletask-task3-v0/antmaze-giant-navigate-singletask-task3-v0_sd000_mani_stdfp_chunk-h1_20260819_100337/critic_offline.pkl
[1;34mwandb[0m: 
[1;34mwandb[0m: 🚀 View run [33mantmaze-giant-navigate-singletask-task3-v0_sd000_mani_stdfp_chunk-h1_20260819_100337[0m at: [34mhttps://wandb.ai/tjrcjf410-seoul-national-university/ant2/runs/yz2ju1gs[0m
[1;34mwandb[0m: Find logs at: [1;35m../../../tmp/tmpnatz7pv0/wandb/run-20260819_100338-yz2ju1gs/logs[0m
--- last progress lines ---
offline: 100%|██████████| 1000000/1000000 [5:30:09<00:00, 50.48it/s, eval_success=0.000]
online: 0it [00:00, ?it/s]
online: 0it [00:00, ?it/s]
