wandb: Using wandb-core as the SDK backend.  Please refer to https://wandb.me/wandb-core for more information.
wandb: Currently logged in as: tjrcjf410 (sjun0803-seoul-national-university) to https://api.wandb.ai. Use `wandb login --relogin` to force relogin
wandb: Tracking run with wandb version 0.19.9
wandb: Run data is saved locally in /tmp/tmpfua0qjy2/wandb/run-20260819_123307-6nnv8rlw
wandb: Run `wandb offline` to turn off syncing.
wandb: Syncing run antmaze-giant-navigate-singletask-task3-v0_sd001_rebrac_nstep-h1_20260819_123306
wandb: ⭐️ View project at https://wandb.ai/tjrcjf410-seoul-national-university/ant2
wandb: 🚀 View run at https://wandb.ai/tjrcjf410-seoul-national-university/ant2/runs/6nnv8rlw
wandb: WARNING Symlinked 8 files into the W&B run directory, call wandb.save again to sync new files.
I0819 12:33:08.539933 135131152181056 acceleratesupport.py:24] No OpenGL_accelerate module loaded: No module named 'OpenGL_accelerate'
offline:   0%|          | 1/1000000 [00:57<15905:50:13, 57.26s/it]
offline:   0%|          | 2/1000000 [00:57<6593:08:13, 23.74s/it] 
offline:   0%|          | 18/1000000 [00:57<458:02:47,  1.65s/it]
  2%|▏         | 1/50 [00:09<07:23,  9.06s/it][A
  4%|▍         | 2/50 [00:17<07:00,  8.75s/it][A
  6%|▌         | 3/50 [00:26<06:55,  8.84s/it][A
  8%|▊         | 4/50 [00:37<07:17,  9.51s/it][A
 10%|█         | 5/50 [00:47<07:25,  9.90s/it][A
 12%|█▏        | 6/50 [00:58<07:25, 10.12s/it][A
 14%|█▍        | 7/50 [01:08<07:22, 10.29s/it][A
 16%|█▌        | 8/50 [01:19<07:14, 10.36s/it][A
 18%|█▊        | 9/50 [01:29<07:06, 10.40s/it][A
 20%|██        | 10/50 [01:40<06:57, 10.43s/it][A
 22%|██▏       | 11/50 [01:50<06:48, 10.49s/it][A
 24%|██▍       | 12/50 [02:01<06:38, 10.49s/it][A
 26%|██▌       | 13/50 [02:12<06:29, 10.52s/it][A
 28%|██▊       | 14/50 [02:22<06:18, 10.52s/it][A
 30%|███       | 15/50 [02:33<06:08, 10.53s/it][A
 32%|███▏      | 16/50 [02:40<05:29,  9.68s/it][A
 34%|███▍      | 17/50 [02:47<04:46,  8.69s/it][A
 36%|███▌      | 18/50 [02:53<04:15,  7.98s/it][A
 38%|███▊      | 19/50 [02:59<03:52,  7.48s/it][A
 40%|████      | 20/50 [03:06<03:34,  7.14s/it][A
 42%|████▏     | 21/50 [03:14<03:37,  7.51s/it][A
 44%|████▍     | 22/50 [03:23<03:38,  7.81s/it][A
 46%|████▌     | 23/50 [03:31<03:32,  7.89s/it][A
 48%|████▊     | 24/50 [03:38<03:17,  7.61s/it][A
 50%|█████     | 25/50 [03:44<03:02,  7.31s/it][A
 52%|█████▏    | 26/50 [03:51<02:49,  7.07s/it][A
 54%|█████▍    | 27/50 [03:57<02:40,  6.96s/it][A
 56%|█████▌    | 28/50 [04:04<02:30,  6.86s/it][A
 58%|█████▊    | 29/50 [04:11<02:21,  6.74s/it][A
 60%|██████    | 30/50 [04:17<02:12,  6.60s/it][A
 62%|██████▏   | 31/50 [04:24<02:07,  6.73s/it][A
 64%|██████▍   | 32/50 [04:32<02:09,  7.22s/it][A
 66%|██████▌   | 33/50 [04:40<02:07,  7.53s/it][A
 68%|██████▊   | 34/50 [04:49<02:03,  7.75s/it][A
 70%|███████   | 35/50 [04:57<01:58,  7.90s/it][A
 72%|███████▏  | 36/50 [05:05<01:52,  8.02s/it][A
 74%|███████▍  | 37/50 [05:15<01:49,  8.46s/it][A
 76%|███████▌  | 38/50 [05:27<01:56,  9.68s/it][A
 78%|███████▊  | 39/50 [05:40<01:55, 10.54s/it][A
 80%|████████  | 40/50 [05:52<01:51, 11.11s/it][A
 82%|████████▏ | 41/50 [06:05<01:43, 11.49s/it][A
 84%|████████▍ | 42/50 [06:17<01:34, 11.82s/it][A
 86%|████████▌ | 43/50 [06:30<01:24, 12.01s/it][A
 88%|████████▊ | 44/50 [06:42<01:12, 12.16s/it][A
 90%|█████████ | 45/50 [06:55<01:01, 12.24s/it][A
 92%|█████████▏| 46/50 [07:07<00:49, 12.32s/it][A
 94%|█████████▍| 47/50 [07:20<00:37, 12.36s/it][A
 96%|█████████▌| 48/50 [07:32<00:24, 12.39s/it][A
 98%|█████████▊| 49/50 [07:45<00:12, 12.43s/it][A
100%|██████████| 50/50 [07:57<00:00, 12.43s/it][A
100%|██████████| 50/50 [07:57<00:00,  9.55s/it]
offline:  10%|█         | 100000/1000000 [18:10<2725:32:21, 10.90s/it, eval_success=0.000]
offline:  10%|█         | 100018/1000000 [18:10<1718:13:53,  6.87s/it, eval_success=0.000]
offline:  10%|█         | 100035/1000000 [18:11<1147:02:26,  4.59s/it, eval_success=0.000]
offline:  10%|█         | 100051/1000000 [18:11<792:53:26,  3.17s/it, eval_success=0.000] 
offline:  10%|█         | 100067/1000000 [18:11<550:45:37,  2.20s/it, eval_success=0.000]
offline:  10%|█         | 100081/1000000 [18:11<398:50:37,  1.60s/it, eval_success=0.000]
offline:  10%|█         | 100094/1000000 [18:11<292:13:47,  1.17s/it, eval_success=0.000]
  2%|▏         | 1/50 [00:12<10:09, 12.43s/it][A
  4%|▍         | 2/50 [00:24<09:55, 12.40s/it][A
  6%|▌         | 3/50 [00:37<09:43, 12.41s/it][A
  8%|▊         | 4/50 [00:49<09:33, 12.47s/it][A
 10%|█         | 5/50 [01:02<09:22, 12.50s/it][A
 12%|█▏        | 6/50 [01:14<09:09, 12.49s/it][A
 14%|█▍        | 7/50 [01:27<08:55, 12.46s/it][A
 16%|█▌        | 8/50 [01:39<08:44, 12.50s/it][A
 18%|█▊        | 9/50 [01:52<08:31, 12.47s/it][A
 20%|██        | 10/50 [02:04<08:12, 12.31s/it][A
 22%|██▏       | 11/50 [02:14<07:39, 11.78s/it][A
 24%|██▍       | 12/50 [02:25<07:13, 11.40s/it][A
 26%|██▌       | 13/50 [02:35<06:52, 11.14s/it][A
 28%|██▊       | 14/50 [02:46<06:34, 10.96s/it][A
 30%|███       | 15/50 [02:56<06:19, 10.85s/it][A
 32%|███▏      | 16/50 [03:07<06:05, 10.76s/it][A
 34%|███▍      | 17/50 [03:18<05:53, 10.72s/it][A
 36%|███▌      | 18/50 [03:28<05:42, 10.69s/it][A
 38%|███▊      | 19/50 [03:39<05:29, 10.64s/it][A
 40%|████      | 20/50 [03:49<05:18, 10.62s/it][A
 42%|████▏     | 21/50 [04:00<05:07, 10.60s/it][A
 44%|████▍     | 22/50 [04:10<04:56, 10.58s/it][A
 46%|████▌     | 23/50 [04:21<04:44, 10.55s/it][A
 48%|████▊     | 24/50 [04:32<04:34, 10.57s/it][A
 50%|█████     | 25/50 [04:42<04:24, 10.56s/it][A
 52%|█████▏    | 26/50 [04:53<04:14, 10.62s/it][A
 54%|█████▍    | 27/50 [05:03<04:03, 10.60s/it][A
 56%|█████▌    | 28/50 [05:14<03:52, 10.58s/it][A
 58%|█████▊    | 29/50 [05:24<03:41, 10.55s/it][A
 60%|██████    | 30/50 [05:35<03:31, 10.57s/it][A
 62%|██████▏   | 31/50 [05:46<03:20, 10.56s/it][A
 64%|██████▍   | 32/50 [05:56<03:09, 10.55s/it][A
 66%|██████▌   | 33/50 [06:07<02:59, 10.54s/it][A
 68%|██████▊   | 34/50 [06:17<02:48, 10.54s/it][A
 70%|███████   | 35/50 [06:28<02:38, 10.54s/it][A
 72%|███████▏  | 36/50 [06:38<02:28, 10.57s/it][A
 74%|███████▍  | 37/50 [06:49<02:17, 10.56s/it][A
 76%|███████▌  | 38/50 [06:59<02:06, 10.56s/it][A
 78%|███████▊  | 39/50 [07:10<01:56, 10.55s/it][A
 80%|████████  | 40/50 [07:20<01:45, 10.55s/it][A
 82%|████████▏ | 41/50 [07:31<01:34, 10.54s/it][A
 84%|████████▍ | 42/50 [07:42<01:24, 10.54s/it][A
 86%|████████▌ | 43/50 [07:52<01:13, 10.54s/it][A
 88%|████████▊ | 44/50 [08:03<01:03, 10.54s/it][A
 90%|█████████ | 45/50 [08:13<00:52, 10.52s/it][A
 92%|█████████▏| 46/50 [08:24<00:42, 10.52s/it][A
 94%|█████████▍| 47/50 [08:34<00:31, 10.50s/it][A
 96%|█████████▌| 48/50 [08:45<00:21, 10.50s/it][A
 98%|█████████▊| 49/50 [08:55<00:10, 10.53s/it][A
100%|██████████| 50/50 [09:05<00:00, 10.30s/it][A
100%|██████████| 50/50 [09:05<00:00, 10.91s/it]
offline:  20%|██        | 200000/1000000 [38:45<2826:11:48, 12.72s/it, eval_success=0.000]
offline:  20%|██        | 200014/1000000 [38:45<1928:30:31,  8.68s/it, eval_success=0.000]
offline:  20%|██        | 200035/1000000 [38:45<1147:38:25,  5.16s/it, eval_success=0.000]
offline:  20%|██        | 200051/1000000 [38:45<796:56:20,  3.59s/it, eval_success=0.000] 
offline:  20%|██        | 200066/1000000 [38:45<565:42:33,  2.55s/it, eval_success=0.000]
offline:  20%|██        | 200083/1000000 [38:45<385:05:59,  1.73s/it, eval_success=0.000]
offline:  20%|██        | 200102/1000000 [38:45<255:17:10,  1.15s/it, eval_success=0.000]
  2%|▏         | 1/50 [00:10<08:40, 10.61s/it][A
  4%|▍         | 2/50 [00:21<08:27, 10.57s/it][A
  6%|▌         | 3/50 [00:31<08:14, 10.53s/it][A
  8%|▊         | 4/50 [00:40<07:34,  9.88s/it][A
 10%|█         | 5/50 [00:50<07:21,  9.81s/it][A
 12%|█▏        | 6/50 [01:00<07:22, 10.06s/it][A
 14%|█▍        | 7/50 [01:11<07:19, 10.23s/it][A
 16%|█▌        | 8/50 [01:21<07:14, 10.35s/it][A
 18%|█▊        | 9/50 [01:32<07:07, 10.43s/it][A
 20%|██        | 10/50 [01:43<06:58, 10.46s/it][A
 22%|██▏       | 11/50 [01:53<06:49, 10.50s/it][A
 24%|██▍       | 12/50 [02:04<06:38, 10.50s/it][A
 26%|██▌       | 13/50 [02:14<06:29, 10.51s/it][A
 28%|██▊       | 14/50 [02:25<06:19, 10.54s/it][A
 30%|███       | 15/50 [02:35<06:08, 10.52s/it][A
 32%|███▏      | 16/50 [02:46<05:57, 10.53s/it][A
 34%|███▍      | 17/50 [02:56<05:48, 10.57s/it][A
 36%|███▌      | 18/50 [03:07<05:38, 10.57s/it][A
 38%|███▊      | 19/50 [03:18<05:27, 10.55s/it][A
 40%|████      | 20/50 [03:28<05:16, 10.54s/it][A
 42%|████▏     | 21/50 [03:39<05:06, 10.57s/it][A
 44%|████▍     | 22/50 [03:49<04:55, 10.55s/it][A
 46%|████▌     | 23/50 [04:00<04:45, 10.56s/it][A
 48%|████▊     | 24/50 [04:10<04:35, 10.58s/it][A
 50%|█████     | 25/50 [04:21<04:24, 10.58s/it][A
 52%|█████▏    | 26/50 [04:32<04:13, 10.56s/it][A
 54%|█████▍    | 27/50 [04:42<04:02, 10.56s/it][A
 56%|█████▌    | 28/50 [04:53<03:52, 10.57s/it][A
 58%|█████▊    | 29/50 [05:03<03:41, 10.56s/it][A
 60%|██████    | 30/50 [05:14<03:31, 10.57s/it][A
 62%|██████▏   | 31/50 [05:24<03:21, 10.58s/it][A
 64%|██████▍   | 32/50 [05:35<03:10, 10.56s/it][A
 66%|██████▌   | 33/50 [05:45<02:59, 10.56s/it][A
 68%|██████▊   | 34/50 [05:56<02:48, 10.55s/it][A
 70%|███████   | 35/50 [06:06<02:37, 10.52s/it][A
 72%|███████▏  | 36/50 [06:17<02:27, 10.53s/it][A
 74%|███████▍  | 37/50 [06:28<02:17, 10.55s/it][A
 76%|███████▌  | 38/50 [06:38<02:06, 10.56s/it][A
 78%|███████▊  | 39/50 [06:49<01:55, 10.54s/it][A
 80%|████████  | 40/50 [06:59<01:45, 10.56s/it][A
 82%|████████▏ | 41/50 [07:10<01:35, 10.57s/it][A
 84%|████████▍ | 42/50 [07:20<01:24, 10.58s/it][A
 86%|████████▌ | 43/50 [07:31<01:13, 10.55s/it][A
 88%|████████▊ | 44/50 [07:42<01:03, 10.56s/it][A
 90%|█████████ | 45/50 [07:52<00:52, 10.57s/it][A
 92%|█████████▏| 46/50 [08:03<00:42, 10.57s/it][A
 94%|█████████▍| 47/50 [08:13<00:31, 10.56s/it][A
 96%|█████████▌| 48/50 [08:24<00:21, 10.56s/it][A
 98%|█████████▊| 49/50 [08:34<00:10, 10.55s/it][A
100%|██████████| 50/50 [08:43<00:00, 10.03s/it][A
100%|██████████| 50/50 [08:43<00:00, 10.47s/it]
offline:  30%|███       | 300000/1000000 [55:18<2723:16:58, 14.01s/it, eval_success=0.000]
offline:  30%|███       | 300018/1000000 [55:18<1614:30:23,  8.30s/it, eval_success=0.000]
offline:  30%|███       | 300034/1000000 [55:18<1064:35:18,  5.48s/it, eval_success=0.000]
offline:  30%|███       | 300050/1000000 [55:18<716:22:36,  3.68s/it, eval_success=0.000] 
offline:  30%|███       | 300070/1000000 [55:18<452:22:38,  2.33s/it, eval_success=0.000]
offline:  30%|███       | 300087/1000000 [55:18<312:58:34,  1.61s/it, eval_success=0.000]
offline:  30%|███       | 300108/1000000 [55:19<202:46:11,  1.04s/it, eval_success=0.000]
  2%|▏         | 1/50 [00:08<06:36,  8.09s/it][A
  4%|▍         | 2/50 [00:14<05:50,  7.31s/it][A
  6%|▌         | 3/50 [00:21<05:33,  7.09s/it][A
  8%|▊         | 4/50 [00:28<05:20,  6.97s/it][A
 10%|█         | 5/50 [00:35<05:10,  6.90s/it][A
 12%|█▏        | 6/50 [00:41<04:59,  6.81s/it][A
 14%|█▍        | 7/50 [00:50<05:18,  7.41s/it][A
 16%|█▌        | 8/50 [00:59<05:27,  7.80s/it][A
 18%|█▊        | 9/50 [01:07<05:29,  8.04s/it][A
 20%|██        | 10/50 [01:16<05:28,  8.20s/it][A
 22%|██▏       | 11/50 [01:24<05:24,  8.32s/it][A
 24%|██▍       | 12/50 [01:33<05:19,  8.42s/it][A
 26%|██▌       | 13/50 [01:42<05:13,  8.48s/it][A
 28%|██▊       | 14/50 [01:49<04:53,  8.15s/it][A
 30%|███       | 15/50 [01:58<04:51,  8.32s/it][A
 32%|███▏      | 16/50 [02:06<04:46,  8.42s/it][A
 34%|███▍      | 17/50 [02:13<04:23,  7.99s/it][A
 36%|███▌      | 18/50 [02:22<04:22,  8.20s/it][A
 38%|███▊      | 19/50 [02:30<04:14,  8.21s/it][A
 40%|████      | 20/50 [02:39<04:10,  8.34s/it][A
 42%|████▏     | 21/50 [02:48<04:04,  8.44s/it][A
 44%|████▍     | 22/50 [02:56<03:57,  8.49s/it][A
 46%|████▌     | 23/50 [03:05<03:50,  8.53s/it][A
 48%|████▊     | 24/50 [03:14<03:42,  8.57s/it][A
 50%|█████     | 25/50 [03:22<03:35,  8.61s/it][A
 52%|█████▏    | 26/50 [03:31<03:27,  8.63s/it][A
 54%|█████▍    | 27/50 [03:39<03:15,  8.50s/it][A
 56%|█████▌    | 28/50 [03:46<02:55,  7.97s/it][A
 58%|█████▊    | 29/50 [03:53<02:39,  7.60s/it][A
 60%|██████    | 30/50 [03:59<02:26,  7.31s/it][A
 62%|██████▏   | 31/50 [04:05<02:12,  6.97s/it][A
 64%|██████▍   | 32/50 [04:11<01:55,  6.43s/it][A
 66%|██████▌   | 33/50 [04:15<01:41,  5.97s/it][A
 68%|██████▊   | 34/50 [04:21<01:31,  5.70s/it][A
 70%|███████   | 35/50 [04:26<01:22,  5.50s/it][A
 72%|███████▏  | 36/50 [04:31<01:14,  5.34s/it][A
 74%|███████▍  | 37/50 [04:36<01:08,  5.24s/it][A
 76%|███████▌  | 38/50 [04:41<01:02,  5.18s/it][A
 78%|███████▊  | 39/50 [04:46<00:56,  5.14s/it][A
 80%|████████  | 40/50 [04:51<00:51,  5.13s/it][A
 82%|████████▏ | 41/50 [04:56<00:46,  5.12s/it][A
 84%|████████▍ | 42/50 [05:01<00:40,  5.10s/it][A
 86%|████████▌ | 43/50 [05:06<00:35,  5.06s/it][A
 88%|████████▊ | 44/50 [05:11<00:29,  5.00s/it][A
 90%|█████████ | 45/50 [05:16<00:25,  5.10s/it][A
 92%|█████████▏| 46/50 [05:22<00:21,  5.29s/it][A
 94%|█████████▍| 47/50 [05:28<00:16,  5.54s/it][A
 96%|█████████▌| 48/50 [05:32<00:10,  5.24s/it][A
 98%|█████████▊| 49/50 [05:37<00:04,  4.93s/it][A
100%|██████████| 50/50 [05:42<00:00,  4.99s/it][A
100%|██████████| 50/50 [05:42<00:00,  6.85s/it]
offline:  40%|████      | 400000/1000000 [1:12:34<1372:47:32,  8.24s/it, eval_success=0.160]
offline:  40%|████      | 400031/1000000 [1:12:34<665:16:42,  3.99s/it, eval_success=0.160] 
offline:  40%|████      | 400060/1000000 [1:12:35<394:06:49,  2.36s/it, eval_success=0.160]
offline:  40%|████      | 400088/1000000 [1:12:35<252:24:33,  1.51s/it, eval_success=0.160]
  2%|▏         | 1/50 [00:09<07:36,  9.32s/it][A
  4%|▍         | 2/50 [00:20<08:07, 10.16s/it][A
  6%|▌         | 3/50 [00:32<08:37, 11.02s/it][A
  8%|▊         | 4/50 [00:44<08:58, 11.70s/it][A
 10%|█         | 5/50 [00:57<09:01, 12.04s/it][A
 12%|█▏        | 6/50 [01:10<08:57, 12.21s/it][A
 14%|█▍        | 7/50 [01:22<08:50, 12.33s/it][A
 16%|█▌        | 8/50 [01:33<08:16, 11.83s/it][A
 18%|█▊        | 9/50 [01:45<08:05, 11.85s/it][A
 20%|██        | 10/50 [01:57<08:03, 12.08s/it][A
 22%|██▏       | 11/50 [02:08<07:35, 11.68s/it][A
 24%|██▍       | 12/50 [02:21<07:34, 11.97s/it][A
 26%|██▌       | 13/50 [02:33<07:30, 12.19s/it][A
 28%|██▊       | 14/50 [02:46<07:23, 12.32s/it][A
 30%|███       | 15/50 [02:57<06:59, 11.99s/it][A
 32%|███▏      | 16/50 [03:10<06:54, 12.19s/it][A
 34%|███▍      | 17/50 [03:23<06:46, 12.31s/it][A
 36%|███▌      | 18/50 [03:35<06:37, 12.41s/it][A
 38%|███▊      | 19/50 [03:48<06:27, 12.49s/it][A
 40%|████      | 20/50 [04:00<06:15, 12.52s/it][A
 42%|████▏     | 21/50 [04:11<05:49, 12.07s/it][A
 44%|████▍     | 22/50 [04:22<05:26, 11.66s/it][A
 46%|████▌     | 23/50 [04:32<05:01, 11.18s/it][A
 48%|████▊     | 24/50 [04:40<04:25, 10.23s/it][A
 50%|█████     | 25/50 [04:51<04:18, 10.35s/it][A
 52%|█████▏    | 26/50 [05:02<04:10, 10.45s/it][A
 54%|█████▍    | 27/50 [05:12<04:01, 10.50s/it][A
 56%|█████▌    | 28/50 [05:23<03:52, 10.57s/it][A
 58%|█████▊    | 29/50 [05:32<03:30, 10.01s/it][A
 60%|██████    | 30/50 [05:41<03:16,  9.82s/it][A
 62%|██████▏   | 31/50 [05:50<03:01,  9.56s/it][A
 64%|██████▍   | 32/50 [06:01<02:57,  9.87s/it][A
 66%|██████▌   | 33/50 [06:11<02:52, 10.15s/it][A
 68%|██████▊   | 34/50 [06:22<02:44, 10.31s/it][A
 70%|███████   | 35/50 [06:31<02:28,  9.90s/it][A
 72%|███████▏  | 36/50 [06:42<02:22, 10.16s/it][A
 74%|███████▍  | 37/50 [06:52<02:13, 10.27s/it][A
 76%|███████▌  | 38/50 [07:03<02:04, 10.40s/it][A
 78%|███████▊  | 39/50 [07:14<01:55, 10.47s/it][A
 80%|████████  | 40/50 [07:24<01:45, 10.54s/it][A
 82%|████████▏ | 41/50 [07:35<01:34, 10.56s/it][A
 84%|████████▍ | 42/50 [07:46<01:24, 10.59s/it][A
 86%|████████▌ | 43/50 [07:56<01:14, 10.61s/it][A
 88%|████████▊ | 44/50 [08:05<01:01, 10.18s/it][A
 90%|█████████ | 45/50 [08:14<00:48,  9.66s/it][A
 92%|█████████▏| 46/50 [08:25<00:39,  9.98s/it][A
 94%|█████████▍| 47/50 [08:35<00:30, 10.16s/it][A
 96%|█████████▌| 48/50 [08:46<00:20, 10.34s/it][A
 98%|█████████▊| 49/50 [08:57<00:10, 10.44s/it][A
100%|██████████| 50/50 [09:05<00:00,  9.89s/it][A
100%|██████████| 50/50 [09:05<00:00, 10.91s/it]
offline:  50%|█████     | 500000/1000000 [1:32:33<1590:26:27, 11.45s/it, eval_success=0.320]
offline:  50%|█████     | 500017/1000000 [1:32:33<1054:08:09,  7.59s/it, eval_success=0.320]
offline:  50%|█████     | 500031/1000000 [1:32:33<755:01:52,  5.44s/it, eval_success=0.320] 
offline:  50%|█████     | 500048/1000000 [1:32:33<506:01:05,  3.64s/it, eval_success=0.320]
offline:  50%|█████     | 500062/1000000 [1:32:33<364:46:54,  2.63s/it, eval_success=0.320]
offline:  50%|█████     | 500078/1000000 [1:32:34<250:42:22,  1.81s/it, eval_success=0.320]
offline:  50%|█████     | 500093/1000000 [1:32:34<176:53:22,  1.27s/it, eval_success=0.320]
  2%|▏         | 1/50 [00:05<04:15,  5.21s/it][A
  4%|▍         | 2/50 [00:09<03:51,  4.81s/it][A
  6%|▌         | 3/50 [00:14<03:52,  4.95s/it][A
  8%|▊         | 4/50 [00:20<03:51,  5.03s/it][A
 10%|█         | 5/50 [00:24<03:45,  5.01s/it][A
 12%|█▏        | 6/50 [00:31<04:06,  5.60s/it][A
 14%|█▍        | 7/50 [00:36<03:54,  5.46s/it][A
 16%|█▌        | 8/50 [00:42<03:45,  5.36s/it][A
 18%|█▊        | 9/50 [00:48<03:56,  5.78s/it][A
 20%|██        | 10/50 [00:55<04:03,  6.08s/it][A
 22%|██▏       | 11/50 [01:02<04:05,  6.30s/it][A
 24%|██▍       | 12/50 [01:08<03:52,  6.13s/it][A
 26%|██▌       | 13/50 [01:14<03:52,  6.29s/it][A
 28%|██▊       | 14/50 [01:22<04:06,  6.85s/it][A
 30%|███       | 15/50 [01:31<04:18,  7.39s/it][A
 32%|███▏      | 16/50 [01:39<04:21,  7.70s/it][A
 34%|███▍      | 17/50 [01:46<04:06,  7.48s/it][A
 36%|███▌      | 18/50 [01:53<03:49,  7.16s/it][A
 38%|███▊      | 19/50 [01:58<03:21,  6.50s/it][A
 40%|████      | 20/50 [02:05<03:17,  6.59s/it][A
 42%|████▏     | 21/50 [02:11<03:12,  6.63s/it][A
 44%|████▍     | 22/50 [02:18<03:06,  6.66s/it][A
 46%|████▌     | 23/50 [02:25<02:59,  6.67s/it][A
 48%|████▊     | 24/50 [02:31<02:53,  6.66s/it][A
 50%|█████     | 25/50 [02:38<02:47,  6.68s/it][A
 52%|█████▏    | 26/50 [02:45<02:41,  6.72s/it][A
 54%|█████▍    | 27/50 [02:52<02:34,  6.70s/it][A
 56%|█████▌    | 28/50 [02:58<02:27,  6.70s/it][A
 58%|█████▊    | 29/50 [03:05<02:20,  6.71s/it][A
 60%|██████    | 30/50 [03:12<02:14,  6.72s/it][A
 62%|██████▏   | 31/50 [03:17<02:00,  6.32s/it][A
 64%|██████▍   | 32/50 [03:22<01:47,  5.96s/it][A
 66%|██████▌   | 33/50 [03:29<01:45,  6.19s/it][A
 68%|██████▊   | 34/50 [03:36<01:41,  6.34s/it][A
 70%|███████   | 35/50 [03:42<01:36,  6.44s/it][A
 72%|███████▏  | 36/50 [03:49<01:31,  6.53s/it][A
 74%|███████▍  | 37/50 [03:55<01:22,  6.38s/it][A
 76%|███████▌  | 38/50 [04:01<01:15,  6.31s/it][A
 78%|███████▊  | 39/50 [04:08<01:11,  6.47s/it][A
 80%|████████  | 40/50 [04:15<01:05,  6.54s/it][A
 82%|████████▏ | 41/50 [04:21<00:59,  6.59s/it][A
 84%|████████▍ | 42/50 [04:28<00:53,  6.65s/it][A
 86%|████████▌ | 43/50 [04:35<00:46,  6.65s/it][A
 88%|████████▊ | 44/50 [04:42<00:40,  6.68s/it][A
 90%|█████████ | 45/50 [04:48<00:33,  6.67s/it][A
 92%|█████████▏| 46/50 [04:55<00:26,  6.73s/it][A
 94%|█████████▍| 47/50 [05:02<00:20,  6.74s/it][A
 96%|█████████▌| 48/50 [05:09<00:13,  6.73s/it][A
 98%|█████████▊| 49/50 [05:16<00:06,  6.82s/it][A
100%|██████████| 50/50 [05:24<00:00,  7.37s/it][A
100%|██████████| 50/50 [05:24<00:00,  6.50s/it]
offline:  60%|██████    | 600000/1000000 [1:49:26<425:36:47,  3.83s/it, eval_success=0.280]
offline:  60%|██████    | 600021/1000000 [1:49:26<314:37:50,  2.83s/it, eval_success=0.280]
offline:  60%|██████    | 600045/1000000 [1:49:26<220:47:59,  1.99s/it, eval_success=0.280]
offline:  60%|██████    | 600067/1000000 [1:49:26<158:52:38,  1.43s/it, eval_success=0.280]
offline:  60%|██████    | 600088/1000000 [1:49:27<115:00:29,  1.04s/it, eval_success=0.280]
  2%|▏         | 1/50 [00:09<07:45,  9.49s/it][A
  4%|▍         | 2/50 [00:17<07:00,  8.77s/it][A
  6%|▌         | 3/50 [00:28<07:33,  9.64s/it][A
  8%|▊         | 4/50 [00:39<07:42, 10.06s/it][A
 10%|█         | 5/50 [00:49<07:32, 10.05s/it][A
 12%|█▏        | 6/50 [00:58<07:07,  9.71s/it][A
 14%|█▍        | 7/50 [01:08<07:11, 10.03s/it][A
 16%|█▌        | 8/50 [01:19<07:11, 10.27s/it][A
 18%|█▊        | 9/50 [01:30<07:05, 10.39s/it][A
 20%|██        | 10/50 [01:41<07:00, 10.51s/it][A
 22%|██▏       | 11/50 [01:51<06:51, 10.55s/it][A
 24%|██▍       | 12/50 [02:02<06:42, 10.60s/it][A
 26%|██▌       | 13/50 [02:13<06:32, 10.60s/it][A
 28%|██▊       | 14/50 [02:23<06:22, 10.62s/it][A
 30%|███       | 15/50 [02:31<05:43,  9.81s/it][A
 32%|███▏      | 16/50 [02:41<05:29,  9.69s/it][A
 34%|███▍      | 17/50 [02:51<05:29,  9.99s/it][A
 36%|███▌      | 18/50 [03:01<05:14,  9.84s/it][A
 38%|███▊      | 19/50 [03:11<05:12, 10.07s/it][A
 40%|████      | 20/50 [03:20<04:45,  9.51s/it][A
 42%|████▏     | 21/50 [03:27<04:16,  8.85s/it][A
 44%|████▍     | 22/50 [03:33<03:48,  8.15s/it][A
 46%|████▌     | 23/50 [03:41<03:39,  8.12s/it][A
 48%|████▊     | 24/50 [03:50<03:35,  8.29s/it][A
 50%|█████     | 25/50 [03:59<03:30,  8.40s/it][A
 52%|█████▏    | 26/50 [04:07<03:18,  8.26s/it][A
 54%|█████▍    | 27/50 [04:15<03:12,  8.36s/it][A
 56%|█████▌    | 28/50 [04:22<02:53,  7.89s/it][A
 58%|█████▊    | 29/50 [04:29<02:39,  7.58s/it][A
 60%|██████    | 30/50 [04:35<02:24,  7.23s/it][A
 62%|██████▏   | 31/50 [04:42<02:15,  7.11s/it][A
 64%|██████▍   | 32/50 [04:49<02:04,  6.94s/it][A
 66%|██████▌   | 33/50 [04:55<01:55,  6.80s/it][A
 68%|██████▊   | 34/50 [05:02<01:49,  6.82s/it][A
 70%|███████   | 35/50 [05:09<01:42,  6.81s/it][A
 72%|███████▏  | 36/50 [05:15<01:32,  6.60s/it][A
 74%|███████▍  | 37/50 [05:22<01:26,  6.67s/it][A
 76%|███████▌  | 38/50 [05:27<01:14,  6.22s/it][A
 78%|███████▊  | 39/50 [05:34<01:10,  6.40s/it][A
 80%|████████  | 40/50 [05:41<01:05,  6.53s/it][A
 82%|████████▏ | 41/50 [05:46<00:54,  6.06s/it][A
 84%|████████▍ | 42/50 [05:52<00:48,  6.02s/it][A
 86%|████████▌ | 43/50 [05:58<00:42,  6.09s/it][A
 88%|████████▊ | 44/50 [06:05<00:37,  6.29s/it][A
 90%|█████████ | 45/50 [06:11<00:32,  6.43s/it][A
 92%|█████████▏| 46/50 [06:18<00:25,  6.46s/it][A
 94%|█████████▍| 47/50 [06:24<00:19,  6.43s/it][A
 96%|█████████▌| 48/50 [06:31<00:13,  6.56s/it][A
 98%|█████████▊| 49/50 [06:37<00:06,  6.33s/it][A
100%|██████████| 50/50 [06:44<00:00,  6.47s/it][A
100%|██████████| 50/50 [06:44<00:00,  8.08s/it]
offline:  70%|███████   | 700000/1000000 [2:09:37<838:46:54, 10.07s/it, eval_success=0.480]
offline:  70%|███████   | 700023/1000000 [2:09:37<461:41:10,  5.54s/it, eval_success=0.480]
offline:  70%|███████   | 700043/1000000 [2:09:37<296:20:41,  3.56s/it, eval_success=0.480]
offline:  70%|███████   | 700061/1000000 [2:09:37<202:59:45,  2.44s/it, eval_success=0.480]
offline:  70%|███████   | 700082/1000000 [2:09:37<133:10:33,  1.60s/it, eval_success=0.480]
offline:  70%|███████   | 700102/1000000 [2:09:37<90:47:48,  1.09s/it, eval_success=0.480] 
  2%|▏         | 1/50 [00:06<05:26,  6.67s/it][A
  4%|▍         | 2/50 [00:13<05:11,  6.49s/it][A
  6%|▌         | 3/50 [00:19<05:09,  6.59s/it][A
  8%|▊         | 4/50 [00:26<05:03,  6.61s/it][A
 10%|█         | 5/50 [00:32<04:43,  6.29s/it][A
 12%|█▏        | 6/50 [00:38<04:35,  6.26s/it][A
 14%|█▍        | 7/50 [00:45<04:35,  6.41s/it][A
 16%|█▌        | 8/50 [00:51<04:33,  6.52s/it][A
 18%|█▊        | 9/50 [00:57<04:20,  6.35s/it][A
 20%|██        | 10/50 [01:03<04:08,  6.22s/it][A
 22%|██▏       | 11/50 [01:10<04:08,  6.36s/it][A
 24%|██▍       | 12/50 [01:17<04:05,  6.46s/it][A
 26%|██▌       | 13/50 [01:22<03:48,  6.18s/it][A
 28%|██▊       | 14/50 [01:28<03:34,  5.96s/it][A
 30%|███       | 15/50 [01:34<03:36,  6.18s/it][A
 32%|███▏      | 16/50 [01:40<03:21,  5.92s/it][A
 34%|███▍      | 17/50 [01:46<03:23,  6.16s/it][A
 36%|███▌      | 18/50 [01:52<03:16,  6.16s/it][A
 38%|███▊      | 19/50 [02:00<03:22,  6.53s/it][A
 40%|████      | 20/50 [02:07<03:26,  6.87s/it][A
 42%|████▏     | 21/50 [02:17<03:45,  7.77s/it][A
 44%|████▍     | 22/50 [02:28<04:02,  8.65s/it][A
 46%|████▌     | 23/50 [02:39<04:09,  9.26s/it][A
 48%|████▊     | 24/50 [02:49<04:11,  9.67s/it][A
 50%|█████     | 25/50 [03:00<04:09,  9.98s/it][A
 52%|█████▏    | 26/50 [03:09<03:49,  9.56s/it][A
 54%|█████▍    | 27/50 [03:19<03:47,  9.90s/it][A
 56%|█████▌    | 28/50 [03:30<03:42, 10.13s/it][A
 58%|█████▊    | 29/50 [03:41<03:36, 10.30s/it][A
 60%|██████    | 30/50 [03:51<03:28, 10.41s/it][A
 62%|██████▏   | 31/50 [04:00<03:07,  9.87s/it][A
 64%|██████▍   | 32/50 [04:09<02:51,  9.53s/it][A
 66%|██████▌   | 33/50 [04:19<02:47,  9.87s/it][A
 68%|██████▊   | 34/50 [04:30<02:42, 10.13s/it][A
 70%|███████   | 35/50 [04:39<02:25,  9.67s/it][A
 72%|███████▏  | 36/50 [04:49<02:19,  9.95s/it][A
 74%|███████▍  | 37/50 [05:00<02:12, 10.16s/it][A
 76%|███████▌  | 38/50 [05:11<02:03, 10.31s/it][A
 78%|███████▊  | 39/50 [05:21<01:54, 10.42s/it][A
 80%|████████  | 40/50 [05:30<01:39,  9.90s/it][A
 82%|████████▏ | 41/50 [05:41<01:31, 10.14s/it][A
 84%|████████▍ | 42/50 [05:51<01:22, 10.29s/it][A
 86%|████████▌ | 43/50 [06:02<01:12, 10.40s/it][A
 88%|████████▊ | 44/50 [06:13<01:02, 10.50s/it][A
 90%|█████████ | 45/50 [06:23<00:52, 10.55s/it][A
 92%|█████████▏| 46/50 [06:32<00:39,  9.94s/it][A
 94%|█████████▍| 47/50 [06:43<00:30, 10.19s/it][A
 96%|█████████▌| 48/50 [06:53<00:20, 10.36s/it][A
 98%|█████████▊| 49/50 [07:04<00:10, 10.44s/it][A
100%|██████████| 50/50 [07:15<00:00, 10.54s/it][A
100%|██████████| 50/50 [07:15<00:00,  8.71s/it]
offline:  80%|████████  | 800000/1000000 [2:25:17<431:31:39,  7.77s/it, eval_success=0.360]
offline:  80%|████████  | 800014/1000000 [2:25:17<318:12:05,  5.73s/it, eval_success=0.360]
offline:  80%|████████  | 800031/1000000 [2:25:17<218:39:54,  3.94s/it, eval_success=0.360]
offline:  80%|████████  | 800047/1000000 [2:25:17<154:01:16,  2.77s/it, eval_success=0.360]
offline:  80%|████████  | 800062/1000000 [2:25:17<110:22:03,  1.99s/it, eval_success=0.360]
offline:  80%|████████  | 800077/1000000 [2:25:17<78:39:09,  1.42s/it, eval_success=0.360] 
offline:  80%|████████  | 800092/1000000 [2:25:17<55:47:44,  1.00s/it, eval_success=0.360]
  2%|▏         | 1/50 [00:07<06:25,  7.86s/it][A
  4%|▍         | 2/50 [00:16<06:40,  8.34s/it][A
  6%|▌         | 3/50 [00:24<06:26,  8.23s/it][A
  8%|▊         | 4/50 [00:33<06:25,  8.38s/it][A
 10%|█         | 5/50 [00:42<06:23,  8.52s/it][A
 12%|█▏        | 6/50 [00:50<06:18,  8.61s/it][A
 14%|█▍        | 7/50 [00:58<06:02,  8.44s/it][A
 16%|█▌        | 8/50 [01:06<05:39,  8.07s/it][A
 18%|█▊        | 9/50 [01:13<05:15,  7.69s/it][A
 20%|██        | 10/50 [01:19<04:58,  7.45s/it][A
 22%|██▏       | 11/50 [01:26<04:43,  7.27s/it][A
 24%|██▍       | 12/50 [01:33<04:32,  7.17s/it][A
 26%|██▌       | 13/50 [01:40<04:21,  7.06s/it][A
 28%|██▊       | 14/50 [01:47<04:12,  7.01s/it][A
 30%|███       | 15/50 [01:54<04:03,  6.96s/it][A
 32%|███▏      | 16/50 [02:01<03:55,  6.92s/it][A
 34%|███▍      | 17/50 [02:07<03:46,  6.88s/it][A
 36%|███▌      | 18/50 [02:14<03:39,  6.86s/it][A
 38%|███▊      | 19/50 [02:21<03:32,  6.84s/it][A
 40%|████      | 20/50 [02:28<03:25,  6.85s/it][A
 42%|████▏     | 21/50 [02:35<03:18,  6.84s/it][A
 44%|████▍     | 22/50 [02:40<03:02,  6.51s/it][A
 46%|████▌     | 23/50 [02:47<02:58,  6.62s/it][A
 48%|████▊     | 24/50 [02:54<02:53,  6.68s/it][A
 50%|█████     | 25/50 [03:01<02:48,  6.73s/it][A
 52%|█████▏    | 26/50 [03:09<02:51,  7.14s/it][A
 54%|█████▍    | 27/50 [03:16<02:42,  7.07s/it][A
 56%|█████▌    | 28/50 [03:23<02:37,  7.16s/it][A
 58%|█████▊    | 29/50 [03:32<02:40,  7.63s/it][A
 60%|██████    | 30/50 [03:41<02:39,  7.97s/it][A
 62%|██████▏   | 31/50 [03:51<02:42,  8.55s/it][A
 64%|██████▍   | 32/50 [04:01<02:45,  9.18s/it][A
 66%|██████▌   | 33/50 [04:12<02:44,  9.65s/it][A
 68%|██████▊   | 34/50 [04:23<02:39,  9.96s/it][A
 70%|███████   | 35/50 [04:34<02:32, 10.18s/it][A
 72%|███████▏  | 36/50 [04:44<02:24, 10.32s/it][A
 74%|███████▍  | 37/50 [04:52<02:06,  9.72s/it][A
 76%|███████▌  | 38/50 [05:01<01:51,  9.31s/it][A
 78%|███████▊  | 39/50 [05:12<01:47,  9.73s/it][A
 80%|████████  | 40/50 [05:22<01:40, 10.03s/it][A
 82%|████████▏ | 41/50 [05:32<01:30, 10.03s/it][A
 84%|████████▍ | 42/50 [05:43<01:20, 10.10s/it][A
 86%|████████▌ | 43/50 [05:53<01:11, 10.26s/it][A
 88%|████████▊ | 44/50 [06:04<01:02, 10.36s/it][A
 90%|█████████ | 45/50 [06:12<00:49,  9.85s/it][A
 92%|█████████▏| 46/50 [06:23<00:40, 10.12s/it][A
 94%|█████████▍| 47/50 [06:34<00:30, 10.29s/it][A
 96%|█████████▌| 48/50 [06:45<00:20, 10.41s/it][A
 98%|█████████▊| 49/50 [06:55<00:10, 10.49s/it][A
100%|██████████| 50/50 [07:05<00:00, 10.31s/it][A
100%|██████████| 50/50 [07:05<00:00,  8.51s/it]
offline:  90%|█████████ | 900000/1000000 [2:44:29<230:19:39,  8.29s/it, eval_success=0.240]
offline:  90%|█████████ | 900020/1000000 [2:44:29<148:03:16,  5.33s/it, eval_success=0.240]
offline:  90%|█████████ | 900037/1000000 [2:44:29<103:17:23,  3.72s/it, eval_success=0.240]
offline:  90%|█████████ | 900055/1000000 [2:44:30<70:53:50,  2.55s/it, eval_success=0.240] 
offline:  90%|█████████ | 900072/1000000 [2:44:30<49:50:43,  1.80s/it, eval_success=0.240]
offline:  90%|█████████ | 900093/1000000 [2:44:30<32:43:51,  1.18s/it, eval_success=0.240]
  2%|▏         | 1/50 [00:08<07:03,  8.64s/it][A
  4%|▍         | 2/50 [00:17<06:56,  8.67s/it][A
  6%|▌         | 3/50 [00:25<06:46,  8.64s/it][A
  8%|▊         | 4/50 [00:33<06:21,  8.29s/it][A
 10%|█         | 5/50 [00:41<06:05,  8.12s/it][A
 12%|█▏        | 6/50 [00:49<06:01,  8.21s/it][A
 14%|█▍        | 7/50 [00:57<05:44,  8.02s/it][A
 16%|█▌        | 8/50 [01:06<05:44,  8.19s/it][A
 18%|█▊        | 9/50 [01:14<05:35,  8.19s/it][A
 20%|██        | 10/50 [01:22<05:33,  8.34s/it][A
 22%|██▏       | 11/50 [01:31<05:29,  8.46s/it][A
 24%|██▍       | 12/50 [01:40<05:24,  8.53s/it][A
 26%|██▌       | 13/50 [01:49<05:16,  8.56s/it][A
 28%|██▊       | 14/50 [01:57<05:09,  8.61s/it][A
 30%|███       | 15/50 [02:05<04:55,  8.44s/it][A
 32%|███▏      | 16/50 [02:14<04:46,  8.42s/it][A
 34%|███▍      | 17/50 [02:22<04:40,  8.51s/it][A
 36%|███▌      | 18/50 [02:31<04:33,  8.55s/it][A
 38%|███▊      | 19/50 [02:40<04:26,  8.59s/it][A
 40%|████      | 20/50 [02:48<04:18,  8.62s/it][A
 42%|████▏     | 21/50 [02:56<04:02,  8.37s/it][A
 44%|████▍     | 22/50 [03:05<03:56,  8.46s/it][A
 46%|████▌     | 23/50 [03:12<03:37,  8.07s/it][A
 48%|████▊     | 24/50 [03:21<03:34,  8.26s/it][A
 50%|█████     | 25/50 [03:29<03:28,  8.35s/it][A
 52%|█████▏    | 26/50 [03:38<03:21,  8.42s/it][A
 54%|█████▍    | 27/50 [03:47<03:15,  8.51s/it][A
 56%|█████▌    | 28/50 [03:54<03:02,  8.29s/it][A
 58%|█████▊    | 29/50 [04:03<02:56,  8.39s/it][A
 60%|██████    | 30/50 [04:12<02:49,  8.46s/it][A
 62%|██████▏   | 31/50 [04:19<02:34,  8.15s/it][A
 64%|██████▍   | 32/50 [04:26<02:17,  7.66s/it][A
 66%|██████▌   | 33/50 [04:34<02:15,  7.95s/it][A
 68%|██████▊   | 34/50 [04:43<02:10,  8.17s/it][A
 70%|███████   | 35/50 [04:51<02:01,  8.10s/it][A
 72%|███████▏  | 36/50 [04:59<01:55,  8.25s/it][A
 74%|███████▍  | 37/50 [05:08<01:49,  8.39s/it][A
 76%|███████▌  | 38/50 [05:17<01:41,  8.44s/it][A
 78%|███████▊  | 39/50 [05:25<01:33,  8.52s/it][A
 80%|████████  | 40/50 [05:32<01:19,  7.97s/it][A
 82%|████████▏ | 41/50 [05:39<01:09,  7.76s/it][A
 84%|████████▍ | 42/50 [05:45<00:57,  7.24s/it][A
 86%|████████▌ | 43/50 [05:52<00:49,  7.06s/it][A
 88%|████████▊ | 44/50 [05:58<00:40,  6.81s/it][A
 90%|█████████ | 45/50 [06:04<00:32,  6.44s/it][A
 92%|█████████▏| 46/50 [06:08<00:23,  5.81s/it][A
 94%|█████████▍| 47/50 [06:15<00:18,  6.11s/it][A
 96%|█████████▌| 48/50 [06:22<00:12,  6.31s/it][A
 98%|█████████▊| 49/50 [06:27<00:06,  6.04s/it][A
100%|██████████| 50/50 [06:32<00:00,  5.77s/it][A
100%|██████████| 50/50 [06:32<00:00,  7.86s/it]
offline: 100%|█████████▉| 999999/1000000 [3:01:49<00:07,  7.15s/it, eval_success=0.500] 
  2%|▏         | 1/50 [00:07<05:44,  7.03s/it][A
  4%|▍         | 2/50 [00:13<05:35,  6.98s/it][A
  6%|▌         | 3/50 [00:20<05:26,  6.94s/it][A
  8%|▊         | 4/50 [00:27<05:17,  6.90s/it][A
 10%|█         | 5/50 [00:32<04:43,  6.30s/it][A
 12%|█▏        | 6/50 [00:39<04:43,  6.45s/it][A
 14%|█▍        | 7/50 [00:46<04:39,  6.49s/it][A
 16%|█▌        | 8/50 [00:52<04:28,  6.39s/it][A
 18%|█▊        | 9/50 [00:59<04:26,  6.51s/it][A
 20%|██        | 10/50 [01:06<04:24,  6.61s/it][A
 22%|██▏       | 11/50 [01:12<04:18,  6.62s/it][A
 24%|██▍       | 12/50 [01:19<04:12,  6.65s/it][A
 26%|██▌       | 13/50 [01:26<04:09,  6.74s/it][A
 28%|██▊       | 14/50 [01:35<04:24,  7.34s/it][A
 30%|███       | 15/50 [01:43<04:28,  7.67s/it][A
 32%|███▏      | 16/50 [01:52<04:31,  7.98s/it][A
 34%|███▍      | 17/50 [02:00<04:22,  7.94s/it][A
 36%|███▌      | 18/50 [02:09<04:24,  8.26s/it][A
 38%|███▊      | 19/50 [02:17<04:20,  8.39s/it][A
 40%|████      | 20/50 [02:26<04:14,  8.47s/it][A
 42%|████▏     | 21/50 [02:35<04:07,  8.53s/it][A
 44%|████▍     | 22/50 [02:43<04:00,  8.59s/it][A
 46%|████▌     | 23/50 [02:52<03:53,  8.64s/it][A
 48%|████▊     | 24/50 [03:01<03:45,  8.67s/it][A
 50%|█████     | 25/50 [03:09<03:29,  8.39s/it][A
 52%|█████▏    | 26/50 [03:15<03:10,  7.94s/it][A
 54%|█████▍    | 27/50 [03:22<02:54,  7.60s/it][A
 56%|█████▌    | 28/50 [03:29<02:41,  7.36s/it][A
 58%|█████▊    | 29/50 [03:36<02:29,  7.13s/it][A
 60%|██████    | 30/50 [03:42<02:20,  7.02s/it][A
 62%|██████▏   | 31/50 [03:49<02:12,  6.95s/it][A
 64%|██████▍   | 32/50 [03:56<02:04,  6.90s/it][A
 66%|██████▌   | 33/50 [04:03<01:56,  6.85s/it][A
 68%|██████▊   | 34/50 [04:09<01:49,  6.83s/it][A
 70%|███████   | 35/50 [04:16<01:42,  6.81s/it][A
 72%|███████▏  | 36/50 [04:23<01:34,  6.78s/it][A
 74%|███████▍  | 37/50 [04:30<01:28,  6.79s/it][A
 76%|███████▌  | 38/50 [04:37<01:21,  6.77s/it][A
 78%|███████▊  | 39/50 [04:43<01:14,  6.77s/it][A
 80%|████████  | 40/50 [04:50<01:07,  6.74s/it][A
 82%|████████▏ | 41/50 [04:56<01:00,  6.67s/it][A
 84%|████████▍ | 42/50 [05:03<00:52,  6.52s/it][A
 86%|████████▌ | 43/50 [05:09<00:46,  6.60s/it][A
 88%|████████▊ | 44/50 [05:18<00:42,  7.14s/it][A
 90%|█████████ | 45/50 [05:27<00:38,  7.61s/it][A
 92%|█████████▏| 46/50 [05:35<00:31,  7.93s/it][A
 94%|█████████▍| 47/50 [05:45<00:25,  8.41s/it][A
 96%|█████████▌| 48/50 [05:54<00:17,  8.70s/it][A
 98%|█████████▊| 49/50 [06:05<00:09,  9.30s/it][A
100%|██████████| 50/50 [06:15<00:00,  9.69s/it][A
100%|██████████| 50/50 [06:15<00:00,  7.52s/it]
offline: 100%|█████████▉| 999999/1000000 [3:08:05<00:07,  7.15s/it, eval_success=0.240]
offline: 100%|██████████| 1000000/1000000 [3:08:05<00:00, 16.50s/it, eval_success=0.240]
Saved to exp/beat/ant2/L1_rebrac_a001_t3_s1/antmaze-giant-navigate-singletask-task3-v0/antmaze-giant-navigate-singletask-task3-v0_sd001_rebrac_nstep-h1_20260819_123306/params_offline.pkl
Saved modules ('critic', 'target_critic') to exp/beat/ant2/L1_rebrac_a001_t3_s1/antmaze-giant-navigate-singletask-task3-v0/antmaze-giant-navigate-singletask-task3-v0_sd001_rebrac_nstep-h1_20260819_123306/critic_offline.pkl
[1;34mwandb[0m: 
[1;34mwandb[0m: 🚀 View run [33mantmaze-giant-navigate-singletask-task3-v0_sd001_rebrac_nstep-h1_20260819_123306[0m at: [34mhttps://wandb.ai/tjrcjf410-seoul-national-university/ant2/runs/6nnv8rlw[0m
[1;34mwandb[0m: Find logs at: [1;35m../../../tmp/tmpfua0qjy2/wandb/run-20260819_123307-6nnv8rlw/logs[0m
--- last progress lines ---
offline: 100%|██████████| 1000000/1000000 [3:08:05<00:00, 88.61it/s, eval_success=0.240]
online: 0it [00:00, ?it/s]
online: 0it [00:00, ?it/s]
