wandb: Using wandb-core as the SDK backend.  Please refer to https://wandb.me/wandb-core for more information.
wandb: Currently logged in as: tjrcjf410 (sjun0803-seoul-national-university) to https://api.wandb.ai. Use `wandb login --relogin` to force relogin
wandb: Tracking run with wandb version 0.19.9
wandb: Run data is saved locally in /tmp/tmpfa_9_ueo/wandb/run-20260819_230402-3zb6podi
wandb: Run `wandb offline` to turn off syncing.
wandb: Syncing run antmaze-giant-navigate-singletask-task3-v0_sd002_rebrac_nstep-h1_20260819_230402
wandb: ⭐️ View project at https://wandb.ai/tjrcjf410-seoul-national-university/ant2
wandb: 🚀 View run at https://wandb.ai/tjrcjf410-seoul-national-university/ant2/runs/3zb6podi
wandb: WARNING Symlinked 8 files into the W&B run directory, call wandb.save again to sync new files.
I0819 23:04:04.209918 123654385100608 acceleratesupport.py:24] No OpenGL_accelerate module loaded: No module named 'OpenGL_accelerate'
offline:   0%|          | 1/1000000 [00:51<14375:30:12, 51.75s/it]
offline:   0%|          | 2/1000000 [00:52<5961:22:14, 21.46s/it] 
offline:   0%|          | 17/1000000 [00:52<439:58:23,  1.58s/it]
  2%|▏         | 1/50 [00:07<06:26,  7.90s/it][A
  4%|▍         | 2/50 [00:15<06:01,  7.53s/it][A
  6%|▌         | 3/50 [00:22<05:47,  7.40s/it][A
  8%|▊         | 4/50 [00:29<05:36,  7.32s/it][A
 10%|█         | 5/50 [00:36<05:27,  7.27s/it][A
 12%|█▏        | 6/50 [00:44<05:18,  7.25s/it][A
 14%|█▍        | 7/50 [00:51<05:12,  7.27s/it][A
 16%|█▌        | 8/50 [00:58<05:05,  7.27s/it][A
 18%|█▊        | 9/50 [01:05<04:58,  7.29s/it][A
 20%|██        | 10/50 [01:13<04:51,  7.28s/it][A
 22%|██▏       | 11/50 [01:20<04:42,  7.25s/it][A
 24%|██▍       | 12/50 [01:27<04:34,  7.23s/it][A
 26%|██▌       | 13/50 [01:34<04:27,  7.24s/it][A
 28%|██▊       | 14/50 [01:42<04:20,  7.24s/it][A
 30%|███       | 15/50 [01:49<04:12,  7.23s/it][A
 32%|███▏      | 16/50 [01:56<04:06,  7.24s/it][A
 34%|███▍      | 17/50 [02:03<03:59,  7.25s/it][A
 36%|███▌      | 18/50 [02:11<03:52,  7.25s/it][A
 38%|███▊      | 19/50 [02:18<03:45,  7.27s/it][A
 40%|████      | 20/50 [02:25<03:37,  7.26s/it][A
 42%|████▏     | 21/50 [02:32<03:31,  7.28s/it][A
 44%|████▍     | 22/50 [02:40<03:22,  7.25s/it][A
 46%|████▌     | 23/50 [02:49<03:31,  7.84s/it][A
 48%|████▊     | 24/50 [02:58<03:35,  8.27s/it][A
 50%|█████     | 25/50 [03:07<03:34,  8.59s/it][A
 52%|█████▏    | 26/50 [03:17<03:31,  8.80s/it][A
 54%|█████▍    | 27/50 [03:26<03:24,  8.91s/it][A
 56%|█████▌    | 28/50 [03:35<03:17,  8.98s/it][A
 58%|█████▊    | 29/50 [03:44<03:09,  9.05s/it][A
 60%|██████    | 30/50 [03:54<03:03,  9.20s/it][A
 62%|██████▏   | 31/50 [04:05<03:07,  9.87s/it][A
 64%|██████▍   | 32/50 [04:16<03:05, 10.29s/it][A
 66%|██████▌   | 33/50 [04:30<03:10, 11.19s/it][A
 68%|██████▊   | 34/50 [04:43<03:09, 11.84s/it][A
 70%|███████   | 35/50 [04:57<03:04, 12.32s/it][A
 72%|███████▏  | 36/50 [05:10<02:57, 12.65s/it][A
 74%|███████▍  | 37/50 [05:23<02:47, 12.88s/it][A
 76%|███████▌  | 38/50 [05:37<02:36, 13.04s/it][A
 78%|███████▊  | 39/50 [05:50<02:24, 13.13s/it][A
 80%|████████  | 40/50 [06:04<02:12, 13.25s/it][A
 82%|████████▏ | 41/50 [06:19<02:05, 13.90s/it][A
 84%|████████▍ | 42/50 [06:34<01:54, 14.33s/it][A
 86%|████████▌ | 43/50 [06:50<01:42, 14.69s/it][A
 88%|████████▊ | 44/50 [07:05<01:29, 14.90s/it][A
 90%|█████████ | 45/50 [07:21<01:15, 15.04s/it][A
 92%|█████████▏| 46/50 [07:36<01:00, 15.14s/it][A
 94%|█████████▍| 47/50 [07:51<00:45, 15.18s/it][A
 96%|█████████▌| 48/50 [08:07<00:30, 15.23s/it][A
 98%|█████████▊| 49/50 [08:22<00:15, 15.24s/it][A
100%|██████████| 50/50 [08:37<00:00, 15.27s/it][A
100%|██████████| 50/50 [08:37<00:00, 10.36s/it]
offline:  10%|█         | 100000/1000000 [22:04<2318:34:26,  9.27s/it, eval_success=0.000]
offline:  10%|█         | 100015/1000000 [22:04<1676:12:47,  6.70s/it, eval_success=0.000]
offline:  10%|█         | 100033/1000000 [22:05<1136:58:54,  4.55s/it, eval_success=0.000]
offline:  10%|█         | 100049/1000000 [22:05<807:38:59,  3.23s/it, eval_success=0.000] 
offline:  10%|█         | 100063/1000000 [22:05<593:11:16,  2.37s/it, eval_success=0.000]
offline:  10%|█         | 100076/1000000 [22:05<438:53:18,  1.76s/it, eval_success=0.000]
offline:  10%|█         | 100089/1000000 [22:05<320:29:02,  1.28s/it, eval_success=0.000]
  2%|▏         | 1/50 [00:10<08:51, 10.85s/it][A
  4%|▍         | 2/50 [00:21<08:40, 10.84s/it][A
  6%|▌         | 3/50 [00:32<08:30, 10.86s/it][A
  8%|▊         | 4/50 [00:43<08:19, 10.87s/it][A
 10%|█         | 5/50 [00:52<07:40, 10.23s/it][A
 12%|█▏        | 6/50 [01:03<07:40, 10.46s/it][A
 14%|█▍        | 7/50 [01:14<07:35, 10.59s/it][A
 16%|█▌        | 8/50 [01:25<07:28, 10.69s/it][A
 18%|█▊        | 9/50 [01:35<07:19, 10.71s/it][A
 20%|██        | 10/50 [01:46<07:11, 10.78s/it][A
 22%|██▏       | 11/50 [01:57<07:02, 10.83s/it][A
 24%|██▍       | 12/50 [02:08<06:54, 10.90s/it][A
 26%|██▌       | 13/50 [02:19<06:42, 10.88s/it][A
 28%|██▊       | 14/50 [02:30<06:30, 10.86s/it][A
 30%|███       | 15/50 [02:41<06:22, 10.94s/it][A
 32%|███▏      | 16/50 [02:52<06:11, 10.94s/it][A
 34%|███▍      | 17/50 [03:03<06:00, 10.93s/it][A
 36%|███▌      | 18/50 [03:13<05:40, 10.65s/it][A
 38%|███▊      | 19/50 [03:24<05:32, 10.73s/it][A
 40%|████      | 20/50 [03:35<05:22, 10.75s/it][A
 42%|████▏     | 21/50 [03:46<05:12, 10.76s/it][A
 44%|████▍     | 22/50 [03:56<05:02, 10.79s/it][A
 46%|████▌     | 23/50 [04:07<04:51, 10.79s/it][A
 48%|████▊     | 24/50 [04:18<04:40, 10.80s/it][A
 50%|█████     | 25/50 [04:29<04:29, 10.80s/it][A
 52%|█████▏    | 26/50 [04:40<04:21, 10.88s/it][A
 54%|█████▍    | 27/50 [04:51<04:10, 10.87s/it][A
 56%|█████▌    | 28/50 [05:02<03:59, 10.89s/it][A
 58%|█████▊    | 29/50 [05:12<03:48, 10.86s/it][A
 60%|██████    | 30/50 [05:23<03:37, 10.88s/it][A
 62%|██████▏   | 31/50 [05:34<03:26, 10.88s/it][A
 64%|██████▍   | 32/50 [05:45<03:15, 10.87s/it][A
 66%|██████▌   | 33/50 [05:56<03:05, 10.89s/it][A
 68%|██████▊   | 34/50 [06:07<02:53, 10.86s/it][A
 70%|███████   | 35/50 [06:18<02:43, 10.88s/it][A
 72%|███████▏  | 36/50 [06:29<02:32, 10.88s/it][A
 74%|███████▍  | 37/50 [06:40<02:21, 10.91s/it][A
 76%|███████▌  | 38/50 [06:51<02:10, 10.91s/it][A
 78%|███████▊  | 39/50 [07:02<02:00, 10.93s/it][A
 80%|████████  | 40/50 [07:12<01:48, 10.89s/it][A
 82%|████████▏ | 41/50 [07:23<01:37, 10.87s/it][A
 84%|████████▍ | 42/50 [07:34<01:26, 10.86s/it][A
 86%|████████▌ | 43/50 [07:45<01:16, 10.86s/it][A
 88%|████████▊ | 44/50 [07:55<01:04, 10.68s/it][A
 90%|█████████ | 45/50 [08:04<00:50, 10.14s/it][A
 92%|█████████▏| 46/50 [08:12<00:37,  9.49s/it][A
 94%|█████████▍| 47/50 [08:19<00:26,  8.72s/it][A
 96%|█████████▌| 48/50 [08:26<00:16,  8.16s/it][A
 98%|█████████▊| 49/50 [08:33<00:07,  7.78s/it][A
100%|██████████| 50/50 [08:39<00:00,  7.49s/it][A
100%|██████████| 50/50 [08:39<00:00, 10.40s/it]
offline:  20%|██        | 200000/1000000 [44:10<3310:14:08, 14.90s/it, eval_success=0.040]
offline:  20%|██        | 200022/1000000 [44:10<1743:02:21,  7.84s/it, eval_success=0.040]
offline:  20%|██        | 200042/1000000 [44:10<1079:39:30,  4.86s/it, eval_success=0.040]
offline:  20%|██        | 200062/1000000 [44:10<699:37:49,  3.15s/it, eval_success=0.040] 
offline:  20%|██        | 200082/1000000 [44:10<465:44:52,  2.10s/it, eval_success=0.040]
offline:  20%|██        | 200102/1000000 [44:10<315:25:14,  1.42s/it, eval_success=0.040]
  2%|▏         | 1/50 [00:12<10:23, 12.73s/it][A
  4%|▍         | 2/50 [00:25<10:12, 12.76s/it][A
  6%|▌         | 3/50 [00:38<09:59, 12.76s/it][A
  8%|▊         | 4/50 [00:51<09:49, 12.81s/it][A
 10%|█         | 5/50 [01:03<09:35, 12.80s/it][A
 12%|█▏        | 6/50 [01:16<09:23, 12.81s/it][A
 14%|█▍        | 7/50 [01:29<09:11, 12.83s/it][A
 16%|█▌        | 8/50 [01:40<08:31, 12.19s/it][A
 18%|█▊        | 9/50 [01:51<08:02, 11.78s/it][A
 20%|██        | 10/50 [02:02<07:39, 11.49s/it][A
 22%|██▏       | 11/50 [02:13<07:21, 11.31s/it][A
 24%|██▍       | 12/50 [02:23<07:05, 11.18s/it][A
 26%|██▌       | 13/50 [02:34<06:50, 11.10s/it][A
 28%|██▊       | 14/50 [02:45<06:36, 11.01s/it][A
 30%|███       | 15/50 [02:56<06:24, 10.98s/it][A
 32%|███▏      | 16/50 [03:07<06:12, 10.95s/it][A
 34%|███▍      | 17/50 [03:18<06:01, 10.95s/it][A
 36%|███▌      | 18/50 [03:29<05:49, 10.92s/it][A
 38%|███▊      | 19/50 [03:40<05:37, 10.90s/it][A
 40%|████      | 20/50 [03:50<05:26, 10.88s/it][A
 42%|████▏     | 21/50 [04:01<05:14, 10.85s/it][A
 44%|████▍     | 22/50 [04:12<05:04, 10.87s/it][A
 46%|████▌     | 23/50 [04:23<04:53, 10.88s/it][A
 48%|████▊     | 24/50 [04:34<04:43, 10.89s/it][A
 50%|█████     | 25/50 [04:45<04:32, 10.92s/it][A
 52%|█████▏    | 26/50 [04:56<04:21, 10.89s/it][A
 54%|█████▍    | 27/50 [05:06<04:09, 10.83s/it][A
 56%|█████▌    | 28/50 [05:17<03:56, 10.75s/it][A
 58%|█████▊    | 29/50 [05:28<03:45, 10.75s/it][A
 60%|██████    | 30/50 [05:39<03:35, 10.79s/it][A
 62%|██████▏   | 31/50 [05:50<03:25, 10.84s/it][A
 64%|██████▍   | 32/50 [06:00<03:15, 10.85s/it][A
 66%|██████▌   | 33/50 [06:12<03:06, 10.98s/it][A
 68%|██████▊   | 34/50 [06:23<02:56, 11.04s/it][A
 70%|███████   | 35/50 [06:34<02:46, 11.11s/it][A
 72%|███████▏  | 36/50 [06:45<02:35, 11.14s/it][A
 74%|███████▍  | 37/50 [06:57<02:25, 11.17s/it][A
 76%|███████▌  | 38/50 [07:08<02:13, 11.12s/it][A
 78%|███████▊  | 39/50 [07:19<02:01, 11.08s/it][A
 80%|████████  | 40/50 [07:30<01:50, 11.04s/it][A
 82%|████████▏ | 41/50 [07:40<01:38, 10.99s/it][A
 84%|████████▍ | 42/50 [07:51<01:27, 11.00s/it][A
 86%|████████▌ | 43/50 [08:02<01:16, 10.97s/it][A
 88%|████████▊ | 44/50 [08:14<01:07, 11.20s/it][A
 90%|█████████ | 45/50 [08:27<00:58, 11.70s/it][A
 92%|█████████▏| 46/50 [08:40<00:48, 12.05s/it][A
 94%|█████████▍| 47/50 [08:53<00:36, 12.32s/it][A
 96%|█████████▌| 48/50 [09:05<00:24, 12.29s/it][A
 98%|█████████▊| 49/50 [09:18<00:12, 12.46s/it][A
100%|██████████| 50/50 [09:29<00:00, 12.00s/it][A
100%|██████████| 50/50 [09:29<00:00, 11.39s/it]
offline:  30%|███       | 300000/1000000 [1:03:06<3097:22:10, 15.93s/it, eval_success=0.020]
offline:  30%|███       | 300018/1000000 [1:03:06<1802:27:17,  9.27s/it, eval_success=0.020]
offline:  30%|███       | 300035/1000000 [1:03:06<1152:41:18,  5.93s/it, eval_success=0.020]
offline:  30%|███       | 300050/1000000 [1:03:06<792:51:26,  4.08s/it, eval_success=0.020] 
offline:  30%|███       | 300067/1000000 [1:03:07<526:49:21,  2.71s/it, eval_success=0.020]
offline:  30%|███       | 300082/1000000 [1:03:07<370:37:34,  1.91s/it, eval_success=0.020]
offline:  30%|███       | 300097/1000000 [1:03:07<260:28:59,  1.34s/it, eval_success=0.020]
  2%|▏         | 1/50 [00:08<07:09,  8.76s/it][A
  4%|▍         | 2/50 [00:17<07:03,  8.81s/it][A
  6%|▌         | 3/50 [00:25<06:33,  8.38s/it][A
  8%|▊         | 4/50 [00:34<06:35,  8.59s/it][A
 10%|█         | 5/50 [00:43<06:31,  8.70s/it][A
 12%|█▏        | 6/50 [00:52<06:26,  8.79s/it][A
 14%|█▍        | 7/50 [00:59<05:52,  8.20s/it][A
 16%|█▌        | 8/50 [01:06<05:27,  7.80s/it][A
 18%|█▊        | 9/50 [01:13<05:09,  7.55s/it][A
 20%|██        | 10/50 [01:20<04:54,  7.37s/it][A
 22%|██▏       | 11/50 [01:26<04:37,  7.11s/it][A
 24%|██▍       | 12/50 [01:33<04:28,  7.06s/it][A
 26%|██▌       | 13/50 [01:40<04:19,  7.01s/it][A
 28%|██▊       | 14/50 [01:47<04:12,  7.02s/it][A
 30%|███       | 15/50 [01:54<04:05,  7.01s/it][A
 32%|███▏      | 16/50 [02:01<03:58,  7.01s/it][A
 34%|███▍      | 17/50 [02:08<03:50,  6.97s/it][A
 36%|███▌      | 18/50 [02:15<03:43,  6.98s/it][A
 38%|███▊      | 19/50 [02:22<03:36,  6.97s/it][A
 40%|████      | 20/50 [02:29<03:28,  6.96s/it][A
 42%|████▏     | 21/50 [02:35<03:18,  6.85s/it][A
 44%|████▍     | 22/50 [02:42<03:12,  6.88s/it][A
 46%|████▌     | 23/50 [02:49<03:06,  6.89s/it][A
 48%|████▊     | 24/50 [02:56<02:54,  6.71s/it][A
 50%|█████     | 25/50 [03:02<02:49,  6.77s/it][A
 52%|█████▏    | 26/50 [03:09<02:43,  6.82s/it][A
 54%|█████▍    | 27/50 [03:15<02:31,  6.57s/it][A
 56%|█████▌    | 28/50 [03:24<02:35,  7.05s/it][A
 58%|█████▊    | 29/50 [03:32<02:39,  7.60s/it][A
 60%|██████    | 30/50 [03:41<02:40,  8.00s/it][A
 62%|██████▏   | 31/50 [03:50<02:37,  8.26s/it][A
 64%|██████▍   | 32/50 [03:59<02:32,  8.45s/it][A
 66%|██████▌   | 33/50 [04:08<02:26,  8.63s/it][A
 68%|██████▊   | 34/50 [04:17<02:19,  8.69s/it][A
 70%|███████   | 35/50 [04:26<02:11,  8.75s/it][A
 72%|███████▏  | 36/50 [04:35<02:02,  8.78s/it][A
 74%|███████▍  | 37/50 [04:44<01:54,  8.81s/it][A
 76%|███████▌  | 38/50 [04:53<01:46,  8.85s/it][A
 78%|███████▊  | 39/50 [05:02<01:37,  8.88s/it][A
 80%|████████  | 40/50 [05:11<01:29,  8.92s/it][A
 82%|████████▏ | 41/50 [05:19<01:20,  8.92s/it][A
 84%|████████▍ | 42/50 [05:28<01:10,  8.78s/it][A
 86%|████████▌ | 43/50 [05:37<01:01,  8.72s/it][A
 88%|████████▊ | 44/50 [05:45<00:52,  8.78s/it][A
 90%|█████████ | 45/50 [05:56<00:47,  9.41s/it][A
 92%|█████████▏| 46/50 [06:07<00:39,  9.84s/it][A
 94%|█████████▍| 47/50 [06:19<00:31, 10.47s/it][A
 96%|█████████▌| 48/50 [06:32<00:22, 11.20s/it][A
 98%|█████████▊| 49/50 [06:45<00:11, 11.71s/it][A
100%|██████████| 50/50 [06:58<00:00, 12.04s/it][A
100%|██████████| 50/50 [06:58<00:00,  8.36s/it]
offline:  40%|████      | 400000/1000000 [1:23:58<1316:55:29,  7.90s/it, eval_success=0.180]
offline:  40%|████      | 400016/1000000 [1:23:58<920:22:18,  5.52s/it, eval_success=0.180] 
offline:  40%|████      | 400032/1000000 [1:23:58<643:58:43,  3.86s/it, eval_success=0.180]
offline:  40%|████      | 400046/1000000 [1:23:58<468:22:17,  2.81s/it, eval_success=0.180]
offline:  40%|████      | 400059/1000000 [1:23:58<344:05:49,  2.06s/it, eval_success=0.180]
offline:  40%|████      | 400072/1000000 [1:23:58<249:48:06,  1.50s/it, eval_success=0.180]
offline:  40%|████      | 400086/1000000 [1:23:58<175:49:58,  1.06s/it, eval_success=0.180]
  2%|▏         | 1/50 [00:10<08:21, 10.24s/it][A
  4%|▍         | 2/50 [00:23<09:26, 11.80s/it][A
  6%|▌         | 3/50 [00:34<08:57, 11.44s/it][A
  8%|▊         | 4/50 [00:44<08:19, 10.86s/it][A
 10%|█         | 5/50 [00:55<08:09, 10.87s/it][A
 12%|█▏        | 6/50 [01:04<07:34, 10.33s/it][A
 14%|█▍        | 7/50 [01:15<07:31, 10.50s/it][A
 16%|█▌        | 8/50 [01:25<07:20, 10.48s/it][A
 18%|█▊        | 9/50 [01:36<07:16, 10.65s/it][A
 20%|██        | 10/50 [01:45<06:48, 10.21s/it][A
 22%|██▏       | 11/50 [01:55<06:35, 10.15s/it][A
 24%|██▍       | 12/50 [02:07<06:45, 10.66s/it][A
 26%|██▌       | 13/50 [02:19<06:49, 11.07s/it][A
 28%|██▊       | 14/50 [02:32<06:57, 11.59s/it][A
 30%|███       | 15/50 [02:45<06:58, 11.96s/it][A
 32%|███▏      | 16/50 [02:58<06:57, 12.26s/it][A
 34%|███▍      | 17/50 [03:09<06:34, 11.96s/it][A
 36%|███▌      | 18/50 [03:22<06:30, 12.22s/it][A
 38%|███▊      | 19/50 [03:35<06:24, 12.39s/it][A
 40%|████      | 20/50 [03:48<06:16, 12.55s/it][A
 42%|████▏     | 21/50 [03:57<05:37, 11.63s/it][A
 44%|████▍     | 22/50 [04:08<05:17, 11.32s/it][A
 46%|████▌     | 23/50 [04:20<05:14, 11.65s/it][A
 48%|████▊     | 24/50 [04:33<05:11, 12.00s/it][A
 50%|█████     | 25/50 [04:46<05:06, 12.25s/it][A
 52%|█████▏    | 26/50 [04:56<04:42, 11.77s/it][A
 54%|█████▍    | 27/50 [05:09<04:37, 12.07s/it][A
 56%|█████▌    | 28/50 [05:22<04:30, 12.31s/it][A
 58%|█████▊    | 29/50 [05:35<04:22, 12.50s/it][A
 60%|██████    | 30/50 [05:47<04:06, 12.31s/it][A
 62%|██████▏   | 31/50 [05:58<03:45, 11.87s/it][A
 64%|██████▍   | 32/50 [06:10<03:33, 11.88s/it][A
 66%|██████▌   | 33/50 [06:22<03:27, 12.18s/it][A
 68%|██████▊   | 34/50 [06:33<03:08, 11.76s/it][A
 70%|███████   | 35/50 [06:46<03:01, 12.08s/it][A
 72%|███████▏  | 36/50 [06:56<02:41, 11.57s/it][A
 74%|███████▍  | 37/50 [07:09<02:35, 11.97s/it][A
 76%|███████▌  | 38/50 [07:19<02:16, 11.34s/it][A
 78%|███████▊  | 39/50 [07:29<01:59, 10.83s/it][A
 80%|████████  | 40/50 [07:42<01:54, 11.44s/it][A
 82%|████████▏ | 41/50 [07:52<01:39, 11.10s/it][A
 84%|████████▍ | 42/50 [08:05<01:33, 11.63s/it][A
 86%|████████▌ | 43/50 [08:15<01:18, 11.24s/it][A
 88%|████████▊ | 44/50 [08:27<01:07, 11.29s/it][A
 90%|█████████ | 45/50 [08:36<00:53, 10.71s/it][A
 92%|█████████▏| 46/50 [08:47<00:43, 10.76s/it][A
 94%|█████████▍| 47/50 [08:55<00:29,  9.97s/it][A
 96%|█████████▌| 48/50 [09:06<00:20, 10.24s/it][A
 98%|█████████▊| 49/50 [09:14<00:09,  9.65s/it][A
100%|██████████| 50/50 [09:22<00:00,  9.11s/it][A
100%|██████████| 50/50 [09:22<00:00, 11.25s/it]
offline:  50%|█████     | 500000/1000000 [1:47:01<2141:47:04, 15.42s/it, eval_success=0.520]
offline:  50%|█████     | 500016/1000000 [1:47:01<1317:25:58,  9.49s/it, eval_success=0.520]
offline:  50%|█████     | 500030/1000000 [1:47:02<889:42:53,  6.41s/it, eval_success=0.520] 
offline:  50%|█████     | 500044/1000000 [1:47:02<607:57:37,  4.38s/it, eval_success=0.520]
offline:  50%|█████     | 500060/1000000 [1:47:02<400:54:18,  2.89s/it, eval_success=0.520]
offline:  50%|█████     | 500076/1000000 [1:47:02<269:51:16,  1.94s/it, eval_success=0.520]
offline:  50%|█████     | 500091/1000000 [1:47:02<187:57:29,  1.35s/it, eval_success=0.520]
--- last progress lines ---
offline:  52%|█████▏    | 516097/1000000 [1:49:14<1:09:06, 116.70it/s, eval_success=0.520]
offline:  52%|█████▏    | 516110/1000000 [1:49:14<1:14:40, 108.01it/s, eval_success=0.520]
offline:  52%|█████▏    | 516124/1000000 [1:49:14<1:11:51, 112.24it/s, eval_success=0.520]
