wandb: Using wandb-core as the SDK backend.  Please refer to https://wandb.me/wandb-core for more information.
wandb: Currently logged in as: tjrcjf410 (sjun0803-seoul-national-university) to https://api.wandb.ai. Use `wandb login --relogin` to force relogin
wandb: Tracking run with wandb version 0.19.9
wandb: Run data is saved locally in /tmp/tmpzi9b6tmq/wandb/run-20260819_103156-2pjqu5my
wandb: Run `wandb offline` to turn off syncing.
wandb: Syncing run antmaze-giant-navigate-singletask-task3-v0_sd000_rebrac_nstep-h1_20260819_103155
wandb: ⭐️ View project at https://wandb.ai/tjrcjf410-seoul-national-university/ant2
wandb: 🚀 View run at https://wandb.ai/tjrcjf410-seoul-national-university/ant2/runs/2pjqu5my
wandb: WARNING Symlinked 8 files into the W&B run directory, call wandb.save again to sync new files.
I0819 10:31:57.065671 131252543813440 acceleratesupport.py:24] No OpenGL_accelerate module loaded: No module named 'OpenGL_accelerate'
offline:   0%|          | 1/1000000 [00:47<13089:47:20, 47.12s/it]
offline:   0%|          | 2/1000000 [00:47<5431:26:43, 19.55s/it] 
offline:   0%|          | 21/1000000 [00:47<321:47:33,  1.16s/it]
  2%|▏         | 1/50 [00:11<09:13, 11.29s/it][A
  4%|▍         | 2/50 [00:21<08:44, 10.94s/it][A
  6%|▌         | 3/50 [00:32<08:28, 10.82s/it][A
  8%|▊         | 4/50 [00:43<08:14, 10.75s/it][A
 10%|█         | 5/50 [00:53<08:02, 10.72s/it][A
 12%|█▏        | 6/50 [01:04<07:51, 10.71s/it][A
 14%|█▍        | 7/50 [01:15<07:41, 10.73s/it][A
 16%|█▌        | 8/50 [01:26<07:31, 10.74s/it][A
 18%|█▊        | 9/50 [01:36<07:19, 10.71s/it][A
 20%|██        | 10/50 [01:47<07:08, 10.72s/it][A
 22%|██▏       | 11/50 [01:58<06:57, 10.70s/it][A
 24%|██▍       | 12/50 [02:08<06:45, 10.68s/it][A
 26%|██▌       | 13/50 [02:19<06:34, 10.67s/it][A
 28%|██▊       | 14/50 [02:30<06:25, 10.70s/it][A
 30%|███       | 15/50 [02:40<06:14, 10.71s/it][A
 32%|███▏      | 16/50 [02:51<06:03, 10.70s/it][A
 34%|███▍      | 17/50 [03:02<05:52, 10.68s/it][A
 36%|███▌      | 18/50 [03:14<05:52, 11.01s/it][A
 38%|███▊      | 19/50 [03:26<05:55, 11.48s/it][A
 40%|████      | 20/50 [03:39<05:55, 11.84s/it][A
 42%|████▏     | 21/50 [03:51<05:50, 12.09s/it][A
 44%|████▍     | 22/50 [04:04<05:43, 12.26s/it][A
 46%|████▌     | 23/50 [04:17<05:34, 12.37s/it][A
 48%|████▊     | 24/50 [04:29<05:24, 12.46s/it][A
 50%|█████     | 25/50 [04:42<05:13, 12.53s/it][A
 52%|█████▏    | 26/50 [04:55<05:02, 12.59s/it][A
 54%|█████▍    | 27/50 [05:07<04:49, 12.58s/it][A
 56%|█████▌    | 28/50 [05:20<04:36, 12.59s/it][A
 58%|█████▊    | 29/50 [05:33<04:25, 12.62s/it][A
 60%|██████    | 30/50 [05:45<04:12, 12.63s/it][A
 62%|██████▏   | 31/50 [05:58<03:59, 12.62s/it][A
 64%|██████▍   | 32/50 [06:11<03:47, 12.63s/it][A
 66%|██████▌   | 33/50 [06:23<03:34, 12.62s/it][A
 68%|██████▊   | 34/50 [06:36<03:21, 12.60s/it][A
 70%|███████   | 35/50 [06:49<03:09, 12.64s/it][A
 72%|███████▏  | 36/50 [07:01<02:56, 12.64s/it][A
 74%|███████▍  | 37/50 [07:14<02:44, 12.64s/it][A
 76%|███████▌  | 38/50 [07:26<02:31, 12.63s/it][A
 78%|███████▊  | 39/50 [07:39<02:19, 12.67s/it][A
 80%|████████  | 40/50 [07:52<02:06, 12.64s/it][A
 82%|████████▏ | 41/50 [08:04<01:53, 12.64s/it][A
 84%|████████▍ | 42/50 [08:17<01:41, 12.63s/it][A
 86%|████████▌ | 43/50 [08:30<01:28, 12.64s/it][A
 88%|████████▊ | 44/50 [08:42<01:15, 12.64s/it][A
 90%|█████████ | 45/50 [08:55<01:03, 12.65s/it][A
 92%|█████████▏| 46/50 [09:08<00:50, 12.66s/it][A
 94%|█████████▍| 47/50 [09:20<00:37, 12.64s/it][A
 96%|█████████▌| 48/50 [09:33<00:25, 12.65s/it][A
 98%|█████████▊| 49/50 [09:43<00:11, 11.93s/it][A
100%|██████████| 50/50 [09:52<00:00, 10.98s/it][A
100%|██████████| 50/50 [09:52<00:00, 11.85s/it]
offline:  10%|█         | 100000/1000000 [21:17<3036:59:15, 12.15s/it, eval_success=0.000]
offline:  10%|█         | 100022/1000000 [21:17<1847:43:51,  7.39s/it, eval_success=0.000]
offline:  10%|█         | 100041/1000000 [21:17<1246:10:04,  4.98s/it, eval_success=0.000]
offline:  10%|█         | 100060/1000000 [21:18<850:49:27,  3.40s/it, eval_success=0.000] 
offline:  10%|█         | 100077/1000000 [21:18<605:34:11,  2.42s/it, eval_success=0.000]
offline:  10%|█         | 100094/1000000 [21:18<429:11:24,  1.72s/it, eval_success=0.000]
offline:  10%|█         | 100110/1000000 [21:18<308:38:28,  1.23s/it, eval_success=0.000]
  2%|▏         | 1/50 [00:08<07:08,  8.74s/it][A
  4%|▍         | 2/50 [00:17<06:59,  8.74s/it][A
  6%|▌         | 3/50 [00:26<06:49,  8.71s/it][A
  8%|▊         | 4/50 [00:34<06:40,  8.72s/it][A
 10%|█         | 5/50 [00:43<06:30,  8.69s/it][A
 12%|█▏        | 6/50 [00:52<06:20,  8.65s/it][A
 14%|█▍        | 7/50 [01:00<06:12,  8.66s/it][A
 16%|█▌        | 8/50 [01:09<06:04,  8.68s/it][A
 18%|█▊        | 9/50 [01:18<05:55,  8.68s/it][A
 20%|██        | 10/50 [01:26<05:47,  8.68s/it][A
 22%|██▏       | 11/50 [01:33<05:19,  8.20s/it][A
 24%|██▍       | 12/50 [01:40<04:54,  7.76s/it][A
 26%|██▌       | 13/50 [01:47<04:36,  7.47s/it][A
 28%|██▊       | 14/50 [01:54<04:21,  7.27s/it][A
 30%|███       | 15/50 [02:01<04:09,  7.12s/it][A
 32%|███▏      | 16/50 [02:07<03:58,  7.01s/it][A
 34%|███▍      | 17/50 [02:14<03:48,  6.93s/it][A
 36%|███▌      | 18/50 [02:21<03:39,  6.87s/it][A
 38%|███▊      | 19/50 [02:28<03:31,  6.82s/it][A
 40%|████      | 20/50 [02:34<03:24,  6.82s/it][A
 42%|████▏     | 21/50 [02:42<03:24,  7.04s/it][A
 44%|████▍     | 22/50 [02:51<03:31,  7.54s/it][A
 46%|████▌     | 23/50 [02:59<03:33,  7.91s/it][A
 48%|████▊     | 24/50 [03:08<03:31,  8.15s/it][A
 50%|█████     | 25/50 [03:17<03:27,  8.32s/it][A
 52%|█████▏    | 26/50 [03:26<03:23,  8.49s/it][A
 54%|█████▍    | 27/50 [03:34<03:16,  8.56s/it][A
 56%|█████▌    | 28/50 [03:43<03:09,  8.60s/it][A
 58%|█████▊    | 29/50 [03:52<03:00,  8.61s/it][A
 60%|██████    | 30/50 [04:00<02:52,  8.64s/it][A
 62%|██████▏   | 31/50 [04:09<02:45,  8.69s/it][A
 64%|██████▍   | 32/50 [04:18<02:36,  8.70s/it][A
 66%|██████▌   | 33/50 [04:27<02:28,  8.72s/it][A
 68%|██████▊   | 34/50 [04:35<02:19,  8.71s/it][A
 70%|███████   | 35/50 [04:44<02:10,  8.73s/it][A
 72%|███████▏  | 36/50 [04:53<02:02,  8.72s/it][A
 74%|███████▍  | 37/50 [05:02<01:53,  8.73s/it][A
 76%|███████▌  | 38/50 [05:10<01:44,  8.74s/it][A
 78%|███████▊  | 39/50 [05:19<01:36,  8.73s/it][A
 80%|████████  | 40/50 [05:28<01:27,  8.73s/it][A
 82%|████████▏ | 41/50 [05:37<01:18,  8.71s/it][A
 84%|████████▍ | 42/50 [05:45<01:09,  8.73s/it][A
 86%|████████▌ | 43/50 [05:54<01:01,  8.75s/it][A
 88%|████████▊ | 44/50 [06:03<00:52,  8.75s/it][A
 90%|█████████ | 45/50 [06:12<00:43,  8.73s/it][A
 92%|█████████▏| 46/50 [06:22<00:36,  9.12s/it][A
 94%|█████████▍| 47/50 [06:32<00:28,  9.56s/it][A
 96%|█████████▌| 48/50 [06:43<00:19,  9.91s/it][A
 98%|█████████▊| 49/50 [06:53<00:09,  9.86s/it][A
100%|██████████| 50/50 [07:01<00:00,  9.54s/it][A
100%|██████████| 50/50 [07:01<00:00,  8.44s/it]
offline:  20%|██        | 200000/1000000 [38:09<1901:19:18,  8.56s/it, eval_success=0.000]
offline:  20%|██        | 200015/1000000 [38:09<1326:17:03,  5.97s/it, eval_success=0.000]
offline:  20%|██        | 200033/1000000 [38:09<873:36:59,  3.93s/it, eval_success=0.000] 
offline:  20%|██        | 200050/1000000 [38:10<598:24:44,  2.69s/it, eval_success=0.000]
offline:  20%|██        | 200067/1000000 [38:10<412:54:20,  1.86s/it, eval_success=0.000]
offline:  20%|██        | 200089/1000000 [38:10<262:38:37,  1.18s/it, eval_success=0.000]
  2%|▏         | 1/50 [00:12<10:18, 12.63s/it][A
  4%|▍         | 2/50 [00:25<10:07, 12.66s/it][A
  6%|▌         | 3/50 [00:37<09:55, 12.67s/it][A
  8%|▊         | 4/50 [00:50<09:41, 12.64s/it][A
 10%|█         | 5/50 [01:02<09:19, 12.42s/it][A
 12%|█▏        | 6/50 [01:13<08:39, 11.82s/it][A
 14%|█▍        | 7/50 [01:23<08:11, 11.43s/it][A
 16%|█▌        | 8/50 [01:32<07:23, 10.55s/it][A
 18%|█▊        | 9/50 [01:41<06:50, 10.01s/it][A
 20%|██        | 10/50 [01:50<06:24,  9.62s/it][A
 22%|██▏       | 11/50 [01:58<06:04,  9.35s/it][A
 24%|██▍       | 12/50 [02:07<05:47,  9.15s/it][A
 26%|██▌       | 13/50 [02:16<05:34,  9.03s/it][A
 28%|██▊       | 14/50 [02:25<05:22,  8.97s/it][A
 30%|███       | 15/50 [02:33<05:12,  8.92s/it][A
 32%|███▏      | 16/50 [02:42<05:01,  8.87s/it][A
 34%|███▍      | 17/50 [02:51<04:51,  8.82s/it][A
 36%|███▌      | 18/50 [03:00<04:41,  8.79s/it][A
 38%|███▊      | 19/50 [03:08<04:32,  8.78s/it][A
 40%|████      | 20/50 [03:17<04:23,  8.79s/it][A
 42%|████▏     | 21/50 [03:26<04:14,  8.77s/it][A
 44%|████▍     | 22/50 [03:35<04:05,  8.76s/it][A
 46%|████▌     | 23/50 [03:43<03:56,  8.76s/it][A
 48%|████▊     | 24/50 [03:52<03:47,  8.76s/it][A
 50%|█████     | 25/50 [04:01<03:38,  8.76s/it][A
 52%|█████▏    | 26/50 [04:10<03:30,  8.77s/it][A
 54%|█████▍    | 27/50 [04:18<03:21,  8.76s/it][A
 56%|█████▌    | 28/50 [04:26<03:01,  8.27s/it][A
 58%|█████▊    | 29/50 [04:34<02:57,  8.44s/it][A
 60%|██████    | 30/50 [04:43<02:50,  8.55s/it][A
 62%|██████▏   | 31/50 [04:52<02:43,  8.61s/it][A
 64%|██████▍   | 32/50 [05:01<02:36,  8.67s/it][A
 66%|██████▌   | 33/50 [05:10<02:28,  8.72s/it][A
 68%|██████▊   | 34/50 [05:18<02:19,  8.72s/it][A
 70%|███████   | 35/50 [05:27<02:10,  8.73s/it][A
 72%|███████▏  | 36/50 [05:36<02:02,  8.73s/it][A
 74%|███████▍  | 37/50 [05:45<01:53,  8.75s/it][A
 76%|███████▌  | 38/50 [05:53<01:44,  8.73s/it][A
 78%|███████▊  | 39/50 [06:02<01:36,  8.74s/it][A
 80%|████████  | 40/50 [06:11<01:27,  8.74s/it][A
 82%|████████▏ | 41/50 [06:20<01:18,  8.74s/it][A
 84%|████████▍ | 42/50 [06:28<01:10,  8.75s/it][A
 86%|████████▌ | 43/50 [06:37<01:01,  8.75s/it][A
 88%|████████▊ | 44/50 [06:46<00:52,  8.76s/it][A
 90%|█████████ | 45/50 [06:55<00:43,  8.76s/it][A
 92%|█████████▏| 46/50 [07:03<00:34,  8.73s/it][A
 94%|█████████▍| 47/50 [07:12<00:26,  8.74s/it][A
 96%|█████████▌| 48/50 [07:21<00:17,  8.73s/it][A
 98%|█████████▊| 49/50 [07:30<00:08,  8.74s/it][A
100%|██████████| 50/50 [07:38<00:00,  8.73s/it][A
100%|██████████| 50/50 [07:38<00:00,  9.17s/it]
offline:  30%|███       | 300000/1000000 [58:12<2632:53:05, 13.54s/it, eval_success=0.020]
offline:  30%|███       | 300019/1000000 [58:12<1462:52:36,  7.52s/it, eval_success=0.020]
offline:  30%|███       | 300037/1000000 [58:12<913:44:27,  4.70s/it, eval_success=0.020] 
offline:  30%|███       | 300057/1000000 [58:12<572:46:27,  2.95s/it, eval_success=0.020]
offline:  30%|███       | 300074/1000000 [58:12<394:37:50,  2.03s/it, eval_success=0.020]
offline:  30%|███       | 300091/1000000 [58:12<273:18:08,  1.41s/it, eval_success=0.020]
  2%|▏         | 1/50 [00:07<06:27,  7.92s/it][A
  4%|▍         | 2/50 [00:16<06:42,  8.39s/it][A
  6%|▌         | 3/50 [00:25<06:41,  8.54s/it][A
  8%|▊         | 4/50 [00:34<06:35,  8.60s/it][A
 10%|█         | 5/50 [00:42<06:28,  8.64s/it][A
 12%|█▏        | 6/50 [00:51<06:20,  8.66s/it][A
 14%|█▍        | 7/50 [01:00<06:12,  8.67s/it][A
 16%|█▌        | 8/50 [01:08<06:04,  8.69s/it][A
 18%|█▊        | 9/50 [01:17<05:56,  8.70s/it][A
 20%|██        | 10/50 [01:26<05:49,  8.73s/it][A
 22%|██▏       | 11/50 [01:35<05:39,  8.70s/it][A
 24%|██▍       | 12/50 [01:43<05:31,  8.72s/it][A
 26%|██▌       | 13/50 [01:50<05:04,  8.22s/it][A
 28%|██▊       | 14/50 [01:59<05:00,  8.34s/it][A
 30%|███       | 15/50 [02:05<04:32,  7.78s/it][A
 32%|███▏      | 16/50 [02:14<04:33,  8.06s/it][A
 34%|███▍      | 17/50 [02:23<04:31,  8.22s/it][A
 36%|███▌      | 18/50 [02:31<04:27,  8.35s/it][A
 38%|███▊      | 19/50 [02:43<04:52,  9.44s/it][A
 40%|████      | 20/50 [02:56<05:11, 10.39s/it][A
 42%|████▏     | 21/50 [03:08<05:14, 10.85s/it][A
 44%|████▍     | 22/50 [03:19<05:07, 11.00s/it][A
 46%|████▌     | 23/50 [03:30<04:54, 10.89s/it][A
 48%|████▊     | 24/50 [03:41<04:41, 10.84s/it][A
 50%|█████     | 25/50 [03:50<04:18, 10.34s/it][A
 52%|█████▏    | 26/50 [03:59<04:02, 10.12s/it][A
 54%|█████▍    | 27/50 [04:10<03:57, 10.31s/it][A
 56%|█████▌    | 28/50 [04:21<03:49, 10.44s/it][A
 58%|█████▊    | 29/50 [04:32<03:41, 10.53s/it][A
 60%|██████    | 30/50 [04:42<03:31, 10.58s/it][A
 62%|██████▏   | 31/50 [04:53<03:21, 10.61s/it][A
 64%|██████▍   | 32/50 [05:03<03:05, 10.33s/it][A
 66%|██████▌   | 33/50 [05:13<02:57, 10.45s/it][A
 68%|██████▊   | 34/50 [05:24<02:48, 10.54s/it][A
 70%|███████   | 35/50 [05:35<02:38, 10.56s/it][A
 72%|███████▏  | 36/50 [05:43<02:19,  9.94s/it][A
 74%|███████▍  | 37/50 [05:52<02:03,  9.53s/it][A
 76%|███████▌  | 38/50 [06:03<01:58,  9.87s/it][A
 78%|███████▊  | 39/50 [06:12<01:47,  9.75s/it][A
 80%|████████  | 40/50 [06:23<01:40, 10.03s/it][A
 82%|████████▏ | 41/50 [06:33<01:29,  9.99s/it][A
 84%|████████▍ | 42/50 [06:43<01:21, 10.19s/it][A
 86%|████████▌ | 43/50 [06:53<01:10, 10.09s/it][A
 88%|████████▊ | 44/50 [07:04<01:01, 10.26s/it][A
 90%|█████████ | 45/50 [07:14<00:50, 10.16s/it][A
 92%|█████████▏| 46/50 [07:24<00:41, 10.30s/it][A
 94%|█████████▍| 47/50 [07:35<00:30, 10.27s/it][A
 96%|█████████▌| 48/50 [07:45<00:20, 10.37s/it][A
 98%|█████████▊| 49/50 [07:56<00:10, 10.45s/it][A
100%|██████████| 50/50 [08:06<00:00, 10.54s/it][A
100%|██████████| 50/50 [08:06<00:00,  9.74s/it]
offline:  40%|████      | 400000/1000000 [1:16:18<1546:33:05,  9.28s/it, eval_success=0.340]
offline:  40%|████      | 400016/1000000 [1:16:18<1078:00:13,  6.47s/it, eval_success=0.340]
offline:  40%|████      | 400032/1000000 [1:16:18<752:33:44,  4.52s/it, eval_success=0.340] 
offline:  40%|████      | 400050/1000000 [1:16:18<506:50:19,  3.04s/it, eval_success=0.340]
offline:  40%|████      | 400068/1000000 [1:16:19<345:48:12,  2.08s/it, eval_success=0.340]
offline:  40%|████      | 400084/1000000 [1:16:19<246:36:56,  1.48s/it, eval_success=0.340]
offline:  40%|████      | 400100/1000000 [1:16:19<175:03:16,  1.05s/it, eval_success=0.340]
  2%|▏         | 1/50 [00:08<07:08,  8.74s/it][A
  4%|▍         | 2/50 [00:15<06:10,  7.72s/it][A
  6%|▌         | 3/50 [00:23<05:59,  7.65s/it][A
  8%|▊         | 4/50 [00:31<06:04,  7.92s/it][A
 10%|█         | 5/50 [00:40<06:10,  8.24s/it][A
 12%|█▏        | 6/50 [00:47<05:49,  7.95s/it][A
 14%|█▍        | 7/50 [00:55<05:34,  7.77s/it][A
 16%|█▌        | 8/50 [01:04<05:40,  8.10s/it][A
 18%|█▊        | 9/50 [01:12<05:40,  8.30s/it][A
 20%|██        | 10/50 [01:21<05:36,  8.41s/it][A
 22%|██▏       | 11/50 [01:30<05:31,  8.50s/it][A
 24%|██▍       | 12/50 [01:38<05:25,  8.57s/it][A
 26%|██▌       | 13/50 [01:46<05:07,  8.31s/it][A
 28%|██▊       | 14/50 [01:56<05:11,  8.65s/it][A
 30%|███       | 15/50 [02:05<05:09,  8.85s/it][A
 32%|███▏      | 16/50 [02:13<04:53,  8.62s/it][A
 34%|███▍      | 17/50 [02:24<05:03,  9.21s/it][A
 36%|███▌      | 18/50 [02:36<05:26, 10.21s/it][A
 38%|███▊      | 19/50 [02:49<05:39, 10.95s/it][A
 40%|████      | 20/50 [02:59<05:23, 10.80s/it][A
 42%|████▏     | 21/50 [03:12<05:29, 11.35s/it][A
 44%|████▍     | 22/50 [03:24<05:21, 11.49s/it][A
 46%|████▌     | 23/50 [03:36<05:19, 11.82s/it][A
 48%|████▊     | 24/50 [03:49<05:12, 12.03s/it][A
 50%|█████     | 25/50 [04:00<04:51, 11.67s/it][A
 52%|█████▏    | 26/50 [04:12<04:47, 11.97s/it][A
 54%|█████▍    | 27/50 [04:21<04:13, 11.01s/it][A
 56%|█████▌    | 28/50 [04:32<04:00, 10.94s/it][A
 58%|█████▊    | 29/50 [04:42<03:44, 10.71s/it][A
 60%|██████    | 30/50 [04:53<03:34, 10.73s/it][A
 62%|██████▏   | 31/50 [05:03<03:23, 10.72s/it][A
 64%|██████▍   | 32/50 [05:14<03:12, 10.72s/it][A
 66%|██████▌   | 33/50 [05:22<02:45,  9.75s/it][A
 68%|██████▊   | 34/50 [05:32<02:40, 10.02s/it][A
 70%|███████   | 35/50 [05:43<02:33, 10.21s/it][A
 72%|███████▏  | 36/50 [05:53<02:24, 10.30s/it][A
 74%|███████▍  | 37/50 [06:04<02:15, 10.43s/it][A
 76%|███████▌  | 38/50 [06:12<01:55,  9.59s/it][A
 78%|███████▊  | 39/50 [06:21<01:42,  9.33s/it][A
 80%|████████  | 40/50 [06:29<01:31,  9.17s/it][A
 82%|████████▏ | 41/50 [06:36<01:16,  8.50s/it][A
 84%|████████▍ | 42/50 [06:45<01:08,  8.56s/it][A
 86%|████████▌ | 43/50 [06:54<01:00,  8.64s/it][A
 88%|████████▊ | 44/50 [07:02<00:51,  8.57s/it][A
 90%|█████████ | 45/50 [07:10<00:41,  8.28s/it][A
 92%|█████████▏| 46/50 [07:17<00:32,  8.10s/it][A
 94%|█████████▍| 47/50 [07:26<00:24,  8.27s/it][A
 96%|█████████▌| 48/50 [07:34<00:16,  8.11s/it][A
 98%|█████████▊| 49/50 [07:43<00:08,  8.31s/it][A
100%|██████████| 50/50 [07:51<00:00,  8.46s/it][A
100%|██████████| 50/50 [07:51<00:00,  9.44s/it]
offline:  50%|█████     | 500000/1000000 [1:35:23<1235:15:35,  8.89s/it, eval_success=0.480]
offline:  50%|█████     | 500023/1000000 [1:35:23<763:24:12,  5.50s/it, eval_success=0.480] 
offline:  50%|█████     | 500042/1000000 [1:35:24<526:24:19,  3.79s/it, eval_success=0.480]
offline:  50%|█████     | 500060/1000000 [1:35:24<370:47:52,  2.67s/it, eval_success=0.480]
offline:  50%|█████     | 500078/1000000 [1:35:24<260:47:59,  1.88s/it, eval_success=0.480]
offline:  50%|█████     | 500095/1000000 [1:35:24<186:22:47,  1.34s/it, eval_success=0.480]
  2%|▏         | 1/50 [00:10<08:11, 10.03s/it][A
  4%|▍         | 2/50 [00:18<07:16,  9.09s/it][A
  6%|▌         | 3/50 [00:29<07:40,  9.79s/it][A
  8%|▊         | 4/50 [00:39<07:42, 10.06s/it][A
 10%|█         | 5/50 [00:49<07:31, 10.04s/it][A
 12%|█▏        | 6/50 [00:58<07:06,  9.68s/it][A
 14%|█▍        | 7/50 [01:09<07:10, 10.01s/it][A
 16%|█▌        | 8/50 [01:18<06:55,  9.88s/it][A
 18%|█▊        | 9/50 [01:29<06:56, 10.15s/it][A
 20%|██        | 10/50 [01:40<06:52, 10.30s/it][A
 22%|██▏       | 11/50 [01:50<06:36, 10.16s/it][A
 24%|██▍       | 12/50 [01:59<06:18,  9.95s/it][A
 26%|██▌       | 13/50 [02:09<06:03,  9.83s/it][A
 28%|██▊       | 14/50 [02:19<06:03, 10.10s/it][A
 30%|███       | 15/50 [02:30<05:59, 10.28s/it][A
 32%|███▏      | 16/50 [02:41<05:53, 10.39s/it][A
 34%|███▍      | 17/50 [02:51<05:46, 10.49s/it][A
 36%|███▌      | 18/50 [03:02<05:37, 10.53s/it][A
 38%|███▊      | 19/50 [03:13<05:28, 10.59s/it][A
 40%|████      | 20/50 [03:21<04:57,  9.91s/it][A
 42%|████▏     | 21/50 [03:32<04:53, 10.11s/it][A
 44%|████▍     | 22/50 [03:40<04:27,  9.55s/it][A
 46%|████▌     | 23/50 [03:51<04:26,  9.87s/it][A
 48%|████▊     | 24/50 [04:01<04:23, 10.13s/it][A
 50%|█████     | 25/50 [04:10<04:06,  9.86s/it][A
 52%|█████▏    | 26/50 [04:19<03:46,  9.44s/it][A
 54%|█████▍    | 27/50 [04:30<03:45,  9.81s/it][A
 56%|█████▌    | 28/50 [04:38<03:26,  9.37s/it][A
 58%|█████▊    | 29/50 [04:46<03:09,  9.02s/it][A
 60%|██████    | 30/50 [04:57<03:10,  9.53s/it][A
 62%|██████▏   | 31/50 [05:07<03:06,  9.84s/it][A
 64%|██████▍   | 32/50 [05:16<02:52,  9.59s/it][A
 66%|██████▌   | 33/50 [05:27<02:48,  9.91s/it][A
 68%|██████▊   | 34/50 [05:37<02:37,  9.82s/it][A
 70%|███████   | 35/50 [05:45<02:22,  9.47s/it][A
 72%|███████▏  | 36/50 [05:54<02:09,  9.25s/it][A
 74%|███████▍  | 37/50 [06:03<01:58,  9.12s/it][A
 76%|███████▌  | 38/50 [06:10<01:42,  8.56s/it][A
 78%|███████▊  | 39/50 [06:17<01:28,  8.05s/it][A
 80%|████████  | 40/50 [06:23<01:14,  7.46s/it][A
 82%|████████▏ | 41/50 [06:30<01:05,  7.28s/it][A
 84%|████████▍ | 42/50 [06:36<00:56,  7.00s/it][A
 86%|████████▌ | 43/50 [06:42<00:45,  6.50s/it][A
 88%|████████▊ | 44/50 [06:48<00:39,  6.57s/it][A
 90%|█████████ | 45/50 [06:55<00:33,  6.67s/it][A
 92%|█████████▏| 46/50 [07:02<00:26,  6.72s/it][A
 94%|█████████▍| 47/50 [07:08<00:19,  6.49s/it][A
 96%|█████████▌| 48/50 [07:13<00:12,  6.16s/it][A
 98%|█████████▊| 49/50 [07:20<00:06,  6.36s/it][A
100%|██████████| 50/50 [07:27<00:00,  6.46s/it][A
100%|██████████| 50/50 [07:27<00:00,  8.95s/it]
offline:  60%|██████    | 600000/1000000 [1:53:12<1109:02:04,  9.98s/it, eval_success=0.460]
offline:  60%|██████    | 600022/1000000 [1:53:12<652:27:56,  5.87s/it, eval_success=0.460] 
offline:  60%|██████    | 600039/1000000 [1:53:12<448:44:05,  4.04s/it, eval_success=0.460]
offline:  60%|██████    | 600057/1000000 [1:53:12<304:52:39,  2.74s/it, eval_success=0.460]
offline:  60%|██████    | 600074/1000000 [1:53:12<213:00:34,  1.92s/it, eval_success=0.460]
offline:  60%|██████    | 600092/1000000 [1:53:12<146:23:30,  1.32s/it, eval_success=0.460]
  2%|▏         | 1/50 [00:10<08:34, 10.51s/it][A
  4%|▍         | 2/50 [00:19<07:53,  9.86s/it][A
  6%|▌         | 3/50 [00:28<07:14,  9.24s/it][A
  8%|▊         | 4/50 [00:36<06:45,  8.81s/it][A
 10%|█         | 5/50 [00:42<05:57,  7.93s/it][A
 12%|█▏        | 6/50 [00:50<05:45,  7.85s/it][A
 14%|█▍        | 7/50 [00:58<05:37,  7.84s/it][A
 16%|█▌        | 8/50 [01:07<05:41,  8.13s/it][A
 18%|█▊        | 9/50 [01:16<05:42,  8.35s/it][A
 20%|██        | 10/50 [01:24<05:39,  8.48s/it][A
 22%|██▏       | 11/50 [01:32<05:17,  8.14s/it][A
 24%|██▍       | 12/50 [01:39<05:05,  8.03s/it][A
 26%|██▌       | 13/50 [01:48<05:04,  8.22s/it][A
 28%|██▊       | 14/50 [01:55<04:43,  7.88s/it][A
 30%|███       | 15/50 [02:02<04:27,  7.64s/it][A
 32%|███▏      | 16/50 [02:10<04:19,  7.64s/it][A
 34%|███▍      | 17/50 [02:17<04:02,  7.35s/it][A
 36%|███▌      | 18/50 [02:23<03:45,  7.05s/it][A
 38%|███▊      | 19/50 [02:31<03:49,  7.42s/it][A
 40%|████      | 20/50 [02:39<03:47,  7.57s/it][A
 42%|████▏     | 21/50 [02:48<03:49,  7.92s/it][A
 44%|████▍     | 22/50 [02:57<03:49,  8.18s/it][A
 46%|████▌     | 23/50 [03:05<03:45,  8.34s/it][A
 48%|████▊     | 24/50 [03:12<03:19,  7.67s/it][A
 50%|█████     | 25/50 [03:20<03:19,  8.00s/it][A
 52%|█████▏    | 26/50 [03:29<03:17,  8.24s/it][A
 54%|█████▍    | 27/50 [03:38<03:12,  8.38s/it][A
 56%|█████▌    | 28/50 [03:45<02:59,  8.17s/it][A
 58%|█████▊    | 29/50 [03:54<02:55,  8.37s/it][A
 60%|██████    | 30/50 [04:03<02:49,  8.47s/it][A
 62%|██████▏   | 31/50 [04:12<02:42,  8.57s/it][A
 64%|██████▍   | 32/50 [04:20<02:32,  8.47s/it][A
 66%|██████▌   | 33/50 [04:26<02:10,  7.70s/it][A
 68%|██████▊   | 34/50 [04:33<01:58,  7.38s/it][A
 70%|███████   | 35/50 [04:39<01:47,  7.17s/it][A
 72%|███████▏  | 36/50 [04:46<01:37,  6.97s/it][A
 74%|███████▍  | 37/50 [04:51<01:22,  6.38s/it][A
 76%|███████▌  | 38/50 [04:57<01:17,  6.45s/it][A
 78%|███████▊  | 39/50 [05:04<01:11,  6.51s/it][A
 80%|████████  | 40/50 [05:11<01:05,  6.53s/it][A
 82%|████████▏ | 41/50 [05:17<00:59,  6.57s/it][A
 84%|████████▍ | 42/50 [05:24<00:52,  6.56s/it][A
 86%|████████▌ | 43/50 [05:30<00:44,  6.42s/it][A
 88%|████████▊ | 44/50 [05:37<00:38,  6.48s/it][A
 90%|█████████ | 45/50 [05:43<00:32,  6.54s/it][A
 92%|█████████▏| 46/50 [05:50<00:26,  6.56s/it][A
 94%|█████████▍| 47/50 [05:56<00:19,  6.54s/it][A
 96%|█████████▌| 48/50 [06:04<00:13,  6.81s/it][A
 98%|█████████▊| 49/50 [06:12<00:07,  7.29s/it][A
100%|██████████| 50/50 [06:19<00:00,  7.22s/it][A
100%|██████████| 50/50 [06:19<00:00,  7.59s/it]
offline:  70%|███████   | 700000/1000000 [2:10:57<650:39:01,  7.81s/it, eval_success=0.520]
offline:  70%|███████   | 700019/1000000 [2:10:57<417:56:37,  5.02s/it, eval_success=0.520]
offline:  70%|███████   | 700035/1000000 [2:10:58<292:18:34,  3.51s/it, eval_success=0.520]
offline:  70%|███████   | 700052/1000000 [2:10:58<200:47:34,  2.41s/it, eval_success=0.520]
offline:  70%|███████   | 700070/1000000 [2:10:58<136:20:19,  1.64s/it, eval_success=0.520]
offline:  70%|███████   | 700087/1000000 [2:10:58<95:13:29,  1.14s/it, eval_success=0.520] 
  2%|▏         | 1/50 [00:10<08:29, 10.40s/it][A
  4%|▍         | 2/50 [00:19<07:56,  9.92s/it][A
  6%|▌         | 3/50 [00:30<07:58, 10.17s/it][A
  8%|▊         | 4/50 [00:40<07:53, 10.29s/it][A
 10%|█         | 5/50 [00:51<07:41, 10.25s/it][A
 12%|█▏        | 6/50 [00:59<07:07,  9.71s/it][A
 14%|█▍        | 7/50 [01:10<07:08,  9.97s/it][A
 16%|█▌        | 8/50 [01:19<06:43,  9.60s/it][A
 18%|█▊        | 9/50 [01:26<06:07,  8.96s/it][A
 20%|██        | 10/50 [01:34<05:49,  8.74s/it][A
 22%|██▏       | 11/50 [01:45<06:01,  9.27s/it][A
 24%|██▍       | 12/50 [01:55<06:07,  9.66s/it][A
 26%|██▌       | 13/50 [02:03<05:38,  9.14s/it][A
 28%|██▊       | 14/50 [02:14<05:44,  9.57s/it][A
 30%|███       | 15/50 [02:24<05:44,  9.84s/it][A
 32%|███▏      | 16/50 [02:35<05:42, 10.08s/it][A
 34%|███▍      | 17/50 [02:44<05:25,  9.86s/it][A
 36%|███▌      | 18/50 [02:53<05:06,  9.58s/it][A
 38%|███▊      | 19/50 [03:03<04:58,  9.64s/it][A
 40%|████      | 20/50 [03:14<04:57,  9.91s/it][A
 42%|████▏     | 21/50 [03:24<04:53, 10.11s/it][A
 44%|████▍     | 22/50 [03:33<04:35,  9.86s/it][A
 46%|████▌     | 23/50 [03:44<04:32, 10.09s/it][A
 48%|████▊     | 24/50 [03:55<04:25, 10.22s/it][A
 50%|█████     | 25/50 [04:05<04:17, 10.31s/it][A
 52%|█████▏    | 26/50 [04:16<04:08, 10.35s/it][A
 54%|█████▍    | 27/50 [04:26<03:58, 10.38s/it][A
 56%|█████▌    | 28/50 [04:37<03:49, 10.42s/it][A
 58%|█████▊    | 29/50 [04:47<03:39, 10.47s/it][A
 60%|██████    | 30/50 [04:58<03:29, 10.47s/it][A
 62%|██████▏   | 31/50 [05:06<03:06,  9.83s/it][A
 64%|██████▍   | 32/50 [05:14<02:47,  9.31s/it][A
 66%|██████▌   | 33/50 [05:24<02:39,  9.40s/it][A
 68%|██████▊   | 34/50 [05:32<02:27,  9.23s/it][A
 70%|███████   | 35/50 [05:41<02:15,  9.05s/it][A
 72%|███████▏  | 36/50 [05:51<02:08,  9.21s/it][A
 74%|███████▍  | 37/50 [06:01<02:03,  9.50s/it][A
 76%|███████▌  | 38/50 [06:11<01:57,  9.76s/it][A
 78%|███████▊  | 39/50 [06:22<01:50, 10.00s/it][A
 80%|████████  | 40/50 [06:32<01:41, 10.19s/it][A
 82%|████████▏ | 41/50 [06:41<01:28,  9.83s/it][A
 84%|████████▍ | 42/50 [06:52<01:20, 10.05s/it][A
 86%|████████▌ | 43/50 [07:03<01:11, 10.19s/it][A
 88%|████████▊ | 44/50 [07:13<01:01, 10.31s/it][A
 90%|█████████ | 45/50 [07:22<00:48,  9.79s/it][A
 92%|█████████▏| 46/50 [07:33<00:41, 10.39s/it][A
 94%|█████████▍| 47/50 [07:46<00:32, 10.99s/it][A
 96%|█████████▌| 48/50 [07:58<00:22, 11.44s/it][A
 98%|█████████▊| 49/50 [08:11<00:11, 11.75s/it][A
100%|██████████| 50/50 [08:23<00:00, 11.94s/it][A
100%|██████████| 50/50 [08:23<00:00, 10.07s/it]
offline:  80%|████████  | 800000/1000000 [2:29:37<535:50:25,  9.65s/it, eval_success=0.420]
offline:  80%|████████  | 800014/1000000 [2:29:37<387:39:32,  6.98s/it, eval_success=0.420]
offline:  80%|████████  | 800029/1000000 [2:29:38<272:26:17,  4.90s/it, eval_success=0.420]
offline:  80%|████████  | 800043/1000000 [2:29:38<195:12:01,  3.51s/it, eval_success=0.420]
offline:  80%|████████  | 800058/1000000 [2:29:38<136:09:55,  2.45s/it, eval_success=0.420]
offline:  80%|████████  | 800071/1000000 [2:29:38<99:08:15,  1.79s/it, eval_success=0.420] 
offline:  80%|████████  | 800085/1000000 [2:29:38<69:56:34,  1.26s/it, eval_success=0.420]
  2%|▏         | 1/50 [00:07<05:50,  7.16s/it][A
  4%|▍         | 2/50 [00:15<06:23,  7.99s/it][A
  6%|▌         | 3/50 [00:21<05:36,  7.15s/it][A
  8%|▊         | 4/50 [00:29<05:46,  7.53s/it][A
 10%|█         | 5/50 [00:39<06:11,  8.26s/it][A
 12%|█▏        | 6/50 [00:49<06:29,  8.85s/it][A
 14%|█▍        | 7/50 [00:57<06:07,  8.54s/it][A
 16%|█▌        | 8/50 [01:04<05:35,  7.99s/it][A
 18%|█▊        | 9/50 [01:12<05:33,  8.12s/it][A
 20%|██        | 10/50 [01:21<05:30,  8.26s/it][A
 22%|██▏       | 11/50 [01:28<05:15,  8.09s/it][A
 24%|██▍       | 12/50 [01:36<05:00,  7.90s/it][A
 26%|██▌       | 13/50 [01:43<04:38,  7.52s/it][A
 28%|██▊       | 14/50 [01:49<04:15,  7.11s/it][A
 30%|███       | 15/50 [01:55<04:01,  6.91s/it][A
 32%|███▏      | 16/50 [02:02<03:51,  6.80s/it][A
 34%|███▍      | 17/50 [02:08<03:41,  6.70s/it][A
 36%|███▌      | 18/50 [02:15<03:33,  6.68s/it][A
 38%|███▊      | 19/50 [02:21<03:26,  6.67s/it][A
 40%|████      | 20/50 [02:28<03:19,  6.64s/it][A
 42%|████▏     | 21/50 [02:35<03:11,  6.61s/it][A
 44%|████▍     | 22/50 [02:41<03:04,  6.58s/it][A
 46%|████▌     | 23/50 [02:48<02:57,  6.59s/it][A
 48%|████▊     | 24/50 [02:54<02:51,  6.59s/it][A
 50%|█████     | 25/50 [03:00<02:40,  6.41s/it][A
 52%|█████▏    | 26/50 [03:06<02:25,  6.08s/it][A
 54%|█████▍    | 27/50 [03:12<02:23,  6.26s/it][A
 56%|█████▌    | 28/50 [03:19<02:19,  6.36s/it][A
 58%|█████▊    | 29/50 [03:25<02:11,  6.24s/it][A
 60%|██████    | 30/50 [03:31<02:06,  6.34s/it][A
 62%|██████▏   | 31/50 [03:38<02:01,  6.40s/it][A
 64%|██████▍   | 32/50 [03:44<01:51,  6.18s/it][A
 66%|██████▌   | 33/50 [03:49<01:42,  6.05s/it][A
 68%|██████▊   | 34/50 [03:56<01:39,  6.23s/it][A
 70%|███████   | 35/50 [04:03<01:35,  6.34s/it][A
 72%|███████▏  | 36/50 [04:08<01:25,  6.07s/it][A
 74%|███████▍  | 37/50 [04:14<01:18,  6.00s/it][A
 76%|███████▌  | 38/50 [04:20<01:10,  5.91s/it][A
 78%|███████▊  | 39/50 [04:26<01:07,  6.10s/it][A
 80%|████████  | 40/50 [04:33<01:02,  6.25s/it][A
 82%|████████▏ | 41/50 [04:39<00:57,  6.36s/it][A
 84%|████████▍ | 42/50 [04:46<00:51,  6.43s/it][A
 86%|████████▌ | 43/50 [04:51<00:41,  5.99s/it][A
 88%|████████▊ | 44/50 [04:57<00:35,  5.92s/it][A
 90%|█████████ | 45/50 [05:02<00:29,  5.85s/it][A
 92%|█████████▏| 46/50 [05:09<00:24,  6.08s/it][A
 94%|█████████▍| 47/50 [05:16<00:18,  6.26s/it][A
 96%|█████████▌| 48/50 [05:22<00:12,  6.35s/it][A
 98%|█████████▊| 49/50 [05:28<00:06,  6.13s/it][A
100%|██████████| 50/50 [05:34<00:00,  6.17s/it][A
100%|██████████| 50/50 [05:34<00:00,  6.69s/it]
offline:  90%|█████████ | 900000/1000000 [2:46:08<157:45:44,  5.68s/it, eval_success=0.540]
offline:  90%|█████████ | 900024/1000000 [2:46:08<99:47:49,  3.59s/it, eval_success=0.540] 
offline:  90%|█████████ | 900044/1000000 [2:46:08<69:27:18,  2.50s/it, eval_success=0.540]
offline:  90%|█████████ | 900063/1000000 [2:46:08<49:11:17,  1.77s/it, eval_success=0.540]
offline:  90%|█████████ | 900082/1000000 [2:46:09<34:44:13,  1.25s/it, eval_success=0.540]
  2%|▏         | 1/50 [00:07<06:17,  7.71s/it][A
  4%|▍         | 2/50 [00:18<07:26,  9.30s/it][A
  6%|▌         | 3/50 [00:29<07:56, 10.14s/it][A
  8%|▊         | 4/50 [00:41<08:19, 10.85s/it][A
 10%|█         | 5/50 [00:53<08:34, 11.42s/it][A
 12%|█▏        | 6/50 [01:06<08:37, 11.76s/it][A
 14%|█▍        | 7/50 [01:18<08:35, 11.98s/it][A
 16%|█▌        | 8/50 [01:28<07:56, 11.34s/it][A
 18%|█▊        | 9/50 [01:37<07:11, 10.52s/it][A
 20%|██        | 10/50 [01:49<07:25, 11.15s/it][A
 22%|██▏       | 11/50 [02:02<07:30, 11.56s/it][A
 24%|██▍       | 12/50 [02:14<07:31, 11.87s/it][A
 26%|██▌       | 13/50 [02:25<07:09, 11.61s/it][A
 28%|██▊       | 14/50 [02:35<06:37, 11.05s/it][A
 30%|███       | 15/50 [02:48<06:42, 11.50s/it][A
 32%|███▏      | 16/50 [02:59<06:25, 11.35s/it][A
 34%|███▍      | 17/50 [03:09<06:04, 11.04s/it][A
 36%|███▌      | 18/50 [03:21<06:07, 11.47s/it][A
 38%|███▊      | 19/50 [03:34<06:04, 11.77s/it][A
 40%|████      | 20/50 [03:46<05:59, 11.99s/it][A
 42%|████▏     | 21/50 [03:58<05:45, 11.91s/it][A
 44%|████▍     | 22/50 [04:11<05:37, 12.06s/it][A
 46%|████▌     | 23/50 [04:20<05:07, 11.41s/it][A
 48%|████▊     | 24/50 [04:31<04:51, 11.20s/it][A
 50%|█████     | 25/50 [04:42<04:35, 11.01s/it][A
 52%|█████▏    | 26/50 [04:49<03:58,  9.95s/it][A
 54%|█████▍    | 27/50 [04:59<03:51, 10.06s/it][A
 56%|█████▌    | 28/50 [05:09<03:34,  9.75s/it][A
 58%|█████▊    | 29/50 [05:17<03:16,  9.36s/it][A
 60%|██████    | 30/50 [05:28<03:14,  9.72s/it][A
 62%|██████▏   | 31/50 [05:35<02:51,  9.03s/it][A
 64%|██████▍   | 32/50 [05:44<02:41,  8.96s/it][A
 66%|██████▌   | 33/50 [05:52<02:28,  8.74s/it][A
 68%|██████▊   | 34/50 [06:02<02:28,  9.25s/it][A
 70%|███████   | 35/50 [06:13<02:24,  9.61s/it][A
 72%|███████▏  | 36/50 [06:23<02:15,  9.69s/it][A
 74%|███████▍  | 37/50 [06:32<02:02,  9.41s/it][A
 76%|███████▌  | 38/50 [06:40<01:51,  9.25s/it][A
 78%|███████▊  | 39/50 [06:51<01:44,  9.54s/it][A
 80%|████████  | 40/50 [07:00<01:35,  9.55s/it][A
 82%|████████▏ | 41/50 [07:11<01:28,  9.86s/it][A
 84%|████████▍ | 42/50 [07:21<01:20, 10.04s/it][A
 86%|████████▌ | 43/50 [07:32<01:10, 10.14s/it][A
 88%|████████▊ | 44/50 [07:42<01:00, 10.13s/it][A
 90%|█████████ | 45/50 [07:52<00:51, 10.25s/it][A
 92%|█████████▏| 46/50 [08:02<00:40, 10.18s/it][A
 94%|█████████▍| 47/50 [08:13<00:30, 10.28s/it][A
 96%|█████████▌| 48/50 [08:23<00:20, 10.36s/it][A
 98%|█████████▊| 49/50 [08:34<00:10, 10.39s/it][A
100%|██████████| 50/50 [08:42<00:00,  9.72s/it][A
100%|██████████| 50/50 [08:42<00:00, 10.45s/it]
offline: 100%|█████████▉| 999999/1000000 [3:05:05<00:12, 12.22s/it, eval_success=0.500] 
  2%|▏         | 1/50 [00:09<07:31,  9.22s/it][A
  4%|▍         | 2/50 [00:18<07:34,  9.47s/it][A
  6%|▌         | 3/50 [00:27<07:14,  9.25s/it][A
  8%|▊         | 4/50 [00:37<07:13,  9.42s/it][A
 10%|█         | 5/50 [00:48<07:21,  9.80s/it][A
 12%|█▏        | 6/50 [00:58<07:21, 10.02s/it][A
 14%|█▍        | 7/50 [01:06<06:41,  9.33s/it][A
 16%|█▌        | 8/50 [01:15<06:31,  9.31s/it][A
 18%|█▊        | 9/50 [01:26<06:37,  9.71s/it][A
 20%|██        | 10/50 [01:36<06:37,  9.94s/it][A
 22%|██▏       | 11/50 [01:47<06:35, 10.14s/it][A
 24%|██▍       | 12/50 [01:57<06:29, 10.25s/it][A
 26%|██▌       | 13/50 [02:08<06:21, 10.30s/it][A
 28%|██▊       | 14/50 [02:18<06:12, 10.36s/it][A
 30%|███       | 15/50 [02:25<05:26,  9.33s/it][A
 32%|███▏      | 16/50 [02:36<05:29,  9.69s/it][A
 34%|███▍      | 17/50 [02:44<05:08,  9.35s/it][A
 36%|███▌      | 18/50 [02:55<05:10,  9.70s/it][A
 38%|███▊      | 19/50 [03:04<04:58,  9.63s/it][A
 40%|████      | 20/50 [03:11<04:21,  8.72s/it][A
 42%|████▏     | 21/50 [03:16<03:46,  7.80s/it][A
 44%|████▍     | 22/50 [03:22<03:17,  7.06s/it][A
 46%|████▌     | 23/50 [03:29<03:08,  6.98s/it][A
 48%|████▊     | 24/50 [03:35<03:00,  6.93s/it][A
 50%|█████     | 25/50 [03:42<02:53,  6.95s/it][A
 52%|█████▏    | 26/50 [03:51<03:00,  7.53s/it][A
 54%|█████▍    | 27/50 [04:00<03:00,  7.85s/it][A
 56%|█████▌    | 28/50 [04:07<02:46,  7.56s/it][A
 58%|█████▊    | 29/50 [04:15<02:45,  7.86s/it][A
 60%|██████    | 30/50 [04:24<02:41,  8.08s/it][A
 62%|██████▏   | 31/50 [04:30<02:24,  7.60s/it][A
 64%|██████▍   | 32/50 [04:39<02:22,  7.91s/it][A
 66%|██████▌   | 33/50 [04:46<02:09,  7.64s/it][A
 68%|██████▊   | 34/50 [04:54<02:04,  7.78s/it][A
 70%|███████   | 35/50 [05:03<02:00,  8.05s/it][A
 72%|███████▏  | 36/50 [05:10<01:50,  7.87s/it][A
 74%|███████▍  | 37/50 [05:19<01:45,  8.12s/it][A
 76%|███████▌  | 38/50 [05:26<01:35,  7.94s/it][A
 78%|███████▊  | 39/50 [05:35<01:29,  8.14s/it][A
 80%|████████  | 40/50 [05:43<01:21,  8.18s/it][A
 82%|████████▏ | 41/50 [05:50<01:09,  7.72s/it][A
 84%|████████▍ | 42/50 [05:58<01:02,  7.86s/it][A
 86%|████████▌ | 43/50 [06:07<00:56,  8.09s/it][A
 88%|████████▊ | 44/50 [06:14<00:46,  7.79s/it][A
 90%|█████████ | 45/50 [06:23<00:40,  8.04s/it][A
 92%|█████████▏| 46/50 [06:31<00:32,  8.23s/it][A
 94%|█████████▍| 47/50 [06:39<00:24,  8.18s/it][A
 96%|█████████▌| 48/50 [06:45<00:15,  7.54s/it][A
 98%|█████████▊| 49/50 [06:52<00:07,  7.30s/it][A
100%|██████████| 50/50 [06:59<00:00,  7.13s/it][A
100%|██████████| 50/50 [06:59<00:00,  8.39s/it]
offline: 100%|█████████▉| 999999/1000000 [3:12:04<00:12, 12.22s/it, eval_success=0.460]
offline: 100%|██████████| 1000000/1000000 [3:12:04<00:00, 25.37s/it, eval_success=0.460]
Saved to exp/beat/ant2/L_rebrac_a001_t3/antmaze-giant-navigate-singletask-task3-v0/antmaze-giant-navigate-singletask-task3-v0_sd000_rebrac_nstep-h1_20260819_103155/params_offline.pkl
Saved modules ('critic', 'target_critic') to exp/beat/ant2/L_rebrac_a001_t3/antmaze-giant-navigate-singletask-task3-v0/antmaze-giant-navigate-singletask-task3-v0_sd000_rebrac_nstep-h1_20260819_103155/critic_offline.pkl
[1;34mwandb[0m: 
[1;34mwandb[0m: 🚀 View run [33mantmaze-giant-navigate-singletask-task3-v0_sd000_rebrac_nstep-h1_20260819_103155[0m at: [34mhttps://wandb.ai/tjrcjf410-seoul-national-university/ant2/runs/2pjqu5my[0m
[1;34mwandb[0m: Find logs at: [1;35m../../../tmp/tmpzi9b6tmq/wandb/run-20260819_103156-2pjqu5my/logs[0m
--- last progress lines ---
offline: 100%|██████████| 1000000/1000000 [3:12:04<00:00, 86.77it/s, eval_success=0.460]
online: 0it [00:00, ?it/s]
online: 0it [00:00, ?it/s]
