wandb: Using wandb-core as the SDK backend.  Please refer to https://wandb.me/wandb-core for more information.
wandb: Currently logged in as: tjrcjf410 (sjun0803-seoul-national-university) to https://api.wandb.ai. Use `wandb login --relogin` to force relogin
wandb: Tracking run with wandb version 0.19.9
wandb: Run data is saved locally in /tmp/tmpxm2a2v5n/wandb/run-20260819_174517-rmpamwfa
wandb: Run `wandb offline` to turn off syncing.
wandb: Syncing run antmaze-giant-navigate-singletask-task1-v0_sd001_anq_stdfp_chunk-h1_20260819_174516
wandb: ⭐️ View project at https://wandb.ai/tjrcjf410-seoul-national-university/ant2
wandb: 🚀 View run at https://wandb.ai/tjrcjf410-seoul-national-university/ant2/runs/rmpamwfa
wandb: WARNING Symlinked 8 files into the W&B run directory, call wandb.save again to sync new files.
I0819 17:45:18.875502 124997143349056 acceleratesupport.py:24] No OpenGL_accelerate module loaded: No module named 'OpenGL_accelerate'
offline:   0%|          | 1/1000000 [01:44<29011:39:08, 104.44s/it]
offline:   0%|          | 2/1000000 [02:05<15462:23:00, 55.66s/it] 
offline:   0%|          | 3/1000000 [02:27<11090:21:57, 39.93s/it]
offline:   0%|          | 15/1000000 [02:27<1258:34:49,  4.53s/it]
offline:   0%|          | 26/1000000 [02:27<584:36:29,  2.10s/it] 
offline:   0%|          | 35/1000000 [02:27<360:36:50,  1.30s/it]
  2%|▏         | 1/50 [00:10<08:42, 10.66s/it][A
  4%|▍         | 2/50 [00:21<08:28, 10.60s/it][A
  6%|▌         | 3/50 [00:31<08:16, 10.57s/it][A
  8%|▊         | 4/50 [00:42<08:04, 10.54s/it][A
 10%|█         | 5/50 [00:52<07:54, 10.54s/it][A
 12%|█▏        | 6/50 [01:03<07:42, 10.52s/it][A
 14%|█▍        | 7/50 [01:13<07:32, 10.52s/it][A
 16%|█▌        | 8/50 [01:24<07:22, 10.54s/it][A
 18%|█▊        | 9/50 [01:34<07:13, 10.57s/it][A
 20%|██        | 10/50 [01:45<07:01, 10.54s/it][A
 22%|██▏       | 11/50 [01:56<06:51, 10.54s/it][A
 24%|██▍       | 12/50 [02:06<06:39, 10.52s/it][A
 26%|██▌       | 13/50 [02:16<06:27, 10.48s/it][A
 28%|██▊       | 14/50 [02:27<06:16, 10.45s/it][A
 30%|███       | 15/50 [02:35<05:45,  9.88s/it][A
 32%|███▏      | 16/50 [02:44<05:22,  9.48s/it][A
 34%|███▍      | 17/50 [02:52<05:03,  9.19s/it][A
 36%|███▌      | 18/50 [03:01<04:48,  9.00s/it][A
 38%|███▊      | 19/50 [03:10<04:35,  8.89s/it][A
 40%|████      | 20/50 [03:18<04:24,  8.80s/it][A
 42%|████▏     | 21/50 [03:27<04:12,  8.71s/it][A
 44%|████▍     | 22/50 [03:35<04:02,  8.67s/it][A
 46%|████▌     | 23/50 [03:44<03:53,  8.64s/it][A
 48%|████▊     | 24/50 [03:52<03:44,  8.64s/it][A
 50%|█████     | 25/50 [04:02<03:45,  9.01s/it][A
 52%|█████▏    | 26/50 [04:13<03:46,  9.45s/it][A
 54%|█████▍    | 27/50 [04:23<03:44,  9.78s/it][A
 56%|█████▌    | 28/50 [04:34<03:39,  9.99s/it][A
 58%|█████▊    | 29/50 [04:44<03:32, 10.12s/it][A
 60%|██████    | 30/50 [04:55<03:24, 10.23s/it][A
 62%|██████▏   | 31/50 [05:05<03:16, 10.34s/it][A
 64%|██████▍   | 32/50 [05:16<03:07, 10.40s/it][A
 66%|██████▌   | 33/50 [05:26<02:57, 10.44s/it][A
 68%|██████▊   | 34/50 [05:36<02:41, 10.12s/it][A
 70%|███████   | 35/50 [05:44<02:24,  9.63s/it][A
 72%|███████▏  | 36/50 [05:53<02:10,  9.29s/it][A
 74%|███████▍  | 37/50 [06:01<01:57,  9.06s/it][A
 76%|███████▌  | 38/50 [06:10<01:47,  8.92s/it][A
 78%|███████▊  | 39/50 [06:18<01:36,  8.80s/it][A
 80%|████████  | 40/50 [06:27<01:27,  8.72s/it][A
 82%|████████▏ | 41/50 [06:35<01:17,  8.65s/it][A
 84%|████████▍ | 42/50 [06:44<01:08,  8.62s/it][A
 86%|████████▌ | 43/50 [06:52<01:00,  8.58s/it][A
 88%|████████▊ | 44/50 [07:01<00:51,  8.57s/it][A
 90%|█████████ | 45/50 [07:10<00:42,  8.57s/it][A
 92%|█████████▏| 46/50 [07:18<00:34,  8.54s/it][A
 94%|█████████▍| 47/50 [07:27<00:25,  8.53s/it][A
 96%|█████████▌| 48/50 [07:35<00:17,  8.55s/it][A
 98%|█████████▊| 49/50 [07:44<00:08,  8.55s/it][A
100%|██████████| 50/50 [07:52<00:00,  8.54s/it][A
100%|██████████| 50/50 [07:52<00:00,  9.45s/it]
offline:  10%|█         | 100000/1000000 [31:08<5200:22:23, 20.80s/it, eval_success=0.000]
offline:  10%|█         | 100012/1000000 [31:08<2966:08:26, 11.86s/it, eval_success=0.000]
offline:  10%|█         | 100022/1000000 [31:08<1963:19:56,  7.85s/it, eval_success=0.000]
offline:  10%|█         | 100032/1000000 [31:09<1324:16:00,  5.30s/it, eval_success=0.000]
offline:  10%|█         | 100041/1000000 [31:09<934:01:56,  3.74s/it, eval_success=0.000] 
offline:  10%|█         | 100050/1000000 [31:09<657:57:12,  2.63s/it, eval_success=0.000]
offline:  10%|█         | 100059/1000000 [31:09<463:02:05,  1.85s/it, eval_success=0.000]
offline:  10%|█         | 100068/1000000 [31:09<325:46:39,  1.30s/it, eval_success=0.000]
  2%|▏         | 1/50 [00:08<06:54,  8.46s/it][A
  4%|▍         | 2/50 [00:16<06:25,  8.04s/it][A
  6%|▌         | 3/50 [00:24<06:25,  8.20s/it][A
  8%|▊         | 4/50 [00:33<06:25,  8.37s/it][A
 10%|█         | 5/50 [00:41<06:18,  8.42s/it][A
 12%|█▏        | 6/50 [00:49<06:06,  8.34s/it][A
 14%|█▍        | 7/50 [00:57<05:52,  8.20s/it][A
 16%|█▌        | 8/50 [01:06<05:53,  8.42s/it][A
 18%|█▊        | 9/50 [01:15<05:50,  8.54s/it][A
 20%|██        | 10/50 [01:24<05:44,  8.62s/it][A
 22%|██▏       | 11/50 [01:33<05:37,  8.66s/it][A
 24%|██▍       | 12/50 [01:41<05:29,  8.68s/it][A
 26%|██▌       | 13/50 [01:50<05:20,  8.66s/it][A
 28%|██▊       | 14/50 [01:58<05:09,  8.58s/it][A
 30%|███       | 15/50 [02:07<04:58,  8.54s/it][A
 32%|███▏      | 16/50 [02:15<04:49,  8.50s/it][A
 34%|███▍      | 17/50 [02:24<04:39,  8.48s/it][A
 36%|███▌      | 18/50 [02:32<04:29,  8.41s/it][A
 38%|███▊      | 19/50 [02:40<04:16,  8.28s/it][A
 40%|████      | 20/50 [02:48<04:08,  8.28s/it][A
 42%|████▏     | 21/50 [02:56<03:59,  8.26s/it][A
 44%|████▍     | 22/50 [03:06<04:02,  8.65s/it][A
 46%|████▌     | 23/50 [03:17<04:12,  9.36s/it][A
 48%|████▊     | 24/50 [03:28<04:16,  9.86s/it][A
 50%|█████     | 25/50 [03:39<04:14, 10.19s/it][A
 52%|█████▏    | 26/50 [03:50<04:09, 10.42s/it][A
 54%|█████▍    | 27/50 [04:01<04:02, 10.52s/it][A
 56%|█████▌    | 28/50 [04:09<03:39,  9.95s/it][A
 58%|█████▊    | 29/50 [04:18<03:19,  9.50s/it][A
 60%|██████    | 30/50 [04:26<03:04,  9.25s/it][A
 62%|██████▏   | 31/50 [04:35<02:51,  9.02s/it][A
 64%|██████▍   | 32/50 [04:42<02:33,  8.55s/it][A
 66%|██████▌   | 33/50 [04:51<02:25,  8.55s/it][A
 68%|██████▊   | 34/50 [05:01<02:22,  8.92s/it][A
 70%|███████   | 35/50 [05:11<02:21,  9.43s/it][A
 72%|███████▏  | 36/50 [05:22<02:17,  9.79s/it][A
 74%|███████▍  | 37/50 [05:31<02:06,  9.70s/it][A
 76%|███████▌  | 38/50 [05:42<01:59,  9.96s/it][A
 78%|███████▊  | 39/50 [05:53<01:51, 10.18s/it][A
 80%|████████  | 40/50 [06:03<01:43, 10.33s/it][A
 82%|████████▏ | 41/50 [06:13<01:30, 10.00s/it][A
 84%|████████▍ | 42/50 [06:23<01:21, 10.18s/it][A
 86%|████████▌ | 43/50 [06:34<01:12, 10.31s/it][A
 88%|████████▊ | 44/50 [06:43<01:00, 10.12s/it][A
 90%|█████████ | 45/50 [06:53<00:49, 10.00s/it][A
 92%|█████████▏| 46/50 [07:02<00:38,  9.59s/it][A
 94%|█████████▍| 47/50 [07:10<00:27,  9.29s/it][A
 96%|█████████▌| 48/50 [07:19<00:18,  9.07s/it][A
 98%|█████████▊| 49/50 [07:27<00:08,  8.92s/it][A
100%|██████████| 50/50 [07:36<00:00,  8.81s/it][A
100%|██████████| 50/50 [07:36<00:00,  9.13s/it]
offline:  20%|██        | 200000/1000000 [57:06<3994:28:29, 17.98s/it, eval_success=0.140]
offline:  20%|██        | 200013/1000000 [57:07<2309:11:33, 10.39s/it, eval_success=0.140]
offline:  20%|██        | 200023/1000000 [57:07<1578:35:58,  7.10s/it, eval_success=0.140]
offline:  20%|██        | 200033/1000000 [57:07<1087:31:32,  4.89s/it, eval_success=0.140]
offline:  20%|██        | 200042/1000000 [57:07<777:11:03,  3.50s/it, eval_success=0.140] 
offline:  20%|██        | 200051/1000000 [57:07<552:56:26,  2.49s/it, eval_success=0.140]
offline:  20%|██        | 200062/1000000 [57:07<367:43:09,  1.65s/it, eval_success=0.140]
offline:  20%|██        | 200071/1000000 [57:07<265:04:19,  1.19s/it, eval_success=0.140]
  2%|▏         | 1/50 [00:08<07:05,  8.69s/it][A
  4%|▍         | 2/50 [00:17<06:54,  8.64s/it][A
  6%|▌         | 3/50 [00:25<06:45,  8.63s/it][A
  8%|▊         | 4/50 [00:34<06:37,  8.65s/it][A
 10%|█         | 5/50 [00:42<06:14,  8.32s/it][A
 12%|█▏        | 6/50 [00:50<06:10,  8.42s/it][A
 14%|█▍        | 7/50 [00:59<06:05,  8.50s/it][A
 16%|█▌        | 8/50 [01:08<05:58,  8.53s/it][A
 18%|█▊        | 9/50 [01:16<05:50,  8.56s/it][A
 20%|██        | 10/50 [01:25<05:41,  8.55s/it][A
 22%|██▏       | 11/50 [01:34<05:34,  8.58s/it][A
 24%|██▍       | 12/50 [01:42<05:26,  8.60s/it][A
 26%|██▌       | 13/50 [01:51<05:17,  8.59s/it][A
 28%|██▊       | 14/50 [01:59<05:10,  8.62s/it][A
 30%|███       | 15/50 [02:08<05:02,  8.63s/it][A
 32%|███▏      | 16/50 [02:17<04:53,  8.63s/it][A
 34%|███▍      | 17/50 [02:25<04:44,  8.62s/it][A
 36%|███▌      | 18/50 [02:34<04:35,  8.62s/it][A
 38%|███▊      | 19/50 [02:43<04:27,  8.62s/it][A
 40%|████      | 20/50 [02:50<04:07,  8.24s/it][A
 42%|████▏     | 21/50 [02:57<03:45,  7.79s/it][A
 44%|████▍     | 22/50 [03:05<03:46,  8.07s/it][A
 46%|████▌     | 23/50 [03:14<03:41,  8.21s/it][A
 48%|████▊     | 24/50 [03:23<03:37,  8.35s/it][A
 50%|█████     | 25/50 [03:31<03:30,  8.43s/it][A
 52%|█████▏    | 26/50 [03:40<03:23,  8.50s/it][A
 54%|█████▍    | 27/50 [03:49<03:18,  8.62s/it][A
 56%|█████▌    | 28/50 [03:57<03:10,  8.65s/it][A
 58%|█████▊    | 29/50 [04:06<03:01,  8.63s/it][A
 60%|██████    | 30/50 [04:15<02:52,  8.61s/it][A
 62%|██████▏   | 31/50 [04:23<02:43,  8.60s/it][A
 64%|██████▍   | 32/50 [04:32<02:35,  8.61s/it][A
 66%|██████▌   | 33/50 [04:40<02:25,  8.58s/it][A
 68%|██████▊   | 34/50 [04:49<02:16,  8.54s/it][A
 70%|███████   | 35/50 [04:57<02:08,  8.55s/it][A
 72%|███████▏  | 36/50 [05:06<01:59,  8.55s/it][A
 74%|███████▍  | 37/50 [05:14<01:51,  8.56s/it][A
 76%|███████▌  | 38/50 [05:23<01:42,  8.58s/it][A
 78%|███████▊  | 39/50 [05:32<01:34,  8.60s/it][A
 80%|████████  | 40/50 [05:40<01:26,  8.62s/it][A
 82%|████████▏ | 41/50 [05:49<01:17,  8.64s/it][A
 84%|████████▍ | 42/50 [05:58<01:09,  8.64s/it][A
 86%|████████▌ | 43/50 [06:06<01:00,  8.63s/it][A
 88%|████████▊ | 44/50 [06:15<00:51,  8.62s/it][A
 90%|█████████ | 45/50 [06:23<00:43,  8.60s/it][A
 92%|█████████▏| 46/50 [06:32<00:34,  8.60s/it][A
 94%|█████████▍| 47/50 [06:41<00:25,  8.62s/it][A
 96%|█████████▌| 48/50 [06:49<00:17,  8.61s/it][A
 98%|█████████▊| 49/50 [06:58<00:08,  8.63s/it][A
100%|██████████| 50/50 [07:07<00:00,  8.64s/it][A
100%|██████████| 50/50 [07:07<00:00,  8.54s/it]
offline:  30%|███       | 300000/1000000 [1:25:59<3022:04:09, 15.54s/it, eval_success=0.040]
offline:  30%|███       | 300013/1000000 [1:26:00<1805:07:13,  9.28s/it, eval_success=0.040]
offline:  30%|███       | 300023/1000000 [1:26:00<1252:03:59,  6.44s/it, eval_success=0.040]
offline:  30%|███       | 300032/1000000 [1:26:00<898:30:36,  4.62s/it, eval_success=0.040] 
offline:  30%|███       | 300041/1000000 [1:26:00<640:45:07,  3.30s/it, eval_success=0.040]
offline:  30%|███       | 300049/1000000 [1:26:00<470:02:10,  2.42s/it, eval_success=0.040]
offline:  30%|███       | 300058/1000000 [1:26:00<329:21:42,  1.69s/it, eval_success=0.040]
offline:  30%|███       | 300067/1000000 [1:26:00<231:02:47,  1.19s/it, eval_success=0.040]
  2%|▏         | 1/50 [00:05<04:12,  5.15s/it][A
  4%|▍         | 2/50 [00:10<04:09,  5.19s/it][A
  6%|▌         | 3/50 [00:15<04:03,  5.17s/it][A
  8%|▊         | 4/50 [00:20<03:57,  5.16s/it][A
 10%|█         | 5/50 [00:25<03:51,  5.14s/it][A
 12%|█▏        | 6/50 [00:30<03:45,  5.13s/it][A
 14%|█▍        | 7/50 [00:36<03:40,  5.13s/it][A
 16%|█▌        | 8/50 [00:41<03:34,  5.11s/it][A
 18%|█▊        | 9/50 [00:46<03:29,  5.12s/it][A
 20%|██        | 10/50 [00:50<03:18,  4.96s/it][A
 22%|██▏       | 11/50 [00:54<02:59,  4.60s/it][A
 24%|██▍       | 12/50 [00:58<02:44,  4.34s/it][A
 26%|██▌       | 13/50 [01:02<02:35,  4.20s/it][A
 28%|██▊       | 14/50 [01:06<02:27,  4.10s/it][A
 30%|███       | 15/50 [01:09<02:18,  3.95s/it][A
 32%|███▏      | 16/50 [01:13<02:11,  3.86s/it][A
 34%|███▍      | 17/50 [01:16<02:04,  3.79s/it][A
 36%|███▌      | 18/50 [01:20<02:00,  3.75s/it][A
 38%|███▊      | 19/50 [01:24<01:57,  3.79s/it][A
 40%|████      | 20/50 [01:26<01:41,  3.37s/it][A
 42%|████▏     | 21/50 [01:29<01:34,  3.26s/it][A
 44%|████▍     | 22/50 [01:33<01:36,  3.45s/it][A
 46%|████▌     | 23/50 [01:37<01:37,  3.62s/it][A
 48%|████▊     | 24/50 [01:41<01:36,  3.72s/it][A
 50%|█████     | 25/50 [01:45<01:33,  3.74s/it][A
 52%|█████▏    | 26/50 [01:49<01:29,  3.74s/it][A
 54%|█████▍    | 27/50 [01:53<01:25,  3.74s/it][A
 56%|█████▌    | 28/50 [01:57<01:25,  3.88s/it][A
 58%|█████▊    | 29/50 [02:01<01:21,  3.89s/it][A
 60%|██████    | 30/50 [02:04<01:17,  3.87s/it][A
 62%|██████▏   | 31/50 [02:08<01:13,  3.88s/it][A
 64%|██████▍   | 32/50 [02:13<01:13,  4.10s/it][A
 66%|██████▌   | 33/50 [02:18<01:15,  4.45s/it][A
 68%|██████▊   | 34/50 [02:24<01:15,  4.72s/it][A
 70%|███████   | 35/50 [02:30<01:19,  5.32s/it][A
 72%|███████▏  | 36/50 [02:37<01:20,  5.72s/it][A
 74%|███████▍  | 37/50 [02:44<01:18,  6.03s/it][A
 76%|███████▌  | 38/50 [02:50<01:14,  6.21s/it][A
 78%|███████▊  | 39/50 [02:57<01:09,  6.35s/it][A
 80%|████████  | 40/50 [03:04<01:04,  6.45s/it][A
 82%|████████▏ | 41/50 [03:10<00:58,  6.51s/it][A
 84%|████████▍ | 42/50 [03:17<00:52,  6.56s/it][A
 86%|████████▌ | 43/50 [03:24<00:46,  6.60s/it][A
 88%|████████▊ | 44/50 [03:30<00:39,  6.63s/it][A
 90%|█████████ | 45/50 [03:37<00:33,  6.63s/it][A
 92%|█████████▏| 46/50 [03:44<00:26,  6.64s/it][A
 94%|█████████▍| 47/50 [03:50<00:19,  6.59s/it][A
 96%|█████████▌| 48/50 [03:57<00:13,  6.56s/it][A
 98%|█████████▊| 49/50 [04:03<00:06,  6.51s/it][A
100%|██████████| 50/50 [04:10<00:00,  6.52s/it][A
100%|██████████| 50/50 [04:10<00:00,  5.00s/it]
offline:  40%|████      | 400000/1000000 [1:54:04<1241:55:00,  7.45s/it, eval_success=0.000]
offline:  40%|████      | 400015/1000000 [1:54:04<759:06:21,  4.55s/it, eval_success=0.000] 
offline:  40%|████      | 400028/1000000 [1:54:04<512:48:57,  3.08s/it, eval_success=0.000]
offline:  40%|████      | 400040/1000000 [1:54:04<359:23:58,  2.16s/it, eval_success=0.000]
offline:  40%|████      | 400052/1000000 [1:54:04<251:58:45,  1.51s/it, eval_success=0.000]
offline:  40%|████      | 400064/1000000 [1:54:05<177:03:19,  1.06s/it, eval_success=0.000]
  2%|▏         | 1/50 [00:06<05:07,  6.28s/it][A
  4%|▍         | 2/50 [00:12<05:03,  6.32s/it][A
  6%|▌         | 3/50 [00:18<04:57,  6.33s/it][A
  8%|▊         | 4/50 [00:25<04:51,  6.33s/it][A
 10%|█         | 5/50 [00:31<04:44,  6.31s/it][A
 12%|█▏        | 6/50 [00:37<04:36,  6.29s/it][A
 14%|█▍        | 7/50 [00:44<04:30,  6.28s/it][A
 16%|█▌        | 8/50 [00:49<04:12,  6.01s/it][A
 18%|█▊        | 9/50 [00:53<03:40,  5.37s/it][A
 20%|██        | 10/50 [00:57<03:20,  5.02s/it][A
 22%|██▏       | 11/50 [01:01<03:00,  4.63s/it][A
 24%|██▍       | 12/50 [01:05<02:52,  4.53s/it][A
 26%|██▌       | 13/50 [01:09<02:43,  4.42s/it][A
 28%|██▊       | 14/50 [01:14<02:38,  4.40s/it][A
 30%|███       | 15/50 [01:20<02:51,  4.89s/it][A
 32%|███▏      | 16/50 [01:26<03:01,  5.33s/it][A
 34%|███▍      | 17/50 [01:32<03:05,  5.62s/it][A
 36%|███▌      | 18/50 [01:39<03:07,  5.87s/it][A
 38%|███▊      | 19/50 [01:45<03:06,  6.03s/it][A
 40%|████      | 20/50 [01:52<03:03,  6.11s/it][A
 42%|████▏     | 21/50 [01:58<02:59,  6.20s/it][A
 44%|████▍     | 22/50 [02:04<02:54,  6.24s/it][A
 46%|████▌     | 23/50 [02:11<02:49,  6.27s/it][A
 48%|████▊     | 24/50 [02:17<02:43,  6.29s/it][A
 50%|█████     | 25/50 [02:22<02:29,  5.99s/it][A
 52%|█████▏    | 26/50 [02:27<02:15,  5.65s/it][A
 54%|█████▍    | 27/50 [02:32<02:04,  5.41s/it][A
 56%|█████▌    | 28/50 [02:37<01:54,  5.20s/it][A
 58%|█████▊    | 29/50 [02:46<02:12,  6.29s/it][A
 60%|██████    | 30/50 [02:55<02:24,  7.21s/it][A
 62%|██████▏   | 31/50 [03:04<02:29,  7.87s/it][A
 64%|██████▍   | 32/50 [03:12<02:21,  7.87s/it][A
 66%|██████▌   | 33/50 [03:19<02:08,  7.56s/it][A
 68%|██████▊   | 34/50 [03:26<01:57,  7.35s/it][A
 70%|███████   | 35/50 [03:33<01:47,  7.20s/it][A
 72%|███████▏  | 36/50 [03:40<01:39,  7.11s/it][A
 74%|███████▍  | 37/50 [03:47<01:31,  7.06s/it][A
 76%|███████▌  | 38/50 [03:53<01:23,  6.96s/it][A
 78%|███████▊  | 39/50 [04:00<01:14,  6.82s/it][A
 80%|████████  | 40/50 [04:06<01:07,  6.72s/it][A
 82%|████████▏ | 41/50 [04:13<00:59,  6.67s/it][A
 84%|████████▍ | 42/50 [04:19<00:52,  6.60s/it][A
 86%|████████▌ | 43/50 [04:26<00:46,  6.58s/it][A
 88%|████████▊ | 44/50 [04:32<00:39,  6.57s/it][A
 90%|█████████ | 45/50 [04:39<00:32,  6.55s/it][A
 92%|█████████▏| 46/50 [04:45<00:26,  6.53s/it][A
 94%|█████████▍| 47/50 [04:52<00:19,  6.53s/it][A
 96%|█████████▌| 48/50 [05:02<00:15,  7.65s/it][A
 98%|█████████▊| 49/50 [05:13<00:08,  8.60s/it][A
100%|██████████| 50/50 [05:24<00:00,  9.28s/it][A
100%|██████████| 50/50 [05:24<00:00,  6.49s/it]
offline:  50%|█████     | 500000/1000000 [2:19:42<1681:45:01, 12.11s/it, eval_success=0.000]
offline:  50%|█████     | 500012/1000000 [2:19:42<1026:32:54,  7.39s/it, eval_success=0.000]
offline:  50%|█████     | 500022/1000000 [2:19:42<701:44:33,  5.05s/it, eval_success=0.000] 
offline:  50%|█████     | 500031/1000000 [2:19:42<499:13:17,  3.59s/it, eval_success=0.000]
offline:  50%|█████     | 500041/1000000 [2:19:42<342:29:54,  2.47s/it, eval_success=0.000]
offline:  50%|█████     | 500050/1000000 [2:19:42<244:25:10,  1.76s/it, eval_success=0.000]
offline:  50%|█████     | 500060/1000000 [2:19:43<168:10:22,  1.21s/it, eval_success=0.000]
  2%|▏         | 1/50 [00:04<03:58,  4.87s/it][A
  4%|▍         | 2/50 [00:09<03:55,  4.90s/it][A
  6%|▌         | 3/50 [00:14<03:50,  4.91s/it][A
  8%|▊         | 4/50 [00:19<03:44,  4.88s/it][A
 10%|█         | 5/50 [00:24<03:38,  4.85s/it][A
 12%|█▏        | 6/50 [00:29<03:34,  4.87s/it][A
 14%|█▍        | 7/50 [00:34<03:30,  4.88s/it][A
 16%|█▌        | 8/50 [00:39<03:24,  4.87s/it][A
 18%|█▊        | 9/50 [00:43<03:20,  4.89s/it][A
 20%|██        | 10/50 [00:50<03:34,  5.36s/it][A
 22%|██▏       | 11/50 [00:57<03:45,  5.79s/it][A
 24%|██▍       | 12/50 [01:03<03:51,  6.08s/it][A
 26%|██▌       | 13/50 [01:10<03:53,  6.30s/it][A
 28%|██▊       | 14/50 [01:17<03:51,  6.44s/it][A
 30%|███       | 15/50 [01:24<03:49,  6.55s/it][A
 32%|███▏      | 16/50 [01:31<03:45,  6.63s/it][A
 34%|███▍      | 17/50 [01:37<03:40,  6.68s/it][A
 36%|███▌      | 18/50 [01:44<03:34,  6.69s/it][A
 38%|███▊      | 19/50 [01:51<03:27,  6.70s/it][A
 40%|████      | 20/50 [01:58<03:22,  6.75s/it][A
 42%|████▏     | 21/50 [02:04<03:15,  6.74s/it][A
 44%|████▍     | 22/50 [02:11<03:08,  6.73s/it][A
 46%|████▌     | 23/50 [02:18<03:02,  6.75s/it][A
 48%|████▊     | 24/50 [02:25<02:55,  6.75s/it][A
 50%|█████     | 25/50 [02:31<02:49,  6.77s/it][A
 52%|█████▏    | 26/50 [02:38<02:42,  6.77s/it][A
 54%|█████▍    | 27/50 [02:45<02:35,  6.77s/it][A
 56%|█████▌    | 28/50 [02:52<02:28,  6.77s/it][A
 58%|█████▊    | 29/50 [02:58<02:21,  6.76s/it][A
 60%|██████    | 30/50 [03:05<02:15,  6.77s/it][A
 62%|██████▏   | 31/50 [03:13<02:16,  7.16s/it][A
 64%|██████▍   | 32/50 [03:22<02:17,  7.65s/it][A
 66%|██████▌   | 33/50 [03:32<02:19,  8.21s/it][A
 68%|██████▊   | 34/50 [03:42<02:23,  8.94s/it][A
 70%|███████   | 35/50 [03:53<02:22,  9.47s/it][A
 72%|███████▏  | 36/50 [04:04<02:17,  9.83s/it][A
 74%|███████▍  | 37/50 [04:14<02:11, 10.11s/it][A
 76%|███████▌  | 38/50 [04:25<02:03, 10.28s/it][A
 78%|███████▊  | 39/50 [04:36<01:54, 10.43s/it][A
 80%|████████  | 40/50 [04:47<01:45, 10.58s/it][A
 82%|████████▏ | 41/50 [04:58<01:35, 10.63s/it][A
 84%|████████▍ | 42/50 [05:08<01:25, 10.66s/it][A
 86%|████████▌ | 43/50 [05:19<01:14, 10.67s/it][A
 88%|████████▊ | 44/50 [05:30<01:04, 10.70s/it][A
 90%|█████████ | 45/50 [05:40<00:53, 10.68s/it][A
 92%|█████████▏| 46/50 [05:51<00:43, 10.80s/it][A
 94%|█████████▍| 47/50 [06:04<00:34, 11.38s/it][A
 96%|█████████▌| 48/50 [06:19<00:24, 12.26s/it][A
 98%|█████████▊| 49/50 [06:33<00:12, 12.99s/it][A
100%|██████████| 50/50 [06:48<00:00, 13.49s/it][A
100%|██████████| 50/50 [06:48<00:00,  8.17s/it]
offline:  60%|██████    | 600000/1000000 [2:52:29<1076:05:30,  9.68s/it, eval_success=0.000]
offline:  60%|██████    | 600009/1000000 [2:52:29<825:12:52,  7.43s/it, eval_success=0.000] 
offline:  60%|██████    | 600020/1000000 [2:52:29<586:52:27,  5.28s/it, eval_success=0.000]
offline:  60%|██████    | 600030/1000000 [2:52:29<427:03:04,  3.84s/it, eval_success=0.000]
offline:  60%|██████    | 600039/1000000 [2:52:29<316:35:29,  2.85s/it, eval_success=0.000]
offline:  60%|██████    | 600047/1000000 [2:52:30<238:32:38,  2.15s/it, eval_success=0.000]
offline:  60%|██████    | 600054/1000000 [2:52:30<182:32:16,  1.64s/it, eval_success=0.000]
offline:  60%|██████    | 600061/1000000 [2:52:30<136:51:48,  1.23s/it, eval_success=0.000]
  2%|▏         | 1/50 [00:06<05:33,  6.81s/it][A
  4%|▍         | 2/50 [00:13<05:26,  6.79s/it][A
  6%|▌         | 3/50 [00:20<05:20,  6.82s/it][A
  8%|▊         | 4/50 [00:27<05:13,  6.82s/it][A
 10%|█         | 5/50 [00:34<05:06,  6.81s/it][A
 12%|█▏        | 6/50 [00:40<04:59,  6.81s/it][A
 14%|█▍        | 7/50 [00:47<04:52,  6.80s/it][A
 16%|█▌        | 8/50 [00:54<04:45,  6.79s/it][A
 18%|█▊        | 9/50 [01:01<04:38,  6.80s/it][A
 20%|██        | 10/50 [01:08<04:32,  6.80s/it][A
 22%|██▏       | 11/50 [01:14<04:23,  6.76s/it][A
 24%|██▍       | 12/50 [01:21<04:16,  6.76s/it][A
 26%|██▌       | 13/50 [01:28<04:11,  6.80s/it][A
 28%|██▊       | 14/50 [01:35<04:03,  6.77s/it][A
 30%|███       | 15/50 [01:41<03:57,  6.79s/it][A
 32%|███▏      | 16/50 [01:48<03:50,  6.78s/it][A
 34%|███▍      | 17/50 [01:55<03:44,  6.81s/it][A
 36%|███▌      | 18/50 [02:02<03:37,  6.79s/it][A
 38%|███▊      | 19/50 [02:09<03:30,  6.78s/it][A
 40%|████      | 20/50 [02:15<03:23,  6.79s/it][A
 42%|████▏     | 21/50 [02:22<03:16,  6.78s/it][A
 44%|████▍     | 22/50 [02:29<03:09,  6.79s/it][A
 46%|████▌     | 23/50 [02:36<03:03,  6.79s/it][A
 48%|████▊     | 24/50 [02:43<02:56,  6.80s/it][A
 50%|█████     | 25/50 [02:49<02:47,  6.72s/it][A
 52%|█████▏    | 26/50 [02:55<02:36,  6.54s/it][A
 54%|█████▍    | 27/50 [03:02<02:32,  6.61s/it][A
 56%|█████▌    | 28/50 [03:09<02:26,  6.66s/it][A
 58%|█████▊    | 29/50 [03:15<02:20,  6.69s/it][A
 60%|██████    | 30/50 [03:24<02:23,  7.19s/it][A
 62%|██████▏   | 31/50 [03:33<02:25,  7.64s/it][A
 64%|██████▍   | 32/50 [03:41<02:23,  7.97s/it][A
 66%|██████▌   | 33/50 [03:50<02:19,  8.21s/it][A
 68%|██████▊   | 34/50 [03:59<02:13,  8.36s/it][A
 70%|███████   | 35/50 [04:08<02:07,  8.48s/it][A
 72%|███████▏  | 36/50 [04:16<01:59,  8.57s/it][A
 74%|███████▍  | 37/50 [04:25<01:51,  8.60s/it][A
 76%|███████▌  | 38/50 [04:34<01:43,  8.65s/it][A
 78%|███████▊  | 39/50 [04:42<01:35,  8.67s/it][A
 80%|████████  | 40/50 [04:51<01:26,  8.68s/it][A
 82%|████████▏ | 41/50 [05:00<01:18,  8.70s/it][A
 84%|████████▍ | 42/50 [05:09<01:09,  8.72s/it][A
 86%|████████▌ | 43/50 [05:17<01:01,  8.74s/it][A
 88%|████████▊ | 44/50 [05:26<00:52,  8.75s/it][A
 90%|█████████ | 45/50 [05:36<00:45,  9.09s/it][A
 92%|█████████▏| 46/50 [05:47<00:38,  9.58s/it][A
 94%|█████████▍| 47/50 [05:58<00:30, 10.11s/it][A
 96%|█████████▌| 48/50 [06:11<00:21, 10.90s/it][A
 98%|█████████▊| 49/50 [06:24<00:11, 11.46s/it][A
100%|██████████| 50/50 [06:36<00:00, 11.85s/it][A
100%|██████████| 50/50 [06:36<00:00,  7.94s/it]
offline:  70%|███████   | 700000/1000000 [3:25:40<1056:34:54, 12.68s/it, eval_success=0.000]
offline:  70%|███████   | 700011/1000000 [3:25:41<704:02:51,  8.45s/it, eval_success=0.000] 
offline:  70%|███████   | 700021/1000000 [3:25:41<491:32:40,  5.90s/it, eval_success=0.000]
offline:  70%|███████   | 700030/1000000 [3:25:41<354:20:21,  4.25s/it, eval_success=0.000]
offline:  70%|███████   | 700038/1000000 [3:25:41<261:45:22,  3.14s/it, eval_success=0.000]
offline:  70%|███████   | 700045/1000000 [3:25:41<197:28:18,  2.37s/it, eval_success=0.000]
offline:  70%|███████   | 700052/1000000 [3:25:41<146:28:14,  1.76s/it, eval_success=0.000]
offline:  70%|███████   | 700059/1000000 [3:25:41<107:05:08,  1.29s/it, eval_success=0.000]
  2%|▏         | 1/50 [00:06<05:34,  6.83s/it][A
  4%|▍         | 2/50 [00:13<05:28,  6.85s/it][A
  6%|▌         | 3/50 [00:20<05:21,  6.85s/it][A
  8%|▊         | 4/50 [00:27<05:14,  6.84s/it][A
 10%|█         | 5/50 [00:34<05:07,  6.83s/it][A
 12%|█▏        | 6/50 [00:41<05:02,  6.88s/it][A
 14%|█▍        | 7/50 [00:47<04:55,  6.87s/it][A
 16%|█▌        | 8/50 [00:54<04:48,  6.87s/it][A
 18%|█▊        | 9/50 [01:00<04:23,  6.43s/it][A
 20%|██        | 10/50 [01:07<04:22,  6.57s/it][A
 22%|██▏       | 11/50 [01:14<04:21,  6.71s/it][A
 24%|██▍       | 12/50 [01:21<04:17,  6.76s/it][A
 26%|██▌       | 13/50 [01:27<04:11,  6.78s/it][A
 28%|██▊       | 14/50 [01:34<04:04,  6.79s/it][A
 30%|███       | 15/50 [01:41<03:57,  6.79s/it][A
 32%|███▏      | 16/50 [01:48<03:51,  6.80s/it][A
 34%|███▍      | 17/50 [01:55<03:43,  6.78s/it][A
 36%|███▌      | 18/50 [02:01<03:37,  6.78s/it][A
 38%|███▊      | 19/50 [02:08<03:30,  6.80s/it][A
 40%|████      | 20/50 [02:15<03:25,  6.86s/it][A
 42%|████▏     | 21/50 [02:22<03:18,  6.85s/it][A
 44%|████▍     | 22/50 [02:29<03:11,  6.84s/it][A
 46%|████▌     | 23/50 [02:36<03:04,  6.83s/it][A
 48%|████▊     | 24/50 [02:43<02:58,  6.85s/it][A
 50%|█████     | 25/50 [02:49<02:51,  6.84s/it][A
 52%|█████▏    | 26/50 [02:56<02:44,  6.84s/it][A
 54%|█████▍    | 27/50 [03:03<02:36,  6.81s/it][A
 56%|█████▌    | 28/50 [03:10<02:30,  6.83s/it][A
 58%|█████▊    | 29/50 [03:18<02:31,  7.23s/it][A
 60%|██████    | 30/50 [03:27<02:34,  7.72s/it][A
 62%|██████▏   | 31/50 [03:36<02:32,  8.04s/it][A
 64%|██████▍   | 32/50 [03:45<02:29,  8.29s/it][A
 66%|██████▌   | 33/50 [03:53<02:24,  8.47s/it][A
 68%|██████▊   | 34/50 [04:02<02:17,  8.58s/it][A
 70%|███████   | 35/50 [04:11<02:08,  8.55s/it][A
 72%|███████▏  | 36/50 [04:18<01:56,  8.30s/it][A
 74%|███████▍  | 37/50 [04:27<01:49,  8.45s/it][A
 76%|███████▌  | 38/50 [04:36<01:42,  8.55s/it][A
 78%|███████▊  | 39/50 [04:45<01:35,  8.68s/it][A
 80%|████████  | 40/50 [04:54<01:27,  8.74s/it][A
 82%|████████▏ | 41/50 [05:03<01:18,  8.77s/it][A
 84%|████████▍ | 42/50 [05:12<01:10,  8.81s/it][A
 86%|████████▌ | 43/50 [05:20<01:01,  8.80s/it][A
 88%|████████▊ | 44/50 [05:31<00:56,  9.38s/it][A
 90%|█████████ | 45/50 [05:42<00:49,  9.80s/it][A
 92%|█████████▏| 46/50 [05:53<00:40, 10.17s/it][A
 94%|█████████▍| 47/50 [06:06<00:32, 10.87s/it][A
 96%|█████████▌| 48/50 [06:18<00:22, 11.43s/it][A
 98%|█████████▊| 49/50 [06:31<00:11, 11.82s/it][A
100%|██████████| 50/50 [06:46<00:00, 12.67s/it][A
100%|██████████| 50/50 [06:46<00:00,  8.12s/it]
offline:  80%|████████  | 800000/1000000 [3:59:08<867:27:47, 15.61s/it, eval_success=0.060]
offline:  80%|████████  | 800012/1000000 [3:59:08<523:18:04,  9.42s/it, eval_success=0.060]
offline:  80%|████████  | 800022/1000000 [3:59:09<355:47:01,  6.40s/it, eval_success=0.060]
offline:  80%|████████  | 800031/1000000 [3:59:09<252:09:39,  4.54s/it, eval_success=0.060]
offline:  80%|████████  | 800039/1000000 [3:59:09<184:12:17,  3.32s/it, eval_success=0.060]
offline:  80%|████████  | 800046/1000000 [3:59:09<138:00:43,  2.48s/it, eval_success=0.060]
offline:  80%|████████  | 800052/1000000 [3:59:09<105:39:34,  1.90s/it, eval_success=0.060]
offline:  80%|████████  | 800059/1000000 [3:59:09<76:04:37,  1.37s/it, eval_success=0.060] 
offline:  80%|████████  | 800065/1000000 [3:59:09<56:47:14,  1.02s/it, eval_success=0.060]
  2%|▏         | 1/50 [00:05<04:44,  5.81s/it][A
  4%|▍         | 2/50 [00:11<04:26,  5.56s/it][A
  6%|▌         | 3/50 [00:16<04:14,  5.41s/it][A
  8%|▊         | 4/50 [00:21<04:06,  5.35s/it][A
 10%|█         | 5/50 [00:26<03:57,  5.29s/it][A
 12%|█▏        | 6/50 [00:32<03:52,  5.29s/it][A
 14%|█▍        | 7/50 [00:37<03:46,  5.26s/it][A
 16%|█▌        | 8/50 [00:40<03:17,  4.71s/it][A
 18%|█▊        | 9/50 [00:45<03:07,  4.57s/it][A
 20%|██        | 10/50 [00:49<03:04,  4.62s/it][A
 22%|██▏       | 11/50 [00:55<03:08,  4.83s/it][A
 24%|██▍       | 12/50 [01:00<03:08,  4.95s/it][A
 26%|██▌       | 13/50 [01:04<02:58,  4.82s/it][A
 28%|██▊       | 14/50 [01:10<02:56,  4.92s/it][A
 30%|███       | 15/50 [01:14<02:49,  4.84s/it][A
 32%|███▏      | 16/50 [01:19<02:48,  4.95s/it][A
 34%|███▍      | 17/50 [01:25<02:46,  5.05s/it][A
 36%|███▌      | 18/50 [01:29<02:35,  4.85s/it][A
 38%|███▊      | 19/50 [01:35<02:43,  5.26s/it][A
 40%|████      | 20/50 [01:42<02:51,  5.71s/it][A
 42%|████▏     | 21/50 [01:48<02:43,  5.62s/it][A
 44%|████▍     | 22/50 [01:53<02:33,  5.50s/it][A
 46%|████▌     | 23/50 [01:58<02:26,  5.43s/it][A
 48%|████▊     | 24/50 [02:03<02:20,  5.41s/it][A
 50%|█████     | 25/50 [02:09<02:14,  5.39s/it][A
 52%|█████▏    | 26/50 [02:14<02:08,  5.36s/it][A
 54%|█████▍    | 27/50 [02:19<02:02,  5.31s/it][A
 56%|█████▌    | 28/50 [02:24<01:56,  5.29s/it][A
 58%|█████▊    | 29/50 [02:31<01:57,  5.61s/it][A
 60%|██████    | 30/50 [02:38<01:59,  5.99s/it][A
 62%|██████▏   | 31/50 [02:44<01:58,  6.24s/it][A
 64%|██████▍   | 32/50 [02:51<01:55,  6.43s/it][A
 66%|██████▌   | 33/50 [02:58<01:51,  6.57s/it][A
 68%|██████▊   | 34/50 [03:05<01:46,  6.67s/it][A
 70%|███████   | 35/50 [03:11<01:37,  6.47s/it][A
 72%|███████▏  | 36/50 [03:19<01:34,  6.78s/it][A
 74%|███████▍  | 37/50 [03:26<01:31,  7.04s/it][A
 76%|███████▌  | 38/50 [03:35<01:31,  7.65s/it][A
 78%|███████▊  | 39/50 [03:45<01:29,  8.15s/it][A
 80%|████████  | 40/50 [03:52<01:18,  7.84s/it][A
 82%|████████▏ | 41/50 [04:00<01:10,  7.87s/it][A
 84%|████████▍ | 42/50 [04:09<01:05,  8.19s/it][A
 86%|████████▌ | 43/50 [04:18<00:58,  8.38s/it][A
 88%|████████▊ | 44/50 [04:27<00:52,  8.78s/it][A
 90%|█████████ | 45/50 [04:38<00:47,  9.44s/it][A
 92%|█████████▏| 46/50 [04:49<00:39,  9.92s/it][A
 94%|█████████▍| 47/50 [04:58<00:28,  9.60s/it][A
 96%|█████████▌| 48/50 [05:09<00:19, 10.00s/it][A
 98%|█████████▊| 49/50 [05:22<00:10, 10.89s/it][A
100%|██████████| 50/50 [05:35<00:00, 11.51s/it][A
100%|██████████| 50/50 [05:35<00:00,  6.71s/it]
offline:  90%|█████████ | 900000/1000000 [4:31:01<325:37:49, 11.72s/it, eval_success=0.360]
offline:  90%|█████████ | 900012/1000000 [4:31:01<203:50:27,  7.34s/it, eval_success=0.360]
offline:  90%|█████████ | 900022/1000000 [4:31:01<141:09:58,  5.08s/it, eval_success=0.360]
offline:  90%|█████████ | 900031/1000000 [4:31:01<101:13:50,  3.65s/it, eval_success=0.360]
offline:  90%|█████████ | 900039/1000000 [4:31:02<74:32:38,  2.68s/it, eval_success=0.360] 
offline:  90%|█████████ | 900046/1000000 [4:31:02<56:06:42,  2.02s/it, eval_success=0.360]
offline:  90%|█████████ | 900053/1000000 [4:31:02<41:31:06,  1.50s/it, eval_success=0.360]
offline:  90%|█████████ | 900060/1000000 [4:31:02<30:20:09,  1.09s/it, eval_success=0.360]
  2%|▏         | 1/50 [00:07<05:49,  7.12s/it][A
  4%|▍         | 2/50 [00:13<05:33,  6.95s/it][A
  6%|▌         | 3/50 [00:21<05:30,  7.03s/it][A
  8%|▊         | 4/50 [00:28<05:23,  7.04s/it][A
 10%|█         | 5/50 [00:35<05:22,  7.16s/it][A
 12%|█▏        | 6/50 [00:40<04:45,  6.48s/it][A
 14%|█▍        | 7/50 [00:46<04:31,  6.31s/it][A
 16%|█▌        | 8/50 [00:53<04:36,  6.57s/it][A
 18%|█▊        | 9/50 [01:00<04:36,  6.74s/it][A
 20%|██        | 10/50 [01:07<04:34,  6.85s/it][A
 22%|██▏       | 11/50 [01:13<04:09,  6.39s/it][A
 24%|██▍       | 12/50 [01:19<04:05,  6.45s/it][A
 26%|██▌       | 13/50 [01:27<04:06,  6.65s/it][A
 28%|██▊       | 14/50 [01:34<04:04,  6.79s/it][A
 30%|███       | 15/50 [01:41<04:00,  6.88s/it][A
 32%|███▏      | 16/50 [01:48<03:57,  6.97s/it][A
 34%|███▍      | 17/50 [01:55<03:51,  7.01s/it][A
 36%|███▌      | 18/50 [02:02<03:45,  7.05s/it][A
 38%|███▊      | 19/50 [02:08<03:31,  6.81s/it][A
 40%|████      | 20/50 [02:15<03:26,  6.89s/it][A
 42%|████▏     | 21/50 [02:23<03:21,  6.95s/it][A
 44%|████▍     | 22/50 [02:30<03:16,  7.02s/it][A
 46%|████▌     | 23/50 [02:37<03:10,  7.07s/it][A
 48%|████▊     | 24/50 [02:44<03:03,  7.07s/it][A
 50%|█████     | 25/50 [02:51<02:57,  7.11s/it][A
 52%|█████▏    | 26/50 [02:58<02:50,  7.12s/it][A
 54%|█████▍    | 27/50 [03:06<02:44,  7.14s/it][A
 56%|█████▌    | 28/50 [03:13<02:36,  7.13s/it][A
 58%|█████▊    | 29/50 [03:20<02:29,  7.13s/it][A
 60%|██████    | 30/50 [03:29<02:33,  7.67s/it][A
 62%|██████▏   | 31/50 [03:38<02:34,  8.15s/it][A
 64%|██████▍   | 32/50 [03:47<02:30,  8.38s/it][A
 66%|██████▌   | 33/50 [03:56<02:27,  8.66s/it][A
 68%|██████▊   | 34/50 [04:05<02:21,  8.82s/it][A
 70%|███████   | 35/50 [04:15<02:14,  8.94s/it][A
 72%|███████▏  | 36/50 [04:24<02:06,  9.01s/it][A
 74%|███████▍  | 37/50 [04:33<01:57,  9.04s/it][A
 76%|███████▌  | 38/50 [04:44<01:56,  9.67s/it][A
 78%|███████▊  | 39/50 [04:55<01:51, 10.14s/it][A
 80%|████████  | 40/50 [05:06<01:44, 10.43s/it][A
 82%|████████▏ | 41/50 [05:18<01:35, 10.65s/it][A
 84%|████████▍ | 42/50 [05:30<01:30, 11.29s/it][A
 86%|████████▌ | 43/50 [05:44<01:23, 11.89s/it][A
 88%|████████▊ | 44/50 [05:56<01:11, 11.99s/it][A
 90%|█████████ | 45/50 [06:07<00:58, 11.77s/it][A
 92%|█████████▏| 46/50 [06:17<00:44, 11.12s/it][A
 94%|█████████▍| 47/50 [06:28<00:33, 11.17s/it][A
 96%|█████████▌| 48/50 [06:39<00:22, 11.18s/it][A
 98%|█████████▊| 49/50 [06:52<00:11, 11.73s/it][A
100%|██████████| 50/50 [07:05<00:00, 12.18s/it][A
100%|██████████| 50/50 [07:05<00:00,  8.52s/it]
offline: 100%|█████████▉| 999999/1000000 [5:06:36<00:17, 17.14s/it, eval_success=0.180]
  2%|▏         | 1/50 [00:13<10:55, 13.38s/it][A
  4%|▍         | 2/50 [00:26<10:43, 13.40s/it][A
  6%|▌         | 3/50 [00:40<10:31, 13.43s/it][A
  8%|▊         | 4/50 [00:53<10:16, 13.41s/it][A
 10%|█         | 5/50 [01:06<10:01, 13.37s/it][A
 12%|█▏        | 6/50 [01:18<09:18, 12.70s/it][A
 14%|█▍        | 7/50 [01:31<09:09, 12.78s/it][A
 16%|█▌        | 8/50 [01:44<08:57, 12.79s/it][A
 18%|█▊        | 9/50 [01:55<08:28, 12.41s/it][A
 20%|██        | 10/50 [02:06<07:54, 11.85s/it][A
 22%|██▏       | 11/50 [02:17<07:30, 11.55s/it][A
 24%|██▍       | 12/50 [02:28<07:10, 11.34s/it][A
 26%|██▌       | 13/50 [02:38<06:54, 11.21s/it][A
 28%|██▊       | 14/50 [02:48<06:29, 10.81s/it][A
 30%|███       | 15/50 [02:59<06:19, 10.83s/it][A
 32%|███▏      | 16/50 [03:10<06:09, 10.85s/it][A
 34%|███▍      | 17/50 [03:21<05:58, 10.86s/it][A
 36%|███▌      | 18/50 [03:32<05:47, 10.86s/it][A
 38%|███▊      | 19/50 [03:43<05:36, 10.87s/it][A
 40%|████      | 20/50 [03:54<05:25, 10.86s/it][A
 42%|████▏     | 21/50 [04:04<05:15, 10.87s/it][A
 44%|████▍     | 22/50 [04:15<05:04, 10.88s/it][A
 46%|████▌     | 23/50 [04:26<04:53, 10.88s/it][A
 48%|████▊     | 24/50 [04:37<04:42, 10.87s/it][A
 50%|█████     | 25/50 [04:48<04:31, 10.86s/it][A
 52%|█████▏    | 26/50 [04:59<04:21, 10.88s/it][A
 54%|█████▍    | 27/50 [05:10<04:10, 10.89s/it][A
 56%|█████▌    | 28/50 [05:21<03:59, 10.88s/it][A
 58%|█████▊    | 29/50 [05:29<03:35, 10.26s/it][A
 60%|██████    | 30/50 [05:40<03:28, 10.44s/it][A
 62%|██████▏   | 31/50 [05:51<03:20, 10.58s/it][A
 64%|██████▍   | 32/50 [06:02<03:12, 10.69s/it][A
 66%|██████▌   | 33/50 [06:11<02:51, 10.08s/it][A
 68%|██████▊   | 34/50 [06:20<02:38,  9.91s/it][A
 70%|███████   | 35/50 [06:31<02:32, 10.19s/it][A
 72%|███████▏  | 36/50 [06:42<02:25, 10.38s/it][A
 74%|███████▍  | 37/50 [06:53<02:16, 10.52s/it][A
 76%|███████▌  | 38/50 [07:04<02:07, 10.60s/it][A
 78%|███████▊  | 39/50 [07:14<01:56, 10.59s/it][A
 80%|████████  | 40/50 [07:25<01:45, 10.56s/it][A
 82%|████████▏ | 41/50 [07:36<01:35, 10.64s/it][A
 84%|████████▍ | 42/50 [07:46<01:25, 10.70s/it][A
 86%|████████▌ | 43/50 [07:57<01:15, 10.75s/it][A
 88%|████████▊ | 44/50 [08:07<01:02, 10.35s/it][A
 90%|█████████ | 45/50 [08:18<00:52, 10.52s/it][A
 92%|█████████▏| 46/50 [08:29<00:42, 10.66s/it][A
 94%|█████████▍| 47/50 [08:40<00:32, 10.81s/it][A
 96%|█████████▌| 48/50 [08:49<00:21, 10.50s/it][A
 98%|█████████▊| 49/50 [08:58<00:10, 10.05s/it][A
100%|██████████| 50/50 [09:07<00:00,  9.72s/it][A
100%|██████████| 50/50 [09:07<00:00, 10.96s/it]
offline: 100%|█████████▉| 999999/1000000 [5:15:44<00:17, 17.14s/it, eval_success=0.260]
offline: 100%|██████████| 1000000/1000000 [5:15:44<00:00, 45.98s/it, eval_success=0.260]
Saved to exp/beat/ant2/M1_base_t1_s1/antmaze-giant-navigate-singletask-task1-v0/antmaze-giant-navigate-singletask-task1-v0_sd001_anq_stdfp_chunk-h1_20260819_174516/params_offline.pkl
Saved modules ('critic', 'target_critic') to exp/beat/ant2/M1_base_t1_s1/antmaze-giant-navigate-singletask-task1-v0/antmaze-giant-navigate-singletask-task1-v0_sd001_anq_stdfp_chunk-h1_20260819_174516/critic_offline.pkl
[1;34mwandb[0m: 
[1;34mwandb[0m: 🚀 View run [33mantmaze-giant-navigate-singletask-task1-v0_sd001_anq_stdfp_chunk-h1_20260819_174516[0m at: [34mhttps://wandb.ai/tjrcjf410-seoul-national-university/ant2/runs/rmpamwfa[0m
[1;34mwandb[0m: Find logs at: [1;35m../../../tmp/tmpxm2a2v5n/wandb/run-20260819_174517-rmpamwfa/logs[0m
--- last progress lines ---
offline: 100%|██████████| 1000000/1000000 [5:15:44<00:00, 52.79it/s, eval_success=0.260]
online: 0it [00:00, ?it/s]
online: 0it [00:00, ?it/s]
