wandb: Using wandb-core as the SDK backend.  Please refer to https://wandb.me/wandb-core for more information.
wandb: Currently logged in as: tjrcjf410 (sjun0803-seoul-national-university) to https://api.wandb.ai. Use `wandb login --relogin` to force relogin
wandb: Tracking run with wandb version 0.19.9
wandb: Run data is saved locally in /tmp/tmpbqkn35pg/wandb/run-20260819_124620-pn39s3c8
wandb: Run `wandb offline` to turn off syncing.
wandb: Syncing run antmaze-giant-navigate-singletask-task1-v0_sd000_anq_stdfp_chunk-h1_20260819_124620
wandb: ⭐️ View project at https://wandb.ai/tjrcjf410-seoul-national-university/ant2
wandb: 🚀 View run at https://wandb.ai/tjrcjf410-seoul-national-university/ant2/runs/pn39s3c8
wandb: WARNING Symlinked 8 files into the W&B run directory, call wandb.save again to sync new files.
I0819 12:46:21.821642 140427782420288 acceleratesupport.py:24] No OpenGL_accelerate module loaded: No module named 'OpenGL_accelerate'
offline:   0%|          | 1/1000000 [01:32<25625:46:58, 92.25s/it]
offline:   0%|          | 2/1000000 [01:53<13982:25:16, 50.34s/it]
offline:   0%|          | 3/1000000 [02:14<10244:30:53, 36.88s/it]
offline:   0%|          | 16/1000000 [02:14<1082:45:39,  3.90s/it]
offline:   0%|          | 28/1000000 [02:14<499:03:23,  1.80s/it] 
offline:   0%|          | 37/1000000 [02:14<317:24:08,  1.14s/it]
  2%|▏         | 1/50 [00:10<08:33, 10.49s/it][A
  4%|▍         | 2/50 [00:20<08:22, 10.47s/it][A
  6%|▌         | 3/50 [00:31<08:09, 10.41s/it][A
  8%|▊         | 4/50 [00:41<07:52, 10.28s/it][A
 10%|█         | 5/50 [00:49<07:13,  9.64s/it][A
 12%|█▏        | 6/50 [00:58<06:48,  9.28s/it][A
 14%|█▍        | 7/50 [01:06<06:28,  9.03s/it][A
 16%|█▌        | 8/50 [01:16<06:30,  9.30s/it][A
 18%|█▊        | 9/50 [01:27<06:35,  9.66s/it][A
 20%|██        | 10/50 [01:36<06:23,  9.59s/it][A
 22%|██▏       | 11/50 [01:45<06:01,  9.27s/it][A
 24%|██▍       | 12/50 [01:53<05:42,  9.02s/it][A
 26%|██▌       | 13/50 [02:02<05:28,  8.88s/it][A
 28%|██▊       | 14/50 [02:10<05:15,  8.77s/it][A
 30%|███       | 15/50 [02:17<04:48,  8.25s/it][A
 32%|███▏      | 16/50 [02:24<04:24,  7.78s/it][A
 34%|███▍      | 17/50 [02:31<04:05,  7.44s/it][A
 36%|███▌      | 18/50 [02:37<03:49,  7.18s/it][A
 38%|███▊      | 19/50 [02:44<03:37,  7.01s/it][A
 40%|████      | 20/50 [02:51<03:26,  6.90s/it][A
 42%|████▏     | 21/50 [02:57<03:18,  6.83s/it][A
 44%|████▍     | 22/50 [03:04<03:09,  6.77s/it][A
 46%|████▌     | 23/50 [03:10<03:01,  6.72s/it][A
 48%|████▊     | 24/50 [03:17<02:53,  6.69s/it][A
 50%|█████     | 25/50 [03:24<02:46,  6.67s/it][A
 52%|█████▏    | 26/50 [03:30<02:39,  6.66s/it][A
 54%|█████▍    | 27/50 [03:37<02:33,  6.65s/it][A
 56%|█████▌    | 28/50 [03:44<02:26,  6.64s/it][A
 58%|█████▊    | 29/50 [03:50<02:19,  6.64s/it][A
 60%|██████    | 30/50 [03:57<02:12,  6.65s/it][A
 62%|██████▏   | 31/50 [04:04<02:06,  6.65s/it][A
 64%|██████▍   | 32/50 [04:10<01:59,  6.64s/it][A
 66%|██████▌   | 33/50 [04:17<01:53,  6.65s/it][A
 68%|██████▊   | 34/50 [04:23<01:46,  6.66s/it][A
 70%|███████   | 35/50 [04:30<01:39,  6.66s/it][A
 72%|███████▏  | 36/50 [04:37<01:33,  6.66s/it][A
 74%|███████▍  | 37/50 [04:43<01:26,  6.66s/it][A
 76%|███████▌  | 38/50 [04:50<01:20,  6.67s/it][A
 78%|███████▊  | 39/50 [04:57<01:13,  6.67s/it][A
 80%|████████  | 40/50 [05:03<01:06,  6.65s/it][A
 82%|████████▏ | 41/50 [05:10<00:59,  6.66s/it][A
 84%|████████▍ | 42/50 [05:17<00:53,  6.66s/it][A
 86%|████████▌ | 43/50 [05:23<00:46,  6.65s/it][A
 88%|████████▊ | 44/50 [05:30<00:39,  6.63s/it][A
 90%|█████████ | 45/50 [05:37<00:33,  6.62s/it][A
 92%|█████████▏| 46/50 [05:43<00:26,  6.62s/it][A
 94%|█████████▍| 47/50 [05:50<00:19,  6.65s/it][A
 96%|█████████▌| 48/50 [05:57<00:13,  6.69s/it][A
 98%|█████████▊| 49/50 [06:03<00:06,  6.68s/it][A
100%|██████████| 50/50 [06:10<00:00,  6.68s/it][A
100%|██████████| 50/50 [06:10<00:00,  7.41s/it]
offline:  10%|█         | 100000/1000000 [31:38<3672:20:20, 14.69s/it, eval_success=0.000]
offline:  10%|█         | 100015/1000000 [31:38<1987:20:11,  7.95s/it, eval_success=0.000]
offline:  10%|█         | 100026/1000000 [31:38<1342:41:52,  5.37s/it, eval_success=0.000]
offline:  10%|█         | 100036/1000000 [31:38<945:12:11,  3.78s/it, eval_success=0.000] 
offline:  10%|█         | 100049/1000000 [31:38<610:19:55,  2.44s/it, eval_success=0.000]
offline:  10%|█         | 100059/1000000 [31:38<439:46:48,  1.76s/it, eval_success=0.000]
offline:  10%|█         | 100072/1000000 [31:38<289:45:55,  1.16s/it, eval_success=0.000]
  2%|▏         | 1/50 [00:06<05:34,  6.82s/it][A
  4%|▍         | 2/50 [00:13<05:27,  6.83s/it][A
  6%|▌         | 3/50 [00:20<05:20,  6.81s/it][A
  8%|▊         | 4/50 [00:27<05:12,  6.80s/it][A
 10%|█         | 5/50 [00:34<05:06,  6.81s/it][A
 12%|█▏        | 6/50 [00:42<05:18,  7.24s/it][A
 14%|█▍        | 7/50 [00:50<05:31,  7.70s/it][A
 16%|█▌        | 8/50 [00:59<05:35,  8.00s/it][A
 18%|█▊        | 9/50 [01:07<05:34,  8.17s/it][A
 20%|██        | 10/50 [01:16<05:31,  8.30s/it][A
 22%|██▏       | 11/50 [01:25<05:27,  8.39s/it][A
 24%|██▍       | 12/50 [01:33<05:21,  8.47s/it][A
 26%|██▌       | 13/50 [01:42<05:15,  8.54s/it][A
 28%|██▊       | 14/50 [01:51<05:08,  8.56s/it][A
 30%|███       | 15/50 [01:59<05:00,  8.59s/it][A
 32%|███▏      | 16/50 [02:08<04:52,  8.61s/it][A
 34%|███▍      | 17/50 [02:17<04:44,  8.63s/it][A
 36%|███▌      | 18/50 [02:25<04:36,  8.65s/it][A
 38%|███▊      | 19/50 [02:34<04:28,  8.65s/it][A
 40%|████      | 20/50 [02:43<04:19,  8.66s/it][A
 42%|████▏     | 21/50 [02:51<04:10,  8.65s/it][A
 44%|████▍     | 22/50 [03:00<04:02,  8.65s/it][A
 46%|████▌     | 23/50 [03:09<03:53,  8.65s/it][A
 48%|████▊     | 24/50 [03:17<03:45,  8.66s/it][A
 50%|█████     | 25/50 [03:26<03:36,  8.67s/it][A
 52%|█████▏    | 26/50 [03:34<03:23,  8.49s/it][A
 54%|█████▍    | 27/50 [03:41<03:03,  7.97s/it][A
 56%|█████▌    | 28/50 [03:47<02:47,  7.61s/it][A
 58%|█████▊    | 29/50 [03:54<02:34,  7.34s/it][A
 60%|██████    | 30/50 [04:00<02:18,  6.95s/it][A
 62%|██████▏   | 31/50 [04:05<02:01,  6.42s/it][A
 64%|██████▍   | 32/50 [04:11<01:48,  6.03s/it][A
 66%|██████▌   | 33/50 [04:16<01:37,  5.75s/it][A
 68%|██████▊   | 34/50 [04:21<01:29,  5.57s/it][A
 70%|███████   | 35/50 [04:26<01:20,  5.38s/it][A
 72%|███████▏  | 36/50 [04:31<01:14,  5.29s/it][A
 74%|███████▍  | 37/50 [04:36<01:07,  5.23s/it][A
 76%|███████▌  | 38/50 [04:41<01:02,  5.19s/it][A
 78%|███████▊  | 39/50 [04:45<00:54,  4.96s/it][A
 80%|████████  | 40/50 [04:51<00:50,  5.04s/it][A
 82%|████████▏ | 41/50 [04:56<00:45,  5.06s/it][A
 84%|████████▍ | 42/50 [05:01<00:40,  5.08s/it][A
 86%|████████▌ | 43/50 [05:06<00:35,  5.10s/it][A
 88%|████████▊ | 44/50 [05:12<00:32,  5.35s/it][A
 90%|█████████ | 45/50 [05:18<00:28,  5.60s/it][A
 92%|█████████▏| 46/50 [05:24<00:23,  5.75s/it][A
 94%|█████████▍| 47/50 [05:29<00:16,  5.58s/it][A
 96%|█████████▌| 48/50 [05:35<00:10,  5.47s/it][A
 98%|█████████▊| 49/50 [05:41<00:05,  5.71s/it][A
100%|██████████| 50/50 [05:48<00:00,  6.02s/it][A
100%|██████████| 50/50 [05:48<00:00,  6.96s/it]
offline:  20%|██        | 200000/1000000 [59:33<2836:33:01, 12.76s/it, eval_success=0.040]
offline:  20%|██        | 200014/1000000 [59:33<1638:16:02,  7.37s/it, eval_success=0.040]
offline:  20%|██        | 200025/1000000 [59:33<1111:47:36,  5.00s/it, eval_success=0.040]
offline:  20%|██        | 200036/1000000 [59:33<762:19:17,  3.43s/it, eval_success=0.040] 
offline:  20%|██        | 200047/1000000 [59:33<526:29:29,  2.37s/it, eval_success=0.040]
offline:  20%|██        | 200058/1000000 [59:33<365:31:47,  1.65s/it, eval_success=0.040]
offline:  20%|██        | 200068/1000000 [59:33<262:05:02,  1.18s/it, eval_success=0.040]
  2%|▏         | 1/50 [00:10<08:36, 10.53s/it][A
  4%|▍         | 2/50 [00:21<08:25, 10.53s/it][A
  6%|▌         | 3/50 [00:31<08:16, 10.57s/it][A
  8%|▊         | 4/50 [00:44<08:41, 11.34s/it][A
 10%|█         | 5/50 [00:56<08:50, 11.78s/it][A
 12%|█▏        | 6/50 [01:09<08:49, 12.03s/it][A
 14%|█▍        | 7/50 [01:21<08:43, 12.18s/it][A
 16%|█▌        | 8/50 [01:34<08:35, 12.27s/it][A
 18%|█▊        | 9/50 [01:44<08:02, 11.77s/it][A
 20%|██        | 10/50 [01:55<07:36, 11.41s/it][A
 22%|██▏       | 11/50 [02:06<07:14, 11.15s/it][A
 24%|██▍       | 12/50 [02:16<06:56, 10.96s/it][A
 26%|██▌       | 13/50 [02:27<06:40, 10.82s/it][A
 28%|██▊       | 14/50 [02:37<06:26, 10.72s/it][A
 30%|███       | 15/50 [02:48<06:13, 10.66s/it][A
 32%|███▏      | 16/50 [02:58<06:01, 10.64s/it][A
 34%|███▍      | 17/50 [03:09<05:49, 10.60s/it][A
 36%|███▌      | 18/50 [03:19<05:39, 10.59s/it][A
 38%|███▊      | 19/50 [03:30<05:28, 10.58s/it][A
 40%|████      | 20/50 [03:40<05:17, 10.59s/it][A
 42%|████▏     | 21/50 [03:51<05:06, 10.59s/it][A
 44%|████▍     | 22/50 [04:02<04:55, 10.57s/it][A
 46%|████▌     | 23/50 [04:12<04:44, 10.54s/it][A
 48%|████▊     | 24/50 [04:22<04:33, 10.52s/it][A
 50%|█████     | 25/50 [04:33<04:22, 10.50s/it][A
 52%|█████▏    | 26/50 [04:44<04:13, 10.57s/it][A
 54%|█████▍    | 27/50 [04:54<04:02, 10.55s/it][A
 56%|█████▌    | 28/50 [05:05<03:51, 10.53s/it][A
 58%|█████▊    | 29/50 [05:15<03:41, 10.53s/it][A
 60%|██████    | 30/50 [05:26<03:30, 10.53s/it][A
 62%|██████▏   | 31/50 [05:36<03:20, 10.55s/it][A
 64%|██████▍   | 32/50 [05:47<03:10, 10.56s/it][A
 66%|██████▌   | 33/50 [05:57<02:59, 10.56s/it][A
 68%|██████▊   | 34/50 [06:08<02:48, 10.55s/it][A
 70%|███████   | 35/50 [06:19<02:38, 10.54s/it][A
 72%|███████▏  | 36/50 [06:29<02:27, 10.54s/it][A
 74%|███████▍  | 37/50 [06:40<02:16, 10.53s/it][A
 76%|███████▌  | 38/50 [06:50<02:06, 10.54s/it][A
 78%|███████▊  | 39/50 [07:01<01:56, 10.56s/it][A
 80%|████████  | 40/50 [07:11<01:45, 10.55s/it][A
 82%|████████▏ | 41/50 [07:22<01:34, 10.54s/it][A
 84%|████████▍ | 42/50 [07:32<01:24, 10.53s/it][A
 86%|████████▌ | 43/50 [07:41<01:10, 10.10s/it][A
 88%|████████▊ | 44/50 [07:50<00:57,  9.64s/it][A
 90%|█████████ | 45/50 [07:57<00:45,  9.01s/it][A
 92%|█████████▏| 46/50 [08:04<00:33,  8.30s/it][A
 94%|█████████▍| 47/50 [08:09<00:22,  7.37s/it][A
 96%|█████████▌| 48/50 [08:15<00:13,  6.71s/it][A
 98%|█████████▊| 49/50 [08:20<00:06,  6.24s/it][A
100%|██████████| 50/50 [08:25<00:00,  5.90s/it][A
100%|██████████| 50/50 [08:25<00:00, 10.11s/it]
offline:  30%|███       | 300000/1000000 [1:31:08<4083:30:44, 21.00s/it, eval_success=0.000]
offline:  30%|███       | 300018/1000000 [1:31:09<1975:39:42, 10.16s/it, eval_success=0.000]
offline:  30%|███       | 300032/1000000 [1:31:09<1255:56:51,  6.46s/it, eval_success=0.000]
offline:  30%|███       | 300044/1000000 [1:31:09<868:50:55,  4.47s/it, eval_success=0.000] 
offline:  30%|███       | 300056/1000000 [1:31:09<603:30:27,  3.10s/it, eval_success=0.000]
offline:  30%|███       | 300070/1000000 [1:31:09<400:08:52,  2.06s/it, eval_success=0.000]
offline:  30%|███       | 300083/1000000 [1:31:09<276:57:34,  1.42s/it, eval_success=0.000]
  2%|▏         | 1/50 [00:08<07:09,  8.76s/it][A
  4%|▍         | 2/50 [00:17<06:58,  8.72s/it][A
  6%|▌         | 3/50 [00:26<06:49,  8.71s/it][A
  8%|▊         | 4/50 [00:34<06:39,  8.69s/it][A
 10%|█         | 5/50 [00:43<06:32,  8.73s/it][A
 12%|█▏        | 6/50 [00:52<06:24,  8.75s/it][A
 14%|█▍        | 7/50 [00:59<05:52,  8.19s/it][A
 16%|█▌        | 8/50 [01:06<05:25,  7.76s/it][A
 18%|█▊        | 9/50 [01:13<05:05,  7.46s/it][A
 20%|██        | 10/50 [01:19<04:50,  7.27s/it][A
 22%|██▏       | 11/50 [01:26<04:38,  7.13s/it][A
 24%|██▍       | 12/50 [01:33<04:27,  7.04s/it][A
 26%|██▌       | 13/50 [01:40<04:18,  6.99s/it][A
 28%|██▊       | 14/50 [01:47<04:09,  6.94s/it][A
 30%|███       | 15/50 [01:54<04:01,  6.90s/it][A
 32%|███▏      | 16/50 [02:00<03:53,  6.88s/it][A
 34%|███▍      | 17/50 [02:07<03:46,  6.85s/it][A
 36%|███▌      | 18/50 [02:14<03:39,  6.85s/it][A
 38%|███▊      | 19/50 [02:21<03:32,  6.84s/it][A
 40%|████      | 20/50 [02:28<03:24,  6.83s/it][A
 42%|████▏     | 21/50 [02:34<03:17,  6.83s/it][A
 44%|████▍     | 22/50 [02:41<03:10,  6.81s/it][A
 46%|████▌     | 23/50 [02:48<03:03,  6.79s/it][A
 48%|████▊     | 24/50 [02:55<02:56,  6.78s/it][A
 50%|█████     | 25/50 [03:02<02:49,  6.80s/it][A
 52%|█████▏    | 26/50 [03:08<02:43,  6.82s/it][A
 54%|█████▍    | 27/50 [03:15<02:36,  6.81s/it][A
 56%|█████▌    | 28/50 [03:22<02:30,  6.84s/it][A
 58%|█████▊    | 29/50 [03:31<02:34,  7.35s/it][A
 60%|██████    | 30/50 [03:39<02:33,  7.70s/it][A
 62%|██████▏   | 31/50 [03:48<02:30,  7.94s/it][A
 64%|██████▍   | 32/50 [03:56<02:26,  8.13s/it][A
 66%|██████▌   | 33/50 [04:05<02:20,  8.25s/it][A
 68%|██████▊   | 34/50 [04:13<02:13,  8.35s/it][A
 70%|███████   | 35/50 [04:22<02:06,  8.43s/it][A
 72%|███████▏  | 36/50 [04:31<01:58,  8.47s/it][A
 74%|███████▍  | 37/50 [04:39<01:50,  8.49s/it][A
 76%|███████▌  | 38/50 [04:48<01:42,  8.52s/it][A
 78%|███████▊  | 39/50 [04:56<01:33,  8.50s/it][A
 80%|████████  | 40/50 [05:05<01:25,  8.54s/it][A
 82%|████████▏ | 41/50 [05:13<01:16,  8.55s/it][A
 84%|████████▍ | 42/50 [05:22<01:08,  8.57s/it][A
 86%|████████▌ | 43/50 [05:31<00:59,  8.56s/it][A
 88%|████████▊ | 44/50 [05:39<00:51,  8.56s/it][A
 90%|█████████ | 45/50 [05:48<00:42,  8.58s/it][A
 92%|█████████▏| 46/50 [05:56<00:34,  8.55s/it][A
 94%|█████████▍| 47/50 [06:05<00:25,  8.56s/it][A
 96%|█████████▌| 48/50 [06:13<00:17,  8.58s/it][A
 98%|█████████▊| 49/50 [06:22<00:08,  8.53s/it][A
100%|██████████| 50/50 [06:30<00:00,  8.47s/it][A
100%|██████████| 50/50 [06:30<00:00,  7.81s/it]
offline:  40%|████      | 400000/1000000 [1:59:32<2450:46:20, 14.70s/it, eval_success=0.000]
offline:  40%|████      | 400014/1000000 [1:59:33<1399:41:50,  8.40s/it, eval_success=0.000]
offline:  40%|████      | 400023/1000000 [1:59:33<1004:32:52,  6.03s/it, eval_success=0.000]
offline:  40%|████      | 400032/1000000 [1:59:33<716:10:35,  4.30s/it, eval_success=0.000] 
offline:  40%|████      | 400041/1000000 [1:59:33<508:14:47,  3.05s/it, eval_success=0.000]
offline:  40%|████      | 400050/1000000 [1:59:33<359:28:00,  2.16s/it, eval_success=0.000]
offline:  40%|████      | 400061/1000000 [1:59:33<238:11:42,  1.43s/it, eval_success=0.000]
offline:  40%|████      | 400070/1000000 [1:59:33<171:15:03,  1.03s/it, eval_success=0.000]
  2%|▏         | 1/50 [00:10<08:42, 10.66s/it][A
  4%|▍         | 2/50 [00:21<08:32, 10.67s/it][A
  6%|▌         | 3/50 [00:31<08:19, 10.64s/it][A
  8%|▊         | 4/50 [00:42<08:08, 10.63s/it][A
 10%|█         | 5/50 [00:53<08:05, 10.79s/it][A
 12%|█▏        | 6/50 [01:04<07:52, 10.73s/it][A
 14%|█▍        | 7/50 [01:14<07:38, 10.66s/it][A
 16%|█▌        | 8/50 [01:25<07:26, 10.62s/it][A
 18%|█▊        | 9/50 [01:35<07:15, 10.63s/it][A
 20%|██        | 10/50 [01:46<07:04, 10.62s/it][A
 22%|██▏       | 11/50 [01:57<06:53, 10.61s/it][A
 24%|██▍       | 12/50 [02:07<06:42, 10.60s/it][A
 26%|██▌       | 13/50 [02:18<06:31, 10.59s/it][A
 28%|██▊       | 14/50 [02:28<06:20, 10.56s/it][A
 30%|███       | 15/50 [02:39<06:09, 10.54s/it][A
 32%|███▏      | 16/50 [02:49<05:59, 10.57s/it][A
 34%|███▍      | 17/50 [03:00<05:48, 10.56s/it][A
 36%|███▌      | 18/50 [03:10<05:37, 10.54s/it][A
 38%|███▊      | 19/50 [03:21<05:26, 10.53s/it][A
 40%|████      | 20/50 [03:32<05:16, 10.55s/it][A
 42%|████▏     | 21/50 [03:42<05:05, 10.55s/it][A
 44%|████▍     | 22/50 [03:53<04:55, 10.55s/it][A
 46%|████▌     | 23/50 [04:03<04:44, 10.53s/it][A
 48%|████▊     | 24/50 [04:14<04:34, 10.54s/it][A
 50%|█████     | 25/50 [04:24<04:23, 10.53s/it][A
 52%|█████▏    | 26/50 [04:33<04:02, 10.10s/it][A
 54%|█████▍    | 27/50 [04:42<03:42,  9.68s/it][A
 56%|█████▌    | 28/50 [04:51<03:26,  9.39s/it][A
 58%|█████▊    | 29/50 [04:59<03:12,  9.16s/it][A
 60%|██████    | 30/50 [05:08<03:00,  9.04s/it][A
 62%|██████▏   | 31/50 [05:17<02:50,  8.96s/it][A
 64%|██████▍   | 32/50 [05:26<02:40,  8.91s/it][A
 66%|██████▌   | 33/50 [05:33<02:26,  8.59s/it][A
 68%|██████▊   | 34/50 [05:40<02:09,  8.08s/it][A
 70%|███████   | 35/50 [05:47<01:55,  7.72s/it][A
 72%|███████▏  | 36/50 [05:54<01:44,  7.45s/it][A
 74%|███████▍  | 37/50 [06:01<01:34,  7.26s/it][A
 76%|███████▌  | 38/50 [06:08<01:25,  7.13s/it][A
 78%|███████▊  | 39/50 [06:15<01:17,  7.07s/it][A
 80%|████████  | 40/50 [06:21<01:09,  6.99s/it][A
 82%|████████▏ | 41/50 [06:28<01:02,  6.95s/it][A
 84%|████████▍ | 42/50 [06:35<00:55,  6.91s/it][A
 86%|████████▌ | 43/50 [06:42<00:48,  6.88s/it][A
 88%|████████▊ | 44/50 [06:49<00:41,  6.86s/it][A
 90%|█████████ | 45/50 [06:56<00:34,  6.86s/it][A
 92%|█████████▏| 46/50 [07:02<00:27,  6.85s/it][A
 94%|█████████▍| 47/50 [07:09<00:20,  6.86s/it][A
 96%|█████████▌| 48/50 [07:16<00:13,  6.86s/it][A
 98%|█████████▊| 49/50 [07:23<00:06,  6.85s/it][A
100%|██████████| 50/50 [07:30<00:00,  6.85s/it][A
100%|██████████| 50/50 [07:30<00:00,  9.01s/it]
offline:  50%|█████     | 500000/1000000 [2:27:14<2601:32:53, 18.73s/it, eval_success=0.000]
offline:  50%|█████     | 500014/1000000 [2:27:14<1421:29:11, 10.23s/it, eval_success=0.000]
offline:  50%|█████     | 500023/1000000 [2:27:14<1003:47:57,  7.23s/it, eval_success=0.000]
offline:  50%|█████     | 500032/1000000 [2:27:14<707:20:12,  5.09s/it, eval_success=0.000] 
offline:  50%|█████     | 500042/1000000 [2:27:14<481:49:33,  3.47s/it, eval_success=0.000]
offline:  50%|█████     | 500052/1000000 [2:27:15<331:14:06,  2.39s/it, eval_success=0.000]
offline:  50%|█████     | 500063/1000000 [2:27:15<222:23:38,  1.60s/it, eval_success=0.000]
offline:  50%|█████     | 500073/1000000 [2:27:15<156:17:20,  1.13s/it, eval_success=0.000]
  2%|▏         | 1/50 [00:06<05:25,  6.64s/it][A
  4%|▍         | 2/50 [00:13<05:20,  6.67s/it][A
  6%|▌         | 3/50 [00:20<05:15,  6.71s/it][A
  8%|▊         | 4/50 [00:26<05:09,  6.72s/it][A
 10%|█         | 5/50 [00:33<05:09,  6.88s/it][A
 12%|█▏        | 6/50 [00:41<05:06,  6.97s/it][A
 14%|█▍        | 7/50 [00:48<04:59,  6.97s/it][A
 16%|█▌        | 8/50 [00:55<04:52,  6.96s/it][A
 18%|█▊        | 9/50 [01:02<04:45,  6.96s/it][A
 20%|██        | 10/50 [01:08<04:38,  6.96s/it][A
 22%|██▏       | 11/50 [01:15<04:31,  6.95s/it][A
 24%|██▍       | 12/50 [01:22<04:22,  6.90s/it][A
 26%|██▌       | 13/50 [01:29<04:13,  6.85s/it][A
 28%|██▊       | 14/50 [01:36<04:05,  6.82s/it][A
 30%|███       | 15/50 [01:42<03:57,  6.79s/it][A
 32%|███▏      | 16/50 [01:49<03:50,  6.78s/it][A
 34%|███▍      | 17/50 [01:56<03:43,  6.77s/it][A
 36%|███▌      | 18/50 [02:03<03:36,  6.75s/it][A
 38%|███▊      | 19/50 [02:09<03:28,  6.74s/it][A
 40%|████      | 20/50 [02:16<03:22,  6.75s/it][A
 42%|████▏     | 21/50 [02:24<03:29,  7.24s/it][A
 44%|████▍     | 22/50 [02:33<03:35,  7.70s/it][A
 46%|████▌     | 23/50 [02:42<03:35,  7.99s/it][A
 48%|████▊     | 24/50 [02:51<03:33,  8.23s/it][A
 50%|█████     | 25/50 [02:59<03:29,  8.39s/it][A
 52%|█████▏    | 26/50 [03:08<03:24,  8.50s/it][A
 54%|█████▍    | 27/50 [03:17<03:16,  8.54s/it][A
 56%|█████▌    | 28/50 [03:26<03:08,  8.58s/it][A
 58%|█████▊    | 29/50 [03:34<03:01,  8.63s/it][A
 60%|██████    | 30/50 [03:43<02:53,  8.66s/it][A
 62%|██████▏   | 31/50 [03:52<02:44,  8.68s/it][A
 64%|██████▍   | 32/50 [04:00<02:32,  8.48s/it][A
 66%|██████▌   | 33/50 [04:07<02:15,  8.00s/it][A
 68%|██████▊   | 34/50 [04:13<02:02,  7.65s/it][A
 70%|███████   | 35/50 [04:20<01:50,  7.39s/it][A
 72%|███████▏  | 36/50 [04:27<01:40,  7.21s/it][A
 74%|███████▍  | 37/50 [04:34<01:31,  7.08s/it][A
 76%|███████▌  | 38/50 [04:41<01:24,  7.00s/it][A
 78%|███████▊  | 39/50 [04:48<01:17,  7.03s/it][A
 80%|████████  | 40/50 [04:54<01:09,  6.94s/it][A
 82%|████████▏ | 41/50 [05:01<01:02,  6.89s/it][A
 84%|████████▍ | 42/50 [05:08<00:54,  6.87s/it][A
 86%|████████▌ | 43/50 [05:15<00:47,  6.84s/it][A
 88%|████████▊ | 44/50 [05:22<00:41,  6.84s/it][A
 90%|█████████ | 45/50 [05:28<00:34,  6.80s/it][A
 92%|█████████▏| 46/50 [05:35<00:27,  6.80s/it][A
 94%|█████████▍| 47/50 [05:42<00:20,  6.80s/it][A
 96%|█████████▌| 48/50 [05:49<00:13,  6.79s/it][A
 98%|█████████▊| 49/50 [05:55<00:06,  6.77s/it][A
100%|██████████| 50/50 [06:02<00:00,  6.78s/it][A
100%|██████████| 50/50 [06:02<00:00,  7.26s/it]
offline:  60%|██████    | 600000/1000000 [2:53:46<1223:35:31, 11.01s/it, eval_success=0.000]
offline:  60%|██████    | 600015/1000000 [2:53:47<742:10:13,  6.68s/it, eval_success=0.000] 
offline:  60%|██████    | 600026/1000000 [2:53:47<525:49:46,  4.73s/it, eval_success=0.000]
offline:  60%|██████    | 600036/1000000 [2:53:47<381:34:32,  3.43s/it, eval_success=0.000]
offline:  60%|██████    | 600047/1000000 [2:53:47<266:46:24,  2.40s/it, eval_success=0.000]
offline:  60%|██████    | 600058/1000000 [2:53:47<186:44:20,  1.68s/it, eval_success=0.000]
offline:  60%|██████    | 600068/1000000 [2:53:47<134:34:21,  1.21s/it, eval_success=0.000]
  2%|▏         | 1/50 [00:06<05:24,  6.63s/it][A
  4%|▍         | 2/50 [00:13<05:21,  6.69s/it][A
  6%|▌         | 3/50 [00:20<05:20,  6.82s/it][A
  8%|▊         | 4/50 [00:28<05:45,  7.51s/it][A
 10%|█         | 5/50 [00:37<05:53,  7.86s/it][A
 12%|█▏        | 6/50 [00:45<05:56,  8.11s/it][A
 14%|█▍        | 7/50 [00:54<05:55,  8.26s/it][A
 16%|█▌        | 8/50 [01:03<05:50,  8.34s/it][A
 18%|█▊        | 9/50 [01:11<05:45,  8.42s/it][A
 20%|██        | 10/50 [01:20<05:38,  8.46s/it][A
 22%|██▏       | 11/50 [01:28<05:30,  8.48s/it][A
 24%|██▍       | 12/50 [01:37<05:23,  8.51s/it][A
 26%|██▌       | 13/50 [01:45<05:14,  8.50s/it][A
 28%|██▊       | 14/50 [01:54<05:05,  8.50s/it][A
 30%|███       | 15/50 [02:02<04:57,  8.50s/it][A
 32%|███▏      | 16/50 [02:11<04:49,  8.52s/it][A
 34%|███▍      | 17/50 [02:19<04:41,  8.55s/it][A
 36%|███▌      | 18/50 [02:28<04:33,  8.54s/it][A
 38%|███▊      | 19/50 [02:37<04:25,  8.55s/it][A
 40%|████      | 20/50 [02:45<04:16,  8.54s/it][A
 42%|████▏     | 21/50 [02:54<04:07,  8.52s/it][A
 44%|████▍     | 22/50 [03:02<04:00,  8.58s/it][A
 46%|████▌     | 23/50 [03:13<04:06,  9.13s/it][A
 48%|████▊     | 24/50 [03:23<04:08,  9.54s/it][A
 50%|█████     | 25/50 [03:34<04:06,  9.85s/it][A
 52%|█████▏    | 26/50 [03:44<04:00, 10.03s/it][A
 54%|█████▍    | 27/50 [03:55<03:54, 10.20s/it][A
 56%|█████▌    | 28/50 [04:05<03:46, 10.30s/it][A
 58%|█████▊    | 29/50 [04:16<03:37, 10.37s/it][A
 60%|██████    | 30/50 [04:25<03:17,  9.87s/it][A
 62%|██████▏   | 31/50 [04:33<02:59,  9.45s/it][A
 64%|██████▍   | 32/50 [04:42<02:44,  9.16s/it][A
 66%|██████▌   | 33/50 [04:50<02:32,  8.97s/it][A
 68%|██████▊   | 34/50 [04:57<02:12,  8.25s/it][A
 70%|███████   | 35/50 [05:03<01:56,  7.79s/it][A
 72%|███████▏  | 36/50 [05:10<01:44,  7.45s/it][A
 74%|███████▍  | 37/50 [05:17<01:33,  7.18s/it][A
 76%|███████▌  | 38/50 [05:23<01:24,  7.02s/it][A
 78%|███████▊  | 39/50 [05:30<01:16,  6.92s/it][A
 80%|████████  | 40/50 [05:36<01:08,  6.82s/it][A
 82%|████████▏ | 41/50 [05:43<01:00,  6.77s/it][A
 84%|████████▍ | 42/50 [05:50<00:53,  6.73s/it][A
 86%|████████▌ | 43/50 [05:56<00:46,  6.69s/it][A
 88%|████████▊ | 44/50 [06:03<00:40,  6.68s/it][A
 90%|█████████ | 45/50 [06:10<00:33,  6.68s/it][A
 92%|█████████▏| 46/50 [06:16<00:26,  6.67s/it][A
 94%|█████████▍| 47/50 [06:23<00:19,  6.64s/it][A
 96%|█████████▌| 48/50 [06:29<00:13,  6.63s/it][A
 98%|█████████▊| 49/50 [06:36<00:06,  6.63s/it][A
100%|██████████| 50/50 [06:43<00:00,  6.78s/it][A
100%|██████████| 50/50 [06:43<00:00,  8.07s/it]
offline:  70%|███████   | 700000/1000000 [3:23:00<1196:24:16, 14.36s/it, eval_success=0.000]
offline:  70%|███████   | 700014/1000000 [3:23:00<699:47:56,  8.40s/it, eval_success=0.000] 
offline:  70%|███████   | 700025/1000000 [3:23:00<477:36:40,  5.73s/it, eval_success=0.000]
offline:  70%|███████   | 700035/1000000 [3:23:00<338:20:35,  4.06s/it, eval_success=0.000]
offline:  70%|███████   | 700045/1000000 [3:23:00<238:59:09,  2.87s/it, eval_success=0.000]
offline:  70%|███████   | 700057/1000000 [3:23:00<159:03:04,  1.91s/it, eval_success=0.000]
offline:  70%|███████   | 700067/1000000 [3:23:01<114:03:32,  1.37s/it, eval_success=0.000]
offline:  70%|███████   | 700076/1000000 [3:23:01<83:44:07,  1.01s/it, eval_success=0.000] 
  2%|▏         | 1/50 [00:05<04:15,  5.21s/it][A
  4%|▍         | 2/50 [00:10<04:06,  5.13s/it][A
  6%|▌         | 3/50 [00:15<04:00,  5.11s/it][A
  8%|▊         | 4/50 [00:20<03:54,  5.11s/it][A
 10%|█         | 5/50 [00:25<03:49,  5.09s/it][A
 12%|█▏        | 6/50 [00:30<03:44,  5.10s/it][A
 14%|█▍        | 7/50 [00:35<03:39,  5.10s/it][A
 16%|█▌        | 8/50 [00:40<03:34,  5.11s/it][A
 18%|█▊        | 9/50 [00:45<03:29,  5.10s/it][A
 20%|██        | 10/50 [00:51<03:23,  5.10s/it][A
 22%|██▏       | 11/50 [00:56<03:18,  5.09s/it][A
 24%|██▍       | 12/50 [01:01<03:12,  5.08s/it][A
 26%|██▌       | 13/50 [01:06<03:08,  5.08s/it][A
 28%|██▊       | 14/50 [01:11<03:03,  5.10s/it][A
 30%|███       | 15/50 [01:16<02:58,  5.11s/it][A
 32%|███▏      | 16/50 [01:22<03:06,  5.49s/it][A
 34%|███▍      | 17/50 [01:29<03:15,  5.91s/it][A
 36%|███▌      | 18/50 [01:38<03:34,  6.70s/it][A
 38%|███▊      | 19/50 [01:46<03:44,  7.23s/it][A
 40%|████      | 20/50 [01:55<03:49,  7.64s/it][A
 42%|████▏     | 21/50 [02:03<03:49,  7.91s/it][A
 44%|████▍     | 22/50 [02:12<03:47,  8.12s/it][A
 46%|████▌     | 23/50 [02:21<03:42,  8.24s/it][A
 48%|████▊     | 24/50 [02:29<03:37,  8.35s/it][A
 50%|█████     | 25/50 [02:38<03:30,  8.41s/it][A
 52%|█████▏    | 26/50 [02:46<03:22,  8.44s/it][A
 54%|█████▍    | 27/50 [02:54<03:12,  8.38s/it][A
 56%|█████▌    | 28/50 [03:01<02:52,  7.86s/it][A
 58%|█████▊    | 29/50 [03:08<02:36,  7.47s/it][A
 60%|██████    | 30/50 [03:14<02:24,  7.22s/it][A
 62%|██████▏   | 31/50 [03:21<02:13,  7.05s/it][A
 64%|██████▍   | 32/50 [03:28<02:04,  6.91s/it][A
 66%|██████▌   | 33/50 [03:34<01:55,  6.80s/it][A
 68%|██████▊   | 34/50 [03:42<01:53,  7.08s/it][A
 70%|███████   | 35/50 [03:50<01:52,  7.50s/it][A
 72%|███████▏  | 36/50 [03:59<01:49,  7.81s/it][A
 74%|███████▍  | 37/50 [04:07<01:44,  8.03s/it][A
 76%|███████▌  | 38/50 [04:16<01:37,  8.15s/it][A
 78%|███████▊  | 39/50 [04:24<01:30,  8.26s/it][A
 80%|████████  | 40/50 [04:33<01:23,  8.33s/it][A
 82%|████████▏ | 41/50 [04:41<01:15,  8.38s/it][A
 84%|████████▍ | 42/50 [04:50<01:07,  8.41s/it][A
 86%|████████▌ | 43/50 [04:58<00:58,  8.41s/it][A
 88%|████████▊ | 44/50 [05:07<00:50,  8.43s/it][A
 90%|█████████ | 45/50 [05:15<00:42,  8.47s/it][A
 92%|█████████▏| 46/50 [05:24<00:33,  8.47s/it][A
 94%|█████████▍| 47/50 [05:32<00:25,  8.47s/it][A
 96%|█████████▌| 48/50 [05:43<00:18,  9.02s/it][A
 98%|█████████▊| 49/50 [05:53<00:09,  9.44s/it][A
100%|██████████| 50/50 [06:03<00:00,  9.76s/it][A
100%|██████████| 50/50 [06:03<00:00,  7.28s/it]
offline:  80%|████████  | 800000/1000000 [3:51:25<351:18:34,  6.32s/it, eval_success=0.000]
offline:  80%|████████  | 800011/1000000 [3:51:25<276:09:34,  4.97s/it, eval_success=0.000]
offline:  80%|████████  | 800026/1000000 [3:51:25<195:04:21,  3.51s/it, eval_success=0.000]
offline:  80%|████████  | 800038/1000000 [3:51:25<146:10:25,  2.63s/it, eval_success=0.000]
offline:  80%|████████  | 800049/1000000 [3:51:25<110:08:32,  1.98s/it, eval_success=0.000]
offline:  80%|████████  | 800059/1000000 [3:51:25<83:30:41,  1.50s/it, eval_success=0.000] 
offline:  80%|████████  | 800068/1000000 [3:51:26<63:45:38,  1.15s/it, eval_success=0.000]
  2%|▏         | 1/50 [00:08<06:57,  8.51s/it][A
  4%|▍         | 2/50 [00:17<06:48,  8.52s/it][A
  6%|▌         | 3/50 [00:25<06:38,  8.48s/it][A
  8%|▊         | 4/50 [00:33<06:30,  8.49s/it][A
 10%|█         | 5/50 [00:41<06:09,  8.22s/it][A
 12%|█▏        | 6/50 [00:50<06:05,  8.32s/it][A
 14%|█▍        | 7/50 [00:58<06:00,  8.38s/it][A
 16%|█▌        | 8/50 [01:06<05:49,  8.33s/it][A
 18%|█▊        | 9/50 [01:13<05:18,  7.78s/it][A
 20%|██        | 10/50 [01:20<04:56,  7.42s/it][A
 22%|██▏       | 11/50 [01:26<04:36,  7.09s/it][A
 24%|██▍       | 12/50 [01:33<04:23,  6.94s/it][A
 26%|██▌       | 13/50 [01:39<04:12,  6.83s/it][A
 28%|██▊       | 14/50 [01:46<04:03,  6.76s/it][A
 30%|███       | 15/50 [01:52<03:55,  6.74s/it][A
 32%|███▏      | 16/50 [01:59<03:49,  6.74s/it][A
 34%|███▍      | 17/50 [02:06<03:41,  6.70s/it][A
 36%|███▌      | 18/50 [02:12<03:33,  6.68s/it][A
 38%|███▊      | 19/50 [02:20<03:36,  6.99s/it][A
 40%|████      | 20/50 [02:28<03:34,  7.16s/it][A
 42%|████▏     | 21/50 [02:36<03:34,  7.38s/it][A
 44%|████▍     | 22/50 [02:44<03:36,  7.74s/it][A
 46%|████▌     | 23/50 [02:52<03:32,  7.88s/it][A
 48%|████▊     | 24/50 [02:59<03:16,  7.55s/it][A
 50%|█████     | 25/50 [03:06<03:03,  7.32s/it][A
 52%|█████▏    | 26/50 [03:13<02:51,  7.14s/it][A
 54%|█████▍    | 27/50 [03:18<02:30,  6.53s/it][A
 56%|█████▌    | 28/50 [03:23<02:13,  6.05s/it][A
 58%|█████▊    | 29/50 [03:28<02:01,  5.77s/it][A
 60%|██████    | 30/50 [03:33<01:51,  5.59s/it][A
 62%|██████▏   | 31/50 [03:38<01:43,  5.46s/it][A
 64%|██████▍   | 32/50 [03:43<01:36,  5.36s/it][A
 66%|██████▌   | 33/50 [03:48<01:29,  5.29s/it][A
 68%|██████▊   | 34/50 [03:54<01:23,  5.25s/it][A
 70%|███████   | 35/50 [03:59<01:17,  5.19s/it][A
 72%|███████▏  | 36/50 [04:04<01:12,  5.19s/it][A
 74%|███████▍  | 37/50 [04:09<01:07,  5.19s/it][A
 76%|███████▌  | 38/50 [04:14<01:02,  5.19s/it][A
 78%|███████▊  | 39/50 [04:19<00:56,  5.16s/it][A
 80%|████████  | 40/50 [04:24<00:51,  5.18s/it][A
 82%|████████▏ | 41/50 [04:30<00:46,  5.14s/it][A
 84%|████████▍ | 42/50 [04:35<00:40,  5.12s/it][A
 86%|████████▌ | 43/50 [04:40<00:35,  5.10s/it][A
 88%|████████▊ | 44/50 [04:45<00:30,  5.09s/it][A
 90%|█████████ | 45/50 [04:51<00:26,  5.39s/it][A
 92%|█████████▏| 46/50 [04:57<00:23,  5.78s/it][A
 94%|█████████▍| 47/50 [05:04<00:18,  6.06s/it][A
 96%|█████████▌| 48/50 [05:11<00:12,  6.25s/it][A
 98%|█████████▊| 49/50 [05:17<00:06,  6.21s/it][A
100%|██████████| 50/50 [05:24<00:00,  6.36s/it][A
100%|██████████| 50/50 [05:24<00:00,  6.48s/it]
offline:  90%|█████████ | 900000/1000000 [4:19:37<390:12:08, 14.05s/it, eval_success=0.160]
offline:  90%|█████████ | 900015/1000000 [4:19:37<202:34:36,  7.29s/it, eval_success=0.160]
offline:  90%|█████████ | 900026/1000000 [4:19:37<134:46:17,  4.85s/it, eval_success=0.160]
offline:  90%|█████████ | 900037/1000000 [4:19:37<91:13:37,  3.29s/it, eval_success=0.160] 
offline:  90%|█████████ | 900048/1000000 [4:19:38<62:27:11,  2.25s/it, eval_success=0.160]
offline:  90%|█████████ | 900060/1000000 [4:19:38<41:54:31,  1.51s/it, eval_success=0.160]
offline:  90%|█████████ | 900071/1000000 [4:19:38<29:21:55,  1.06s/it, eval_success=0.160]
  2%|▏         | 1/50 [00:06<05:26,  6.66s/it][A
  4%|▍         | 2/50 [00:15<06:17,  7.87s/it][A
  6%|▌         | 3/50 [00:23<06:23,  8.16s/it][A
  8%|▊         | 4/50 [00:31<06:11,  8.07s/it][A
 10%|█         | 5/50 [00:40<06:08,  8.19s/it][A
 12%|█▏        | 6/50 [00:48<06:03,  8.27s/it][A
 14%|█▍        | 7/50 [00:57<05:59,  8.36s/it][A
 16%|█▌        | 8/50 [01:05<05:51,  8.37s/it][A
 18%|█▊        | 9/50 [01:13<05:43,  8.38s/it][A
 20%|██        | 10/50 [01:22<05:36,  8.41s/it][A
 22%|██▏       | 11/50 [01:30<05:20,  8.22s/it][A
 24%|██▍       | 12/50 [01:37<05:00,  7.91s/it][A
 26%|██▌       | 13/50 [01:45<04:58,  8.08s/it][A
 28%|██▊       | 14/50 [01:55<05:07,  8.53s/it][A
 30%|███       | 15/50 [02:05<05:13,  8.96s/it][A
 32%|███▏      | 16/50 [02:15<05:20,  9.42s/it][A
 34%|███▍      | 17/50 [02:26<05:22,  9.77s/it][A
 36%|███▌      | 18/50 [02:37<05:19,  9.99s/it][A
 38%|███▊      | 19/50 [02:47<05:13, 10.12s/it][A
 40%|████      | 20/50 [02:57<05:06, 10.22s/it][A
 42%|████▏     | 21/50 [03:08<04:58, 10.31s/it][A
 44%|████▍     | 22/50 [03:18<04:49, 10.33s/it][A
 46%|████▌     | 23/50 [03:29<04:39, 10.37s/it][A
 48%|████▊     | 24/50 [03:39<04:29, 10.38s/it][A
 50%|█████     | 25/50 [03:50<04:20, 10.41s/it][A
 52%|█████▏    | 26/50 [03:58<03:55,  9.80s/it][A
 54%|█████▍    | 27/50 [04:06<03:36,  9.40s/it][A
 56%|█████▌    | 28/50 [04:15<03:21,  9.14s/it][A
 58%|█████▊    | 29/50 [04:23<03:07,  8.94s/it][A
 60%|██████    | 30/50 [04:32<02:55,  8.80s/it][A
 62%|██████▏   | 31/50 [04:40<02:45,  8.71s/it][A
 64%|██████▍   | 32/50 [04:49<02:35,  8.65s/it][A
 66%|██████▌   | 33/50 [04:57<02:26,  8.60s/it][A
 68%|██████▊   | 34/50 [05:06<02:17,  8.58s/it][A
 70%|███████   | 35/50 [05:15<02:08,  8.57s/it][A
 72%|███████▏  | 36/50 [05:23<01:59,  8.53s/it][A
 74%|███████▍  | 37/50 [05:31<01:50,  8.51s/it][A
 76%|███████▌  | 38/50 [05:40<01:40,  8.40s/it][A
 78%|███████▊  | 39/50 [05:48<01:32,  8.43s/it][A
 80%|████████  | 40/50 [05:57<01:24,  8.44s/it][A
 82%|████████▏ | 41/50 [06:05<01:16,  8.48s/it][A
 84%|████████▍ | 42/50 [06:13<01:07,  8.45s/it][A
 86%|████████▌ | 43/50 [06:22<00:59,  8.46s/it][A
 88%|████████▊ | 44/50 [06:31<00:52,  8.71s/it][A
 90%|█████████ | 45/50 [06:41<00:44,  8.93s/it][A
 92%|█████████▏| 46/50 [06:49<00:34,  8.62s/it][A
 94%|█████████▍| 47/50 [06:57<00:25,  8.60s/it][A
 96%|█████████▌| 48/50 [07:06<00:17,  8.58s/it][A
 98%|█████████▊| 49/50 [07:14<00:08,  8.57s/it][A
100%|██████████| 50/50 [07:21<00:00,  8.01s/it][A
100%|██████████| 50/50 [07:21<00:00,  8.83s/it]
offline: 100%|█████████▉| 999999/1000000 [4:49:40<00:16, 16.24s/it, eval_success=0.160]
  2%|▏         | 1/50 [00:06<05:28,  6.71s/it][A
  4%|▍         | 2/50 [00:13<05:22,  6.72s/it][A
  6%|▌         | 3/50 [00:20<05:15,  6.71s/it][A
  8%|▊         | 4/50 [00:26<05:08,  6.71s/it][A
 10%|█         | 5/50 [00:33<05:03,  6.74s/it][A
 12%|█▏        | 6/50 [00:40<04:56,  6.73s/it][A
 14%|█▍        | 7/50 [00:47<04:49,  6.74s/it][A
 16%|█▌        | 8/50 [00:53<04:43,  6.75s/it][A
 18%|█▊        | 9/50 [01:00<04:35,  6.72s/it][A
 20%|██        | 10/50 [01:07<04:29,  6.75s/it][A
 22%|██▏       | 11/50 [01:14<04:23,  6.75s/it][A
 24%|██▍       | 12/50 [01:20<04:16,  6.75s/it][A
 26%|██▌       | 13/50 [01:27<04:09,  6.74s/it][A
 28%|██▊       | 14/50 [01:34<04:02,  6.74s/it][A
 30%|███       | 15/50 [01:41<03:55,  6.74s/it][A
 32%|███▏      | 16/50 [01:47<03:49,  6.74s/it][A
 34%|███▍      | 17/50 [01:54<03:42,  6.74s/it][A
 36%|███▌      | 18/50 [02:01<03:34,  6.71s/it][A
 38%|███▊      | 19/50 [02:07<03:23,  6.57s/it][A
 40%|████      | 20/50 [02:14<03:19,  6.64s/it][A
 42%|████▏     | 21/50 [02:20<03:07,  6.45s/it][A
 44%|████▍     | 22/50 [02:26<03:02,  6.50s/it][A
 46%|████▌     | 23/50 [02:33<02:56,  6.55s/it][A
 48%|████▊     | 24/50 [02:40<02:51,  6.60s/it][A
 50%|█████     | 25/50 [02:46<02:46,  6.64s/it][A
 52%|█████▏    | 26/50 [02:54<02:42,  6.76s/it][A
 54%|█████▍    | 27/50 [03:02<02:48,  7.32s/it][A
 56%|█████▌    | 28/50 [03:11<02:50,  7.74s/it][A
 58%|█████▊    | 29/50 [03:19<02:48,  8.01s/it][A
 60%|██████    | 30/50 [03:28<02:44,  8.21s/it][A
 62%|██████▏   | 31/50 [03:37<02:37,  8.31s/it][A
 64%|██████▍   | 32/50 [03:44<02:26,  8.14s/it][A
 66%|██████▌   | 33/50 [03:54<02:27,  8.70s/it][A
 68%|██████▊   | 34/50 [04:05<02:28,  9.27s/it][A
 70%|███████   | 35/50 [04:16<02:24,  9.66s/it][A
 72%|███████▏  | 36/50 [04:26<02:19,  9.93s/it][A
 74%|███████▍  | 37/50 [04:37<02:11, 10.12s/it][A
 76%|███████▌  | 38/50 [04:47<02:03, 10.27s/it][A
 78%|███████▊  | 39/50 [04:58<01:53, 10.33s/it][A
 80%|████████  | 40/50 [05:08<01:43, 10.38s/it][A
 82%|████████▏ | 41/50 [05:19<01:33, 10.41s/it][A
 84%|████████▍ | 42/50 [05:29<01:23, 10.47s/it][A
 86%|████████▌ | 43/50 [05:39<01:11, 10.22s/it][A
 88%|████████▊ | 44/50 [05:50<01:01, 10.31s/it][A
 90%|█████████ | 45/50 [06:00<00:51, 10.36s/it][A
 92%|█████████▏| 46/50 [06:11<00:41, 10.44s/it][A
 94%|█████████▍| 47/50 [06:21<00:31, 10.46s/it][A
 96%|█████████▌| 48/50 [06:32<00:20, 10.47s/it][A
 98%|█████████▊| 49/50 [06:44<00:10, 10.94s/it][A
100%|██████████| 50/50 [06:55<00:00, 11.07s/it][A
100%|██████████| 50/50 [06:55<00:00,  8.31s/it]
offline: 100%|█████████▉| 999999/1000000 [4:56:36<00:16, 16.24s/it, eval_success=0.100]
offline: 100%|██████████| 1000000/1000000 [4:56:36<00:00, 36.16s/it, eval_success=0.100]
Saved to exp/beat/ant2/M_base_t1/antmaze-giant-navigate-singletask-task1-v0/antmaze-giant-navigate-singletask-task1-v0_sd000_anq_stdfp_chunk-h1_20260819_124620/params_offline.pkl
Saved modules ('critic', 'target_critic') to exp/beat/ant2/M_base_t1/antmaze-giant-navigate-singletask-task1-v0/antmaze-giant-navigate-singletask-task1-v0_sd000_anq_stdfp_chunk-h1_20260819_124620/critic_offline.pkl
[1;34mwandb[0m: 
[1;34mwandb[0m: 🚀 View run [33mantmaze-giant-navigate-singletask-task1-v0_sd000_anq_stdfp_chunk-h1_20260819_124620[0m at: [34mhttps://wandb.ai/tjrcjf410-seoul-national-university/ant2/runs/pn39s3c8[0m
[1;34mwandb[0m: Find logs at: [1;35m../../../tmp/tmpbqkn35pg/wandb/run-20260819_124620-pn39s3c8/logs[0m
--- last progress lines ---
offline: 100%|██████████| 1000000/1000000 [4:56:36<00:00, 56.19it/s, eval_success=0.100]
online: 0it [00:00, ?it/s]
online: 0it [00:00, ?it/s]
