wandb: Using wandb-core as the SDK backend.  Please refer to https://wandb.me/wandb-core for more information.
wandb: Currently logged in as: tjrcjf410 (sjun0803-seoul-national-university) to https://api.wandb.ai. Use `wandb login --relogin` to force relogin
wandb: Tracking run with wandb version 0.19.9
wandb: Run data is saved locally in /tmp/tmp_qh_g7h5/wandb/run-20260819_183719-u0vknkn5
wandb: Run `wandb offline` to turn off syncing.
wandb: Syncing run antmaze-giant-navigate-singletask-task1-v0_sd001_anq_stdfp_chunk-h1_20260819_183718
wandb: ⭐️ View project at https://wandb.ai/tjrcjf410-seoul-national-university/ant2
wandb: 🚀 View run at https://wandb.ai/tjrcjf410-seoul-national-university/ant2/runs/u0vknkn5
wandb: WARNING Symlinked 8 files into the W&B run directory, call wandb.save again to sync new files.
I0819 18:37:20.636728 124224671586112 acceleratesupport.py:24] No OpenGL_accelerate module loaded: No module named 'OpenGL_accelerate'
offline:   0%|          | 1/1000000 [01:39<27544:03:26, 99.16s/it]
offline:   0%|          | 2/1000000 [02:02<15094:54:07, 54.34s/it]
offline:   0%|          | 3/1000000 [02:24<10991:17:54, 39.57s/it]
offline:   0%|          | 16/1000000 [02:24<1161:21:53,  4.18s/it]
offline:   0%|          | 29/1000000 [02:24<511:54:36,  1.84s/it] 
offline:   0%|          | 39/1000000 [02:24<318:00:25,  1.14s/it]
  2%|▏         | 1/50 [00:07<06:01,  7.38s/it][A
  4%|▍         | 2/50 [00:14<05:33,  6.96s/it][A
  6%|▌         | 3/50 [00:20<05:19,  6.80s/it][A
  8%|▊         | 4/50 [00:27<05:08,  6.70s/it][A
 10%|█         | 5/50 [00:33<05:00,  6.68s/it][A
 12%|█▏        | 6/50 [00:40<04:52,  6.65s/it][A
 14%|█▍        | 7/50 [00:47<04:46,  6.66s/it][A
 16%|█▌        | 8/50 [00:53<04:38,  6.63s/it][A
 18%|█▊        | 9/50 [01:00<04:32,  6.64s/it][A
 20%|██        | 10/50 [01:07<04:26,  6.66s/it][A
 22%|██▏       | 11/50 [01:13<04:20,  6.68s/it][A
 24%|██▍       | 12/50 [01:20<04:13,  6.66s/it][A
 26%|██▌       | 13/50 [01:27<04:14,  6.88s/it][A
 28%|██▊       | 14/50 [01:34<04:10,  6.97s/it][A
 30%|███       | 15/50 [01:42<04:09,  7.14s/it][A
 32%|███▏      | 16/50 [01:51<04:21,  7.68s/it][A
 34%|███▍      | 17/50 [02:00<04:23,  7.99s/it][A
 36%|███▌      | 18/50 [02:08<04:22,  8.21s/it][A
 38%|███▊      | 19/50 [02:17<04:18,  8.33s/it][A
 40%|████      | 20/50 [02:26<04:12,  8.42s/it][A
 42%|████▏     | 21/50 [02:34<04:06,  8.50s/it][A
 44%|████▍     | 22/50 [02:43<03:58,  8.52s/it][A
 46%|████▌     | 23/50 [02:51<03:50,  8.55s/it][A
 48%|████▊     | 24/50 [03:00<03:43,  8.58s/it][A
 50%|█████     | 25/50 [03:09<03:34,  8.59s/it][A
 52%|█████▏    | 26/50 [03:17<03:26,  8.59s/it][A
 54%|█████▍    | 27/50 [03:23<03:00,  7.84s/it][A
 56%|█████▌    | 28/50 [03:32<02:57,  8.08s/it][A
 58%|█████▊    | 29/50 [03:41<02:52,  8.23s/it][A
 60%|██████    | 30/50 [03:49<02:46,  8.33s/it][A
 62%|██████▏   | 31/50 [03:58<02:40,  8.43s/it][A
 64%|██████▍   | 32/50 [04:07<02:33,  8.51s/it][A
 66%|██████▌   | 33/50 [04:15<02:25,  8.55s/it][A
 68%|██████▊   | 34/50 [04:24<02:16,  8.55s/it][A
 70%|███████   | 35/50 [04:32<02:08,  8.57s/it][A
 72%|███████▏  | 36/50 [04:41<02:00,  8.59s/it][A
 74%|███████▍  | 37/50 [04:49<01:50,  8.49s/it][A
 76%|███████▌  | 38/50 [04:56<01:35,  7.96s/it][A
 78%|███████▊  | 39/50 [05:04<01:26,  7.91s/it][A
 80%|████████  | 40/50 [05:12<01:21,  8.10s/it][A
 82%|████████▏ | 41/50 [05:21<01:14,  8.27s/it][A
 84%|████████▍ | 42/50 [05:30<01:06,  8.36s/it][A
 86%|████████▌ | 43/50 [05:38<00:59,  8.45s/it][A
 88%|████████▊ | 44/50 [05:47<00:51,  8.53s/it][A
 90%|█████████ | 45/50 [05:56<00:42,  8.56s/it][A
 92%|█████████▏| 46/50 [06:04<00:34,  8.59s/it][A
 94%|█████████▍| 47/50 [06:13<00:25,  8.58s/it][A
 96%|█████████▌| 48/50 [06:21<00:17,  8.57s/it][A
 98%|█████████▊| 49/50 [06:30<00:08,  8.59s/it][A
100%|██████████| 50/50 [06:38<00:00,  8.57s/it][A
100%|██████████| 50/50 [06:38<00:00,  7.98s/it]
offline:  10%|█         | 100000/1000000 [31:27<3479:57:28, 13.92s/it, eval_success=0.040]
offline:  10%|█         | 100015/1000000 [31:28<1992:54:07,  7.97s/it, eval_success=0.040]
offline:  10%|█         | 100026/1000000 [31:28<1377:12:56,  5.51s/it, eval_success=0.040]
offline:  10%|█         | 100037/1000000 [31:28<955:54:36,  3.82s/it, eval_success=0.040] 
offline:  10%|█         | 100048/1000000 [31:28<665:41:28,  2.66s/it, eval_success=0.040]
offline:  10%|█         | 100061/1000000 [31:28<440:26:01,  1.76s/it, eval_success=0.040]
offline:  10%|█         | 100072/1000000 [31:28<313:13:18,  1.25s/it, eval_success=0.040]
  2%|▏         | 1/50 [00:08<07:02,  8.61s/it][A
  4%|▍         | 2/50 [00:17<06:53,  8.61s/it][A
  6%|▌         | 3/50 [00:25<06:44,  8.60s/it][A
  8%|▊         | 4/50 [00:34<06:35,  8.60s/it][A
 10%|█         | 5/50 [00:42<06:26,  8.59s/it][A
 12%|█▏        | 6/50 [00:51<06:16,  8.56s/it][A
 14%|█▍        | 7/50 [01:00<06:09,  8.58s/it][A
 16%|█▌        | 8/50 [01:08<06:01,  8.61s/it][A
 18%|█▊        | 9/50 [01:17<05:53,  8.63s/it][A
 20%|██        | 10/50 [01:25<05:40,  8.52s/it][A
 22%|██▏       | 11/50 [01:31<05:05,  7.83s/it][A
 24%|██▍       | 12/50 [01:38<04:45,  7.50s/it][A
 26%|██▌       | 13/50 [01:45<04:29,  7.27s/it][A
 28%|██▊       | 14/50 [01:52<04:17,  7.14s/it][A
 30%|███       | 15/50 [01:59<04:06,  7.04s/it][A
 32%|███▏      | 16/50 [02:05<03:56,  6.95s/it][A
 34%|███▍      | 17/50 [02:12<03:47,  6.89s/it][A
 36%|███▌      | 18/50 [02:19<03:39,  6.85s/it][A
 38%|███▊      | 19/50 [02:26<03:31,  6.82s/it][A
 40%|████      | 20/50 [02:31<03:12,  6.41s/it][A
 42%|████▏     | 21/50 [02:36<02:55,  6.04s/it][A
 44%|████▍     | 22/50 [02:41<02:41,  5.78s/it][A
 46%|████▌     | 23/50 [02:47<02:30,  5.57s/it][A
 48%|████▊     | 24/50 [02:52<02:21,  5.44s/it][A
 50%|█████     | 25/50 [02:57<02:13,  5.34s/it][A
 52%|█████▏    | 26/50 [03:02<02:06,  5.27s/it][A
 54%|█████▍    | 27/50 [03:07<02:00,  5.24s/it][A
 56%|█████▌    | 28/50 [03:12<01:54,  5.21s/it][A
 58%|█████▊    | 29/50 [03:17<01:47,  5.10s/it][A
 60%|██████    | 30/50 [03:21<01:35,  4.75s/it][A
 62%|██████▏   | 31/50 [03:25<01:24,  4.44s/it][A
 64%|██████▍   | 32/50 [03:29<01:17,  4.28s/it][A
 66%|██████▌   | 33/50 [03:33<01:11,  4.20s/it][A
 68%|██████▊   | 34/50 [03:37<01:06,  4.13s/it][A
 70%|███████   | 35/50 [03:40<01:00,  4.02s/it][A
 72%|███████▏  | 36/50 [03:44<00:55,  3.96s/it][A
 74%|███████▍  | 37/50 [03:48<00:50,  3.89s/it][A
 76%|███████▌  | 38/50 [03:52<00:46,  3.87s/it][A
 78%|███████▊  | 39/50 [03:54<00:37,  3.40s/it][A
 80%|████████  | 40/50 [03:57<00:33,  3.32s/it][A
 82%|████████▏ | 41/50 [04:01<00:31,  3.52s/it][A
 84%|████████▍ | 42/50 [04:05<00:28,  3.61s/it][A
 86%|████████▌ | 43/50 [04:09<00:26,  3.75s/it][A
 88%|████████▊ | 44/50 [04:13<00:22,  3.79s/it][A
 90%|█████████ | 45/50 [04:17<00:19,  3.82s/it][A
 92%|█████████▏| 46/50 [04:21<00:15,  3.87s/it][A
 94%|█████████▍| 47/50 [04:25<00:11,  3.98s/it][A
 96%|█████████▌| 48/50 [04:29<00:08,  4.01s/it][A
 98%|█████████▊| 49/50 [04:33<00:04,  4.08s/it][A
100%|██████████| 50/50 [04:37<00:00,  4.04s/it][A
100%|██████████| 50/50 [04:37<00:00,  5.56s/it]
offline:  20%|██        | 200000/1000000 [1:00:03<2579:17:25, 11.61s/it, eval_success=0.020]
offline:  20%|██        | 200022/1000000 [1:00:03<1116:46:32,  5.03s/it, eval_success=0.020]
offline:  20%|██        | 200040/1000000 [1:00:03<672:01:22,  3.02s/it, eval_success=0.020] 
offline:  20%|██        | 200058/1000000 [1:00:03<428:36:57,  1.93s/it, eval_success=0.020]
offline:  20%|██        | 200073/1000000 [1:00:04<299:50:43,  1.35s/it, eval_success=0.020]
  2%|▏         | 1/50 [00:06<05:14,  6.42s/it][A
  4%|▍         | 2/50 [00:12<05:09,  6.44s/it][A
  6%|▌         | 3/50 [00:19<05:03,  6.45s/it][A
  8%|▊         | 4/50 [00:25<04:55,  6.41s/it][A
 10%|█         | 5/50 [00:32<04:48,  6.42s/it][A
 12%|█▏        | 6/50 [00:38<04:42,  6.41s/it][A
 14%|█▍        | 7/50 [00:44<04:35,  6.42s/it][A
 16%|█▌        | 8/50 [00:51<04:29,  6.42s/it][A
 18%|█▊        | 9/50 [00:58<04:27,  6.53s/it][A
 20%|██        | 10/50 [01:06<04:43,  7.08s/it][A
 22%|██▏       | 11/50 [01:14<04:50,  7.46s/it][A
 24%|██▍       | 12/50 [01:23<04:53,  7.72s/it][A
 26%|██▌       | 13/50 [01:31<04:51,  7.88s/it][A
 28%|██▊       | 14/50 [01:39<04:47,  7.98s/it][A
 30%|███       | 15/50 [01:47<04:42,  8.06s/it][A
 32%|███▏      | 16/50 [01:56<04:36,  8.13s/it][A
 34%|███▍      | 17/50 [02:04<04:30,  8.19s/it][A
 36%|███▌      | 18/50 [02:12<04:22,  8.21s/it][A
 38%|███▊      | 19/50 [02:21<04:16,  8.26s/it][A
 40%|████      | 20/50 [02:28<03:56,  7.90s/it][A
 42%|████▏     | 21/50 [02:34<03:37,  7.51s/it][A
 44%|████▍     | 22/50 [02:41<03:20,  7.16s/it][A
 46%|████▌     | 23/50 [02:47<03:06,  6.90s/it][A
 48%|████▊     | 24/50 [02:53<02:54,  6.73s/it][A
 50%|█████     | 25/50 [02:59<02:44,  6.59s/it][A
 52%|█████▏    | 26/50 [03:06<02:36,  6.51s/it][A
 54%|█████▍    | 27/50 [03:12<02:27,  6.42s/it][A
 56%|█████▌    | 28/50 [03:16<02:06,  5.76s/it][A
 58%|█████▊    | 29/50 [03:20<01:50,  5.25s/it][A
 60%|██████    | 30/50 [03:24<01:35,  4.77s/it][A
 62%|██████▏   | 31/50 [03:28<01:28,  4.64s/it][A
 64%|██████▍   | 32/50 [03:33<01:23,  4.63s/it][A
 66%|██████▌   | 33/50 [03:37<01:16,  4.53s/it][A
 68%|██████▊   | 34/50 [03:43<01:17,  4.83s/it][A
 70%|███████   | 35/50 [03:49<01:19,  5.28s/it][A
 72%|███████▏  | 36/50 [03:55<01:18,  5.59s/it][A
 74%|███████▍  | 37/50 [04:02<01:15,  5.82s/it][A
 76%|███████▌  | 38/50 [04:08<01:12,  6.00s/it][A
 78%|███████▊  | 39/50 [04:14<01:06,  6.09s/it][A
 80%|████████  | 40/50 [04:21<01:02,  6.21s/it][A
 82%|████████▏ | 41/50 [04:27<00:56,  6.27s/it][A
 84%|████████▍ | 42/50 [04:34<00:50,  6.28s/it][A
 86%|████████▌ | 43/50 [04:40<00:44,  6.30s/it][A
 88%|████████▊ | 44/50 [04:46<00:36,  6.12s/it][A
 90%|█████████ | 45/50 [04:51<00:28,  5.78s/it][A
 92%|█████████▏| 46/50 [04:56<00:22,  5.54s/it][A
 94%|█████████▍| 47/50 [05:01<00:16,  5.34s/it][A
 96%|█████████▌| 48/50 [05:09<00:12,  6.30s/it][A
 98%|█████████▊| 49/50 [05:19<00:07,  7.36s/it][A
100%|██████████| 50/50 [05:28<00:00,  7.87s/it][A
100%|██████████| 50/50 [05:28<00:00,  6.57s/it]
offline:  30%|███       | 300000/1000000 [1:25:21<1706:27:26,  8.78s/it, eval_success=0.000]
offline:  30%|███       | 300003/1000000 [1:25:21<1532:34:14,  7.88s/it, eval_success=0.000]
offline:  30%|███       | 300011/1000000 [1:25:21<1104:27:26,  5.68s/it, eval_success=0.000]
offline:  30%|███       | 300018/1000000 [1:25:22<819:12:26,  4.21s/it, eval_success=0.000] 
offline:  30%|███       | 300024/1000000 [1:25:22<623:28:53,  3.21s/it, eval_success=0.000]
offline:  30%|███       | 300029/1000000 [1:25:22<486:07:08,  2.50s/it, eval_success=0.000]
offline:  30%|███       | 300033/1000000 [1:25:22<388:28:52,  2.00s/it, eval_success=0.000]
offline:  30%|███       | 300037/1000000 [1:25:22<302:15:45,  1.55s/it, eval_success=0.000]
offline:  30%|███       | 300041/1000000 [1:25:22<230:18:24,  1.18s/it, eval_success=0.000]
  2%|▏         | 1/50 [00:10<08:47, 10.77s/it][A
  4%|▍         | 2/50 [00:21<08:35, 10.74s/it][A
  6%|▌         | 3/50 [00:31<08:16, 10.56s/it][A
  8%|▊         | 4/50 [00:40<07:35,  9.90s/it][A
 10%|█         | 5/50 [00:49<07:08,  9.51s/it][A
 12%|█▏        | 6/50 [00:58<06:47,  9.27s/it][A
 14%|█▍        | 7/50 [01:07<06:33,  9.14s/it][A
 16%|█▌        | 8/50 [01:16<06:20,  9.05s/it][A
 18%|█▊        | 9/50 [01:24<06:08,  8.98s/it][A
 20%|██        | 10/50 [01:33<05:57,  8.93s/it][A
 22%|██▏       | 11/50 [01:42<05:46,  8.88s/it][A
 24%|██▍       | 12/50 [01:51<05:37,  8.89s/it][A
 26%|██▌       | 13/50 [02:00<05:28,  8.88s/it][A
 28%|██▊       | 14/50 [02:09<05:19,  8.86s/it][A
 30%|███       | 15/50 [02:17<05:09,  8.84s/it][A
 32%|███▏      | 16/50 [02:25<04:48,  8.48s/it][A
 34%|███▍      | 17/50 [02:31<04:13,  7.68s/it][A
 36%|███▌      | 18/50 [02:36<03:42,  6.96s/it][A
 38%|███▊      | 19/50 [02:41<03:19,  6.43s/it][A
 40%|████      | 20/50 [02:47<03:10,  6.35s/it][A
 42%|████▏     | 21/50 [02:52<02:52,  5.94s/it][A
 44%|████▍     | 22/50 [02:57<02:37,  5.63s/it][A
 46%|████▌     | 23/50 [03:02<02:25,  5.39s/it][A
 48%|████▊     | 24/50 [03:07<02:17,  5.28s/it][A
 50%|█████     | 25/50 [03:12<02:08,  5.16s/it][A
 52%|█████▏    | 26/50 [03:17<02:02,  5.10s/it][A
 54%|█████▍    | 27/50 [03:22<01:56,  5.05s/it][A
 56%|█████▌    | 28/50 [03:27<01:50,  5.03s/it][A
 58%|█████▊    | 29/50 [03:32<01:46,  5.09s/it][A
 60%|██████    | 30/50 [03:39<01:51,  5.60s/it][A
 62%|██████▏   | 31/50 [03:46<01:52,  5.94s/it][A
 64%|██████▍   | 32/50 [03:53<01:51,  6.19s/it][A
 66%|██████▌   | 33/50 [03:59<01:48,  6.36s/it][A
 68%|██████▊   | 34/50 [04:06<01:43,  6.47s/it][A
 70%|███████   | 35/50 [04:13<01:38,  6.58s/it][A
 72%|███████▏  | 36/50 [04:20<01:33,  6.65s/it][A
 74%|███████▍  | 37/50 [04:26<01:26,  6.67s/it][A
 76%|███████▌  | 38/50 [04:33<01:20,  6.71s/it][A
 78%|███████▊  | 39/50 [04:40<01:13,  6.71s/it][A
 80%|████████  | 40/50 [04:47<01:07,  6.74s/it][A
 82%|████████▏ | 41/50 [04:53<01:00,  6.74s/it][A
 84%|████████▍ | 42/50 [05:00<00:53,  6.74s/it][A
 86%|████████▌ | 43/50 [05:07<00:47,  6.76s/it][A
 88%|████████▊ | 44/50 [05:14<00:40,  6.76s/it][A
 90%|█████████ | 45/50 [05:21<00:33,  6.78s/it][A
 92%|█████████▏| 46/50 [05:27<00:27,  6.78s/it][A
 94%|█████████▍| 47/50 [05:34<00:20,  6.77s/it][A
 96%|█████████▌| 48/50 [05:41<00:13,  6.80s/it][A
 98%|█████████▊| 49/50 [05:48<00:06,  6.78s/it][A
100%|██████████| 50/50 [05:54<00:00,  6.79s/it][A
100%|██████████| 50/50 [05:54<00:00,  7.10s/it]
offline:  40%|████      | 400000/1000000 [1:56:47<2813:35:29, 16.88s/it, eval_success=0.000]
offline:  40%|████      | 400016/1000000 [1:56:47<1350:03:03,  8.10s/it, eval_success=0.000]
offline:  40%|████      | 400026/1000000 [1:56:47<922:23:47,  5.53s/it, eval_success=0.000] 
offline:  40%|████      | 400037/1000000 [1:56:47<616:03:11,  3.70s/it, eval_success=0.000]
offline:  40%|████      | 400047/1000000 [1:56:48<430:43:40,  2.58s/it, eval_success=0.000]
offline:  40%|████      | 400058/1000000 [1:56:48<292:41:09,  1.76s/it, eval_success=0.000]
offline:  40%|████      | 400068/1000000 [1:56:48<207:04:07,  1.24s/it, eval_success=0.000]
  2%|▏         | 1/50 [00:12<10:18, 12.61s/it][A
  4%|▍         | 2/50 [00:25<10:07, 12.66s/it][A
  6%|▌         | 3/50 [00:38<09:55, 12.68s/it][A
  8%|▊         | 4/50 [00:50<09:44, 12.70s/it][A
 10%|█         | 5/50 [01:03<09:32, 12.72s/it][A
 12%|█▏        | 6/50 [01:16<09:17, 12.68s/it][A
 14%|█▍        | 7/50 [01:28<09:05, 12.68s/it][A
 16%|█▌        | 8/50 [01:40<08:40, 12.38s/it][A
 18%|█▊        | 9/50 [01:51<08:06, 11.87s/it][A
 20%|██        | 10/50 [02:01<07:39, 11.50s/it][A
 22%|██▏       | 11/50 [02:12<07:19, 11.28s/it][A
 24%|██▍       | 12/50 [02:23<07:02, 11.11s/it][A
 26%|██▌       | 13/50 [02:34<06:47, 11.01s/it][A
 28%|██▊       | 14/50 [02:44<06:33, 10.93s/it][A
 30%|███       | 15/50 [02:55<06:20, 10.86s/it][A
 32%|███▏      | 16/50 [03:04<05:50, 10.30s/it][A
 34%|███▍      | 17/50 [03:13<05:24,  9.84s/it][A
 36%|███▌      | 18/50 [03:20<04:52,  9.15s/it][A
 38%|███▊      | 19/50 [03:27<04:21,  8.42s/it][A
 40%|████      | 20/50 [03:34<03:57,  7.93s/it][A
 42%|████▏     | 21/50 [03:41<03:43,  7.71s/it][A
 44%|████▍     | 22/50 [03:48<03:28,  7.43s/it][A
 46%|████▌     | 23/50 [03:55<03:15,  7.23s/it][A
 48%|████▊     | 24/50 [04:02<03:04,  7.10s/it][A
 50%|█████     | 25/50 [04:08<02:55,  7.01s/it][A
 52%|█████▏    | 26/50 [04:15<02:46,  6.94s/it][A
 54%|█████▍    | 27/50 [04:22<02:38,  6.91s/it][A
 56%|█████▌    | 28/50 [04:29<02:30,  6.85s/it][A
 58%|█████▊    | 29/50 [04:35<02:23,  6.82s/it][A
 60%|██████    | 30/50 [04:42<02:16,  6.83s/it][A
 62%|██████▏   | 31/50 [04:49<02:09,  6.81s/it][A
 64%|██████▍   | 32/50 [04:56<02:02,  6.80s/it][A
 66%|██████▌   | 33/50 [05:03<01:55,  6.79s/it][A
 68%|██████▊   | 34/50 [05:09<01:48,  6.79s/it][A
 70%|███████   | 35/50 [05:16<01:41,  6.77s/it][A
 72%|███████▏  | 36/50 [05:23<01:34,  6.78s/it][A
 74%|███████▍  | 37/50 [05:30<01:28,  6.78s/it][A
 76%|███████▌  | 38/50 [05:36<01:21,  6.78s/it][A
 78%|███████▊  | 39/50 [05:43<01:14,  6.77s/it][A
 80%|████████  | 40/50 [05:50<01:07,  6.78s/it][A
 82%|████████▏ | 41/50 [05:57<01:01,  6.79s/it][A
 84%|████████▍ | 42/50 [06:04<00:54,  6.77s/it][A
 86%|████████▌ | 43/50 [06:10<00:47,  6.78s/it][A
 88%|████████▊ | 44/50 [06:17<00:40,  6.78s/it][A
 90%|█████████ | 45/50 [06:24<00:33,  6.78s/it][A
 92%|█████████▏| 46/50 [06:30<00:26,  6.59s/it][A
 94%|█████████▍| 47/50 [06:36<00:19,  6.54s/it][A
 96%|█████████▌| 48/50 [06:43<00:13,  6.61s/it][A
 98%|█████████▊| 49/50 [06:50<00:06,  6.65s/it][A
100%|██████████| 50/50 [06:57<00:00,  6.69s/it][A
100%|██████████| 50/50 [06:57<00:00,  8.35s/it]
offline:  50%|█████     | 500000/1000000 [2:30:20<2708:26:05, 19.50s/it, eval_success=0.000]
offline:  50%|█████     | 500015/1000000 [2:30:20<1354:45:06,  9.75s/it, eval_success=0.000]
offline:  50%|█████     | 500025/1000000 [2:30:20<918:13:30,  6.61s/it, eval_success=0.000] 
offline:  50%|█████     | 500035/1000000 [2:30:20<629:01:32,  4.53s/it, eval_success=0.000]
offline:  50%|█████     | 500048/1000000 [2:30:20<397:08:05,  2.86s/it, eval_success=0.000]
offline:  50%|█████     | 500058/1000000 [2:30:20<283:01:58,  2.04s/it, eval_success=0.000]
offline:  50%|█████     | 500069/1000000 [2:30:21<195:10:06,  1.41s/it, eval_success=0.000]
  2%|▏         | 1/50 [00:10<08:51, 10.84s/it][A
  4%|▍         | 2/50 [00:21<08:40, 10.85s/it][A
  6%|▌         | 3/50 [00:32<08:30, 10.86s/it][A
  8%|▊         | 4/50 [00:43<08:19, 10.86s/it][A
 10%|█         | 5/50 [00:54<08:07, 10.84s/it][A
 12%|█▏        | 6/50 [01:05<07:56, 10.82s/it][A
 14%|█▍        | 7/50 [01:16<07:48, 10.90s/it][A
 16%|█▌        | 8/50 [01:27<07:42, 11.01s/it][A
 18%|█▊        | 9/50 [01:38<07:29, 10.95s/it][A
 20%|██        | 10/50 [01:49<07:21, 11.04s/it][A
 22%|██▏       | 11/50 [02:00<07:12, 11.08s/it][A
 24%|██▍       | 12/50 [02:11<07:02, 11.11s/it][A
 26%|██▌       | 13/50 [02:22<06:48, 11.05s/it][A
 28%|██▊       | 14/50 [02:33<06:35, 10.99s/it][A
 30%|███       | 15/50 [02:45<06:32, 11.22s/it][A
 32%|███▏      | 16/50 [02:55<06:16, 11.06s/it][A
 34%|███▍      | 17/50 [03:06<06:01, 10.95s/it][A
 36%|███▌      | 18/50 [03:16<05:42, 10.69s/it][A
 38%|███▊      | 19/50 [03:25<05:14, 10.14s/it][A
 40%|████      | 20/50 [03:34<04:54,  9.80s/it][A
 42%|████▏     | 21/50 [03:43<04:36,  9.52s/it][A
 44%|████▍     | 22/50 [03:52<04:20,  9.29s/it][A
 46%|████▌     | 23/50 [03:59<03:51,  8.56s/it][A
 48%|████▊     | 24/50 [04:05<03:29,  8.04s/it][A
 50%|█████     | 25/50 [04:12<03:12,  7.69s/it][A
 52%|█████▏    | 26/50 [04:19<02:58,  7.43s/it][A
 54%|█████▍    | 27/50 [04:26<02:46,  7.24s/it][A
 56%|█████▌    | 28/50 [04:33<02:37,  7.15s/it][A
 58%|█████▊    | 29/50 [04:40<02:29,  7.13s/it][A
 60%|██████    | 30/50 [04:47<02:20,  7.04s/it][A
 62%|██████▏   | 31/50 [04:54<02:13,  7.03s/it][A
 64%|██████▍   | 32/50 [05:01<02:05,  6.99s/it][A
 66%|██████▌   | 33/50 [05:08<01:58,  6.99s/it][A
 68%|██████▊   | 34/50 [05:15<01:51,  6.96s/it][A
 70%|███████   | 35/50 [05:21<01:43,  6.91s/it][A
 72%|███████▏  | 36/50 [05:28<01:36,  6.86s/it][A
 74%|███████▍  | 37/50 [05:35<01:29,  6.86s/it][A
 76%|███████▌  | 38/50 [05:42<01:22,  6.83s/it][A
 78%|███████▊  | 39/50 [05:48<01:14,  6.80s/it][A
 80%|████████  | 40/50 [05:55<01:08,  6.80s/it][A
 82%|████████▏ | 41/50 [06:02<01:01,  6.84s/it][A
 84%|████████▍ | 42/50 [06:09<00:54,  6.85s/it][A
 86%|████████▌ | 43/50 [06:16<00:47,  6.84s/it][A
 88%|████████▊ | 44/50 [06:23<00:41,  6.84s/it][A
 90%|█████████ | 45/50 [06:30<00:34,  6.84s/it][A
 92%|█████████▏| 46/50 [06:36<00:27,  6.84s/it][A
 94%|█████████▍| 47/50 [06:43<00:20,  6.84s/it][A
 96%|█████████▌| 48/50 [06:50<00:13,  6.83s/it][A
 98%|█████████▊| 49/50 [06:57<00:06,  6.80s/it][A
100%|██████████| 50/50 [07:04<00:00,  6.81s/it][A
100%|██████████| 50/50 [07:04<00:00,  8.48s/it]
offline:  60%|██████    | 600000/1000000 [3:03:33<2069:23:04, 18.62s/it, eval_success=0.000]
offline:  60%|██████    | 600013/1000000 [3:03:33<1140:58:59, 10.27s/it, eval_success=0.000]
offline:  60%|██████    | 600023/1000000 [3:03:33<764:28:18,  6.88s/it, eval_success=0.000] 
offline:  60%|██████    | 600034/1000000 [3:03:34<503:39:15,  4.53s/it, eval_success=0.000]
offline:  60%|██████    | 600044/1000000 [3:03:34<349:11:23,  3.14s/it, eval_success=0.000]
offline:  60%|██████    | 600055/1000000 [3:03:34<235:49:13,  2.12s/it, eval_success=0.000]
offline:  60%|██████    | 600065/1000000 [3:03:34<166:07:33,  1.50s/it, eval_success=0.000]
offline:  60%|██████    | 600076/1000000 [3:03:34<113:34:48,  1.02s/it, eval_success=0.000]
  2%|▏         | 1/50 [00:10<08:45, 10.73s/it][A
  4%|▍         | 2/50 [00:21<08:32, 10.68s/it][A
  6%|▌         | 3/50 [00:32<08:21, 10.66s/it][A
  8%|▊         | 4/50 [00:43<08:19, 10.86s/it][A
 10%|█         | 5/50 [00:55<08:39, 11.55s/it][A
 12%|█▏        | 6/50 [01:08<08:45, 11.93s/it][A
 14%|█▍        | 7/50 [01:21<08:44, 12.21s/it][A
 16%|█▌        | 8/50 [01:34<08:39, 12.36s/it][A
 18%|█▊        | 9/50 [01:47<08:34, 12.56s/it][A
 20%|██        | 10/50 [01:59<08:24, 12.62s/it][A
 22%|██▏       | 11/50 [02:12<08:13, 12.66s/it][A
 24%|██▍       | 12/50 [02:25<08:02, 12.69s/it][A
 26%|██▌       | 13/50 [02:38<07:50, 12.72s/it][A
 28%|██▊       | 14/50 [02:51<07:43, 12.88s/it][A
 30%|███       | 15/50 [03:03<07:25, 12.73s/it][A
 32%|███▏      | 16/50 [03:14<06:56, 12.24s/it][A
 34%|███▍      | 17/50 [03:23<06:09, 11.21s/it][A
 36%|███▌      | 18/50 [03:34<05:56, 11.13s/it][A
 38%|███▊      | 19/50 [03:45<05:42, 11.05s/it][A
 40%|████      | 20/50 [03:54<05:13, 10.44s/it][A
 42%|████▏     | 21/50 [04:03<04:48,  9.94s/it][A
 44%|████▍     | 22/50 [04:12<04:29,  9.61s/it][A
 46%|████▌     | 23/50 [04:20<04:12,  9.36s/it][A
 48%|████▊     | 24/50 [04:27<03:38,  8.42s/it][A
 50%|█████     | 25/50 [04:32<03:07,  7.52s/it][A
 52%|█████▏    | 26/50 [04:37<02:44,  6.85s/it][A
 54%|█████▍    | 27/50 [04:43<02:27,  6.39s/it][A
 56%|█████▌    | 28/50 [04:48<02:13,  6.08s/it][A
 58%|█████▊    | 29/50 [04:53<02:03,  5.86s/it][A
 60%|██████    | 30/50 [04:59<01:53,  5.69s/it][A
 62%|██████▏   | 31/50 [05:04<01:45,  5.55s/it][A
 64%|██████▍   | 32/50 [05:09<01:38,  5.48s/it][A
 66%|██████▌   | 33/50 [05:14<01:32,  5.41s/it][A
 68%|██████▊   | 34/50 [05:20<01:26,  5.41s/it][A
 70%|███████   | 35/50 [05:25<01:21,  5.40s/it][A
 72%|███████▏  | 36/50 [05:30<01:14,  5.34s/it][A
 74%|███████▍  | 37/50 [05:36<01:08,  5.30s/it][A
 76%|███████▌  | 38/50 [05:41<01:03,  5.26s/it][A
 78%|███████▊  | 39/50 [05:46<00:57,  5.26s/it][A
 80%|████████  | 40/50 [05:51<00:52,  5.25s/it][A
 82%|████████▏ | 41/50 [05:57<00:49,  5.48s/it][A
 84%|████████▍ | 42/50 [06:04<00:47,  5.92s/it][A
 86%|████████▌ | 43/50 [06:11<00:42,  6.04s/it][A
 88%|████████▊ | 44/50 [06:16<00:34,  5.83s/it][A
 90%|█████████ | 45/50 [06:21<00:28,  5.68s/it][A
 92%|█████████▏| 46/50 [06:27<00:22,  5.59s/it][A
 94%|█████████▍| 47/50 [06:32<00:16,  5.52s/it][A
 96%|█████████▌| 48/50 [06:37<00:10,  5.44s/it][A
 98%|█████████▊| 49/50 [06:43<00:05,  5.39s/it][A
100%|██████████| 50/50 [06:48<00:00,  5.34s/it][A
100%|██████████| 50/50 [06:48<00:00,  8.16s/it]
offline:  70%|███████   | 700000/1000000 [3:35:51<1672:56:53, 20.08s/it, eval_success=0.020]
offline:  70%|███████   | 700012/1000000 [3:35:51<908:36:10, 10.90s/it, eval_success=0.020] 
offline:  70%|███████   | 700030/1000000 [3:35:51<459:13:41,  5.51s/it, eval_success=0.020]
offline:  70%|███████   | 700042/1000000 [3:35:51<312:21:13,  3.75s/it, eval_success=0.020]
offline:  70%|███████   | 700054/1000000 [3:35:51<214:31:28,  2.57s/it, eval_success=0.020]
offline:  70%|███████   | 700068/1000000 [3:35:51<141:02:19,  1.69s/it, eval_success=0.020]
offline:  70%|███████   | 700080/1000000 [3:35:51<99:29:41,  1.19s/it, eval_success=0.020] 
  2%|▏         | 1/50 [00:12<10:24, 12.75s/it][A
  4%|▍         | 2/50 [00:25<10:11, 12.75s/it][A
  6%|▌         | 3/50 [00:38<10:01, 12.79s/it][A
  8%|▊         | 4/50 [00:51<09:50, 12.84s/it][A
 10%|█         | 5/50 [01:04<09:37, 12.83s/it][A
 12%|█▏        | 6/50 [01:17<09:36, 13.10s/it][A
 14%|█▍        | 7/50 [01:32<09:44, 13.60s/it][A
 16%|█▌        | 8/50 [01:45<09:29, 13.55s/it][A
 18%|█▊        | 9/50 [01:57<08:52, 12.99s/it][A
 20%|██        | 10/50 [02:10<08:36, 12.92s/it][A
 22%|██▏       | 11/50 [02:22<08:11, 12.59s/it][A
 24%|██▍       | 12/50 [02:34<08:01, 12.67s/it][A
 26%|██▌       | 13/50 [02:47<07:51, 12.73s/it][A
 28%|██▊       | 14/50 [02:59<07:23, 12.31s/it][A
 30%|███       | 15/50 [03:09<06:49, 11.71s/it][A
 32%|███▏      | 16/50 [03:19<06:17, 11.09s/it][A
 34%|███▍      | 17/50 [03:30<06:06, 11.11s/it][A
 36%|███▌      | 18/50 [03:41<05:55, 11.10s/it][A
 38%|███▊      | 19/50 [03:50<05:29, 10.64s/it][A
 40%|████      | 20/50 [03:59<05:03, 10.13s/it][A
 42%|████▏     | 21/50 [04:08<04:41,  9.69s/it][A
 44%|████▍     | 22/50 [04:17<04:22,  9.37s/it][A
 46%|████▌     | 23/50 [04:24<03:55,  8.73s/it][A
 48%|████▊     | 24/50 [04:31<03:34,  8.26s/it][A
 50%|█████     | 25/50 [04:38<03:17,  7.91s/it][A
 52%|█████▏    | 26/50 [04:45<03:03,  7.65s/it][A
 54%|█████▍    | 27/50 [04:52<02:52,  7.48s/it][A
 56%|█████▌    | 28/50 [04:59<02:41,  7.32s/it][A
 58%|█████▊    | 29/50 [05:06<02:32,  7.28s/it][A
 60%|██████    | 30/50 [05:14<02:24,  7.21s/it][A
 62%|██████▏   | 31/50 [05:21<02:16,  7.18s/it][A
 64%|██████▍   | 32/50 [05:28<02:08,  7.14s/it][A
 66%|██████▌   | 33/50 [05:35<02:00,  7.11s/it][A
 68%|██████▊   | 34/50 [05:41<01:50,  6.92s/it][A
 70%|███████   | 35/50 [05:48<01:44,  6.97s/it][A
 72%|███████▏  | 36/50 [05:55<01:38,  7.02s/it][A
 74%|███████▍  | 37/50 [06:03<01:31,  7.06s/it][A
 76%|███████▌  | 38/50 [06:10<01:24,  7.07s/it][A
 78%|███████▊  | 39/50 [06:17<01:18,  7.10s/it][A
 80%|████████  | 40/50 [06:24<01:10,  7.10s/it][A
 82%|████████▏ | 41/50 [06:31<01:03,  7.08s/it][A
 84%|████████▍ | 42/50 [06:38<00:56,  7.09s/it][A
 86%|████████▌ | 43/50 [06:45<00:49,  7.12s/it][A
 88%|████████▊ | 44/50 [06:52<00:42,  7.14s/it][A
 90%|█████████ | 45/50 [06:59<00:35,  7.11s/it][A
 92%|█████████▏| 46/50 [07:07<00:28,  7.14s/it][A
 94%|█████████▍| 47/50 [07:14<00:21,  7.13s/it][A
 96%|█████████▌| 48/50 [07:21<00:14,  7.13s/it][A
 98%|█████████▊| 49/50 [07:28<00:07,  7.14s/it][A
100%|██████████| 50/50 [07:35<00:00,  7.12s/it][A
100%|██████████| 50/50 [07:35<00:00,  9.11s/it]
offline:  80%|████████  | 800000/1000000 [4:10:49<1619:53:20, 29.16s/it, eval_success=0.160]
offline:  80%|████████  | 800013/1000000 [4:10:49<740:53:19, 13.34s/it, eval_success=0.160] 
offline:  80%|████████  | 800024/1000000 [4:10:49<447:33:33,  8.06s/it, eval_success=0.160]
offline:  80%|████████  | 800034/1000000 [4:10:49<295:42:32,  5.32s/it, eval_success=0.160]
offline:  80%|████████  | 800043/1000000 [4:10:49<206:02:57,  3.71s/it, eval_success=0.160]
offline:  80%|████████  | 800052/1000000 [4:10:50<143:51:56,  2.59s/it, eval_success=0.160]
offline:  80%|████████  | 800063/1000000 [4:10:50<94:16:51,  1.70s/it, eval_success=0.160] 
offline:  80%|████████  | 800074/1000000 [4:10:50<63:17:05,  1.14s/it, eval_success=0.160]
  2%|▏         | 1/50 [00:13<11:01, 13.51s/it][A
  4%|▍         | 2/50 [00:28<11:42, 14.64s/it][A
  6%|▌         | 3/50 [00:44<11:42, 14.94s/it][A
  8%|▊         | 4/50 [00:59<11:34, 15.10s/it][A
 10%|█         | 5/50 [01:14<11:23, 15.18s/it][A
 12%|█▏        | 6/50 [01:30<11:09, 15.22s/it][A
 14%|█▍        | 7/50 [01:45<10:55, 15.25s/it][A
 16%|█▌        | 8/50 [02:00<10:36, 15.17s/it][A
 18%|█▊        | 9/50 [02:13<09:57, 14.58s/it][A
 20%|██        | 10/50 [02:27<09:26, 14.17s/it][A
 22%|██▏       | 11/50 [02:40<09:02, 13.90s/it][A
 24%|██▍       | 12/50 [02:53<08:41, 13.73s/it][A
 26%|██▌       | 13/50 [03:05<08:01, 13.02s/it][A
 28%|██▊       | 14/50 [03:16<07:29, 12.50s/it][A
 30%|███       | 15/50 [03:27<07:04, 12.14s/it][A
 32%|███▏      | 16/50 [03:38<06:43, 11.88s/it][A
 34%|███▍      | 17/50 [03:50<06:26, 11.71s/it][A
 36%|███▌      | 18/50 [04:01<06:09, 11.55s/it][A
 38%|███▊      | 19/50 [04:12<05:55, 11.46s/it][A
 40%|████      | 20/50 [04:22<05:26, 10.88s/it][A
 42%|████▏     | 21/50 [04:31<05:01, 10.38s/it][A
 44%|████▍     | 22/50 [04:40<04:41, 10.06s/it][A
 46%|████▌     | 23/50 [04:49<04:24,  9.80s/it][A
 48%|████▊     | 24/50 [04:59<04:10,  9.63s/it][A
 50%|█████     | 25/50 [05:08<03:57,  9.50s/it][A
 52%|█████▏    | 26/50 [05:17<03:45,  9.41s/it][A
 54%|█████▍    | 27/50 [05:26<03:35,  9.38s/it][A
 56%|█████▌    | 28/50 [05:35<03:24,  9.28s/it][A
 58%|█████▊    | 29/50 [05:43<03:02,  8.71s/it][A
 60%|██████    | 30/50 [05:50<02:45,  8.29s/it][A
 62%|██████▏   | 31/50 [05:56<02:26,  7.72s/it][A
 64%|██████▍   | 32/50 [06:04<02:16,  7.57s/it][A
 66%|██████▌   | 33/50 [06:11<02:07,  7.48s/it][A
 68%|██████▊   | 34/50 [06:18<01:58,  7.40s/it][A
 70%|███████   | 35/50 [06:26<01:50,  7.38s/it][A
 72%|███████▏  | 36/50 [06:33<01:42,  7.35s/it][A
 74%|███████▍  | 37/50 [06:40<01:35,  7.34s/it][A
 76%|███████▌  | 38/50 [06:47<01:27,  7.32s/it][A
 78%|███████▊  | 39/50 [06:55<01:20,  7.28s/it][A
 80%|████████  | 40/50 [07:02<01:12,  7.27s/it][A
 82%|████████▏ | 41/50 [07:09<01:04,  7.22s/it][A
 84%|████████▍ | 42/50 [07:16<00:57,  7.23s/it][A
 86%|████████▌ | 43/50 [07:24<00:51,  7.32s/it][A
 88%|████████▊ | 44/50 [07:31<00:43,  7.31s/it][A
 90%|█████████ | 45/50 [07:38<00:36,  7.31s/it][A
 92%|█████████▏| 46/50 [07:46<00:29,  7.31s/it][A
 94%|█████████▍| 47/50 [07:53<00:21,  7.31s/it][A
 96%|█████████▌| 48/50 [08:00<00:14,  7.26s/it][A
 98%|█████████▊| 49/50 [08:07<00:07,  7.29s/it][A
100%|██████████| 50/50 [08:15<00:00,  7.25s/it][A
100%|██████████| 50/50 [08:15<00:00,  9.90s/it]
offline:  90%|█████████ | 900000/1000000 [4:42:50<614:00:14, 22.10s/it, eval_success=0.080]
offline:  90%|█████████ | 900016/1000000 [4:42:50<304:08:06, 10.95s/it, eval_success=0.080]
offline:  90%|█████████ | 900025/1000000 [4:42:51<216:31:14,  7.80s/it, eval_success=0.080]
offline:  90%|█████████ | 900036/1000000 [4:42:51<144:02:59,  5.19s/it, eval_success=0.080]
offline:  90%|█████████ | 900047/1000000 [4:42:51<97:29:57,  3.51s/it, eval_success=0.080] 
offline:  90%|█████████ | 900056/1000000 [4:42:51<70:51:50,  2.55s/it, eval_success=0.080]
offline:  90%|█████████ | 900065/1000000 [4:42:51<50:59:39,  1.84s/it, eval_success=0.080]
offline:  90%|█████████ | 900074/1000000 [4:42:51<36:27:25,  1.31s/it, eval_success=0.080]
  2%|▏         | 1/50 [00:10<08:56, 10.94s/it][A
  4%|▍         | 2/50 [00:21<08:45, 10.95s/it][A
  6%|▌         | 3/50 [00:32<08:33, 10.94s/it][A
  8%|▊         | 4/50 [00:43<08:20, 10.88s/it][A
 10%|█         | 5/50 [00:54<08:08, 10.86s/it][A
 12%|█▏        | 6/50 [01:05<07:57, 10.85s/it][A
 14%|█▍        | 7/50 [01:16<07:47, 10.87s/it][A
 16%|█▌        | 8/50 [01:25<07:17, 10.41s/it][A
 18%|█▊        | 9/50 [01:34<06:46,  9.92s/it][A
 20%|██        | 10/50 [01:41<06:04,  9.11s/it][A
 22%|██▏       | 11/50 [01:48<05:29,  8.45s/it][A
 24%|██▍       | 12/50 [01:55<05:03,  7.97s/it][A
 26%|██▌       | 13/50 [02:02<04:42,  7.64s/it][A
 28%|██▊       | 14/50 [02:09<04:33,  7.59s/it][A
 30%|███       | 15/50 [02:18<04:31,  7.77s/it][A
 32%|███▏      | 16/50 [02:25<04:19,  7.64s/it][A
 34%|███▍      | 17/50 [02:34<04:22,  7.94s/it][A
 36%|███▌      | 18/50 [02:42<04:19,  8.11s/it][A
 38%|███▊      | 19/50 [02:49<03:59,  7.72s/it][A
 40%|████      | 20/50 [02:56<03:42,  7.41s/it][A
 42%|████▏     | 21/50 [03:02<03:29,  7.21s/it][A
 44%|████▍     | 22/50 [03:09<03:15,  6.98s/it][A
 46%|████▌     | 23/50 [03:16<03:08,  7.00s/it][A
 48%|████▊     | 24/50 [03:23<03:00,  6.95s/it][A
 50%|█████     | 25/50 [03:30<02:53,  6.95s/it][A
 52%|█████▏    | 26/50 [03:36<02:44,  6.85s/it][A
 54%|█████▍    | 27/50 [03:43<02:38,  6.87s/it][A
 56%|█████▌    | 28/50 [03:50<02:31,  6.89s/it][A
 58%|█████▊    | 29/50 [03:57<02:24,  6.90s/it][A
 60%|██████    | 30/50 [04:04<02:17,  6.85s/it][A
 62%|██████▏   | 31/50 [04:11<02:09,  6.84s/it][A
 64%|██████▍   | 32/50 [04:17<02:02,  6.81s/it][A
 66%|██████▌   | 33/50 [04:24<01:54,  6.76s/it][A
 68%|██████▊   | 34/50 [04:31<01:48,  6.76s/it][A
 70%|███████   | 35/50 [04:37<01:41,  6.75s/it][A
 72%|███████▏  | 36/50 [04:44<01:34,  6.72s/it][A
 74%|███████▍  | 37/50 [04:51<01:27,  6.73s/it][A
 76%|███████▌  | 38/50 [04:58<01:20,  6.73s/it][A
 78%|███████▊  | 39/50 [05:06<01:19,  7.25s/it][A
 80%|████████  | 40/50 [05:15<01:17,  7.72s/it][A
 82%|████████▏ | 41/50 [05:24<01:12,  8.04s/it][A
 84%|████████▍ | 42/50 [05:32<01:06,  8.26s/it][A
 86%|████████▌ | 43/50 [05:41<00:59,  8.44s/it][A
 88%|████████▊ | 44/50 [05:50<00:51,  8.59s/it][A
 90%|█████████ | 45/50 [05:59<00:43,  8.65s/it][A
 92%|█████████▏| 46/50 [06:08<00:34,  8.71s/it][A
 94%|█████████▍| 47/50 [06:17<00:26,  8.73s/it][A
 96%|█████████▌| 48/50 [06:25<00:17,  8.76s/it][A
 98%|█████████▊| 49/50 [06:34<00:08,  8.78s/it][A
100%|██████████| 50/50 [06:43<00:00,  8.78s/it][A
100%|██████████| 50/50 [06:43<00:00,  8.07s/it]
offline: 100%|█████████▉| 999999/1000000 [5:15:30<00:16, 16.04s/it, eval_success=0.060]
  2%|▏         | 1/50 [00:08<07:14,  8.86s/it][A
  4%|▍         | 2/50 [00:17<07:06,  8.89s/it][A
  6%|▌         | 3/50 [00:26<06:56,  8.86s/it][A
  8%|▊         | 4/50 [00:35<06:46,  8.84s/it][A
 10%|█         | 5/50 [00:44<06:37,  8.83s/it][A
 12%|█▏        | 6/50 [00:53<06:28,  8.83s/it][A
 14%|█▍        | 7/50 [01:01<06:19,  8.82s/it][A
 16%|█▌        | 8/50 [01:12<06:37,  9.47s/it][A
 18%|█▊        | 9/50 [01:25<07:12, 10.55s/it][A
 20%|██        | 10/50 [01:38<07:34, 11.37s/it][A
 22%|██▏       | 11/50 [01:51<07:42, 11.85s/it][A
 24%|██▍       | 12/50 [02:04<07:40, 12.11s/it][A
 26%|██▌       | 13/50 [02:17<07:35, 12.31s/it][A
 28%|██▊       | 14/50 [02:29<07:27, 12.42s/it][A
 30%|███       | 15/50 [02:42<07:17, 12.51s/it][A
 32%|███▏      | 16/50 [02:55<07:07, 12.56s/it][A
 34%|███▍      | 17/50 [03:08<06:56, 12.61s/it][A
 36%|███▌      | 18/50 [03:21<06:56, 13.01s/it][A
 38%|███▊      | 19/50 [03:36<06:59, 13.53s/it][A
 40%|████      | 20/50 [03:51<06:55, 13.85s/it][A
 42%|████▏     | 21/50 [04:05<06:48, 14.09s/it][A
 44%|████▍     | 22/50 [04:20<06:39, 14.28s/it][A
 46%|████▌     | 23/50 [04:34<06:17, 14.00s/it][A
 48%|████▊     | 24/50 [04:48<06:09, 14.22s/it][A
 50%|█████     | 25/50 [05:01<05:45, 13.81s/it][A
 52%|█████▏    | 26/50 [05:14<05:24, 13.50s/it][A
 54%|█████▍    | 27/50 [05:27<05:05, 13.27s/it][A
 56%|█████▌    | 28/50 [05:40<04:49, 13.16s/it][A
 58%|█████▊    | 29/50 [05:52<04:34, 13.06s/it][A
 60%|██████    | 30/50 [06:05<04:19, 12.98s/it][A
 62%|██████▏   | 31/50 [06:18<04:06, 12.95s/it][A
 64%|██████▍   | 32/50 [06:29<03:42, 12.35s/it][A
 66%|██████▌   | 33/50 [06:40<03:22, 11.90s/it][A
 68%|██████▊   | 34/50 [06:51<03:05, 11.59s/it][A
 70%|███████   | 35/50 [07:02<02:50, 11.38s/it][A
 72%|███████▏  | 36/50 [07:13<02:37, 11.23s/it][A
 74%|███████▍  | 37/50 [07:23<02:24, 11.13s/it][A
 76%|███████▌  | 38/50 [07:34<02:12, 11.03s/it][A
 78%|███████▊  | 39/50 [07:45<02:00, 10.99s/it][A
 80%|████████  | 40/50 [07:56<01:49, 10.96s/it][A
 82%|████████▏ | 41/50 [08:07<01:38, 10.96s/it][A
 84%|████████▍ | 42/50 [08:16<01:24, 10.50s/it][A
 86%|████████▌ | 43/50 [08:27<01:14, 10.61s/it][A
 88%|████████▊ | 44/50 [08:38<01:03, 10.66s/it][A
 90%|█████████ | 45/50 [08:48<00:52, 10.60s/it][A
 92%|█████████▏| 46/50 [08:59<00:42, 10.69s/it][A
 94%|█████████▍| 47/50 [09:10<00:32, 10.76s/it][A
 96%|█████████▌| 48/50 [09:21<00:21, 10.80s/it][A
 98%|█████████▊| 49/50 [09:31<00:10, 10.41s/it][A
100%|██████████| 50/50 [09:41<00:00, 10.40s/it][A
100%|██████████| 50/50 [09:41<00:00, 11.63s/it]
offline: 100%|█████████▉| 999999/1000000 [5:25:12<00:16, 16.04s/it, eval_success=0.100]
offline: 100%|██████████| 1000000/1000000 [5:25:12<00:00, 46.39s/it, eval_success=0.100]
Saved to exp/beat/ant2/N1_pretanh_t1_s1/antmaze-giant-navigate-singletask-task1-v0/antmaze-giant-navigate-singletask-task1-v0_sd001_anq_stdfp_chunk-h1_20260819_183718/params_offline.pkl
Saved modules ('critic', 'target_critic') to exp/beat/ant2/N1_pretanh_t1_s1/antmaze-giant-navigate-singletask-task1-v0/antmaze-giant-navigate-singletask-task1-v0_sd001_anq_stdfp_chunk-h1_20260819_183718/critic_offline.pkl
[1;34mwandb[0m: 
[1;34mwandb[0m: 🚀 View run [33mantmaze-giant-navigate-singletask-task1-v0_sd001_anq_stdfp_chunk-h1_20260819_183718[0m at: [34mhttps://wandb.ai/tjrcjf410-seoul-national-university/ant2/runs/u0vknkn5[0m
[1;34mwandb[0m: Find logs at: [1;35m../../../tmp/tmp_qh_g7h5/wandb/run-20260819_183719-u0vknkn5/logs[0m
--- last progress lines ---
offline: 100%|██████████| 1000000/1000000 [5:25:12<00:00, 51.25it/s, eval_success=0.100]
online: 0it [00:00, ?it/s]
online: 0it [00:00, ?it/s]
