wandb: Using wandb-core as the SDK backend.  Please refer to https://wandb.me/wandb-core for more information.
wandb: Currently logged in as: tjrcjf410 (sjun0803-seoul-national-university) to https://api.wandb.ai. Use `wandb login --relogin` to force relogin
wandb: Tracking run with wandb version 0.19.9
wandb: Run data is saved locally in /tmp/tmp4oewmvcj/wandb/run-20260819_144807-lrhqs724
wandb: Run `wandb offline` to turn off syncing.
wandb: Syncing run antmaze-giant-navigate-singletask-task1-v0_sd000_anq_stdfp_chunk-h1_20260819_144806
wandb: ⭐️ View project at https://wandb.ai/tjrcjf410-seoul-national-university/ant2
wandb: 🚀 View run at https://wandb.ai/tjrcjf410-seoul-national-university/ant2/runs/lrhqs724
wandb: WARNING Symlinked 8 files into the W&B run directory, call wandb.save again to sync new files.
I0819 14:48:08.553907 128440023729984 acceleratesupport.py:24] No OpenGL_accelerate module loaded: No module named 'OpenGL_accelerate'
offline:   0%|          | 1/1000000 [01:16<21382:30:18, 76.98s/it]
offline:   0%|          | 2/1000000 [01:39<12521:49:58, 45.08s/it]
offline:   0%|          | 3/1000000 [02:00<9471:29:36, 34.10s/it] 
offline:   0%|          | 19/1000000 [02:00<829:46:25,  2.99s/it]
offline:   0%|          | 35/1000000 [02:01<362:11:48,  1.30s/it]
  2%|▏         | 1/50 [00:07<06:16,  7.69s/it][A
  4%|▍         | 2/50 [00:14<05:48,  7.25s/it][A
  6%|▌         | 3/50 [00:21<05:31,  7.06s/it][A
  8%|▊         | 4/50 [00:28<05:21,  6.98s/it][A
 10%|█         | 5/50 [00:35<05:12,  6.94s/it][A
 12%|█▏        | 6/50 [00:42<05:04,  6.92s/it][A
 14%|█▍        | 7/50 [00:48<04:57,  6.91s/it][A
 16%|█▌        | 8/50 [00:55<04:49,  6.89s/it][A
 18%|█▊        | 9/50 [01:02<04:41,  6.86s/it][A
 20%|██        | 10/50 [01:09<04:34,  6.86s/it][A
 22%|██▏       | 11/50 [01:16<04:26,  6.84s/it][A
 24%|██▍       | 12/50 [01:23<04:20,  6.85s/it][A
 26%|██▌       | 13/50 [01:29<04:13,  6.85s/it][A
 28%|██▊       | 14/50 [01:36<04:06,  6.86s/it][A
 30%|███       | 15/50 [01:43<04:00,  6.87s/it][A
 32%|███▏      | 16/50 [01:50<03:53,  6.85s/it][A
 34%|███▍      | 17/50 [01:57<03:46,  6.86s/it][A
 36%|███▌      | 18/50 [02:05<03:51,  7.23s/it][A
 38%|███▊      | 19/50 [02:14<03:58,  7.70s/it][A
 40%|████      | 20/50 [02:23<04:00,  8.00s/it][A
 42%|████▏     | 21/50 [02:31<03:58,  8.23s/it][A
 44%|████▍     | 22/50 [02:40<03:54,  8.38s/it][A
 46%|████▌     | 23/50 [02:51<04:04,  9.04s/it][A
 48%|████▊     | 24/50 [03:01<04:07,  9.53s/it][A
 50%|█████     | 25/50 [03:12<04:07,  9.91s/it][A
 52%|█████▏    | 26/50 [03:23<04:03, 10.14s/it][A
 54%|█████▍    | 27/50 [03:33<03:56, 10.28s/it][A
 56%|█████▌    | 28/50 [03:44<03:49, 10.42s/it][A
 58%|█████▊    | 29/50 [03:55<03:40, 10.48s/it][A
 60%|██████    | 30/50 [04:05<03:30, 10.55s/it][A
 62%|██████▏   | 31/50 [04:16<03:21, 10.59s/it][A
 64%|██████▍   | 32/50 [04:27<03:10, 10.59s/it][A
 66%|██████▌   | 33/50 [04:37<03:00, 10.62s/it][A
 68%|██████▊   | 34/50 [04:48<02:50, 10.63s/it][A
 70%|███████   | 35/50 [04:59<02:39, 10.62s/it][A
 72%|███████▏  | 36/50 [05:09<02:28, 10.64s/it][A
 74%|███████▍  | 37/50 [05:20<02:18, 10.67s/it][A
 76%|███████▌  | 38/50 [05:31<02:08, 10.68s/it][A
 78%|███████▊  | 39/50 [05:41<01:57, 10.68s/it][A
 80%|████████  | 40/50 [05:52<01:46, 10.67s/it][A
 82%|████████▏ | 41/50 [06:02<01:33, 10.43s/it][A
 84%|████████▍ | 42/50 [06:11<01:18,  9.87s/it][A
 86%|████████▌ | 43/50 [06:19<01:06,  9.48s/it][A
 88%|████████▊ | 44/50 [06:28<00:55,  9.21s/it][A
 90%|█████████ | 45/50 [06:36<00:45,  9.01s/it][A
 92%|█████████▏| 46/50 [06:45<00:35,  8.87s/it][A
 94%|█████████▍| 47/50 [06:53<00:26,  8.78s/it][A
 96%|█████████▌| 48/50 [07:02<00:17,  8.70s/it][A
 98%|█████████▊| 49/50 [07:11<00:08,  8.68s/it][A
100%|██████████| 50/50 [07:19<00:00,  8.63s/it][A
100%|██████████| 50/50 [07:19<00:00,  8.79s/it]
offline:  10%|█         | 100000/1000000 [30:48<4252:40:15, 17.01s/it, eval_success=0.000]
offline:  10%|█         | 100014/1000000 [30:48<2398:50:55,  9.60s/it, eval_success=0.000]
offline:  10%|█         | 100025/1000000 [30:48<1611:26:50,  6.45s/it, eval_success=0.000]
offline:  10%|█         | 100035/1000000 [30:48<1130:22:22,  4.52s/it, eval_success=0.000]
offline:  10%|█         | 100045/1000000 [30:48<792:53:57,  3.17s/it, eval_success=0.000] 
offline:  10%|█         | 100055/1000000 [30:48<556:15:08,  2.23s/it, eval_success=0.000]
offline:  10%|█         | 100064/1000000 [30:49<402:22:55,  1.61s/it, eval_success=0.000]
offline:  10%|█         | 100073/1000000 [30:49<289:26:08,  1.16s/it, eval_success=0.000]
  2%|▏         | 1/50 [00:05<04:49,  5.91s/it][A
  4%|▍         | 2/50 [00:12<04:57,  6.20s/it][A
  6%|▌         | 3/50 [00:19<05:04,  6.47s/it][A
  8%|▊         | 4/50 [00:25<05:03,  6.61s/it][A
 10%|█         | 5/50 [00:32<04:59,  6.66s/it][A
 12%|█▏        | 6/50 [00:37<04:26,  6.05s/it][A
 14%|█▍        | 7/50 [00:44<04:30,  6.28s/it][A
 16%|█▌        | 8/50 [00:51<04:31,  6.45s/it][A
 18%|█▊        | 9/50 [00:57<04:28,  6.54s/it][A
 20%|██        | 10/50 [01:04<04:24,  6.62s/it][A
 22%|██▏       | 11/50 [01:11<04:20,  6.69s/it][A
 24%|██▍       | 12/50 [01:18<04:15,  6.72s/it][A
 26%|██▌       | 13/50 [01:25<04:09,  6.73s/it][A
 28%|██▊       | 14/50 [01:30<03:45,  6.27s/it][A
 30%|███       | 15/50 [01:37<03:44,  6.42s/it][A
 32%|███▏      | 16/50 [01:43<03:42,  6.55s/it][A
 34%|███▍      | 17/50 [01:50<03:38,  6.63s/it][A
 36%|███▌      | 18/50 [01:57<03:33,  6.66s/it][A
 38%|███▊      | 19/50 [02:04<03:27,  6.68s/it][A
 40%|████      | 20/50 [02:12<03:35,  7.18s/it][A
 42%|████▏     | 21/50 [02:21<03:41,  7.63s/it][A
 44%|████▍     | 22/50 [02:29<03:42,  7.95s/it][A
 46%|████▌     | 23/50 [02:39<03:46,  8.41s/it][A
 48%|████▊     | 24/50 [02:49<03:55,  9.05s/it][A
 50%|█████     | 25/50 [02:59<03:48,  9.15s/it][A
 52%|█████▏    | 26/50 [03:09<03:49,  9.58s/it][A
 54%|█████▍    | 27/50 [03:20<03:46,  9.86s/it][A
 56%|█████▌    | 28/50 [03:30<03:40, 10.04s/it][A
 58%|█████▊    | 29/50 [03:41<03:33, 10.17s/it][A
 60%|██████    | 30/50 [03:51<03:25, 10.25s/it][A
 62%|██████▏   | 31/50 [04:01<03:11, 10.10s/it][A
 64%|██████▍   | 32/50 [04:12<03:04, 10.27s/it][A
 66%|██████▌   | 33/50 [04:22<02:57, 10.43s/it][A
 68%|██████▊   | 34/50 [04:34<02:50, 10.69s/it][A
 70%|███████   | 35/50 [04:43<02:35, 10.40s/it][A
 72%|███████▏  | 36/50 [04:55<02:28, 10.61s/it][A
 74%|███████▍  | 37/50 [05:05<02:18, 10.69s/it][A
 76%|███████▌  | 38/50 [05:17<02:12, 11.03s/it][A
 78%|███████▊  | 39/50 [05:30<02:06, 11.48s/it][A
 80%|████████  | 40/50 [05:39<01:47, 10.76s/it][A
 82%|████████▏ | 41/50 [05:51<01:41, 11.26s/it][A
 84%|████████▍ | 42/50 [06:04<01:32, 11.62s/it][A
 86%|████████▌ | 43/50 [06:16<01:23, 11.88s/it][A
 88%|████████▊ | 44/50 [06:29<01:12, 12.08s/it][A
 90%|█████████ | 45/50 [06:41<01:01, 12.23s/it][A
 92%|█████████▏| 46/50 [06:54<00:49, 12.29s/it][A
 94%|█████████▍| 47/50 [07:06<00:37, 12.36s/it][A
 96%|█████████▌| 48/50 [07:19<00:24, 12.37s/it][A
 98%|█████████▊| 49/50 [07:31<00:12, 12.41s/it][A
100%|██████████| 50/50 [07:44<00:00, 12.46s/it][A
100%|██████████| 50/50 [07:44<00:00,  9.29s/it]
offline:  20%|██        | 200000/1000000 [57:40<3230:41:08, 14.54s/it, eval_success=0.260]
offline:  20%|██        | 200011/1000000 [57:40<2166:48:14,  9.75s/it, eval_success=0.260]
offline:  20%|██        | 200021/1000000 [57:40<1518:27:24,  6.83s/it, eval_success=0.260]
offline:  20%|██        | 200030/1000000 [57:40<1097:03:40,  4.94s/it, eval_success=0.260]
offline:  20%|██        | 200039/1000000 [57:40<786:04:30,  3.54s/it, eval_success=0.260] 
offline:  20%|██        | 200047/1000000 [57:40<578:40:18,  2.60s/it, eval_success=0.260]
offline:  20%|██        | 200054/1000000 [57:41<435:31:58,  1.96s/it, eval_success=0.260]
offline:  20%|██        | 200061/1000000 [57:41<322:11:45,  1.45s/it, eval_success=0.260]
offline:  20%|██        | 200068/1000000 [57:41<235:34:43,  1.06s/it, eval_success=0.260]
  2%|▏         | 1/50 [00:07<06:24,  7.84s/it][A
  4%|▍         | 2/50 [00:16<06:33,  8.20s/it][A
  6%|▌         | 3/50 [00:24<06:31,  8.33s/it][A
  8%|▊         | 4/50 [00:33<06:26,  8.39s/it][A
 10%|█         | 5/50 [00:39<05:48,  7.76s/it][A
 12%|█▏        | 6/50 [00:46<05:25,  7.40s/it][A
 14%|█▍        | 7/50 [00:53<05:07,  7.16s/it][A
 16%|█▌        | 8/50 [00:59<04:52,  6.97s/it][A
 18%|█▊        | 9/50 [01:06<04:41,  6.87s/it][A
 20%|██        | 10/50 [01:13<04:32,  6.81s/it][A
 22%|██▏       | 11/50 [01:19<04:23,  6.75s/it][A
 24%|██▍       | 12/50 [01:26<04:15,  6.73s/it][A
 26%|██▌       | 13/50 [01:33<04:07,  6.70s/it][A
 28%|██▊       | 14/50 [01:39<04:00,  6.69s/it][A
 30%|███       | 15/50 [01:46<03:53,  6.68s/it][A
 32%|███▏      | 16/50 [01:53<03:47,  6.69s/it][A
 34%|███▍      | 17/50 [01:59<03:40,  6.68s/it][A
 36%|███▌      | 18/50 [02:06<03:32,  6.65s/it][A
 38%|███▊      | 19/50 [02:13<03:26,  6.66s/it][A
 40%|████      | 20/50 [02:18<03:13,  6.44s/it][A
 42%|████▏     | 21/50 [02:26<03:12,  6.62s/it][A
 44%|████▍     | 22/50 [02:36<03:40,  7.87s/it][A
 46%|████▌     | 23/50 [02:47<03:54,  8.68s/it][A
 48%|████▊     | 24/50 [02:57<04:00,  9.25s/it][A
 50%|█████     | 25/50 [03:08<04:00,  9.64s/it][A
 52%|█████▏    | 26/50 [03:18<03:56,  9.87s/it][A
 54%|█████▍    | 27/50 [03:29<03:50, 10.04s/it][A
 56%|█████▌    | 28/50 [03:39<03:43, 10.18s/it][A
 58%|█████▊    | 29/50 [03:50<03:36, 10.30s/it][A
 60%|██████    | 30/50 [04:00<03:26, 10.34s/it][A
 62%|██████▏   | 31/50 [04:09<03:06,  9.83s/it][A
 64%|██████▍   | 32/50 [04:17<02:49,  9.44s/it][A
 66%|██████▌   | 33/50 [04:26<02:36,  9.20s/it][A
 68%|██████▊   | 34/50 [04:35<02:24,  9.01s/it][A
 70%|███████   | 35/50 [04:43<02:13,  8.91s/it][A
 72%|███████▏  | 36/50 [04:52<02:03,  8.82s/it][A
 74%|███████▍  | 37/50 [05:01<01:53,  8.76s/it][A
 76%|███████▌  | 38/50 [05:09<01:44,  8.71s/it][A
 78%|███████▊  | 39/50 [05:17<01:34,  8.56s/it][A
 80%|████████  | 40/50 [05:26<01:25,  8.58s/it][A
 82%|████████▏ | 41/50 [05:35<01:17,  8.56s/it][A
 84%|████████▍ | 42/50 [05:43<01:08,  8.56s/it][A
 86%|████████▌ | 43/50 [05:52<00:59,  8.52s/it][A
 88%|████████▊ | 44/50 [06:00<00:51,  8.56s/it][A
 90%|█████████ | 45/50 [06:08<00:41,  8.28s/it][A
 92%|█████████▏| 46/50 [06:16<00:33,  8.36s/it][A
 94%|█████████▍| 47/50 [06:25<00:25,  8.43s/it][A
 96%|█████████▌| 48/50 [06:34<00:16,  8.49s/it][A
 98%|█████████▊| 49/50 [06:42<00:08,  8.53s/it][A
100%|██████████| 50/50 [06:51<00:00,  8.54s/it][A
100%|██████████| 50/50 [06:51<00:00,  8.23s/it]
offline:  30%|███       | 300000/1000000 [1:25:39<2901:57:58, 14.92s/it, eval_success=0.080]
offline:  30%|███       | 300013/1000000 [1:25:39<1735:19:05,  8.92s/it, eval_success=0.080]
offline:  30%|███       | 300023/1000000 [1:25:39<1204:07:39,  6.19s/it, eval_success=0.080]
offline:  30%|███       | 300035/1000000 [1:25:39<790:11:58,  4.06s/it, eval_success=0.080] 
offline:  30%|███       | 300044/1000000 [1:25:39<577:59:38,  2.97s/it, eval_success=0.080]
offline:  30%|███       | 300052/1000000 [1:25:39<431:15:01,  2.22s/it, eval_success=0.080]
offline:  30%|███       | 300061/1000000 [1:25:40<306:33:52,  1.58s/it, eval_success=0.080]
offline:  30%|███       | 300070/1000000 [1:25:40<217:21:35,  1.12s/it, eval_success=0.080]
  2%|▏         | 1/50 [00:06<05:24,  6.63s/it][A
  4%|▍         | 2/50 [00:12<04:49,  6.03s/it][A
  6%|▌         | 3/50 [00:18<04:56,  6.30s/it][A
  8%|▊         | 4/50 [00:25<04:56,  6.45s/it][A
 10%|█         | 5/50 [00:32<04:52,  6.49s/it][A
 12%|█▏        | 6/50 [00:38<04:47,  6.53s/it][A
 14%|█▍        | 7/50 [00:45<04:49,  6.74s/it][A
 16%|█▌        | 8/50 [00:54<05:06,  7.30s/it][A
 18%|█▊        | 9/50 [01:02<05:15,  7.69s/it][A
 20%|██        | 10/50 [01:11<05:17,  7.94s/it][A
 22%|██▏       | 11/50 [01:19<05:15,  8.10s/it][A
 24%|██▍       | 12/50 [01:28<05:12,  8.23s/it][A
 26%|██▌       | 13/50 [01:36<05:07,  8.31s/it][A
 28%|██▊       | 14/50 [01:45<05:01,  8.38s/it][A
 30%|███       | 15/50 [01:53<04:54,  8.41s/it][A
 32%|███▏      | 16/50 [02:02<04:45,  8.41s/it][A
 34%|███▍      | 17/50 [02:10<04:38,  8.43s/it][A
 36%|███▌      | 18/50 [02:19<04:31,  8.47s/it][A
 38%|███▊      | 19/50 [02:27<04:22,  8.47s/it][A
 40%|████      | 20/50 [02:36<04:14,  8.48s/it][A
 42%|████▏     | 21/50 [02:45<04:13,  8.75s/it][A
 44%|████▍     | 22/50 [02:56<04:18,  9.24s/it][A
 46%|████▌     | 23/50 [03:06<04:19,  9.61s/it][A
 48%|████▊     | 24/50 [03:18<04:27, 10.28s/it][A
 50%|█████     | 25/50 [03:30<04:33, 10.93s/it][A
 52%|█████▏    | 26/50 [03:43<04:33, 11.39s/it][A
 54%|█████▍    | 27/50 [03:55<04:30, 11.75s/it][A
 56%|█████▌    | 28/50 [04:08<04:23, 11.96s/it][A
 58%|█████▊    | 29/50 [04:20<04:14, 12.13s/it][A
 60%|██████    | 30/50 [04:33<04:04, 12.21s/it][A
 62%|██████▏   | 31/50 [04:45<03:53, 12.29s/it][A
 64%|██████▍   | 32/50 [04:58<03:42, 12.34s/it][A
 66%|██████▌   | 33/50 [05:10<03:30, 12.38s/it][A
 68%|██████▊   | 34/50 [05:23<03:18, 12.42s/it][A
 70%|███████   | 35/50 [05:34<03:03, 12.22s/it][A
 72%|███████▏  | 36/50 [05:47<02:52, 12.29s/it][A
 74%|███████▍  | 37/50 [05:59<02:40, 12.31s/it][A
 76%|███████▌  | 38/50 [06:12<02:28, 12.35s/it][A
 78%|███████▊  | 39/50 [06:24<02:16, 12.38s/it][A
 80%|████████  | 40/50 [06:37<02:03, 12.39s/it][A
 82%|████████▏ | 41/50 [06:49<01:51, 12.39s/it][A
 84%|████████▍ | 42/50 [07:01<01:39, 12.42s/it][A
 86%|████████▌ | 43/50 [07:14<01:27, 12.44s/it][A
 88%|████████▊ | 44/50 [07:25<01:12, 12.01s/it][A
 90%|█████████ | 45/50 [07:37<01:00, 12.14s/it][A
 92%|█████████▏| 46/50 [07:50<00:48, 12.22s/it][A
 94%|█████████▍| 47/50 [08:01<00:36, 12.02s/it][A
 96%|█████████▌| 48/50 [08:12<00:23, 11.56s/it][A
 98%|█████████▊| 49/50 [08:22<00:11, 11.26s/it][A
100%|██████████| 50/50 [08:33<00:00, 10.93s/it][A
100%|██████████| 50/50 [08:33<00:00, 10.26s/it]
offline:  40%|████      | 400000/1000000 [1:55:02<2927:05:10, 17.56s/it, eval_success=0.120]
offline:  40%|████      | 400014/1000000 [1:55:02<1738:51:30, 10.43s/it, eval_success=0.120]
offline:  40%|████      | 400025/1000000 [1:55:02<1195:12:14,  7.17s/it, eval_success=0.120]
offline:  40%|████      | 400034/1000000 [1:55:02<875:36:06,  5.25s/it, eval_success=0.120] 
offline:  40%|████      | 400043/1000000 [1:55:02<633:50:12,  3.80s/it, eval_success=0.120]
offline:  40%|████      | 400052/1000000 [1:55:03<454:56:46,  2.73s/it, eval_success=0.120]
offline:  40%|████      | 400061/1000000 [1:55:03<324:35:41,  1.95s/it, eval_success=0.120]
offline:  40%|████      | 400069/1000000 [1:55:03<238:16:41,  1.43s/it, eval_success=0.120]
offline:  40%|████      | 400077/1000000 [1:55:03<173:00:00,  1.04s/it, eval_success=0.120]
  2%|▏         | 1/50 [00:05<04:07,  5.04s/it][A
  4%|▍         | 2/50 [00:10<04:06,  5.13s/it][A
  6%|▌         | 3/50 [00:15<04:01,  5.15s/it][A
  8%|▊         | 4/50 [00:20<03:58,  5.19s/it][A
 10%|█         | 5/50 [00:25<03:53,  5.18s/it][A
 12%|█▏        | 6/50 [00:31<03:48,  5.19s/it][A
 14%|█▍        | 7/50 [00:36<03:43,  5.21s/it][A
 16%|█▌        | 8/50 [00:41<03:39,  5.22s/it][A
 18%|█▊        | 9/50 [00:46<03:32,  5.19s/it][A
 20%|██        | 10/50 [00:51<03:27,  5.19s/it][A
 22%|██▏       | 11/50 [00:57<03:22,  5.20s/it][A
 24%|██▍       | 12/50 [01:02<03:17,  5.21s/it][A
 26%|██▌       | 13/50 [01:07<03:10,  5.16s/it][A
 28%|██▊       | 14/50 [01:12<03:02,  5.07s/it][A
 30%|███       | 15/50 [01:17<02:59,  5.13s/it][A
 32%|███▏      | 16/50 [01:22<02:55,  5.15s/it][A
 34%|███▍      | 17/50 [01:27<02:50,  5.17s/it][A
 36%|███▌      | 18/50 [01:33<02:45,  5.17s/it][A
 38%|███▊      | 19/50 [01:39<02:51,  5.54s/it][A
 40%|████      | 20/50 [01:46<02:57,  5.90s/it][A
 42%|████▏     | 21/50 [01:52<02:57,  6.14s/it][A
 44%|████▍     | 22/50 [01:58<02:48,  6.02s/it][A
 46%|████▌     | 23/50 [02:05<02:48,  6.23s/it][A
 48%|████▊     | 24/50 [02:12<02:47,  6.43s/it][A
 50%|█████     | 25/50 [02:20<02:56,  7.07s/it][A
 52%|█████▏    | 26/50 [02:29<02:58,  7.43s/it][A
 54%|█████▍    | 27/50 [02:37<02:57,  7.74s/it][A
 56%|█████▌    | 28/50 [02:46<02:56,  8.01s/it][A
 58%|█████▊    | 29/50 [02:54<02:51,  8.17s/it][A
 60%|██████    | 30/50 [03:03<02:45,  8.28s/it][A
 62%|██████▏   | 31/50 [03:11<02:38,  8.33s/it][A
 64%|██████▍   | 32/50 [03:20<02:33,  8.52s/it][A
 66%|██████▌   | 33/50 [03:31<02:35,  9.12s/it][A
 68%|██████▊   | 34/50 [03:41<02:32,  9.53s/it][A
 70%|███████   | 35/50 [03:52<02:27,  9.84s/it][A
 72%|███████▏  | 36/50 [04:02<02:20, 10.05s/it][A
 74%|███████▍  | 37/50 [04:13<02:13, 10.24s/it][A
 76%|███████▌  | 38/50 [04:25<02:11, 10.92s/it][A
 78%|███████▊  | 39/50 [04:38<02:04, 11.36s/it][A
 80%|████████  | 40/50 [04:50<01:56, 11.68s/it][A
 82%|████████▏ | 41/50 [05:03<01:47, 11.90s/it][A
 84%|████████▍ | 42/50 [05:15<01:36, 12.06s/it][A
 86%|████████▌ | 43/50 [05:28<01:25, 12.17s/it][A
 88%|████████▊ | 44/50 [05:40<01:13, 12.26s/it][A
 90%|█████████ | 45/50 [05:52<01:01, 12.32s/it][A
 92%|█████████▏| 46/50 [06:05<00:49, 12.37s/it][A
 94%|█████████▍| 47/50 [06:16<00:36, 12.05s/it][A
 96%|█████████▌| 48/50 [06:29<00:24, 12.16s/it][A
 98%|█████████▊| 49/50 [06:41<00:12, 12.22s/it][A
100%|██████████| 50/50 [06:53<00:00, 12.25s/it][A
100%|██████████| 50/50 [06:53<00:00,  8.28s/it]
offline:  50%|█████     | 500000/1000000 [2:22:34<1623:44:34, 11.69s/it, eval_success=0.120]
offline:  50%|█████     | 500012/1000000 [2:22:34<1094:46:33,  7.88s/it, eval_success=0.120]
offline:  50%|█████     | 500025/1000000 [2:22:34<728:37:35,  5.25s/it, eval_success=0.120] 
offline:  50%|█████     | 500035/1000000 [2:22:35<533:11:51,  3.84s/it, eval_success=0.120]
offline:  50%|█████     | 500044/1000000 [2:22:35<396:42:27,  2.86s/it, eval_success=0.120]
offline:  50%|█████     | 500052/1000000 [2:22:35<299:36:07,  2.16s/it, eval_success=0.120]
offline:  50%|█████     | 500060/1000000 [2:22:35<222:13:37,  1.60s/it, eval_success=0.120]
offline:  50%|█████     | 500067/1000000 [2:22:35<168:15:15,  1.21s/it, eval_success=0.120]
  2%|▏         | 1/50 [00:08<06:53,  8.43s/it][A
  4%|▍         | 2/50 [00:16<06:45,  8.46s/it][A
  6%|▌         | 3/50 [00:25<06:38,  8.49s/it][A
  8%|▊         | 4/50 [00:33<06:29,  8.47s/it][A
 10%|█         | 5/50 [00:42<06:21,  8.48s/it][A
 12%|█▏        | 6/50 [00:50<06:13,  8.48s/it][A
 14%|█▍        | 7/50 [00:59<06:05,  8.49s/it][A
 16%|█▌        | 8/50 [01:07<05:56,  8.49s/it][A
 18%|█▊        | 9/50 [01:16<05:49,  8.52s/it][A
 20%|██        | 10/50 [01:24<05:40,  8.52s/it][A
 22%|██▏       | 11/50 [01:33<05:31,  8.49s/it][A
 24%|██▍       | 12/50 [01:41<05:22,  8.48s/it][A
 26%|██▌       | 13/50 [01:50<05:14,  8.49s/it][A
 28%|██▊       | 14/50 [01:58<05:05,  8.50s/it][A
 30%|███       | 15/50 [02:07<04:57,  8.49s/it][A
 32%|███▏      | 16/50 [02:15<04:48,  8.50s/it][A
 34%|███▍      | 17/50 [02:24<04:39,  8.46s/it][A
 36%|███▌      | 18/50 [02:32<04:30,  8.46s/it][A
 38%|███▊      | 19/50 [02:43<04:39,  9.02s/it][A
 40%|████      | 20/50 [02:51<04:25,  8.86s/it][A
 42%|████▏     | 21/50 [02:59<04:13,  8.75s/it][A
 44%|████▍     | 22/50 [03:08<04:02,  8.67s/it][A
 46%|████▌     | 23/50 [03:17<03:53,  8.64s/it][A
 48%|████▊     | 24/50 [03:24<03:35,  8.28s/it][A
 50%|█████     | 25/50 [03:31<03:14,  7.79s/it][A
 52%|█████▏    | 26/50 [03:37<02:59,  7.46s/it][A
 54%|█████▍    | 27/50 [03:44<02:46,  7.24s/it][A
 56%|█████▌    | 28/50 [03:51<02:35,  7.07s/it][A
 58%|█████▊    | 29/50 [03:57<02:26,  6.96s/it][A
 60%|██████    | 30/50 [04:04<02:17,  6.89s/it][A
 62%|██████▏   | 31/50 [04:11<02:11,  6.93s/it][A
 64%|██████▍   | 32/50 [04:18<02:03,  6.87s/it][A
 66%|██████▌   | 33/50 [04:25<01:56,  6.83s/it][A
 68%|██████▊   | 34/50 [04:31<01:48,  6.79s/it][A
 70%|███████   | 35/50 [04:38<01:41,  6.79s/it][A
 72%|███████▏  | 36/50 [04:45<01:34,  6.78s/it][A
 74%|███████▍  | 37/50 [04:52<01:27,  6.75s/it][A
 76%|███████▌  | 38/50 [04:58<01:21,  6.75s/it][A
 78%|███████▊  | 39/50 [05:05<01:14,  6.75s/it][A
 80%|████████  | 40/50 [05:12<01:07,  6.73s/it][A
 82%|████████▏ | 41/50 [05:18<01:00,  6.72s/it][A
 84%|████████▍ | 42/50 [05:25<00:53,  6.71s/it][A
 86%|████████▌ | 43/50 [05:32<00:46,  6.70s/it][A
 88%|████████▊ | 44/50 [05:39<00:40,  6.70s/it][A
 90%|█████████ | 45/50 [05:45<00:33,  6.71s/it][A
 92%|█████████▏| 46/50 [05:52<00:26,  6.70s/it][A
 94%|█████████▍| 47/50 [05:59<00:20,  6.68s/it][A
 96%|█████████▌| 48/50 [06:05<00:13,  6.69s/it][A
 98%|█████████▊| 49/50 [06:12<00:06,  6.70s/it][A
100%|██████████| 50/50 [06:19<00:00,  6.69s/it][A
100%|██████████| 50/50 [06:19<00:00,  7.58s/it]
offline:  60%|██████    | 600000/1000000 [2:50:47<1546:24:04, 13.92s/it, eval_success=0.000]
offline:  60%|██████    | 600015/1000000 [2:50:47<866:29:47,  7.80s/it, eval_success=0.000] 
offline:  60%|██████    | 600026/1000000 [2:50:47<593:32:49,  5.34s/it, eval_success=0.000]
offline:  60%|██████    | 600036/1000000 [2:50:47<421:22:52,  3.79s/it, eval_success=0.000]
offline:  60%|██████    | 600046/1000000 [2:50:47<298:08:32,  2.68s/it, eval_success=0.000]
offline:  60%|██████    | 600056/1000000 [2:50:47<210:32:01,  1.90s/it, eval_success=0.000]
offline:  60%|██████    | 600068/1000000 [2:50:47<140:06:00,  1.26s/it, eval_success=0.000]
  2%|▏         | 1/50 [00:08<06:59,  8.56s/it][A
  4%|▍         | 2/50 [00:17<06:50,  8.55s/it][A
  6%|▌         | 3/50 [00:25<06:43,  8.58s/it][A
  8%|▊         | 4/50 [00:34<06:34,  8.58s/it][A
 10%|█         | 5/50 [00:42<06:25,  8.57s/it][A
 12%|█▏        | 6/50 [00:51<06:19,  8.62s/it][A
 14%|█▍        | 7/50 [01:02<06:37,  9.25s/it][A
 16%|█▌        | 8/50 [01:12<06:44,  9.64s/it][A
 18%|█▊        | 9/50 [01:23<06:46,  9.90s/it][A
 20%|██        | 10/50 [01:33<06:42, 10.06s/it][A
 22%|██▏       | 11/50 [01:43<06:37, 10.18s/it][A
 24%|██▍       | 12/50 [01:54<06:30, 10.27s/it][A
 26%|██▌       | 13/50 [02:04<06:21, 10.32s/it][A
 28%|██▊       | 14/50 [02:15<06:13, 10.37s/it][A
 30%|███       | 15/50 [02:25<06:04, 10.42s/it][A
 32%|███▏      | 16/50 [02:36<05:54, 10.42s/it][A
 34%|███▍      | 17/50 [02:47<05:49, 10.60s/it][A
 36%|███▌      | 18/50 [02:59<05:57, 11.16s/it][A
 38%|███▊      | 19/50 [03:12<05:58, 11.56s/it][A
 40%|████      | 20/50 [03:24<05:54, 11.82s/it][A
 42%|████▏     | 21/50 [03:37<05:47, 11.98s/it][A
 44%|████▍     | 22/50 [03:49<05:37, 12.05s/it][A
 46%|████▌     | 23/50 [04:01<05:28, 12.19s/it][A
 48%|████▊     | 24/50 [04:14<05:18, 12.26s/it][A
 50%|█████     | 25/50 [04:26<05:07, 12.31s/it][A
 52%|█████▏    | 26/50 [04:39<04:57, 12.38s/it][A
 54%|█████▍    | 27/50 [04:51<04:44, 12.37s/it][A
 56%|█████▌    | 28/50 [05:03<04:32, 12.39s/it][A
 58%|█████▊    | 29/50 [05:16<04:19, 12.38s/it][A
 60%|██████    | 30/50 [05:28<04:07, 12.39s/it][A
 62%|██████▏   | 31/50 [05:41<03:55, 12.37s/it][A
 64%|██████▍   | 32/50 [05:53<03:42, 12.38s/it][A
 66%|██████▌   | 33/50 [06:05<03:30, 12.38s/it][A
 68%|██████▊   | 34/50 [06:18<03:18, 12.41s/it][A
 70%|███████   | 35/50 [06:30<03:06, 12.43s/it][A
 72%|███████▏  | 36/50 [06:42<02:51, 12.27s/it][A
 74%|███████▍  | 37/50 [06:53<02:32, 11.76s/it][A
 76%|███████▌  | 38/50 [07:03<02:16, 11.36s/it][A
 78%|███████▊  | 39/50 [07:14<02:02, 11.12s/it][A
 80%|████████  | 40/50 [07:24<01:49, 10.94s/it][A
 82%|████████▏ | 41/50 [07:35<01:37, 10.78s/it][A
 84%|████████▍ | 42/50 [07:45<01:25, 10.71s/it][A
 86%|████████▌ | 43/50 [07:56<01:14, 10.62s/it][A
 88%|████████▊ | 44/50 [08:06<01:03, 10.58s/it][A
 90%|█████████ | 45/50 [08:17<00:52, 10.57s/it][A
 92%|█████████▏| 46/50 [08:27<00:42, 10.56s/it][A
 94%|█████████▍| 47/50 [08:38<00:31, 10.54s/it][A
 96%|█████████▌| 48/50 [08:48<00:21, 10.54s/it][A
 98%|█████████▊| 49/50 [08:59<00:10, 10.55s/it][A
100%|██████████| 50/50 [09:09<00:00, 10.37s/it][A
100%|██████████| 50/50 [09:09<00:00, 10.98s/it]
offline:  70%|███████   | 700000/1000000 [3:20:30<1691:35:05, 20.30s/it, eval_success=0.020]
offline:  70%|███████   | 700016/1000000 [3:20:30<917:37:05, 11.01s/it, eval_success=0.020] 
offline:  70%|███████   | 700026/1000000 [3:20:30<651:46:12,  7.82s/it, eval_success=0.020]
offline:  70%|███████   | 700035/1000000 [3:20:30<474:59:53,  5.70s/it, eval_success=0.020]
offline:  70%|███████   | 700044/1000000 [3:20:30<342:31:49,  4.11s/it, eval_success=0.020]
offline:  70%|███████   | 700053/1000000 [3:20:30<245:04:49,  2.94s/it, eval_success=0.020]
offline:  70%|███████   | 700063/1000000 [3:20:30<169:01:09,  2.03s/it, eval_success=0.020]
offline:  70%|███████   | 700072/1000000 [3:20:30<120:56:02,  1.45s/it, eval_success=0.020]
offline:  70%|███████   | 700080/1000000 [3:20:31<89:00:32,  1.07s/it, eval_success=0.020] 
  2%|▏         | 1/50 [00:06<05:02,  6.18s/it][A
  4%|▍         | 2/50 [00:12<05:11,  6.50s/it][A
  6%|▌         | 3/50 [00:19<05:11,  6.62s/it][A
  8%|▊         | 4/50 [00:26<05:06,  6.67s/it][A
 10%|█         | 5/50 [00:33<05:01,  6.70s/it][A
 12%|█▏        | 6/50 [00:39<04:54,  6.70s/it][A
 14%|█▍        | 7/50 [00:46<04:48,  6.72s/it][A
 16%|█▌        | 8/50 [00:52<04:36,  6.59s/it][A
 18%|█▊        | 9/50 [00:59<04:31,  6.62s/it][A
 20%|██        | 10/50 [01:06<04:26,  6.66s/it][A
 22%|██▏       | 11/50 [01:12<04:18,  6.62s/it][A
 24%|██▍       | 12/50 [01:19<04:12,  6.65s/it][A
 26%|██▌       | 13/50 [01:25<03:58,  6.46s/it][A
 28%|██▊       | 14/50 [01:32<03:55,  6.54s/it][A
 30%|███       | 15/50 [01:39<03:51,  6.61s/it][A
 32%|███▏      | 16/50 [01:45<03:46,  6.66s/it][A
 34%|███▍      | 17/50 [01:52<03:40,  6.67s/it][A
 36%|███▌      | 18/50 [01:59<03:33,  6.69s/it][A
 38%|███▊      | 19/50 [02:06<03:27,  6.70s/it][A
 40%|████      | 20/50 [02:12<03:21,  6.72s/it][A
 42%|████▏     | 21/50 [02:19<03:15,  6.73s/it][A
 44%|████▍     | 22/50 [02:26<03:08,  6.73s/it][A
 46%|████▌     | 23/50 [02:33<03:01,  6.74s/it][A
 48%|████▊     | 24/50 [02:39<02:54,  6.73s/it][A
 50%|█████     | 25/50 [02:46<02:47,  6.72s/it][A
 52%|█████▏    | 26/50 [02:53<02:41,  6.72s/it][A
 54%|█████▍    | 27/50 [02:59<02:34,  6.72s/it][A
 56%|█████▌    | 28/50 [03:06<02:27,  6.70s/it][A
 58%|█████▊    | 29/50 [03:13<02:21,  6.73s/it][A
 60%|██████    | 30/50 [03:20<02:14,  6.74s/it][A
 62%|██████▏   | 31/50 [03:26<02:08,  6.74s/it][A
 64%|██████▍   | 32/50 [03:33<02:01,  6.73s/it][A
 66%|██████▌   | 33/50 [03:40<01:54,  6.72s/it][A
 68%|██████▊   | 34/50 [03:47<01:47,  6.73s/it][A
 70%|███████   | 35/50 [03:53<01:40,  6.72s/it][A
 72%|███████▏  | 36/50 [04:00<01:33,  6.70s/it][A
 74%|███████▍  | 37/50 [04:06<01:26,  6.66s/it][A
 76%|███████▌  | 38/50 [04:13<01:19,  6.63s/it][A
 78%|███████▊  | 39/50 [04:19<01:09,  6.33s/it][A
 80%|████████  | 40/50 [04:25<01:04,  6.40s/it][A
 82%|████████▏ | 41/50 [04:32<00:58,  6.47s/it][A
 84%|████████▍ | 42/50 [04:38<00:52,  6.50s/it][A
 86%|████████▌ | 43/50 [04:45<00:45,  6.52s/it][A
 88%|████████▊ | 44/50 [04:52<00:39,  6.53s/it][A
 90%|█████████ | 45/50 [04:58<00:32,  6.57s/it][A
 92%|█████████▏| 46/50 [05:05<00:26,  6.56s/it][A
 94%|█████████▍| 47/50 [05:11<00:19,  6.58s/it][A
 96%|█████████▌| 48/50 [05:19<00:13,  6.94s/it][A
 98%|█████████▊| 49/50 [05:27<00:07,  7.36s/it][A
100%|██████████| 50/50 [05:36<00:00,  7.68s/it][A
100%|██████████| 50/50 [05:36<00:00,  6.73s/it]
offline:  80%|████████  | 800000/1000000 [3:46:30<666:16:24, 11.99s/it, eval_success=0.120]
offline:  80%|████████  | 800015/1000000 [3:46:30<378:11:04,  6.81s/it, eval_success=0.120]
offline:  80%|████████  | 800025/1000000 [3:46:30<268:00:01,  4.82s/it, eval_success=0.120]
offline:  80%|████████  | 800035/1000000 [3:46:30<189:21:05,  3.41s/it, eval_success=0.120]
offline:  80%|████████  | 800044/1000000 [3:46:30<137:32:51,  2.48s/it, eval_success=0.120]
offline:  80%|████████  | 800054/1000000 [3:46:30<95:59:39,  1.73s/it, eval_success=0.120] 
offline:  80%|████████  | 800063/1000000 [3:46:31<69:15:12,  1.25s/it, eval_success=0.120]
  2%|▏         | 1/50 [00:10<08:45, 10.72s/it][A
  4%|▍         | 2/50 [00:21<08:35, 10.74s/it][A
  6%|▌         | 3/50 [00:32<08:22, 10.68s/it][A
  8%|▊         | 4/50 [00:42<08:10, 10.66s/it][A
 10%|█         | 5/50 [00:53<07:59, 10.66s/it][A
 12%|█▏        | 6/50 [01:03<07:47, 10.63s/it][A
 14%|█▍        | 7/50 [01:14<07:38, 10.66s/it][A
 16%|█▌        | 8/50 [01:25<07:26, 10.63s/it][A
 18%|█▊        | 9/50 [01:35<07:16, 10.65s/it][A
 20%|██        | 10/50 [01:46<07:01, 10.55s/it][A
 22%|██▏       | 11/50 [01:56<06:53, 10.60s/it][A
 24%|██▍       | 12/50 [02:07<06:43, 10.61s/it][A
 26%|██▌       | 13/50 [02:17<06:29, 10.53s/it][A
 28%|██▊       | 14/50 [02:28<06:20, 10.56s/it][A
 30%|███       | 15/50 [02:37<05:51, 10.05s/it][A
 32%|███▏      | 16/50 [02:48<05:48, 10.24s/it][A
 34%|███▍      | 17/50 [02:58<05:41, 10.34s/it][A
 36%|███▌      | 18/50 [03:09<05:33, 10.42s/it][A
 38%|███▊      | 19/50 [03:19<05:25, 10.50s/it][A
 40%|████      | 20/50 [03:30<05:16, 10.54s/it][A
 42%|████▏     | 21/50 [03:41<05:07, 10.59s/it][A
 44%|████▍     | 22/50 [03:51<04:56, 10.58s/it][A
 46%|████▌     | 23/50 [04:02<04:46, 10.60s/it][A
 48%|████▊     | 24/50 [04:11<04:22, 10.10s/it][A
 50%|█████     | 25/50 [04:20<04:01,  9.68s/it][A
 52%|█████▏    | 26/50 [04:28<03:44,  9.36s/it][A
 54%|█████▍    | 27/50 [04:37<03:31,  9.18s/it][A
 56%|█████▌    | 28/50 [04:45<03:11,  8.71s/it][A
 58%|█████▊    | 29/50 [04:53<03:02,  8.70s/it][A
 60%|██████    | 30/50 [05:02<02:53,  8.69s/it][A
 62%|██████▏   | 31/50 [05:11<02:44,  8.68s/it][A
 64%|██████▍   | 32/50 [05:19<02:35,  8.65s/it][A
 66%|██████▌   | 33/50 [05:28<02:26,  8.62s/it][A
 68%|██████▊   | 34/50 [05:36<02:17,  8.57s/it][A
 70%|███████   | 35/50 [05:45<02:08,  8.54s/it][A
 72%|███████▏  | 36/50 [05:51<01:51,  7.99s/it][A
 74%|███████▍  | 37/50 [05:58<01:38,  7.60s/it][A
 76%|███████▌  | 38/50 [06:05<01:27,  7.32s/it][A
 78%|███████▊  | 39/50 [06:11<01:17,  7.09s/it][A
 80%|████████  | 40/50 [06:18<01:09,  6.95s/it][A
 82%|████████▏ | 41/50 [06:25<01:01,  6.85s/it][A
 84%|████████▍ | 42/50 [06:31<00:54,  6.80s/it][A
 86%|████████▌ | 43/50 [06:38<00:47,  6.75s/it][A
 88%|████████▊ | 44/50 [06:44<00:39,  6.59s/it][A
 90%|█████████ | 45/50 [06:51<00:33,  6.70s/it][A
 92%|█████████▏| 46/50 [06:58<00:26,  6.72s/it][A
 94%|█████████▍| 47/50 [07:04<00:20,  6.70s/it][A
 96%|█████████▌| 48/50 [07:11<00:13,  6.62s/it][A
 98%|█████████▊| 49/50 [07:18<00:06,  6.75s/it][A
100%|██████████| 50/50 [07:25<00:00,  6.78s/it][A
100%|██████████| 50/50 [07:25<00:00,  8.91s/it]
offline:  90%|█████████ | 900000/1000000 [4:15:41<565:02:55, 20.34s/it, eval_success=0.140]
offline:  90%|█████████ | 900016/1000000 [4:15:41<276:40:19,  9.96s/it, eval_success=0.140]
offline:  90%|█████████ | 900026/1000000 [4:15:41<190:08:22,  6.85s/it, eval_success=0.140]
offline:  90%|█████████ | 900039/1000000 [4:15:41<120:18:07,  4.33s/it, eval_success=0.140]
offline:  90%|█████████ | 900049/1000000 [4:15:41<85:47:43,  3.09s/it, eval_success=0.140] 
offline:  90%|█████████ | 900058/1000000 [4:15:41<62:42:17,  2.26s/it, eval_success=0.140]
offline:  90%|█████████ | 900068/1000000 [4:15:41<43:58:15,  1.58s/it, eval_success=0.140]
offline:  90%|█████████ | 900078/1000000 [4:15:41<30:52:05,  1.11s/it, eval_success=0.140]
  2%|▏         | 1/50 [00:12<10:22, 12.70s/it][A
  4%|▍         | 2/50 [00:25<10:03, 12.58s/it][A
  6%|▌         | 3/50 [00:37<09:49, 12.55s/it][A
  8%|▊         | 4/50 [00:50<09:37, 12.56s/it][A
 10%|█         | 5/50 [01:02<09:25, 12.56s/it][A
 12%|█▏        | 6/50 [01:15<09:11, 12.54s/it][A
 14%|█▍        | 7/50 [01:27<08:59, 12.56s/it][A
 16%|█▌        | 8/50 [01:40<08:47, 12.57s/it][A
 18%|█▊        | 9/50 [01:52<08:31, 12.47s/it][A
 20%|██        | 10/50 [02:05<08:19, 12.48s/it][A
 22%|██▏       | 11/50 [02:17<08:06, 12.46s/it][A
 24%|██▍       | 12/50 [02:30<07:53, 12.47s/it][A
 26%|██▌       | 13/50 [02:42<07:42, 12.49s/it][A
 28%|██▊       | 14/50 [02:55<07:30, 12.50s/it][A
 30%|███       | 15/50 [03:07<07:13, 12.38s/it][A
 32%|███▏      | 16/50 [03:19<07:01, 12.40s/it][A
 34%|███▍      | 17/50 [03:32<06:50, 12.43s/it][A
 36%|███▌      | 18/50 [03:44<06:38, 12.46s/it][A
 38%|███▊      | 19/50 [03:57<06:26, 12.47s/it][A
 40%|████      | 20/50 [04:09<06:13, 12.47s/it][A
 42%|████▏     | 21/50 [04:22<06:02, 12.51s/it][A
 44%|████▍     | 22/50 [04:34<05:50, 12.52s/it][A
 46%|████▌     | 23/50 [04:47<05:38, 12.53s/it][A
 48%|████▊     | 24/50 [04:59<05:25, 12.51s/it][A
 50%|█████     | 25/50 [05:10<04:58, 11.94s/it][A
 52%|█████▏    | 26/50 [05:21<04:36, 11.52s/it][A
 54%|█████▍    | 27/50 [05:31<04:18, 11.23s/it][A
 56%|█████▌    | 28/50 [05:42<04:02, 11.03s/it][A
 58%|█████▊    | 29/50 [05:52<03:49, 10.91s/it][A
 60%|██████    | 30/50 [06:03<03:36, 10.83s/it][A
 62%|██████▏   | 31/50 [06:14<03:24, 10.76s/it][A
 64%|██████▍   | 32/50 [06:24<03:12, 10.69s/it][A
 66%|██████▌   | 33/50 [06:34<02:57, 10.43s/it][A
 68%|██████▊   | 34/50 [06:45<02:47, 10.49s/it][A
 70%|███████   | 35/50 [06:55<02:36, 10.44s/it][A
 72%|███████▏  | 36/50 [07:04<02:18,  9.88s/it][A
 74%|███████▍  | 37/50 [07:12<02:03,  9.51s/it][A
 76%|███████▌  | 38/50 [07:21<01:50,  9.23s/it][A
 78%|███████▊  | 39/50 [07:29<01:39,  9.03s/it][A
 80%|████████  | 40/50 [07:38<01:29,  8.90s/it][A
 82%|████████▏ | 41/50 [07:46<01:19,  8.80s/it][A
 84%|████████▍ | 42/50 [07:55<01:09,  8.75s/it][A
 86%|████████▌ | 43/50 [08:04<01:00,  8.71s/it][A
 88%|████████▊ | 44/50 [08:12<00:52,  8.69s/it][A
 90%|█████████ | 45/50 [08:20<00:42,  8.49s/it][A
 92%|█████████▏| 46/50 [08:27<00:31,  7.92s/it][A
 94%|█████████▍| 47/50 [08:34<00:22,  7.59s/it][A
 96%|█████████▌| 48/50 [08:40<00:14,  7.22s/it][A
 98%|█████████▊| 49/50 [08:47<00:07,  7.10s/it][A
100%|██████████| 50/50 [08:54<00:00,  7.01s/it][A
100%|██████████| 50/50 [08:54<00:00, 10.69s/it]
offline: 100%|█████████▉| 999999/1000000 [4:46:38<00:30, 30.09s/it, eval_success=0.100]
  2%|▏         | 1/50 [00:06<05:31,  6.77s/it][A
  4%|▍         | 2/50 [00:13<05:24,  6.76s/it][A
  6%|▌         | 3/50 [00:20<05:17,  6.76s/it][A
  8%|▊         | 4/50 [00:27<05:10,  6.75s/it][A
 10%|█         | 5/50 [00:32<04:38,  6.18s/it][A
 12%|█▏        | 6/50 [00:37<04:16,  5.84s/it][A
 14%|█▍        | 7/50 [00:42<04:02,  5.64s/it][A
 16%|█▌        | 8/50 [00:47<03:50,  5.48s/it][A
 18%|█▊        | 9/50 [00:52<03:41,  5.41s/it][A
 20%|██        | 10/50 [00:58<03:33,  5.33s/it][A
 22%|██▏       | 11/50 [01:03<03:26,  5.30s/it][A
 24%|██▍       | 12/50 [01:08<03:19,  5.26s/it][A
 26%|██▌       | 13/50 [01:13<03:14,  5.25s/it][A
 28%|██▊       | 14/50 [01:17<02:57,  4.93s/it][A
 30%|███       | 15/50 [01:21<02:40,  4.58s/it][A
 32%|███▏      | 16/50 [01:25<02:22,  4.20s/it][A
 34%|███▍      | 17/50 [01:28<02:13,  4.05s/it][A
 36%|███▌      | 18/50 [01:32<02:06,  3.95s/it][A
 38%|███▊      | 19/50 [01:36<02:01,  3.92s/it][A
 40%|████      | 20/50 [01:40<01:57,  3.92s/it][A
 42%|████▏     | 21/50 [01:43<01:51,  3.85s/it][A
 44%|████▍     | 22/50 [01:47<01:48,  3.89s/it][A
 46%|████▌     | 23/50 [01:51<01:43,  3.84s/it][A
 48%|████▊     | 24/50 [01:54<01:29,  3.42s/it][A
 50%|█████     | 25/50 [01:57<01:21,  3.28s/it][A
 52%|█████▏    | 26/50 [02:00<01:23,  3.49s/it][A
 54%|█████▍    | 27/50 [02:05<01:24,  3.69s/it][A
 56%|█████▌    | 28/50 [02:09<01:23,  3.82s/it][A
 58%|█████▊    | 29/50 [02:12<01:17,  3.70s/it][A
 60%|██████    | 30/50 [02:16<01:15,  3.75s/it][A
 62%|██████▏   | 31/50 [02:20<01:12,  3.81s/it][A
 64%|██████▍   | 32/50 [02:24<01:10,  3.90s/it][A
 66%|██████▌   | 33/50 [02:28<01:07,  3.94s/it][A
 68%|██████▊   | 34/50 [02:32<01:04,  4.04s/it][A
 70%|███████   | 35/50 [02:37<01:00,  4.05s/it][A
 72%|███████▏  | 36/50 [02:41<01:00,  4.33s/it][A
 74%|███████▍  | 37/50 [02:47<00:59,  4.58s/it][A
 76%|███████▌  | 38/50 [02:53<00:59,  4.97s/it][A
 78%|███████▊  | 39/50 [02:59<01:00,  5.48s/it][A
 80%|████████  | 40/50 [03:06<00:58,  5.83s/it][A
 82%|████████▏ | 41/50 [03:12<00:54,  6.07s/it][A
 84%|████████▍ | 42/50 [03:19<00:49,  6.25s/it][A
 86%|████████▌ | 43/50 [03:26<00:44,  6.37s/it][A
 88%|████████▊ | 44/50 [03:32<00:38,  6.46s/it][A
 90%|█████████ | 45/50 [03:39<00:32,  6.52s/it][A
 92%|█████████▏| 46/50 [03:46<00:26,  6.58s/it][A
 94%|█████████▍| 47/50 [03:53<00:19,  6.62s/it][A
 96%|█████████▌| 48/50 [03:59<00:13,  6.63s/it][A
 98%|█████████▊| 49/50 [04:06<00:06,  6.64s/it][A
100%|██████████| 50/50 [04:12<00:00,  6.45s/it][A
100%|██████████| 50/50 [04:12<00:00,  5.05s/it]
offline: 100%|█████████▉| 999999/1000000 [4:50:50<00:30, 30.09s/it, eval_success=0.080]
offline: 100%|██████████| 1000000/1000000 [4:50:50<00:00, 46.64s/it, eval_success=0.080]
Saved to exp/beat/ant2/N_pretanh_t1/antmaze-giant-navigate-singletask-task1-v0/antmaze-giant-navigate-singletask-task1-v0_sd000_anq_stdfp_chunk-h1_20260819_144806/params_offline.pkl
Saved modules ('critic', 'target_critic') to exp/beat/ant2/N_pretanh_t1/antmaze-giant-navigate-singletask-task1-v0/antmaze-giant-navigate-singletask-task1-v0_sd000_anq_stdfp_chunk-h1_20260819_144806/critic_offline.pkl
[1;34mwandb[0m: 
[1;34mwandb[0m: 🚀 View run [33mantmaze-giant-navigate-singletask-task1-v0_sd000_anq_stdfp_chunk-h1_20260819_144806[0m at: [34mhttps://wandb.ai/tjrcjf410-seoul-national-university/ant2/runs/lrhqs724[0m
[1;34mwandb[0m: Find logs at: [1;35m../../../tmp/tmp4oewmvcj/wandb/run-20260819_144807-lrhqs724/logs[0m
--- last progress lines ---
offline: 100%|██████████| 1000000/1000000 [4:50:50<00:00, 57.30it/s, eval_success=0.080]
online: 0it [00:00, ?it/s]
online: 0it [00:00, ?it/s]
