wandb: Using wandb-core as the SDK backend.  Please refer to https://wandb.me/wandb-core for more information.
wandb: Currently logged in as: tjrcjf410 (sjun0803-seoul-national-university) to https://api.wandb.ai. Use `wandb login --relogin` to force relogin
wandb: creating run
wandb: Tracking run with wandb version 0.19.9
wandb: Run data is saved locally in /tmp/tmpxpn553d0/wandb/run-20260819_234904-7uz74c6y
wandb: Run `wandb offline` to turn off syncing.
wandb: Syncing run antmaze-giant-navigate-singletask-task2-v0_sd001_anq_stdfp_chunk-h1_20260819_234904
wandb: ⭐️ View project at https://wandb.ai/tjrcjf410-seoul-national-university/ant2
wandb: 🚀 View run at https://wandb.ai/tjrcjf410-seoul-national-university/ant2/runs/7uz74c6y
wandb: WARNING Symlinked 8 files into the W&B run directory, call wandb.save again to sync new files.
I0819 23:49:06.326115 123202659280704 acceleratesupport.py:24] No OpenGL_accelerate module loaded: No module named 'OpenGL_accelerate'
offline:   0%|          | 1/1000000 [01:18<21893:57:14, 78.82s/it]
offline:   0%|          | 2/1000000 [01:39<12412:39:58, 44.69s/it]
offline:   0%|          | 3/1000000 [02:00<9435:06:47, 33.97s/it] 
offline:   0%|          | 19/1000000 [02:00<826:32:36,  2.98s/it]
offline:   0%|          | 35/1000000 [02:01<360:27:48,  1.30s/it]
  2%|▏         | 1/50 [00:13<10:55, 13.37s/it][A
  4%|▍         | 2/50 [00:26<10:22, 12.97s/it][A
  6%|▌         | 3/50 [00:38<10:05, 12.88s/it][A
  8%|▊         | 4/50 [00:51<09:49, 12.82s/it][A
 10%|█         | 5/50 [01:04<09:35, 12.80s/it][A
 12%|█▏        | 6/50 [01:17<09:22, 12.78s/it][A
 14%|█▍        | 7/50 [01:29<09:08, 12.76s/it][A
 16%|█▌        | 8/50 [01:42<08:55, 12.75s/it][A
 18%|█▊        | 9/50 [01:55<08:42, 12.74s/it][A
 20%|██        | 10/50 [02:07<08:29, 12.73s/it][A
 22%|██▏       | 11/50 [02:20<08:16, 12.74s/it][A
 24%|██▍       | 12/50 [02:33<08:03, 12.74s/it][A
 26%|██▌       | 13/50 [02:48<08:13, 13.33s/it][A
 28%|██▊       | 14/50 [03:02<08:15, 13.76s/it][A
 30%|███       | 15/50 [03:17<08:10, 14.03s/it][A
 32%|███▏      | 16/50 [03:32<08:03, 14.22s/it][A
 34%|███▍      | 17/50 [03:46<07:54, 14.36s/it][A
 36%|███▌      | 18/50 [04:01<07:42, 14.47s/it][A
 38%|███▊      | 19/50 [04:15<07:24, 14.33s/it][A
 40%|████      | 20/50 [04:26<06:40, 13.34s/it][A
 42%|████▏     | 21/50 [04:37<06:04, 12.56s/it][A
 44%|████▍     | 22/50 [04:48<05:37, 12.05s/it][A
 46%|████▌     | 23/50 [04:59<05:15, 11.68s/it][A
 48%|████▊     | 24/50 [05:08<04:45, 10.98s/it][A
 50%|█████     | 25/50 [05:17<04:18, 10.34s/it][A
 52%|█████▏    | 26/50 [05:26<03:57,  9.90s/it][A
 54%|█████▍    | 27/50 [05:35<03:41,  9.61s/it][A
 56%|█████▌    | 28/50 [05:43<03:26,  9.39s/it][A
 58%|█████▊    | 29/50 [05:52<03:14,  9.25s/it][A
 60%|██████    | 30/50 [06:00<02:53,  8.68s/it][A
 62%|██████▏   | 31/50 [06:07<02:34,  8.16s/it][A
 64%|██████▍   | 32/50 [06:14<02:20,  7.82s/it][A
 66%|██████▌   | 33/50 [06:21<02:08,  7.58s/it][A
 68%|██████▊   | 34/50 [06:28<01:58,  7.42s/it][A
 70%|███████   | 35/50 [06:35<01:49,  7.27s/it][A
 72%|███████▏  | 36/50 [06:42<01:40,  7.16s/it][A
 74%|███████▍  | 37/50 [06:49<01:32,  7.12s/it][A
 76%|███████▌  | 38/50 [06:56<01:24,  7.07s/it][A
 78%|███████▊  | 39/50 [07:03<01:17,  7.05s/it][A
 80%|████████  | 40/50 [07:09<01:10,  7.02s/it][A
 82%|████████▏ | 41/50 [07:17<01:03,  7.02s/it][A
 84%|████████▍ | 42/50 [07:23<00:55,  6.99s/it][A
 86%|████████▌ | 43/50 [07:30<00:48,  6.99s/it][A
 88%|████████▊ | 44/50 [07:37<00:41,  6.98s/it][A
 90%|█████████ | 45/50 [07:44<00:34,  6.98s/it][A
 92%|█████████▏| 46/50 [07:51<00:27,  6.97s/it][A
 94%|█████████▍| 47/50 [07:58<00:20,  6.97s/it][A
 96%|█████████▌| 48/50 [08:05<00:13,  6.94s/it][A
 98%|█████████▊| 49/50 [08:12<00:06,  6.95s/it][A
100%|██████████| 50/50 [08:19<00:00,  6.94s/it][A
100%|██████████| 50/50 [08:19<00:00,  9.99s/it]
offline:  10%|█         | 100000/1000000 [35:15<5857:13:19, 23.43s/it, eval_success=0.000]
offline:  10%|█         | 100016/1000000 [35:15<2828:59:29, 11.32s/it, eval_success=0.000]
offline:  10%|█         | 100025/1000000 [35:15<1999:23:25,  8.00s/it, eval_success=0.000]
offline:  10%|█         | 100036/1000000 [35:15<1322:39:27,  5.29s/it, eval_success=0.000]
offline:  10%|█         | 100046/1000000 [35:15<919:19:45,  3.68s/it, eval_success=0.000] 
offline:  10%|█         | 100057/1000000 [35:15<621:48:49,  2.49s/it, eval_success=0.000]
offline:  10%|█         | 100068/1000000 [35:16<425:39:39,  1.70s/it, eval_success=0.000]
offline:  10%|█         | 100078/1000000 [35:16<302:25:36,  1.21s/it, eval_success=0.000]
  2%|▏         | 1/50 [00:10<08:50, 10.83s/it][A
  4%|▍         | 2/50 [00:21<08:42, 10.88s/it][A
  6%|▌         | 3/50 [00:32<08:31, 10.88s/it][A
  8%|▊         | 4/50 [00:43<08:21, 10.89s/it][A
 10%|█         | 5/50 [00:54<08:08, 10.86s/it][A
 12%|█▏        | 6/50 [01:05<08:03, 10.98s/it][A
 14%|█▍        | 7/50 [01:18<08:15, 11.52s/it][A
 16%|█▌        | 8/50 [01:30<08:18, 11.87s/it][A
 18%|█▊        | 9/50 [01:42<08:02, 11.77s/it][A
 20%|██        | 10/50 [01:54<08:01, 12.03s/it][A
 22%|██▏       | 11/50 [02:07<07:58, 12.26s/it][A
 24%|██▍       | 12/50 [02:21<08:00, 12.65s/it][A
 26%|██▌       | 13/50 [02:36<08:11, 13.28s/it][A
 28%|██▊       | 14/50 [02:50<08:13, 13.70s/it][A
 30%|███       | 15/50 [03:05<08:08, 13.96s/it][A
--- last progress lines ---
offline:  20%|█▉        | 199999/1000000 [1:00:56<3:14:38, 68.50it/s, eval_success=0.000]
  0%|          | 0/50 [00:00<?, ?it/s][A
offline:  20%|█▉        | 199999/1000000 [1:01:10<3:14:38, 68.50it/s, eval_success=0.000]
