wandb: Using wandb-core as the SDK backend.  Please refer to https://wandb.me/wandb-core for more information.
wandb: Currently logged in as: tjrcjf410 (sjun0803-seoul-national-university) to https://api.wandb.ai. Use `wandb login --relogin` to force relogin
wandb: Tracking run with wandb version 0.19.9
wandb: Run data is saved locally in /tmp/tmpi52ges4t/wandb/run-20260819_150420-czs0bbl9
wandb: Run `wandb offline` to turn off syncing.
wandb: Syncing run antmaze-giant-navigate-singletask-task2-v0_sd000_anq_stdfp_chunk-h1_20260819_150419
wandb: ⭐️ View project at https://wandb.ai/tjrcjf410-seoul-national-university/ant2
wandb: 🚀 View run at https://wandb.ai/tjrcjf410-seoul-national-university/ant2/runs/czs0bbl9
wandb: WARNING Symlinked 8 files into the W&B run directory, call wandb.save again to sync new files.
I0819 15:04:21.259326 125625866721088 acceleratesupport.py:24] No OpenGL_accelerate module loaded: No module named 'OpenGL_accelerate'
offline:   0%|          | 1/1000000 [01:53<31473:32:00, 113.30s/it]
offline:   0%|          | 2/1000000 [02:13<16238:34:24, 58.46s/it] 
offline:   0%|          | 3/1000000 [02:35<11582:42:29, 41.70s/it]
offline:   0%|          | 15/1000000 [02:35<1314:24:42,  4.73s/it]
offline:   0%|          | 26/1000000 [02:35<610:42:52,  2.20s/it] 
offline:   0%|          | 34/1000000 [02:35<393:21:56,  1.42s/it]
  2%|▏         | 1/50 [00:11<09:16, 11.36s/it][A
  4%|▍         | 2/50 [00:21<08:37, 10.77s/it][A
  6%|▌         | 3/50 [00:32<08:20, 10.64s/it][A
  8%|▊         | 4/50 [00:42<08:06, 10.58s/it][A
 10%|█         | 5/50 [00:53<07:55, 10.56s/it][A
 12%|█▏        | 6/50 [01:03<07:43, 10.53s/it][A
 14%|█▍        | 7/50 [01:13<07:17, 10.18s/it][A
 16%|█▌        | 8/50 [01:21<06:46,  9.68s/it][A
 18%|█▊        | 9/50 [01:30<06:24,  9.37s/it][A
 20%|██        | 10/50 [01:39<06:06,  9.16s/it][A
 22%|██▏       | 11/50 [01:47<05:51,  9.01s/it][A
 24%|██▍       | 12/50 [01:56<05:37,  8.88s/it][A
 26%|██▌       | 13/50 [02:05<05:26,  8.82s/it][A
 28%|██▊       | 14/50 [02:13<05:15,  8.78s/it][A
 30%|███       | 15/50 [02:22<05:06,  8.75s/it][A
 32%|███▏      | 16/50 [02:31<04:56,  8.73s/it][A
 34%|███▍      | 17/50 [02:39<04:47,  8.72s/it][A
 36%|███▌      | 18/50 [02:48<04:38,  8.71s/it][A
 38%|███▊      | 19/50 [02:57<04:29,  8.70s/it][A
 40%|████      | 20/50 [03:05<04:21,  8.70s/it][A
 42%|████▏     | 21/50 [03:14<04:11,  8.68s/it][A
 44%|████▍     | 22/50 [03:23<04:02,  8.67s/it][A
 46%|████▌     | 23/50 [03:31<03:54,  8.69s/it][A
 48%|████▊     | 24/50 [03:40<03:45,  8.67s/it][A
 50%|█████     | 25/50 [03:49<03:37,  8.68s/it][A
 52%|█████▏    | 26/50 [03:57<03:28,  8.68s/it][A
 54%|█████▍    | 27/50 [04:06<03:19,  8.69s/it][A
 56%|█████▌    | 28/50 [04:15<03:11,  8.68s/it][A
 58%|█████▊    | 29/50 [04:23<03:02,  8.67s/it][A
 60%|██████    | 30/50 [04:32<02:53,  8.69s/it][A
 62%|██████▏   | 31/50 [04:41<02:45,  8.70s/it][A
 64%|██████▍   | 32/50 [04:50<02:36,  8.71s/it][A
 66%|██████▌   | 33/50 [04:58<02:27,  8.70s/it][A
 68%|██████▊   | 34/50 [05:07<02:18,  8.68s/it][A
 70%|███████   | 35/50 [05:16<02:10,  8.67s/it][A
 72%|███████▏  | 36/50 [05:24<02:01,  8.68s/it][A
 74%|███████▍  | 37/50 [05:33<01:52,  8.66s/it][A
 76%|███████▌  | 38/50 [05:42<01:43,  8.66s/it][A
 78%|███████▊  | 39/50 [05:50<01:35,  8.66s/it][A
 80%|████████  | 40/50 [05:59<01:26,  8.67s/it][A
 82%|████████▏ | 41/50 [06:08<01:17,  8.65s/it][A
 84%|████████▍ | 42/50 [06:16<01:09,  8.67s/it][A
 86%|████████▌ | 43/50 [06:25<01:00,  8.66s/it][A
 88%|████████▊ | 44/50 [06:34<00:52,  8.67s/it][A
 90%|█████████ | 45/50 [06:42<00:43,  8.63s/it][A
 92%|█████████▏| 46/50 [06:50<00:33,  8.45s/it][A
 94%|█████████▍| 47/50 [06:57<00:23,  7.92s/it][A
 96%|█████████▌| 48/50 [07:03<00:15,  7.54s/it][A
 98%|█████████▊| 49/50 [07:10<00:07,  7.38s/it][A
100%|██████████| 50/50 [07:17<00:00,  7.16s/it][A
100%|██████████| 50/50 [07:17<00:00,  8.75s/it]
offline:  10%|█         | 100000/1000000 [30:12<4811:29:33, 19.25s/it, eval_success=0.000]
offline:  10%|█         | 100010/1000000 [30:13<2957:05:52, 11.83s/it, eval_success=0.000]
offline:  10%|█         | 100019/1000000 [30:13<1977:52:11,  7.91s/it, eval_success=0.000]
offline:  10%|█         | 100028/1000000 [30:13<1343:10:09,  5.37s/it, eval_success=0.000]
offline:  10%|█         | 100037/1000000 [30:13<921:26:35,  3.69s/it, eval_success=0.000] 
offline:  10%|█         | 100046/1000000 [30:13<636:33:46,  2.55s/it, eval_success=0.000]
offline:  10%|█         | 100056/1000000 [30:13<427:27:10,  1.71s/it, eval_success=0.000]
offline:  10%|█         | 100066/1000000 [30:13<291:23:49,  1.17s/it, eval_success=0.000]
  2%|▏         | 1/50 [00:08<07:03,  8.64s/it][A
  4%|▍         | 2/50 [00:17<06:52,  8.59s/it][A
  6%|▌         | 3/50 [00:24<06:14,  7.96s/it][A
  8%|▊         | 4/50 [00:33<06:18,  8.22s/it][A
 10%|█         | 5/50 [00:40<06:01,  8.04s/it][A
 12%|█▏        | 6/50 [00:49<06:03,  8.25s/it][A
 14%|█▍        | 7/50 [00:58<05:59,  8.37s/it][A
 16%|█▌        | 8/50 [01:05<05:33,  7.94s/it][A
 18%|█▊        | 9/50 [01:12<05:24,  7.91s/it][A
 20%|██        | 10/50 [01:20<05:10,  7.76s/it][A
 22%|██▏       | 11/50 [01:30<05:37,  8.64s/it][A
 24%|██▍       | 12/50 [01:41<05:50,  9.23s/it][A
 26%|██▌       | 13/50 [01:52<05:56,  9.64s/it][A
 28%|██▊       | 14/50 [02:01<05:48,  9.67s/it][A
 30%|███       | 15/50 [02:09<05:19,  9.13s/it][A
 32%|███▏      | 16/50 [02:18<05:05,  8.97s/it][A
 34%|███▍      | 17/50 [02:27<04:52,  8.88s/it][A
 36%|███▌      | 18/50 [02:35<04:42,  8.82s/it][A
 38%|███▊      | 19/50 [02:42<04:15,  8.24s/it][A
 40%|████      | 20/50 [02:49<03:55,  7.84s/it][A
 42%|████▏     | 21/50 [02:56<03:37,  7.49s/it][A
 44%|████▍     | 22/50 [03:03<03:27,  7.40s/it][A
 46%|████▌     | 23/50 [03:11<03:28,  7.73s/it][A
 48%|████▊     | 24/50 [03:19<03:20,  7.71s/it][A
 50%|█████     | 25/50 [03:28<03:19,  7.99s/it][A
 52%|█████▏    | 26/50 [03:36<03:15,  8.16s/it][A
 54%|█████▍    | 27/50 [03:45<03:10,  8.29s/it][A
 56%|█████▌    | 28/50 [03:52<02:57,  8.06s/it][A
 58%|█████▊    | 29/50 [04:01<02:52,  8.21s/it][A
 60%|██████    | 30/50 [04:08<02:38,  7.94s/it][A
 62%|██████▏   | 31/50 [04:16<02:31,  7.95s/it][A
 64%|██████▍   | 32/50 [04:25<02:26,  8.14s/it][A
 66%|██████▌   | 33/50 [04:33<02:21,  8.30s/it][A
 68%|██████▊   | 34/50 [04:42<02:14,  8.39s/it][A
 70%|███████   | 35/50 [04:51<02:06,  8.45s/it][A
 72%|███████▏  | 36/50 [04:57<01:50,  7.90s/it][A
 74%|███████▍  | 37/50 [05:06<01:45,  8.11s/it][A
 76%|███████▌  | 38/50 [05:14<01:39,  8.26s/it][A
 78%|███████▊  | 39/50 [05:21<01:24,  7.70s/it][A
 80%|████████  | 40/50 [05:29<01:19,  7.95s/it][A
 82%|████████▏ | 41/50 [05:38<01:13,  8.13s/it][A
 84%|████████▍ | 42/50 [05:46<01:05,  8.25s/it][A
 86%|████████▌ | 43/50 [05:55<00:58,  8.35s/it][A
 88%|████████▊ | 44/50 [06:04<00:50,  8.42s/it][A
 90%|█████████ | 45/50 [06:12<00:42,  8.49s/it][A
 92%|█████████▏| 46/50 [06:21<00:33,  8.49s/it][A
 94%|█████████▍| 47/50 [06:29<00:25,  8.49s/it][A
 96%|█████████▌| 48/50 [06:36<00:15,  7.82s/it][A
 98%|█████████▊| 49/50 [06:42<00:07,  7.46s/it][A
100%|██████████| 50/50 [06:49<00:00,  7.22s/it][A
100%|██████████| 50/50 [06:49<00:00,  8.19s/it]
offline:  20%|██        | 200000/1000000 [58:35<3323:54:40, 14.96s/it, eval_success=0.280]
offline:  20%|██        | 200015/1000000 [58:35<1866:06:32,  8.40s/it, eval_success=0.280]
offline:  20%|██        | 200027/1000000 [58:35<1243:28:52,  5.60s/it, eval_success=0.280]
offline:  20%|██        | 200038/1000000 [58:35<865:58:27,  3.90s/it, eval_success=0.280] 
offline:  20%|██        | 200051/1000000 [58:35<572:50:41,  2.58s/it, eval_success=0.280]
offline:  20%|██        | 200061/1000000 [58:35<417:52:41,  1.88s/it, eval_success=0.280]
offline:  20%|██        | 200072/1000000 [58:36<293:30:20,  1.32s/it, eval_success=0.280]
  2%|▏         | 1/50 [00:12<10:06, 12.38s/it][A
  4%|▍         | 2/50 [00:24<09:57, 12.44s/it][A
  6%|▌         | 3/50 [00:33<08:30, 10.85s/it][A
  8%|▊         | 4/50 [00:46<08:49, 11.52s/it][A
 10%|█         | 5/50 [00:58<08:53, 11.86s/it][A
 12%|█▏        | 6/50 [01:11<08:50, 12.06s/it][A
 14%|█▍        | 7/50 [01:23<08:45, 12.21s/it][A
 16%|█▌        | 8/50 [01:36<08:35, 12.27s/it][A
 18%|█▊        | 9/50 [01:48<08:26, 12.35s/it][A
 20%|██        | 10/50 [02:01<08:16, 12.41s/it][A
 22%|██▏       | 11/50 [02:13<08:05, 12.44s/it][A
 24%|██▍       | 12/50 [02:23<07:21, 11.62s/it][A
 26%|██▌       | 13/50 [02:33<06:54, 11.19s/it][A
 28%|██▊       | 14/50 [02:45<06:53, 11.49s/it][A
 30%|███       | 15/50 [02:56<06:32, 11.21s/it][A
 32%|███▏      | 16/50 [03:06<06:14, 11.00s/it][A
 34%|███▍      | 17/50 [03:15<05:35, 10.16s/it][A
 36%|███▌      | 18/50 [03:25<05:28, 10.26s/it][A
 38%|███▊      | 19/50 [03:36<05:20, 10.34s/it][A
 40%|████      | 20/50 [03:46<05:12, 10.42s/it][A
 42%|████▏     | 21/50 [03:57<05:00, 10.36s/it][A
 44%|████▍     | 22/50 [04:05<04:34,  9.81s/it][A
 46%|████▌     | 23/50 [04:12<04:02,  8.99s/it][A
 48%|████▊     | 24/50 [04:21<03:50,  8.86s/it][A
 50%|█████     | 25/50 [04:29<03:38,  8.74s/it][A
 52%|█████▏    | 26/50 [04:38<03:28,  8.68s/it][A
 54%|█████▍    | 27/50 [04:46<03:18,  8.63s/it][A
 56%|█████▌    | 28/50 [04:55<03:09,  8.63s/it][A
 58%|█████▊    | 29/50 [05:04<03:01,  8.66s/it][A
 60%|██████    | 30/50 [05:12<02:52,  8.61s/it][A
 62%|██████▏   | 31/50 [05:19<02:33,  8.09s/it][A
 64%|██████▍   | 32/50 [05:27<02:27,  8.20s/it][A
 66%|██████▌   | 33/50 [05:33<02:08,  7.54s/it][A
 68%|██████▊   | 34/50 [05:42<02:05,  7.85s/it][A
 70%|███████   | 35/50 [05:48<01:48,  7.27s/it][A
 72%|███████▏  | 36/50 [05:56<01:47,  7.66s/it][A
 74%|███████▍  | 37/50 [06:05<01:42,  7.91s/it][A
 76%|███████▌  | 38/50 [06:13<01:36,  8.07s/it][A
 78%|███████▊  | 39/50 [06:22<01:30,  8.20s/it][A
 80%|████████  | 40/50 [06:29<01:19,  7.90s/it][A
 82%|████████▏ | 41/50 [06:35<01:05,  7.29s/it][A
 84%|████████▍ | 42/50 [06:44<01:01,  7.67s/it][A
 86%|████████▌ | 43/50 [06:51<00:52,  7.55s/it][A
 88%|████████▊ | 44/50 [06:57<00:43,  7.29s/it][A
 90%|█████████ | 45/50 [07:03<00:34,  6.82s/it][A
 92%|█████████▏| 46/50 [07:10<00:27,  6.80s/it][A
 94%|█████████▍| 47/50 [07:16<00:19,  6.61s/it][A
 96%|█████████▌| 48/50 [07:21<00:12,  6.21s/it][A
 98%|█████████▊| 49/50 [07:27<00:06,  6.14s/it][A
100%|██████████| 50/50 [07:32<00:00,  5.84s/it][A
100%|██████████| 50/50 [07:32<00:00,  9.06s/it]
offline:  30%|███       | 300000/1000000 [1:27:21<4111:43:00, 21.15s/it, eval_success=0.260]
offline:  30%|███       | 300018/1000000 [1:27:21<1870:38:30,  9.62s/it, eval_success=0.260]
offline:  30%|███       | 300031/1000000 [1:27:21<1197:45:37,  6.16s/it, eval_success=0.260]
offline:  30%|███       | 300042/1000000 [1:27:21<835:10:15,  4.30s/it, eval_success=0.260] 
offline:  30%|███       | 300057/1000000 [1:27:21<525:32:28,  2.70s/it, eval_success=0.260]
offline:  30%|███       | 300073/1000000 [1:27:21<336:05:44,  1.73s/it, eval_success=0.260]
offline:  30%|███       | 300088/1000000 [1:27:21<226:55:31,  1.17s/it, eval_success=0.260]
  2%|▏         | 1/50 [00:10<08:35, 10.52s/it][A
  4%|▍         | 2/50 [00:21<08:25, 10.54s/it][A
  6%|▌         | 3/50 [00:31<08:14, 10.52s/it][A
  8%|▊         | 4/50 [00:42<08:02, 10.50s/it][A
 10%|█         | 5/50 [00:52<07:54, 10.53s/it][A
 12%|█▏        | 6/50 [01:03<07:43, 10.54s/it][A
 14%|█▍        | 7/50 [01:10<06:47,  9.47s/it][A
 16%|█▌        | 8/50 [01:20<06:52,  9.81s/it][A
 18%|█▊        | 9/50 [01:31<06:50, 10.01s/it][A
 20%|██        | 10/50 [01:41<06:47, 10.18s/it][A
 22%|██▏       | 11/50 [01:51<06:23,  9.83s/it][A
 24%|██▍       | 12/50 [02:01<06:21, 10.05s/it][A
 26%|██▌       | 13/50 [02:10<05:56,  9.63s/it][A
 28%|██▊       | 14/50 [02:20<05:57,  9.92s/it][A
 30%|███       | 15/50 [02:31<05:54, 10.12s/it][A
 32%|███▏      | 16/50 [02:43<06:00, 10.60s/it][A
 34%|███▍      | 17/50 [02:55<06:09, 11.20s/it][A
 36%|███▌      | 18/50 [03:08<06:09, 11.56s/it][A
 38%|███▊      | 19/50 [03:19<06:00, 11.62s/it][A
 40%|████      | 20/50 [03:30<05:37, 11.26s/it][A
 42%|████▏     | 21/50 [03:40<05:19, 11.01s/it][A
 44%|████▍     | 22/50 [03:51<05:04, 10.87s/it][A
 46%|████▌     | 23/50 [04:01<04:50, 10.76s/it][A
 48%|████▊     | 24/50 [04:11<04:30, 10.41s/it][A
 50%|█████     | 25/50 [04:20<04:10, 10.03s/it][A
 52%|█████▏    | 26/50 [04:30<04:03, 10.16s/it][A
 54%|█████▍    | 27/50 [04:41<03:55, 10.22s/it][A
 56%|█████▌    | 28/50 [04:51<03:45, 10.27s/it][A
 58%|█████▊    | 29/50 [05:02<03:37, 10.35s/it][A
 60%|██████    | 30/50 [05:12<03:27, 10.37s/it][A
 62%|██████▏   | 31/50 [05:23<03:16, 10.36s/it][A
 64%|██████▍   | 32/50 [05:33<03:07, 10.40s/it][A
 66%|██████▌   | 33/50 [05:43<02:56, 10.39s/it][A
 68%|██████▊   | 34/50 [05:54<02:47, 10.44s/it][A
 70%|███████   | 35/50 [06:03<02:31, 10.09s/it][A
 72%|███████▏  | 36/50 [06:14<02:23, 10.22s/it][A
 74%|███████▍  | 37/50 [06:24<02:14, 10.31s/it][A
 76%|███████▌  | 38/50 [06:35<02:04, 10.36s/it][A
 78%|███████▊  | 39/50 [06:42<01:42,  9.28s/it][A
 80%|████████  | 40/50 [06:52<01:36,  9.64s/it][A
 82%|████████▏ | 41/50 [07:02<01:28,  9.87s/it][A
 84%|████████▍ | 42/50 [07:13<01:20, 10.06s/it][A
 86%|████████▌ | 43/50 [07:23<01:11, 10.20s/it][A
 88%|████████▊ | 44/50 [07:34<01:01, 10.27s/it][A
 90%|█████████ | 45/50 [07:44<00:51, 10.34s/it][A
 92%|█████████▏| 46/50 [07:55<00:41, 10.40s/it][A
 94%|█████████▍| 47/50 [08:05<00:30, 10.30s/it][A
 96%|█████████▌| 48/50 [08:13<00:18,  9.50s/it][A
 98%|█████████▊| 49/50 [08:20<00:08,  8.87s/it][A
100%|██████████| 50/50 [08:26<00:00,  8.10s/it][A
100%|██████████| 50/50 [08:26<00:00, 10.14s/it]
offline:  40%|████      | 400000/1000000 [1:55:57<4330:46:19, 25.98s/it, eval_success=0.240]
offline:  40%|████      | 400013/1000000 [1:55:57<2220:25:34, 13.32s/it, eval_success=0.240]
offline:  40%|████      | 400021/1000000 [1:55:57<1554:56:56,  9.33s/it, eval_success=0.240]
offline:  40%|████      | 400030/1000000 [1:55:57<1049:44:24,  6.30s/it, eval_success=0.240]
offline:  40%|████      | 400040/1000000 [1:55:57<693:03:05,  4.16s/it, eval_success=0.240] 
offline:  40%|████      | 400048/1000000 [1:55:57<499:42:15,  3.00s/it, eval_success=0.240]
offline:  40%|████      | 400058/1000000 [1:55:57<333:39:17,  2.00s/it, eval_success=0.240]
offline:  40%|████      | 400066/1000000 [1:55:58<242:11:48,  1.45s/it, eval_success=0.240]
offline:  40%|████      | 400074/1000000 [1:55:58<174:20:18,  1.05s/it, eval_success=0.240]
  2%|▏         | 1/50 [00:06<05:18,  6.50s/it][A
  4%|▍         | 2/50 [00:12<04:50,  6.06s/it][A
  6%|▌         | 3/50 [00:20<05:38,  7.21s/it][A
  8%|▊         | 4/50 [00:27<05:25,  7.07s/it][A
 10%|█         | 5/50 [00:35<05:25,  7.24s/it][A
 12%|█▏        | 6/50 [00:43<05:38,  7.70s/it][A
 14%|█▍        | 7/50 [00:49<05:06,  7.13s/it][A
 16%|█▌        | 8/50 [00:58<05:14,  7.50s/it][A
 18%|█▊        | 9/50 [01:03<04:40,  6.85s/it][A
 20%|██        | 10/50 [01:10<04:34,  6.87s/it][A
 22%|██▏       | 11/50 [01:16<04:23,  6.76s/it][A
 24%|██▍       | 12/50 [01:23<04:16,  6.76s/it][A
 26%|██▌       | 13/50 [01:30<04:15,  6.92s/it][A
 28%|██▊       | 14/50 [01:39<04:27,  7.42s/it][A
 30%|███       | 15/50 [01:46<04:14,  7.26s/it][A
 32%|███▏      | 16/50 [01:55<04:20,  7.67s/it][A
 34%|███▍      | 17/50 [02:02<04:07,  7.50s/it][A
 36%|███▌      | 18/50 [02:08<03:47,  7.11s/it][A
 38%|███▊      | 19/50 [02:16<03:54,  7.55s/it][A
 40%|████      | 20/50 [02:23<03:38,  7.27s/it][A
 42%|████▏     | 21/50 [02:31<03:34,  7.39s/it][A
 44%|████▍     | 22/50 [02:38<03:26,  7.36s/it][A
 46%|████▌     | 23/50 [02:47<03:28,  7.74s/it][A
 48%|████▊     | 24/50 [02:53<03:06,  7.18s/it][A
 50%|█████     | 25/50 [03:01<03:10,  7.62s/it][A
 52%|█████▏    | 26/50 [03:07<02:50,  7.11s/it][A
 54%|█████▍    | 27/50 [03:14<02:40,  6.97s/it][A
 56%|█████▌    | 28/50 [03:19<02:20,  6.39s/it][A
 58%|█████▊    | 29/50 [03:26<02:16,  6.51s/it][A
 60%|██████    | 30/50 [03:32<02:08,  6.44s/it][A
 62%|██████▏   | 31/50 [03:36<01:52,  5.90s/it][A
 64%|██████▍   | 32/50 [03:42<01:46,  5.92s/it][A
 66%|██████▌   | 33/50 [03:47<01:31,  5.39s/it][A
 68%|██████▊   | 34/50 [03:52<01:27,  5.45s/it][A
 70%|███████   | 35/50 [03:59<01:27,  5.83s/it][A
 72%|███████▏  | 36/50 [04:04<01:17,  5.51s/it][A
 74%|███████▍  | 37/50 [04:10<01:16,  5.87s/it][A
 76%|███████▌  | 38/50 [04:16<01:10,  5.85s/it][A
 78%|███████▊  | 39/50 [04:21<01:02,  5.64s/it][A
 80%|████████  | 40/50 [04:28<00:59,  5.96s/it][A
 82%|████████▏ | 41/50 [04:35<00:55,  6.16s/it][A
 84%|████████▍ | 42/50 [04:39<00:45,  5.68s/it][A
 86%|████████▌ | 43/50 [04:44<00:37,  5.36s/it][A
 88%|████████▊ | 44/50 [04:48<00:30,  5.09s/it][A
 90%|█████████ | 45/50 [04:53<00:24,  4.92s/it][A
 92%|█████████▏| 46/50 [04:58<00:19,  4.99s/it][A
 94%|█████████▍| 47/50 [05:05<00:16,  5.53s/it][A
 96%|█████████▌| 48/50 [05:12<00:12,  6.06s/it][A
 98%|█████████▊| 49/50 [05:21<00:06,  6.80s/it][A
100%|██████████| 50/50 [05:29<00:00,  7.33s/it][A
100%|██████████| 50/50 [05:29<00:00,  6.59s/it]
offline:  50%|█████     | 500000/1000000 [2:22:24<1958:15:09, 14.10s/it, eval_success=0.720]
offline:  50%|█████     | 500013/1000000 [2:22:24<1092:36:32,  7.87s/it, eval_success=0.720]
offline:  50%|█████     | 500023/1000000 [2:22:24<735:42:04,  5.30s/it, eval_success=0.720] 
offline:  50%|█████     | 500033/1000000 [2:22:24<502:02:04,  3.61s/it, eval_success=0.720]
offline:  50%|█████     | 500042/1000000 [2:22:25<356:43:14,  2.57s/it, eval_success=0.720]
offline:  50%|█████     | 500052/1000000 [2:22:25<244:36:42,  1.76s/it, eval_success=0.720]
offline:  50%|█████     | 500061/1000000 [2:22:25<174:35:53,  1.26s/it, eval_success=0.720]
  2%|▏         | 1/50 [00:10<08:25, 10.32s/it][A
  4%|▍         | 2/50 [00:18<07:23,  9.24s/it][A
  6%|▌         | 3/50 [00:29<07:48,  9.96s/it][A
  8%|▊         | 4/50 [00:38<07:13,  9.43s/it][A
 10%|█         | 5/50 [00:45<06:36,  8.82s/it][A
 12%|█▏        | 6/50 [00:56<06:56,  9.47s/it][A
 14%|█▍        | 7/50 [01:03<06:12,  8.67s/it][A
 16%|█▌        | 8/50 [01:14<06:29,  9.27s/it][A
 18%|█▊        | 9/50 [01:24<06:29,  9.49s/it][A
 20%|██        | 10/50 [01:34<06:33,  9.83s/it][A
 22%|██▏       | 11/50 [01:42<06:00,  9.24s/it][A
 24%|██▍       | 12/50 [01:53<06:03,  9.56s/it][A
 26%|██▌       | 13/50 [02:01<05:42,  9.25s/it][A
 28%|██▊       | 14/50 [02:10<05:26,  9.08s/it][A
 30%|███       | 15/50 [02:22<05:53, 10.11s/it][A
 32%|███▏      | 16/50 [02:35<06:08, 10.83s/it][A
 34%|███▍      | 17/50 [02:46<06:03, 11.00s/it][A
 36%|███▌      | 18/50 [02:57<05:52, 11.01s/it][A
 38%|███▊      | 19/50 [03:10<05:55, 11.46s/it][A
 40%|████      | 20/50 [03:22<05:52, 11.75s/it][A
 42%|████▏     | 21/50 [03:31<05:17, 10.93s/it][A
 44%|████▍     | 22/50 [03:40<04:46, 10.25s/it][A
 46%|████▌     | 23/50 [03:50<04:33, 10.12s/it][A
 48%|████▊     | 24/50 [04:01<04:31, 10.43s/it][A
 50%|█████     | 25/50 [04:13<04:35, 11.04s/it][A
 52%|█████▏    | 26/50 [04:26<04:35, 11.48s/it][A
 54%|█████▍    | 27/50 [04:37<04:25, 11.56s/it][A
 56%|█████▌    | 28/50 [04:45<03:49, 10.42s/it][A
 58%|█████▊    | 29/50 [04:53<03:21,  9.58s/it][A
 60%|██████    | 30/50 [05:02<03:06,  9.35s/it][A
 62%|██████▏   | 31/50 [05:09<02:43,  8.62s/it][A
 64%|██████▍   | 32/50 [05:16<02:26,  8.12s/it][A
 66%|██████▌   | 33/50 [05:21<02:06,  7.46s/it][A
 68%|██████▊   | 34/50 [05:30<02:04,  7.78s/it][A
 70%|███████   | 35/50 [05:37<01:52,  7.53s/it][A
 72%|███████▏  | 36/50 [05:43<01:38,  7.00s/it][A
 74%|███████▍  | 37/50 [05:51<01:35,  7.37s/it][A
 76%|███████▌  | 38/50 [06:00<01:32,  7.73s/it][A
 78%|███████▊  | 39/50 [06:05<01:18,  7.13s/it][A
 80%|████████  | 40/50 [06:14<01:15,  7.59s/it][A
 82%|████████▏ | 41/50 [06:20<01:03,  7.06s/it][A
 84%|████████▍ | 42/50 [06:26<00:54,  6.82s/it][A
 86%|████████▌ | 43/50 [06:34<00:51,  7.32s/it][A
 88%|████████▊ | 44/50 [06:42<00:44,  7.36s/it][A
 90%|█████████ | 45/50 [06:50<00:38,  7.71s/it][A
 92%|█████████▏| 46/50 [06:59<00:31,  7.96s/it][A
 94%|█████████▍| 47/50 [07:05<00:21,  7.27s/it][A
 96%|█████████▌| 48/50 [07:13<00:15,  7.60s/it][A
 98%|█████████▊| 49/50 [07:20<00:07,  7.34s/it][A
100%|██████████| 50/50 [07:24<00:00,  6.45s/it][A
100%|██████████| 50/50 [07:24<00:00,  8.89s/it]
offline:  60%|██████    | 600000/1000000 [2:48:54<2430:02:15, 21.87s/it, eval_success=0.600]
offline:  60%|██████    | 600011/1000000 [2:48:54<1371:51:20, 12.35s/it, eval_success=0.600]
offline:  60%|██████    | 600023/1000000 [2:48:54<817:28:10,  7.36s/it, eval_success=0.600] 
offline:  60%|██████    | 600033/1000000 [2:48:54<552:14:53,  4.97s/it, eval_success=0.600]
offline:  60%|██████    | 600043/1000000 [2:48:54<377:31:50,  3.40s/it, eval_success=0.600]
offline:  60%|██████    | 600057/1000000 [2:48:54<231:21:44,  2.08s/it, eval_success=0.600]
offline:  60%|██████    | 600067/1000000 [2:48:54<166:12:08,  1.50s/it, eval_success=0.600]
offline:  60%|██████    | 600076/1000000 [2:48:55<122:07:10,  1.10s/it, eval_success=0.600]
  2%|▏         | 1/50 [00:06<05:24,  6.62s/it][A
  4%|▍         | 2/50 [00:12<05:01,  6.27s/it][A
  6%|▌         | 3/50 [00:21<05:43,  7.30s/it][A
  8%|▊         | 4/50 [00:26<05:06,  6.67s/it][A
 10%|█         | 5/50 [00:34<05:12,  6.93s/it][A
 12%|█▏        | 6/50 [00:40<04:48,  6.56s/it][A
 14%|█▍        | 7/50 [00:48<05:06,  7.12s/it][A
 16%|█▌        | 8/50 [00:55<04:56,  7.07s/it][A
 18%|█▊        | 9/50 [01:03<05:08,  7.52s/it][A
 20%|██        | 10/50 [01:09<04:41,  7.05s/it][A
 22%|██▏       | 11/50 [01:18<04:55,  7.56s/it][A
 24%|██▍       | 12/50 [01:27<04:58,  7.86s/it][A
 26%|██▌       | 13/50 [01:35<04:59,  8.09s/it][A
 28%|██▊       | 14/50 [01:44<04:56,  8.22s/it][A
 30%|███       | 15/50 [01:51<04:37,  7.92s/it][A
 32%|███▏      | 16/50 [02:00<04:36,  8.12s/it][A
 34%|███▍      | 17/50 [02:08<04:32,  8.26s/it][A
 36%|███▌      | 18/50 [02:14<04:04,  7.65s/it][A
 38%|███▊      | 19/50 [02:21<03:47,  7.34s/it][A
 40%|████      | 20/50 [02:29<03:46,  7.55s/it][A
 42%|████▏     | 21/50 [02:38<03:51,  7.98s/it][A
 44%|████▍     | 22/50 [02:49<04:05,  8.75s/it][A
 46%|████▌     | 23/50 [02:57<03:52,  8.60s/it][A
 48%|████▊     | 24/50 [03:04<03:31,  8.15s/it][A
 50%|█████     | 25/50 [03:12<03:25,  8.24s/it][A
 52%|█████▏    | 26/50 [03:21<03:19,  8.32s/it][A
 54%|█████▍    | 27/50 [03:27<02:52,  7.52s/it][A
 56%|█████▌    | 28/50 [03:33<02:39,  7.23s/it][A
 58%|█████▊    | 29/50 [03:41<02:33,  7.29s/it][A
 60%|██████    | 30/50 [03:47<02:18,  6.92s/it][A
 62%|██████▏   | 31/50 [03:54<02:12,  6.98s/it][A
 64%|██████▍   | 32/50 [04:00<02:00,  6.72s/it][A
 66%|██████▌   | 33/50 [04:06<01:52,  6.60s/it][A
 68%|██████▊   | 34/50 [04:13<01:47,  6.70s/it][A
 70%|███████   | 35/50 [04:20<01:42,  6.82s/it][A
 72%|███████▏  | 36/50 [04:30<01:47,  7.67s/it][A
 74%|███████▍  | 37/50 [04:37<01:38,  7.61s/it][A
 76%|███████▌  | 38/50 [04:47<01:39,  8.32s/it][A
 78%|███████▊  | 39/50 [04:55<01:30,  8.21s/it][A
 80%|████████  | 40/50 [05:06<01:29,  8.91s/it][A
 82%|████████▏ | 41/50 [05:16<01:24,  9.39s/it][A
 84%|████████▍ | 42/50 [05:22<01:07,  8.44s/it][A
 86%|████████▌ | 43/50 [05:31<00:59,  8.50s/it][A
 88%|████████▊ | 44/50 [05:42<00:54,  9.08s/it][A
 90%|█████████ | 45/50 [05:48<00:42,  8.43s/it][A
 92%|█████████▏| 46/50 [05:56<00:32,  8.17s/it][A
 94%|█████████▍| 47/50 [06:06<00:26,  8.84s/it][A
 96%|█████████▌| 48/50 [06:16<00:18,  9.07s/it][A
 98%|█████████▊| 49/50 [06:23<00:08,  8.53s/it][A
100%|██████████| 50/50 [06:34<00:00,  9.12s/it][A
100%|██████████| 50/50 [06:34<00:00,  7.89s/it]
offline:  70%|███████   | 700000/1000000 [3:16:19<1125:28:33, 13.51s/it, eval_success=0.680]
offline:  70%|███████   | 700013/1000000 [3:16:19<688:34:09,  8.26s/it, eval_success=0.680] 
offline:  70%|███████   | 700022/1000000 [3:16:19<497:45:20,  5.97s/it, eval_success=0.680]
offline:  70%|███████   | 700031/1000000 [3:16:19<356:47:23,  4.28s/it, eval_success=0.680]
offline:  70%|███████   | 700039/1000000 [3:16:19<262:34:51,  3.15s/it, eval_success=0.680]
offline:  70%|███████   | 700047/1000000 [3:16:19<190:47:05,  2.29s/it, eval_success=0.680]
offline:  70%|███████   | 700055/1000000 [3:16:19<137:19:22,  1.65s/it, eval_success=0.680]
offline:  70%|███████   | 700063/1000000 [3:16:19<98:17:03,  1.18s/it, eval_success=0.680] 
  2%|▏         | 1/50 [00:06<05:34,  6.82s/it][A
  4%|▍         | 2/50 [00:15<06:16,  7.84s/it][A
  6%|▌         | 3/50 [00:24<06:25,  8.21s/it][A
  8%|▊         | 4/50 [00:31<06:00,  7.83s/it][A
 10%|█         | 5/50 [00:36<05:10,  6.89s/it][A
 12%|█▏        | 6/50 [00:45<05:28,  7.46s/it][A
 14%|█▍        | 7/50 [00:51<05:07,  7.14s/it][A
 16%|█▌        | 8/50 [01:01<05:39,  8.09s/it][A
 18%|█▊        | 9/50 [01:10<05:45,  8.42s/it][A
 20%|██        | 10/50 [01:18<05:27,  8.20s/it][A
 22%|██▏       | 11/50 [01:29<05:48,  8.94s/it][A
 24%|██▍       | 12/50 [01:39<05:58,  9.45s/it][A
 26%|██▌       | 13/50 [01:46<05:22,  8.72s/it][A
 28%|██▊       | 14/50 [01:54<05:04,  8.47s/it][A
 30%|███       | 15/50 [02:03<05:00,  8.59s/it][A
 32%|███▏      | 16/50 [02:11<04:46,  8.42s/it][A
 34%|███▍      | 17/50 [02:22<04:59,  9.07s/it][A
 36%|███▌      | 18/50 [02:32<05:05,  9.54s/it][A
 38%|███▊      | 19/50 [02:41<04:46,  9.25s/it][A
 40%|████      | 20/50 [02:47<04:12,  8.43s/it][A
 42%|████▏     | 21/50 [02:53<03:42,  7.67s/it][A
 44%|████▍     | 22/50 [03:00<03:25,  7.32s/it][A
 46%|████▌     | 23/50 [03:08<03:27,  7.70s/it][A
 48%|████▊     | 24/50 [03:14<03:06,  7.18s/it][A
 50%|█████     | 25/50 [03:23<03:08,  7.55s/it][A
 52%|█████▏    | 26/50 [03:30<02:58,  7.46s/it][A
 54%|█████▍    | 27/50 [03:38<02:54,  7.60s/it][A
 56%|█████▌    | 28/50 [03:46<02:52,  7.83s/it][A
 58%|█████▊    | 29/50 [03:54<02:44,  7.82s/it][A
 60%|██████    | 30/50 [04:05<02:52,  8.65s/it][A
 62%|██████▏   | 31/50 [04:12<02:36,  8.23s/it][A
 64%|██████▍   | 32/50 [04:20<02:28,  8.25s/it][A
 66%|██████▌   | 33/50 [04:31<02:32,  8.96s/it][A
 68%|██████▊   | 34/50 [04:38<02:16,  8.50s/it][A
 70%|███████   | 35/50 [04:46<02:03,  8.24s/it][A
 72%|███████▏  | 36/50 [04:53<01:49,  7.84s/it][A
 74%|███████▍  | 37/50 [04:59<01:33,  7.20s/it][A
 76%|███████▌  | 38/50 [05:04<01:20,  6.68s/it][A
 78%|███████▊  | 39/50 [05:10<01:10,  6.42s/it][A
 80%|████████  | 40/50 [05:17<01:07,  6.73s/it][A
 82%|████████▏ | 41/50 [05:26<01:05,  7.30s/it][A
 84%|████████▍ | 42/50 [05:34<00:59,  7.46s/it][A
 86%|████████▌ | 43/50 [05:41<00:50,  7.27s/it][A
 88%|████████▊ | 44/50 [05:47<00:42,  7.14s/it][A
 90%|█████████ | 45/50 [05:56<00:38,  7.61s/it][A
 92%|█████████▏| 46/50 [06:05<00:31,  7.95s/it][A
 94%|█████████▍| 47/50 [06:13<00:24,  8.17s/it][A
 96%|█████████▌| 48/50 [06:22<00:16,  8.23s/it][A
 98%|█████████▊| 49/50 [06:28<00:07,  7.68s/it][A
100%|██████████| 50/50 [06:34<00:00,  7.16s/it][A
100%|██████████| 50/50 [06:34<00:00,  7.89s/it]
offline:  80%|████████  | 800000/1000000 [3:41:03<941:17:35, 16.94s/it, eval_success=0.700]
offline:  80%|████████  | 800013/1000000 [3:41:03<524:13:13,  9.44s/it, eval_success=0.700]
offline:  80%|████████  | 800023/1000000 [3:41:04<352:45:48,  6.35s/it, eval_success=0.700]
offline:  80%|████████  | 800032/1000000 [3:41:04<248:25:14,  4.47s/it, eval_success=0.700]
offline:  80%|████████  | 800041/1000000 [3:41:04<174:44:52,  3.15s/it, eval_success=0.700]
offline:  80%|████████  | 800050/1000000 [3:41:04<122:51:37,  2.21s/it, eval_success=0.700]
offline:  80%|████████  | 800059/1000000 [3:41:04<86:22:28,  1.56s/it, eval_success=0.700] 
offline:  80%|████████  | 800068/1000000 [3:41:04<60:44:38,  1.09s/it, eval_success=0.700]
  2%|▏         | 1/50 [00:05<04:25,  5.42s/it][A
  4%|▍         | 2/50 [00:11<04:29,  5.62s/it][A
  6%|▌         | 3/50 [00:17<04:40,  5.97s/it][A
  8%|▊         | 4/50 [00:23<04:33,  5.94s/it][A
 10%|█         | 5/50 [00:29<04:33,  6.09s/it][A
 12%|█▏        | 6/50 [00:36<04:41,  6.40s/it][A
 14%|█▍        | 7/50 [00:45<05:06,  7.12s/it][A
 16%|█▌        | 8/50 [00:52<04:54,  7.01s/it][A
 18%|█▊        | 9/50 [01:00<05:08,  7.53s/it][A
 20%|██        | 10/50 [01:07<04:46,  7.17s/it][A
 22%|██▏       | 11/50 [01:12<04:19,  6.65s/it][A
 24%|██▍       | 12/50 [01:21<04:35,  7.25s/it][A
 26%|██▌       | 13/50 [01:27<04:17,  6.97s/it][A
 28%|██▊       | 14/50 [01:35<04:20,  7.23s/it][A
 30%|███       | 15/50 [01:44<04:28,  7.66s/it][A
 32%|███▏      | 16/50 [01:49<03:55,  6.93s/it][A
 34%|███▍      | 17/50 [01:57<04:04,  7.41s/it][A
 36%|███▌      | 18/50 [02:04<03:45,  7.06s/it][A
 38%|███▊      | 19/50 [02:10<03:36,  6.99s/it][A
 40%|████      | 20/50 [02:19<03:43,  7.45s/it][A
 42%|████▏     | 21/50 [02:28<03:46,  7.80s/it][A
 44%|████▍     | 22/50 [02:34<03:23,  7.28s/it][A
 46%|████▌     | 23/50 [02:40<03:08,  6.96s/it][A
 48%|████▊     | 24/50 [02:49<03:14,  7.48s/it][A
 50%|█████     | 25/50 [02:55<02:58,  7.16s/it][A
 52%|█████▏    | 26/50 [03:01<02:43,  6.81s/it][A
 54%|█████▍    | 27/50 [03:07<02:33,  6.66s/it][A
 56%|█████▌    | 28/50 [03:13<02:22,  6.46s/it][A
 58%|█████▊    | 29/50 [03:20<02:20,  6.69s/it][A
 60%|██████    | 30/50 [03:27<02:09,  6.49s/it][A
 62%|██████▏   | 31/50 [03:32<02:00,  6.34s/it][A
 64%|██████▍   | 32/50 [03:38<01:48,  6.05s/it][A
 66%|██████▌   | 33/50 [03:47<01:55,  6.82s/it][A
 68%|██████▊   | 34/50 [03:52<01:43,  6.49s/it][A
 70%|███████   | 35/50 [04:01<01:46,  7.11s/it][A
 72%|███████▏  | 36/50 [04:08<01:39,  7.08s/it][A
 74%|███████▍  | 37/50 [04:16<01:38,  7.57s/it][A
 76%|███████▌  | 38/50 [04:23<01:27,  7.31s/it][A
 78%|███████▊  | 39/50 [04:30<01:17,  7.06s/it][A
 80%|████████  | 40/50 [04:39<01:16,  7.69s/it][A
 82%|████████▏ | 41/50 [04:49<01:16,  8.51s/it][A
 84%|████████▍ | 42/50 [05:00<01:13,  9.13s/it][A
 86%|████████▌ | 43/50 [05:08<01:02,  8.99s/it][A
 88%|████████▊ | 44/50 [05:16<00:50,  8.48s/it][A
 90%|█████████ | 45/50 [05:24<00:41,  8.28s/it][A
 92%|█████████▏| 46/50 [05:34<00:35,  8.97s/it][A
 94%|█████████▍| 47/50 [05:43<00:26,  8.93s/it][A
 96%|█████████▌| 48/50 [05:49<00:16,  8.04s/it][A
 98%|█████████▊| 49/50 [05:58<00:08,  8.22s/it][A
100%|██████████| 50/50 [06:05<00:00,  7.83s/it][A
100%|██████████| 50/50 [06:05<00:00,  7.30s/it]
offline:  90%|█████████ | 900000/1000000 [4:08:41<321:38:13, 11.58s/it, eval_success=0.700]
offline:  90%|█████████ | 900014/1000000 [4:08:41<196:56:44,  7.09s/it, eval_success=0.700]
offline:  90%|█████████ | 900025/1000000 [4:08:41<137:17:13,  4.94s/it, eval_success=0.700]
offline:  90%|█████████ | 900036/1000000 [4:08:41<95:53:09,  3.45s/it, eval_success=0.700] 
offline:  90%|█████████ | 900046/1000000 [4:08:41<68:58:22,  2.48s/it, eval_success=0.700]
offline:  90%|█████████ | 900055/1000000 [4:08:41<50:44:24,  1.83s/it, eval_success=0.700]
offline:  90%|█████████ | 900063/1000000 [4:08:41<38:01:02,  1.37s/it, eval_success=0.700]
  2%|▏         | 1/50 [00:02<02:16,  2.78s/it][A
  4%|▍         | 2/50 [00:06<02:42,  3.38s/it][A
  6%|▌         | 3/50 [00:09<02:28,  3.16s/it][A
  8%|▊         | 4/50 [00:13<02:38,  3.44s/it][A
 10%|█         | 5/50 [00:16<02:31,  3.38s/it][A
 12%|█▏        | 6/50 [00:19<02:28,  3.36s/it][A
 14%|█▍        | 7/50 [00:23<02:20,  3.27s/it][A
 16%|█▌        | 8/50 [00:26<02:14,  3.21s/it][A
 18%|█▊        | 9/50 [00:30<02:21,  3.45s/it][A
 20%|██        | 10/50 [00:34<02:26,  3.66s/it][A
 22%|██▏       | 11/50 [00:37<02:14,  3.45s/it][A
 24%|██▍       | 12/50 [00:38<01:45,  2.79s/it][A
 26%|██▌       | 13/50 [00:40<01:33,  2.53s/it][A
 28%|██▊       | 14/50 [00:43<01:33,  2.59s/it][A
 30%|███       | 15/50 [00:46<01:35,  2.72s/it][A
 32%|███▏      | 16/50 [00:49<01:36,  2.83s/it][A
 34%|███▍      | 17/50 [00:52<01:39,  3.00s/it][A
 36%|███▌      | 18/50 [00:56<01:43,  3.23s/it][A
 38%|███▊      | 19/50 [00:58<01:34,  3.03s/it][A
 40%|████      | 20/50 [01:02<01:37,  3.25s/it][A
 42%|████▏     | 21/50 [01:05<01:29,  3.08s/it][A
 44%|████▍     | 22/50 [01:08<01:22,  2.96s/it][A
 46%|████▌     | 23/50 [01:11<01:23,  3.11s/it][A
 48%|████▊     | 24/50 [01:15<01:25,  3.28s/it][A
 50%|█████     | 25/50 [01:19<01:26,  3.45s/it][A
 52%|█████▏    | 26/50 [01:23<01:26,  3.61s/it][A
 54%|█████▍    | 27/50 [01:28<01:33,  4.06s/it][A
 56%|█████▌    | 28/50 [01:33<01:36,  4.39s/it][A
 58%|█████▊    | 29/50 [01:37<01:30,  4.30s/it][A
 60%|██████    | 30/50 [01:44<01:40,  5.01s/it][A
 62%|██████▏   | 31/50 [01:48<01:32,  4.86s/it][A
 64%|██████▍   | 32/50 [01:52<01:23,  4.64s/it][A
 66%|██████▌   | 33/50 [01:56<01:16,  4.53s/it][A
 68%|██████▊   | 34/50 [02:03<01:22,  5.17s/it][A
 70%|███████   | 35/50 [02:09<01:22,  5.49s/it][A
 72%|███████▏  | 36/50 [02:14<01:15,  5.37s/it][A
 74%|███████▍  | 37/50 [02:20<01:10,  5.39s/it][A
 76%|███████▌  | 38/50 [02:25<01:02,  5.18s/it][A
 78%|███████▊  | 39/50 [02:29<00:54,  4.92s/it][A
 80%|████████  | 40/50 [02:35<00:51,  5.15s/it][A
 82%|████████▏ | 41/50 [02:40<00:47,  5.27s/it][A
 84%|████████▍ | 42/50 [02:45<00:40,  5.04s/it][A
 86%|████████▌ | 43/50 [02:50<00:35,  5.06s/it][A
 88%|████████▊ | 44/50 [02:56<00:33,  5.54s/it][A
 90%|█████████ | 45/50 [03:02<00:27,  5.56s/it][A
 92%|█████████▏| 46/50 [03:09<00:23,  5.91s/it][A
 94%|█████████▍| 47/50 [03:15<00:18,  6.06s/it][A
 96%|█████████▌| 48/50 [03:22<00:12,  6.24s/it][A
 98%|█████████▊| 49/50 [03:27<00:05,  5.96s/it][A
100%|██████████| 50/50 [03:34<00:00,  6.32s/it][A
100%|██████████| 50/50 [03:34<00:00,  4.30s/it]
offline: 100%|█████████▉| 999999/1000000 [4:35:15<00:04,  4.99s/it, eval_success=0.680] 
  2%|▏         | 1/50 [00:06<05:17,  6.48s/it][A
  4%|▍         | 2/50 [00:13<05:14,  6.55s/it][A
  6%|▌         | 3/50 [00:18<04:50,  6.17s/it][A
  8%|▊         | 4/50 [00:25<04:44,  6.19s/it][A
 10%|█         | 5/50 [00:33<05:20,  7.13s/it][A
 12%|█▏        | 6/50 [00:42<05:35,  7.62s/it][A
 14%|█▍        | 7/50 [00:48<05:12,  7.26s/it][A
 16%|█▌        | 8/50 [00:59<05:50,  8.34s/it][A
 18%|█▊        | 9/50 [01:06<05:27,  8.00s/it][A
 20%|██        | 10/50 [01:16<05:44,  8.60s/it][A
 22%|██▏       | 11/50 [01:27<05:57,  9.18s/it][A
 24%|██▍       | 12/50 [01:35<05:38,  8.90s/it][A
 26%|██▌       | 13/50 [01:48<06:10, 10.01s/it][A
 28%|██▊       | 14/50 [02:00<06:26, 10.74s/it][A
 30%|███       | 15/50 [02:11<06:16, 10.76s/it][A
 32%|███▏      | 16/50 [02:19<05:42, 10.07s/it][A
 34%|███▍      | 17/50 [02:29<05:28,  9.96s/it][A
 36%|███▌      | 18/50 [02:38<05:08,  9.63s/it][A
 38%|███▊      | 19/50 [02:47<04:57,  9.58s/it][A
 40%|████      | 20/50 [02:57<04:51,  9.70s/it][A
 42%|████▏     | 21/50 [03:10<05:05, 10.54s/it][A
 44%|████▍     | 22/50 [03:19<04:45, 10.21s/it][A
 46%|████▌     | 23/50 [03:30<04:42, 10.47s/it][A
 48%|████▊     | 24/50 [03:43<04:48, 11.09s/it][A
 50%|█████     | 25/50 [03:55<04:47, 11.49s/it][A
 52%|█████▏    | 26/50 [04:03<04:10, 10.43s/it][A
 54%|█████▍    | 27/50 [04:14<04:02, 10.53s/it][A
 56%|█████▌    | 28/50 [04:22<03:37,  9.90s/it][A
 58%|█████▊    | 29/50 [04:33<03:32, 10.10s/it][A
 60%|██████    | 30/50 [04:42<03:13,  9.65s/it][A
 62%|██████▏   | 31/50 [04:51<02:59,  9.47s/it][A
 64%|██████▍   | 32/50 [05:00<02:48,  9.34s/it][A
 66%|██████▌   | 33/50 [05:09<02:40,  9.41s/it][A
 68%|██████▊   | 34/50 [05:19<02:33,  9.57s/it][A
 70%|███████   | 35/50 [05:32<02:36, 10.44s/it][A
 72%|███████▏  | 36/50 [05:44<02:34, 11.06s/it][A
 74%|███████▍  | 37/50 [05:57<02:29, 11.48s/it][A
 76%|███████▌  | 38/50 [06:09<02:21, 11.77s/it][A
 78%|███████▊  | 39/50 [06:19<02:02, 11.17s/it][A
 80%|████████  | 40/50 [06:28<01:45, 10.51s/it][A
 82%|████████▏ | 41/50 [06:40<01:39, 11.08s/it][A
 84%|████████▍ | 42/50 [06:49<01:23, 10.44s/it][A
 86%|████████▌ | 43/50 [06:58<01:09,  9.89s/it][A
 88%|████████▊ | 44/50 [07:08<01:00, 10.12s/it][A
 90%|█████████ | 45/50 [07:17<00:48,  9.78s/it][A
 92%|█████████▏| 46/50 [07:30<00:42, 10.56s/it][A
 94%|█████████▍| 47/50 [07:42<00:33, 11.14s/it][A
 96%|█████████▌| 48/50 [07:50<00:20, 10.13s/it][A
 98%|█████████▊| 49/50 [08:00<00:10, 10.19s/it][A
100%|██████████| 50/50 [08:11<00:00, 10.31s/it][A
100%|██████████| 50/50 [08:11<00:00,  9.83s/it]
offline: 100%|█████████▉| 999999/1000000 [4:43:26<00:04,  4.99s/it, eval_success=0.740]
offline: 100%|██████████| 1000000/1000000 [4:43:26<00:00, 20.59s/it, eval_success=0.740]
Saved to exp/beat/ant2/O_base_t2/antmaze-giant-navigate-singletask-task2-v0/antmaze-giant-navigate-singletask-task2-v0_sd000_anq_stdfp_chunk-h1_20260819_150419/params_offline.pkl
Saved modules ('critic', 'target_critic') to exp/beat/ant2/O_base_t2/antmaze-giant-navigate-singletask-task2-v0/antmaze-giant-navigate-singletask-task2-v0_sd000_anq_stdfp_chunk-h1_20260819_150419/critic_offline.pkl
[1;34mwandb[0m: 
[1;34mwandb[0m: 🚀 View run [33mantmaze-giant-navigate-singletask-task2-v0_sd000_anq_stdfp_chunk-h1_20260819_150419[0m at: [34mhttps://wandb.ai/tjrcjf410-seoul-national-university/ant2/runs/czs0bbl9[0m
[1;34mwandb[0m: Find logs at: [1;35m../../../tmp/tmpi52ges4t/wandb/run-20260819_150420-czs0bbl9/logs[0m
--- last progress lines ---
offline: 100%|██████████| 1000000/1000000 [4:43:26<00:00, 58.80it/s, eval_success=0.740]
online: 0it [00:00, ?it/s]
online: 0it [00:00, ?it/s]
