wandb: Using wandb-core as the SDK backend.  Please refer to https://wandb.me/wandb-core for more information.
wandb: Currently logged in as: tjrcjf410 (sjun0803-seoul-national-university) to https://api.wandb.ai. Use `wandb login --relogin` to force relogin
wandb: Tracking run with wandb version 0.19.9
wandb: Run data is saved locally in /tmp/tmpl_p9jxam/wandb/run-20260819_183529-yr5s8otm
wandb: Run `wandb offline` to turn off syncing.
wandb: Syncing run antmaze-giant-navigate-singletask-task2-v0_sd001_anq_stdfp_chunk-h1_20260819_183528
wandb: ⭐️ View project at https://wandb.ai/tjrcjf410-seoul-national-university/ant2
wandb: 🚀 View run at https://wandb.ai/tjrcjf410-seoul-national-university/ant2/runs/yr5s8otm
wandb: WARNING Symlinked 8 files into the W&B run directory, call wandb.save again to sync new files.
I0819 18:35:30.601778 133701841999680 acceleratesupport.py:24] No OpenGL_accelerate module loaded: No module named 'OpenGL_accelerate'
offline:   0%|          | 1/1000000 [01:28<24611:13:44, 88.60s/it]
offline:   0%|          | 2/1000000 [01:49<13550:30:13, 48.78s/it]
offline:   0%|          | 3/1000000 [02:20<11319:12:42, 40.75s/it]
offline:   0%|          | 17/1000000 [02:20<1119:01:40,  4.03s/it]
offline:   0%|          | 31/1000000 [02:21<491:40:17,  1.77s/it] 
offline:   0%|          | 41/1000000 [02:21<313:40:44,  1.13s/it]
  2%|▏         | 1/50 [00:09<07:46,  9.51s/it][A
  4%|▍         | 2/50 [00:18<07:11,  8.98s/it][A
  6%|▌         | 3/50 [00:26<06:55,  8.84s/it][A
  8%|▊         | 4/50 [00:35<06:44,  8.80s/it][A
 10%|█         | 5/50 [00:44<06:33,  8.73s/it][A
 12%|█▏        | 6/50 [00:52<06:23,  8.72s/it][A
 14%|█▍        | 7/50 [01:01<06:14,  8.70s/it][A
 16%|█▌        | 8/50 [01:10<06:04,  8.68s/it][A
 18%|█▊        | 9/50 [01:18<05:54,  8.64s/it][A
 20%|██        | 10/50 [01:27<05:44,  8.60s/it][A
 22%|██▏       | 11/50 [01:35<05:34,  8.57s/it][A
 24%|██▍       | 12/50 [01:43<05:18,  8.38s/it][A
 26%|██▌       | 13/50 [01:50<04:50,  7.86s/it][A
 28%|██▊       | 14/50 [01:56<04:29,  7.49s/it][A
 30%|███       | 15/50 [02:03<04:12,  7.22s/it][A
 32%|███▏      | 16/50 [02:10<03:59,  7.04s/it][A
 34%|███▍      | 17/50 [02:16<03:48,  6.92s/it][A
 36%|███▌      | 18/50 [02:23<03:38,  6.84s/it][A
 38%|███▊      | 19/50 [02:30<03:29,  6.76s/it][A
 40%|████      | 20/50 [02:36<03:21,  6.72s/it][A
 42%|████▏     | 21/50 [02:43<03:14,  6.71s/it][A
 44%|████▍     | 22/50 [02:50<03:07,  6.71s/it][A
 46%|████▌     | 23/50 [02:56<03:01,  6.71s/it][A
 48%|████▊     | 24/50 [03:03<02:54,  6.70s/it][A
 50%|█████     | 25/50 [03:10<02:53,  6.93s/it][A
 52%|█████▏    | 26/50 [03:18<02:47,  6.98s/it][A
 54%|█████▍    | 27/50 [03:25<02:47,  7.27s/it][A
 56%|█████▌    | 28/50 [03:34<02:50,  7.76s/it][A
 58%|█████▊    | 29/50 [03:43<02:48,  8.04s/it][A
 60%|██████    | 30/50 [03:52<02:44,  8.24s/it][A
 62%|██████▏   | 31/50 [04:00<02:38,  8.35s/it][A
 64%|██████▍   | 32/50 [04:09<02:31,  8.44s/it][A
 66%|██████▌   | 33/50 [04:18<02:24,  8.51s/it][A
 68%|██████▊   | 34/50 [04:26<02:16,  8.54s/it][A
 70%|███████   | 35/50 [04:35<02:08,  8.56s/it][A
 72%|███████▏  | 36/50 [04:44<02:00,  8.58s/it][A
 74%|███████▍  | 37/50 [04:52<01:51,  8.59s/it][A
 76%|███████▌  | 38/50 [05:01<01:43,  8.60s/it][A
 78%|███████▊  | 39/50 [05:09<01:34,  8.57s/it][A
 80%|████████  | 40/50 [05:18<01:25,  8.60s/it][A
 82%|████████▏ | 41/50 [05:27<01:17,  8.60s/it][A
 84%|████████▍ | 42/50 [05:35<01:08,  8.59s/it][A
 86%|████████▌ | 43/50 [05:44<01:00,  8.62s/it][A
 88%|████████▊ | 44/50 [05:52<00:51,  8.63s/it][A
 90%|█████████ | 45/50 [06:01<00:43,  8.62s/it][A
 92%|█████████▏| 46/50 [06:10<00:34,  8.62s/it][A
 94%|█████████▍| 47/50 [06:18<00:25,  8.62s/it][A
 96%|█████████▌| 48/50 [06:27<00:17,  8.63s/it][A
 98%|█████████▊| 49/50 [06:34<00:08,  8.25s/it][A
100%|██████████| 50/50 [06:41<00:00,  7.80s/it][A
100%|██████████| 50/50 [06:41<00:00,  8.03s/it]
offline:  10%|█         | 100000/1000000 [31:38<3762:58:44, 15.05s/it, eval_success=0.020]
offline:  10%|█         | 100014/1000000 [31:38<2152:31:19,  8.61s/it, eval_success=0.020]
offline:  10%|█         | 100025/1000000 [31:38<1454:32:48,  5.82s/it, eval_success=0.020]
offline:  10%|█         | 100035/1000000 [31:38<1024:07:08,  4.10s/it, eval_success=0.020]
offline:  10%|█         | 100046/1000000 [31:38<699:29:02,  2.80s/it, eval_success=0.020] 
offline:  10%|█         | 100057/1000000 [31:39<481:50:44,  1.93s/it, eval_success=0.020]
offline:  10%|█         | 100067/1000000 [31:39<343:34:02,  1.37s/it, eval_success=0.020]
  2%|▏         | 1/50 [00:10<08:38, 10.59s/it][A
  4%|▍         | 2/50 [00:21<08:27, 10.56s/it][A
  6%|▌         | 3/50 [00:31<08:16, 10.56s/it][A
  8%|▊         | 4/50 [00:42<08:06, 10.57s/it][A
 10%|█         | 5/50 [00:52<07:56, 10.59s/it][A
 12%|█▏        | 6/50 [01:03<07:46, 10.61s/it][A
 14%|█▍        | 7/50 [01:14<07:35, 10.60s/it][A
 16%|█▌        | 8/50 [01:24<07:24, 10.58s/it][A
 18%|█▊        | 9/50 [01:35<07:14, 10.59s/it][A
 20%|██        | 10/50 [01:45<07:03, 10.60s/it][A
 22%|██▏       | 11/50 [01:56<06:49, 10.49s/it][A
 24%|██▍       | 12/50 [02:04<06:16,  9.91s/it][A
 26%|██▌       | 13/50 [02:13<05:52,  9.52s/it][A
 28%|██▊       | 14/50 [02:21<05:32,  9.24s/it][A
 30%|███       | 15/50 [02:30<05:16,  9.04s/it][A
 32%|███▏      | 16/50 [02:39<05:02,  8.90s/it][A
 34%|███▍      | 17/50 [02:47<04:50,  8.80s/it][A
 36%|███▌      | 18/50 [02:56<04:39,  8.74s/it][A
 38%|███▊      | 19/50 [03:04<04:30,  8.71s/it][A
 40%|████      | 20/50 [03:13<04:20,  8.69s/it][A
 42%|████▏     | 21/50 [03:21<04:05,  8.47s/it][A
 44%|████▍     | 22/50 [03:28<03:42,  7.94s/it][A
 46%|████▌     | 23/50 [03:35<03:25,  7.60s/it][A
 48%|████▊     | 24/50 [03:41<03:11,  7.35s/it][A
 50%|█████     | 25/50 [03:48<02:59,  7.19s/it][A
 52%|█████▏    | 26/50 [03:55<02:49,  7.07s/it][A
 54%|█████▍    | 27/50 [04:02<02:40,  6.97s/it][A
 56%|█████▌    | 28/50 [04:08<02:32,  6.91s/it][A
 58%|█████▊    | 29/50 [04:15<02:24,  6.86s/it][A
 60%|██████    | 30/50 [04:22<02:15,  6.80s/it][A
 62%|██████▏   | 31/50 [04:27<02:00,  6.32s/it][A
 64%|██████▍   | 32/50 [04:32<01:47,  6.00s/it][A
 66%|██████▌   | 33/50 [04:38<01:38,  5.78s/it][A
 68%|██████▊   | 34/50 [04:43<01:29,  5.61s/it][A
 70%|███████   | 35/50 [04:48<01:22,  5.51s/it][A
 72%|███████▏  | 36/50 [04:53<01:15,  5.40s/it][A
 74%|███████▍  | 37/50 [04:58<01:09,  5.31s/it][A
 76%|███████▌  | 38/50 [05:03<01:00,  5.00s/it][A
 78%|███████▊  | 39/50 [05:08<00:55,  5.09s/it][A
 80%|████████  | 40/50 [05:12<00:49,  4.90s/it][A
 82%|████████▏ | 41/50 [05:16<00:41,  4.57s/it][A
 84%|████████▍ | 42/50 [05:20<00:34,  4.30s/it][A
 86%|████████▌ | 43/50 [05:24<00:29,  4.21s/it][A
 88%|████████▊ | 44/50 [05:28<00:24,  4.15s/it][A
 90%|█████████ | 45/50 [05:32<00:20,  4.09s/it][A
 92%|█████████▏| 46/50 [05:36<00:16,  4.00s/it][A
 94%|█████████▍| 47/50 [05:39<00:11,  3.94s/it][A
 96%|█████████▌| 48/50 [05:43<00:07,  4.00s/it][A
 98%|█████████▊| 49/50 [05:47<00:03,  3.92s/it][A
100%|██████████| 50/50 [05:49<00:00,  3.34s/it][A
100%|██████████| 50/50 [05:49<00:00,  6.99s/it]
offline:  20%|██        | 200000/1000000 [1:01:10<3203:52:47, 14.42s/it, eval_success=0.020]
offline:  20%|██        | 200026/1000000 [1:01:10<1267:33:01,  5.70s/it, eval_success=0.020]
offline:  20%|██        | 200049/1000000 [1:01:10<718:59:25,  3.24s/it, eval_success=0.020] 
offline:  20%|██        | 200073/1000000 [1:01:11<437:16:01,  1.97s/it, eval_success=0.020]
offline:  20%|██        | 200106/1000000 [1:01:11<247:14:41,  1.11s/it, eval_success=0.020]
  2%|▏         | 1/50 [00:05<04:27,  5.45s/it][A
  4%|▍         | 2/50 [00:13<05:26,  6.81s/it][A
  6%|▌         | 3/50 [00:21<05:52,  7.51s/it][A
  8%|▊         | 4/50 [00:29<06:00,  7.85s/it][A
 10%|█         | 5/50 [00:38<06:01,  8.03s/it][A
 12%|█▏        | 6/50 [00:46<05:56,  8.10s/it][A
 14%|█▍        | 7/50 [00:53<05:38,  7.87s/it][A
 16%|█▌        | 8/50 [01:02<05:36,  8.02s/it][A
 18%|█▊        | 9/50 [01:10<05:34,  8.15s/it][A
 20%|██        | 10/50 [01:18<05:27,  8.19s/it][A
 22%|██▏       | 11/50 [01:24<04:52,  7.51s/it][A
 24%|██▍       | 12/50 [01:32<04:41,  7.41s/it][A
 26%|██▌       | 13/50 [01:40<04:45,  7.71s/it][A
 28%|██▊       | 14/50 [01:48<04:44,  7.91s/it][A
 30%|███       | 15/50 [01:55<04:18,  7.39s/it][A
 32%|███▏      | 16/50 [02:00<03:56,  6.94s/it][A
 34%|███▍      | 17/50 [02:07<03:44,  6.81s/it][A
 36%|███▌      | 18/50 [02:13<03:34,  6.70s/it][A
 38%|███▊      | 19/50 [02:20<03:22,  6.55s/it][A
 40%|████      | 20/50 [02:25<03:09,  6.32s/it][A
 42%|████▏     | 21/50 [02:30<02:48,  5.81s/it][A
 44%|████▍     | 22/50 [02:36<02:40,  5.75s/it][A
 46%|████▌     | 23/50 [02:42<02:40,  5.93s/it][A
 48%|████▊     | 24/50 [02:49<02:40,  6.18s/it][A
 50%|█████     | 25/50 [02:57<02:50,  6.82s/it][A
 52%|█████▏    | 26/50 [03:04<02:46,  6.93s/it][A
 54%|█████▍    | 27/50 [03:12<02:46,  7.22s/it][A
 56%|█████▌    | 28/50 [03:20<02:45,  7.53s/it][A
 58%|█████▊    | 29/50 [03:27<02:31,  7.20s/it][A
 60%|██████    | 30/50 [03:35<02:29,  7.49s/it][A
 62%|██████▏   | 31/50 [03:42<02:18,  7.30s/it][A
 64%|██████▍   | 32/50 [03:50<02:14,  7.48s/it][A
 66%|██████▌   | 33/50 [03:58<02:10,  7.66s/it][A
 68%|██████▊   | 34/50 [04:06<02:05,  7.85s/it][A
 70%|███████   | 35/50 [04:14<01:59,  7.98s/it][A
 72%|███████▏  | 36/50 [04:20<01:40,  7.19s/it][A
 74%|███████▍  | 37/50 [04:26<01:30,  6.95s/it][A
 76%|███████▌  | 38/50 [04:33<01:21,  6.78s/it][A
 78%|███████▊  | 39/50 [04:39<01:12,  6.57s/it][A
 80%|████████  | 40/50 [04:43<00:59,  5.94s/it][A
 82%|████████▏ | 41/50 [04:49<00:54,  6.05s/it][A
 84%|████████▍ | 42/50 [04:56<00:49,  6.13s/it][A
 86%|████████▌ | 43/50 [05:00<00:38,  5.55s/it][A
 88%|████████▊ | 44/50 [05:05<00:32,  5.46s/it][A
 90%|█████████ | 45/50 [05:09<00:25,  5.01s/it][A
 92%|█████████▏| 46/50 [05:13<00:18,  4.73s/it][A
 94%|█████████▍| 47/50 [05:17<00:13,  4.47s/it][A
 96%|█████████▌| 48/50 [05:21<00:08,  4.27s/it][A
 98%|█████████▊| 49/50 [05:25<00:04,  4.30s/it][A
100%|██████████| 50/50 [05:30<00:00,  4.31s/it][A
100%|██████████| 50/50 [05:30<00:00,  6.60s/it]
offline:  30%|███       | 300000/1000000 [1:25:21<2380:33:01, 12.24s/it, eval_success=0.460]
offline:  30%|███       | 300015/1000000 [1:25:21<1327:56:37,  6.83s/it, eval_success=0.460]
offline:  30%|███       | 300030/1000000 [1:25:21<814:11:09,  4.19s/it, eval_success=0.460] 
offline:  30%|███       | 300045/1000000 [1:25:21<524:40:10,  2.70s/it, eval_success=0.460]
offline:  30%|███       | 300058/1000000 [1:25:21<364:37:43,  1.88s/it, eval_success=0.460]
offline:  30%|███       | 300073/1000000 [1:25:21<242:48:47,  1.25s/it, eval_success=0.460]
  2%|▏         | 1/50 [00:09<07:29,  9.18s/it][A
  4%|▍         | 2/50 [00:21<09:01, 11.27s/it][A
  6%|▌         | 3/50 [00:31<08:03, 10.29s/it][A
  8%|▊         | 4/50 [00:43<08:38, 11.28s/it][A
 10%|█         | 5/50 [00:53<08:02, 10.72s/it][A
 12%|█▏        | 6/50 [01:06<08:22, 11.41s/it][A
 14%|█▍        | 7/50 [01:14<07:26, 10.39s/it][A
 16%|█▌        | 8/50 [01:27<07:47, 11.14s/it][A
 18%|█▊        | 9/50 [01:35<06:53, 10.09s/it][A
 20%|██        | 10/50 [01:47<07:16, 10.92s/it][A
 22%|██▏       | 11/50 [01:56<06:37, 10.19s/it][A
 24%|██▍       | 12/50 [02:09<06:56, 10.96s/it][A
 26%|██▌       | 13/50 [02:17<06:17, 10.21s/it][A
 28%|██▊       | 14/50 [02:30<06:35, 10.98s/it][A
 30%|███       | 15/50 [02:39<06:02, 10.37s/it][A
 32%|███▏      | 16/50 [02:51<06:13, 10.98s/it][A
 34%|███▍      | 17/50 [03:00<05:37, 10.21s/it][A
 36%|███▌      | 18/50 [03:11<05:39, 10.60s/it][A
 38%|███▊      | 19/50 [03:22<05:29, 10.64s/it][A
 40%|████      | 20/50 [03:33<05:20, 10.67s/it][A
 42%|████▏     | 21/50 [03:40<04:41,  9.71s/it][A
 44%|████▍     | 22/50 [03:49<04:24,  9.45s/it][A
 46%|████▌     | 23/50 [03:55<03:49,  8.49s/it][A
 48%|████▊     | 24/50 [04:03<03:37,  8.35s/it][A
 50%|█████     | 25/50 [04:12<03:32,  8.50s/it][A
 52%|█████▏    | 26/50 [04:19<03:15,  8.14s/it][A
 54%|█████▍    | 27/50 [04:27<03:03,  7.97s/it][A
 56%|█████▌    | 28/50 [04:34<02:46,  7.57s/it][A
 58%|█████▊    | 29/50 [04:40<02:32,  7.27s/it][A
 60%|██████    | 30/50 [04:49<02:34,  7.70s/it][A
 62%|██████▏   | 31/50 [04:58<02:32,  8.05s/it][A
 64%|██████▍   | 32/50 [05:07<02:29,  8.30s/it][A
 66%|██████▌   | 33/50 [05:13<02:09,  7.61s/it][A
 68%|██████▊   | 34/50 [05:19<01:56,  7.27s/it][A
 70%|███████   | 35/50 [05:28<01:55,  7.73s/it][A
 72%|███████▏  | 36/50 [05:33<01:35,  6.82s/it][A
 74%|███████▍  | 37/50 [05:39<01:25,  6.60s/it][A
 76%|███████▌  | 38/50 [05:43<01:09,  5.79s/it][A
 78%|███████▊  | 39/50 [05:48<01:01,  5.64s/it][A
 80%|████████  | 40/50 [05:54<00:57,  5.77s/it][A
 82%|████████▏ | 41/50 [05:58<00:47,  5.31s/it][A
 84%|████████▍ | 42/50 [06:03<00:42,  5.26s/it][A
 86%|████████▌ | 43/50 [06:07<00:33,  4.75s/it][A
 88%|████████▊ | 44/50 [06:12<00:28,  4.82s/it][A
 90%|█████████ | 45/50 [06:16<00:22,  4.55s/it][A
 92%|█████████▏| 46/50 [06:21<00:18,  4.70s/it][A
 94%|█████████▍| 47/50 [06:26<00:14,  4.82s/it][A
 96%|█████████▌| 48/50 [06:31<00:09,  4.89s/it][A
 98%|█████████▊| 49/50 [06:34<00:04,  4.45s/it][A
100%|██████████| 50/50 [06:39<00:00,  4.63s/it][A
100%|██████████| 50/50 [06:39<00:00,  8.00s/it]
offline:  40%|████      | 400000/1000000 [1:56:14<3168:30:10, 19.01s/it, eval_success=0.540]
offline:  40%|████      | 400018/1000000 [1:56:14<1427:44:04,  8.57s/it, eval_success=0.540]
offline:  40%|████      | 400029/1000000 [1:56:14<965:18:59,  5.79s/it, eval_success=0.540] 
offline:  40%|████      | 400044/1000000 [1:56:14<592:03:29,  3.55s/it, eval_success=0.540]
offline:  40%|████      | 400056/1000000 [1:56:14<411:01:36,  2.47s/it, eval_success=0.540]
offline:  40%|████      | 400070/1000000 [1:56:14<272:25:26,  1.63s/it, eval_success=0.540]
offline:  40%|████      | 400082/1000000 [1:56:14<193:02:19,  1.16s/it, eval_success=0.540]
  2%|▏         | 1/50 [00:08<06:43,  8.23s/it][A
  4%|▍         | 2/50 [00:16<06:43,  8.41s/it][A
  6%|▌         | 3/50 [00:27<07:35,  9.69s/it][A
  8%|▊         | 4/50 [00:36<06:57,  9.08s/it][A
 10%|█         | 5/50 [00:48<07:47, 10.40s/it][A
 12%|█▏        | 6/50 [01:01<08:11, 11.18s/it][A
 14%|█▍        | 7/50 [01:09<07:12, 10.05s/it][A
 16%|█▌        | 8/50 [01:22<07:37, 10.90s/it][A
 18%|█▊        | 9/50 [01:30<06:50, 10.01s/it][A
 20%|██        | 10/50 [01:39<06:30,  9.77s/it][A
 22%|██▏       | 11/50 [01:53<07:18, 11.24s/it][A
 24%|██▍       | 12/50 [02:08<07:47, 12.30s/it][A
 26%|██▌       | 13/50 [02:19<07:15, 11.77s/it][A
 28%|██▊       | 14/50 [02:33<07:33, 12.59s/it][A
 30%|███       | 15/50 [02:42<06:45, 11.58s/it][A
 32%|███▏      | 16/50 [02:57<07:04, 12.49s/it][A
 34%|███▍      | 17/50 [03:06<06:21, 11.57s/it][A
 36%|███▌      | 18/50 [03:17<06:00, 11.26s/it][A
 38%|███▊      | 19/50 [03:32<06:20, 12.28s/it][A
 40%|████      | 20/50 [03:43<05:59, 11.99s/it][A
 42%|████▏     | 21/50 [03:58<06:11, 12.81s/it][A
 44%|████▍     | 22/50 [04:08<05:41, 12.18s/it][A
 46%|████▌     | 23/50 [04:17<05:01, 11.18s/it][A
 48%|████▊     | 24/50 [04:32<05:17, 12.22s/it][A
 50%|█████     | 25/50 [04:46<05:18, 12.74s/it][A
 52%|█████▏    | 26/50 [04:54<04:36, 11.52s/it][A
 54%|█████▍    | 27/50 [05:03<04:06, 10.73s/it][A
 56%|█████▌    | 28/50 [05:13<03:51, 10.52s/it][A
 58%|█████▊    | 29/50 [05:21<03:22,  9.63s/it][A
 60%|██████    | 30/50 [05:34<03:31, 10.57s/it][A
 62%|██████▏   | 31/50 [05:46<03:33, 11.23s/it][A
 64%|██████▍   | 32/50 [05:55<03:09, 10.52s/it][A
 66%|██████▌   | 33/50 [06:04<02:49,  9.95s/it][A
 68%|██████▊   | 34/50 [06:17<02:52, 10.77s/it][A
 70%|███████   | 35/50 [06:26<02:36, 10.43s/it][A
 72%|███████▏  | 36/50 [06:37<02:27, 10.50s/it][A
 74%|███████▍  | 37/50 [06:48<02:17, 10.55s/it][A
 76%|███████▌  | 38/50 [06:55<01:53,  9.50s/it][A
 78%|███████▊  | 39/50 [07:02<01:36,  8.77s/it][A
 80%|████████  | 40/50 [07:12<01:33,  9.38s/it][A
 82%|████████▏ | 41/50 [07:21<01:21,  9.05s/it][A
 84%|████████▍ | 42/50 [07:27<01:06,  8.34s/it][A
 86%|████████▌ | 43/50 [07:38<01:03,  9.02s/it][A
 88%|████████▊ | 44/50 [07:47<00:53,  8.96s/it][A
 90%|█████████ | 45/50 [07:54<00:41,  8.38s/it][A
 92%|█████████▏| 46/50 [07:59<00:30,  7.54s/it][A
 94%|█████████▍| 47/50 [08:04<00:19,  6.62s/it][A
 96%|█████████▌| 48/50 [08:10<00:13,  6.57s/it][A
 98%|█████████▊| 49/50 [08:15<00:05,  5.96s/it][A
100%|██████████| 50/50 [08:19<00:00,  5.39s/it][A
100%|██████████| 50/50 [08:19<00:00,  9.99s/it]
offline:  50%|█████     | 500000/1000000 [2:28:50<3325:14:32, 23.94s/it, eval_success=0.620]
offline:  50%|█████     | 500016/1000000 [2:28:51<1588:13:56, 11.44s/it, eval_success=0.620]
offline:  50%|█████     | 500027/1000000 [2:28:51<1050:01:54,  7.56s/it, eval_success=0.620]
offline:  50%|█████     | 500036/1000000 [2:28:51<752:26:14,  5.42s/it, eval_success=0.620] 
offline:  50%|█████     | 500049/1000000 [2:28:51<474:58:33,  3.42s/it, eval_success=0.620]
offline:  50%|█████     | 500059/1000000 [2:28:51<338:20:37,  2.44s/it, eval_success=0.620]
offline:  50%|█████     | 500069/1000000 [2:28:51<239:57:18,  1.73s/it, eval_success=0.620]
offline:  50%|█████     | 500081/1000000 [2:28:51<160:23:14,  1.15s/it, eval_success=0.620]
  2%|▏         | 1/50 [00:10<08:10, 10.00s/it][A
  4%|▍         | 2/50 [00:24<10:17, 12.86s/it][A
  6%|▌         | 3/50 [00:35<09:15, 11.82s/it][A
  8%|▊         | 4/50 [00:46<08:57, 11.69s/it][A
 10%|█         | 5/50 [01:01<09:30, 12.67s/it][A
 12%|█▏        | 6/50 [01:11<08:41, 11.85s/it][A
 14%|█▍        | 7/50 [01:22<08:18, 11.59s/it][A
 16%|█▌        | 8/50 [01:33<07:51, 11.22s/it][A
 18%|█▊        | 9/50 [01:43<07:35, 11.11s/it][A
 20%|██        | 10/50 [01:58<08:10, 12.26s/it][A
 22%|██▏       | 11/50 [02:08<07:30, 11.55s/it][A
 24%|██▍       | 12/50 [02:21<07:35, 12.00s/it][A
 26%|██▌       | 13/50 [02:34<07:31, 12.20s/it][A
 28%|██▊       | 14/50 [02:47<07:26, 12.41s/it][A
 30%|███       | 15/50 [02:56<06:37, 11.35s/it][A
 32%|███▏      | 16/50 [03:09<06:41, 11.79s/it][A
 34%|███▍      | 17/50 [03:17<05:52, 10.68s/it][A
 36%|███▌      | 18/50 [03:27<05:42, 10.69s/it][A
 38%|███▊      | 19/50 [03:40<05:50, 11.31s/it][A
 40%|████      | 20/50 [03:49<05:18, 10.62s/it][A
 42%|████▏     | 21/50 [04:00<05:13, 10.80s/it][A
 44%|████▍     | 22/50 [04:10<04:55, 10.54s/it][A
 46%|████▌     | 23/50 [04:19<04:32, 10.08s/it][A
 48%|████▊     | 24/50 [04:29<04:20, 10.01s/it][A
 50%|█████     | 25/50 [04:39<04:11, 10.06s/it][A
 52%|█████▏    | 26/50 [04:53<04:24, 11.02s/it][A
 54%|█████▍    | 27/50 [05:06<04:29, 11.70s/it][A
 56%|█████▌    | 28/50 [05:17<04:17, 11.69s/it][A
 58%|█████▊    | 29/50 [05:30<04:08, 11.82s/it][A
 60%|██████    | 30/50 [05:42<04:02, 12.12s/it][A
 62%|██████▏   | 31/50 [05:51<03:29, 11.05s/it][A
 64%|██████▍   | 32/50 [06:04<03:28, 11.58s/it][A
 66%|██████▌   | 33/50 [06:17<03:22, 11.94s/it][A
 68%|██████▊   | 34/50 [06:29<03:10, 11.93s/it][A
 70%|███████   | 35/50 [06:36<02:38, 10.55s/it][A
 72%|███████▏  | 36/50 [06:47<02:28, 10.64s/it][A
 74%|███████▍  | 37/50 [06:57<02:15, 10.44s/it][A
 76%|███████▌  | 38/50 [07:04<01:52,  9.40s/it][A
 78%|███████▊  | 39/50 [07:14<01:48,  9.82s/it][A
 80%|████████  | 40/50 [07:25<01:41, 10.11s/it][A
 82%|████████▏ | 41/50 [07:36<01:33, 10.36s/it][A
 84%|████████▍ | 42/50 [07:44<01:16,  9.50s/it][A
 86%|████████▌ | 43/50 [07:52<01:03,  9.12s/it][A
 88%|████████▊ | 44/50 [08:03<00:57,  9.63s/it][A
 90%|█████████ | 45/50 [08:10<00:44,  8.96s/it][A
 92%|█████████▏| 46/50 [08:17<00:33,  8.46s/it][A
 94%|█████████▍| 47/50 [08:29<00:27,  9.26s/it][A
 96%|█████████▌| 48/50 [08:36<00:17,  8.66s/it][A
 98%|█████████▊| 49/50 [08:47<00:09,  9.33s/it][A
100%|██████████| 50/50 [08:56<00:00,  9.40s/it][A
100%|██████████| 50/50 [08:56<00:00, 10.73s/it]
offline:  60%|██████    | 600000/1000000 [3:00:52<2988:30:11, 26.90s/it, eval_success=0.620]
offline:  60%|██████    | 600010/1000000 [3:00:52<1743:01:03, 15.69s/it, eval_success=0.620]
offline:  60%|██████    | 600019/1000000 [3:00:52<1135:16:00, 10.22s/it, eval_success=0.620]
offline:  60%|██████    | 600026/1000000 [3:00:52<818:30:46,  7.37s/it, eval_success=0.620] 
offline:  60%|██████    | 600034/1000000 [3:00:52<562:31:53,  5.06s/it, eval_success=0.620]
offline:  60%|██████    | 600042/1000000 [3:00:52<389:20:35,  3.50s/it, eval_success=0.620]
offline:  60%|██████    | 600049/1000000 [3:00:52<281:27:44,  2.53s/it, eval_success=0.620]
offline:  60%|██████    | 600057/1000000 [3:00:52<193:54:40,  1.75s/it, eval_success=0.620]
offline:  60%|██████    | 600065/1000000 [3:00:53<134:34:11,  1.21s/it, eval_success=0.620]
  2%|▏         | 1/50 [00:06<05:42,  6.99s/it][A
  4%|▍         | 2/50 [00:15<06:18,  7.89s/it][A
  6%|▌         | 3/50 [00:23<06:13,  7.95s/it][A
  8%|▊         | 4/50 [00:33<06:37,  8.63s/it][A
 10%|█         | 5/50 [00:42<06:32,  8.73s/it][A
 12%|█▏        | 6/50 [00:50<06:25,  8.76s/it][A
 14%|█▍        | 7/50 [01:00<06:32,  9.14s/it][A
 16%|█▌        | 8/50 [01:09<06:20,  9.05s/it][A
 18%|█▊        | 9/50 [01:21<06:40,  9.76s/it][A
 20%|██        | 10/50 [01:31<06:36,  9.90s/it][A
 22%|██▏       | 11/50 [01:40<06:13,  9.58s/it][A
 24%|██▍       | 12/50 [01:49<05:56,  9.38s/it][A
 26%|██▌       | 13/50 [01:58<05:50,  9.46s/it][A
 28%|██▊       | 14/50 [02:10<06:03, 10.10s/it][A
 30%|███       | 15/50 [02:18<05:36,  9.62s/it][A
 32%|███▏      | 16/50 [02:27<05:14,  9.26s/it][A
 34%|███▍      | 17/50 [02:35<04:58,  9.05s/it][A
 36%|███▌      | 18/50 [02:45<04:54,  9.20s/it][A
 38%|███▊      | 19/50 [02:54<04:45,  9.22s/it][A
 40%|████      | 20/50 [03:02<04:27,  8.91s/it][A
 42%|████▏     | 21/50 [03:11<04:15,  8.80s/it][A
 44%|████▍     | 22/50 [03:23<04:32,  9.72s/it][A
 46%|████▌     | 23/50 [03:32<04:15,  9.48s/it][A
 48%|████▊     | 24/50 [03:41<04:02,  9.32s/it][A
 50%|█████     | 25/50 [03:49<03:49,  9.19s/it][A
 52%|█████▏    | 26/50 [04:02<04:05, 10.24s/it][A
 54%|█████▍    | 27/50 [04:12<03:50, 10.01s/it][A
 56%|█████▌    | 28/50 [04:21<03:37,  9.91s/it][A
 58%|█████▊    | 29/50 [04:34<03:46, 10.76s/it][A
 60%|██████    | 30/50 [04:43<03:22, 10.12s/it][A
 62%|██████▏   | 31/50 [04:55<03:27, 10.92s/it][A
 64%|██████▍   | 32/50 [05:05<03:11, 10.61s/it][A
 66%|██████▌   | 33/50 [05:14<02:50, 10.03s/it][A
 68%|██████▊   | 34/50 [05:25<02:45, 10.34s/it][A
 70%|███████   | 35/50 [05:35<02:31, 10.08s/it][A
 72%|███████▏  | 36/50 [05:44<02:17,  9.82s/it][A
 74%|███████▍  | 37/50 [05:54<02:08,  9.87s/it][A
 76%|███████▌  | 38/50 [06:05<02:02, 10.20s/it][A
 78%|███████▊  | 39/50 [06:13<01:45,  9.61s/it][A
 80%|████████  | 40/50 [06:22<01:34,  9.49s/it][A
 82%|████████▏ | 41/50 [06:35<01:34, 10.45s/it][A
 84%|████████▍ | 42/50 [06:48<01:29, 11.13s/it][A
 86%|████████▌ | 43/50 [07:00<01:21, 11.64s/it][A
 88%|████████▊ | 44/50 [07:09<01:04, 10.78s/it][A
 90%|█████████ | 45/50 [07:22<00:56, 11.38s/it][A
 92%|█████████▏| 46/50 [07:31<00:42, 10.55s/it][A
 94%|█████████▍| 47/50 [07:38<00:29,  9.76s/it][A
 96%|█████████▌| 48/50 [07:46<00:18,  9.18s/it][A
 98%|█████████▊| 49/50 [07:57<00:09,  9.62s/it][A
100%|██████████| 50/50 [08:04<00:00,  8.87s/it][A
100%|██████████| 50/50 [08:04<00:00,  9.69s/it]
offline:  70%|███████   | 700000/1000000 [3:31:32<1957:21:57, 23.49s/it, eval_success=0.840]
offline:  70%|███████   | 700013/1000000 [3:31:33<1030:53:20, 12.37s/it, eval_success=0.840]
offline:  70%|███████   | 700022/1000000 [3:31:33<702:36:21,  8.43s/it, eval_success=0.840] 
offline:  70%|███████   | 700030/1000000 [3:31:33<500:25:09,  6.01s/it, eval_success=0.840]
offline:  70%|███████   | 700039/1000000 [3:31:33<342:19:15,  4.11s/it, eval_success=0.840]
offline:  70%|███████   | 700047/1000000 [3:31:33<244:35:11,  2.94s/it, eval_success=0.840]
offline:  70%|███████   | 700056/1000000 [3:31:33<167:45:55,  2.01s/it, eval_success=0.840]
offline:  70%|███████   | 700064/1000000 [3:31:33<120:15:14,  1.44s/it, eval_success=0.840]
offline:  70%|███████   | 700071/1000000 [3:31:34<88:57:33,  1.07s/it, eval_success=0.840] 
  2%|▏         | 1/50 [00:08<07:19,  8.96s/it][A
  4%|▍         | 2/50 [00:18<07:39,  9.57s/it][A
  6%|▌         | 3/50 [00:30<08:10, 10.44s/it][A
  8%|▊         | 4/50 [00:40<07:50, 10.24s/it][A
 10%|█         | 5/50 [00:48<07:02,  9.39s/it][A
 12%|█▏        | 6/50 [00:57<06:52,  9.38s/it][A
 14%|█▍        | 7/50 [01:09<07:24, 10.33s/it][A
 16%|█▌        | 8/50 [01:21<07:32, 10.77s/it][A
 18%|█▊        | 9/50 [01:30<06:54, 10.10s/it][A
 20%|██        | 10/50 [01:42<07:14, 10.86s/it][A
 22%|██▏       | 11/50 [01:53<07:04, 10.88s/it][A
 24%|██▍       | 12/50 [02:06<07:16, 11.48s/it][A
 26%|██▌       | 13/50 [02:14<06:26, 10.45s/it][A
 28%|██▊       | 14/50 [02:25<06:17, 10.49s/it][A
 30%|███       | 15/50 [02:34<05:58, 10.24s/it][A
 32%|███▏      | 16/50 [02:43<05:26,  9.60s/it][A
 34%|███▍      | 17/50 [02:52<05:18,  9.66s/it][A
 36%|███▌      | 18/50 [03:01<05:03,  9.49s/it][A
 38%|███▊      | 19/50 [03:10<04:48,  9.30s/it][A
 40%|████      | 20/50 [03:22<05:04, 10.14s/it][A
 42%|████▏     | 21/50 [03:31<04:37,  9.57s/it][A
 44%|████▍     | 22/50 [03:43<04:55, 10.54s/it][A
 46%|████▌     | 23/50 [03:52<04:27,  9.91s/it][A
 48%|████▊     | 24/50 [04:01<04:11,  9.67s/it][A
 50%|█████     | 25/50 [04:14<04:26, 10.65s/it][A
 52%|█████▏    | 26/50 [04:23<04:05, 10.22s/it][A
 54%|█████▍    | 27/50 [04:32<03:43,  9.72s/it][A
 56%|█████▌    | 28/50 [04:41<03:28,  9.49s/it][A
 58%|█████▊    | 29/50 [04:52<03:33, 10.17s/it][A
 60%|██████    | 30/50 [05:01<03:15,  9.75s/it][A
 62%|██████▏   | 31/50 [05:11<03:08,  9.90s/it][A
 64%|██████▍   | 32/50 [05:21<02:55,  9.73s/it][A
 66%|██████▌   | 33/50 [05:34<03:03, 10.81s/it][A
 68%|██████▊   | 34/50 [05:47<03:04, 11.53s/it][A
 70%|███████   | 35/50 [05:56<02:41, 10.78s/it][A
 72%|███████▏  | 36/50 [06:06<02:25, 10.42s/it][A
 74%|███████▍  | 37/50 [06:15<02:11, 10.10s/it][A
 76%|███████▌  | 38/50 [06:26<02:03, 10.28s/it][A
 78%|███████▊  | 39/50 [06:39<02:02, 11.12s/it][A
 80%|████████  | 40/50 [06:50<01:52, 11.21s/it][A
 82%|████████▏ | 41/50 [07:04<01:46, 11.79s/it][A
 84%|████████▍ | 42/50 [07:15<01:33, 11.68s/it][A
 86%|████████▌ | 43/50 [07:23<01:15, 10.72s/it][A
 88%|████████▊ | 44/50 [07:37<01:08, 11.46s/it][A
 90%|█████████ | 45/50 [07:47<00:55, 11.07s/it][A
 92%|█████████▏| 46/50 [07:57<00:42, 10.68s/it][A
 94%|█████████▍| 47/50 [08:09<00:33, 11.28s/it][A
 96%|█████████▌| 48/50 [08:19<00:21, 10.95s/it][A
 98%|█████████▊| 49/50 [08:28<00:10, 10.27s/it][A
100%|██████████| 50/50 [08:39<00:00, 10.29s/it][A
100%|██████████| 50/50 [08:39<00:00, 10.38s/it]
offline:  80%|████████  | 800000/1000000 [4:03:29<1517:40:17, 27.32s/it, eval_success=0.820]
offline:  80%|████████  | 800012/1000000 [4:03:29<798:27:34, 14.37s/it, eval_success=0.820] 
offline:  80%|████████  | 800020/1000000 [4:03:29<550:32:05,  9.91s/it, eval_success=0.820]
offline:  80%|████████  | 800027/1000000 [4:03:29<396:38:56,  7.14s/it, eval_success=0.820]
offline:  80%|████████  | 800034/1000000 [4:03:29<283:38:48,  5.11s/it, eval_success=0.820]
offline:  80%|████████  | 800041/1000000 [4:03:29<201:41:05,  3.63s/it, eval_success=0.820]
offline:  80%|████████  | 800048/1000000 [4:03:29<142:54:18,  2.57s/it, eval_success=0.820]
offline:  80%|████████  | 800054/1000000 [4:03:30<105:30:07,  1.90s/it, eval_success=0.820]
offline:  80%|████████  | 800060/1000000 [4:03:30<76:56:35,  1.39s/it, eval_success=0.820] 
offline:  80%|████████  | 800066/1000000 [4:03:30<55:34:36,  1.00s/it, eval_success=0.820]
  2%|▏         | 1/50 [00:08<06:49,  8.35s/it][A
  4%|▍         | 2/50 [00:15<06:06,  7.64s/it][A
  6%|▌         | 3/50 [00:21<05:17,  6.75s/it][A
  8%|▊         | 4/50 [00:26<04:47,  6.24s/it][A
 10%|█         | 5/50 [00:31<04:24,  5.87s/it][A
 12%|█▏        | 6/50 [00:37<04:20,  5.91s/it][A
 14%|█▍        | 7/50 [00:45<04:42,  6.58s/it][A
 16%|█▌        | 8/50 [00:54<05:05,  7.27s/it][A
 18%|█▊        | 9/50 [01:00<04:35,  6.72s/it][A
 20%|██        | 10/50 [01:06<04:22,  6.57s/it][A
 22%|██▏       | 11/50 [01:15<04:43,  7.27s/it][A
 24%|██▍       | 12/50 [01:21<04:25,  6.98s/it][A
 26%|██▌       | 13/50 [01:26<04:01,  6.52s/it][A
 28%|██▊       | 14/50 [01:32<03:42,  6.17s/it][A
 30%|███       | 15/50 [01:37<03:26,  5.91s/it][A
 32%|███▏      | 16/50 [01:43<03:15,  5.76s/it][A
 34%|███▍      | 17/50 [01:49<03:21,  6.09s/it][A
 36%|███▌      | 18/50 [01:56<03:23,  6.37s/it][A
 38%|███▊      | 19/50 [02:07<04:00,  7.76s/it][A
 40%|████      | 20/50 [02:16<03:56,  7.88s/it][A
 42%|████▏     | 21/50 [02:24<03:49,  7.90s/it][A
 44%|████▍     | 22/50 [02:30<03:30,  7.50s/it][A
 46%|████▌     | 23/50 [02:38<03:22,  7.51s/it][A
 48%|████▊     | 24/50 [02:47<03:33,  8.19s/it][A
 50%|█████     | 25/50 [02:57<03:32,  8.52s/it][A
 52%|█████▏    | 26/50 [03:05<03:20,  8.35s/it][A
 54%|█████▍    | 27/50 [03:11<03:01,  7.89s/it][A
 56%|█████▌    | 28/50 [03:22<03:13,  8.80s/it][A
 58%|█████▊    | 29/50 [03:31<03:00,  8.61s/it][A
 60%|██████    | 30/50 [03:42<03:08,  9.44s/it][A
 62%|██████▏   | 31/50 [03:50<02:49,  8.95s/it][A
 64%|██████▍   | 32/50 [03:58<02:39,  8.84s/it][A
 66%|██████▌   | 33/50 [04:07<02:31,  8.93s/it][A
 68%|██████▊   | 34/50 [04:19<02:36,  9.81s/it][A
 70%|███████   | 35/50 [04:28<02:23,  9.60s/it][A
 72%|███████▏  | 36/50 [04:40<02:21, 10.10s/it][A
 74%|███████▍  | 37/50 [04:49<02:09,  9.96s/it][A
 76%|███████▌  | 38/50 [04:59<01:59,  9.94s/it][A
 78%|███████▊  | 39/50 [05:12<01:58, 10.82s/it][A
 80%|████████  | 40/50 [05:20<01:39,  9.94s/it][A
 82%|████████▏ | 41/50 [05:28<01:24,  9.44s/it][A
 84%|████████▍ | 42/50 [05:41<01:24, 10.52s/it][A
 86%|████████▌ | 43/50 [05:52<01:13, 10.54s/it][A
 88%|████████▊ | 44/50 [06:05<01:07, 11.28s/it][A
 90%|█████████ | 45/50 [06:16<00:55, 11.11s/it][A
 92%|█████████▏| 46/50 [06:29<00:46, 11.71s/it][A
 94%|█████████▍| 47/50 [06:37<00:32, 10.72s/it][A
 96%|█████████▌| 48/50 [06:48<00:21, 10.64s/it][A
 98%|█████████▊| 49/50 [06:57<00:10, 10.29s/it][A
100%|██████████| 50/50 [07:05<00:00,  9.71s/it][A
100%|██████████| 50/50 [07:05<00:00,  8.52s/it]
offline:  90%|█████████ | 900000/1000000 [4:32:16<451:41:18, 16.26s/it, eval_success=0.800]
offline:  90%|█████████ | 900012/1000000 [4:32:17<273:15:30,  9.84s/it, eval_success=0.800]
offline:  90%|█████████ | 900020/1000000 [4:32:17<198:38:51,  7.15s/it, eval_success=0.800]
offline:  90%|█████████ | 900028/1000000 [4:32:17<142:57:27,  5.15s/it, eval_success=0.800]
offline:  90%|█████████ | 900035/1000000 [4:32:17<105:54:37,  3.81s/it, eval_success=0.800]
offline:  90%|█████████ | 900042/1000000 [4:32:17<77:22:53,  2.79s/it, eval_success=0.800] 
offline:  90%|█████████ | 900049/1000000 [4:32:17<55:57:17,  2.02s/it, eval_success=0.800]
offline:  90%|█████████ | 900055/1000000 [4:32:17<41:49:56,  1.51s/it, eval_success=0.800]
offline:  90%|█████████ | 900062/1000000 [4:32:17<29:30:53,  1.06s/it, eval_success=0.800]
  2%|▏         | 1/50 [00:08<06:53,  8.43s/it][A
  4%|▍         | 2/50 [00:21<08:46, 10.97s/it][A
  6%|▌         | 3/50 [00:31<08:26, 10.79s/it][A
  8%|▊         | 4/50 [00:40<07:32,  9.83s/it][A
 10%|█         | 5/50 [00:52<08:09, 10.88s/it][A
 12%|█▏        | 6/50 [01:00<07:13,  9.86s/it][A
 14%|█▍        | 7/50 [01:13<07:42, 10.75s/it][A
 16%|█▌        | 8/50 [01:25<07:45, 11.08s/it][A
 18%|█▊        | 9/50 [01:34<07:10, 10.51s/it][A
 20%|██        | 10/50 [01:45<07:03, 10.58s/it][A
 22%|██▏       | 11/50 [01:54<06:42, 10.31s/it][A
 24%|██▍       | 12/50 [02:03<06:08,  9.69s/it][A
 26%|██▌       | 13/50 [02:11<05:39,  9.18s/it][A
 28%|██▊       | 14/50 [02:23<06:08, 10.24s/it][A
 30%|███       | 15/50 [02:34<06:00, 10.29s/it][A
 32%|███▏      | 16/50 [02:45<06:04, 10.73s/it][A
 34%|███▍      | 17/50 [02:55<05:39, 10.28s/it][A
 36%|███▌      | 18/50 [03:03<05:05,  9.56s/it][A
 38%|███▊      | 19/50 [03:15<05:26, 10.53s/it][A
 40%|████      | 20/50 [03:24<04:58,  9.95s/it][A
 42%|████▏     | 21/50 [03:36<05:08, 10.64s/it][A
 44%|████▍     | 22/50 [03:43<04:25,  9.49s/it][A
 46%|████▌     | 23/50 [03:52<04:12,  9.33s/it][A
 48%|████▊     | 24/50 [04:02<04:07,  9.51s/it][A
 50%|█████     | 25/50 [04:09<03:40,  8.81s/it][A
 52%|█████▏    | 26/50 [04:20<03:45,  9.40s/it][A
 54%|█████▍    | 27/50 [04:29<03:36,  9.43s/it][A
 56%|█████▌    | 28/50 [04:40<03:36,  9.84s/it][A
 58%|█████▊    | 29/50 [04:49<03:22,  9.64s/it][A
 60%|██████    | 30/50 [04:58<03:06,  9.31s/it][A
 62%|██████▏   | 31/50 [05:11<03:17, 10.38s/it][A
 64%|██████▍   | 32/50 [05:19<02:57,  9.88s/it][A
 66%|██████▌   | 33/50 [05:32<03:03, 10.77s/it][A
 68%|██████▊   | 34/50 [05:40<02:38,  9.90s/it][A
 70%|███████   | 35/50 [05:48<02:17,  9.19s/it][A
 72%|███████▏  | 36/50 [05:55<02:02,  8.76s/it][A
 74%|███████▍  | 37/50 [06:08<02:09,  9.93s/it][A
 76%|███████▌  | 38/50 [06:17<01:55,  9.66s/it][A
 78%|███████▊  | 39/50 [06:25<01:40,  9.12s/it][A
 80%|████████  | 40/50 [06:36<01:35,  9.57s/it][A
 82%|████████▏ | 41/50 [06:46<01:29,  9.95s/it][A
 84%|████████▍ | 42/50 [06:53<01:12,  9.05s/it][A
 86%|████████▌ | 43/50 [07:02<01:01,  8.83s/it][A
 88%|████████▊ | 44/50 [07:09<00:50,  8.35s/it][A
 90%|█████████ | 45/50 [07:20<00:45,  9.11s/it][A
 92%|█████████▏| 46/50 [07:29<00:36,  9.10s/it][A
 94%|█████████▍| 47/50 [07:40<00:28,  9.63s/it][A
 96%|█████████▌| 48/50 [07:50<00:19,  9.90s/it][A
 98%|█████████▊| 49/50 [07:57<00:08,  8.85s/it][A
100%|██████████| 50/50 [08:03<00:00,  8.19s/it][A
100%|██████████| 50/50 [08:03<00:00,  9.68s/it]
offline: 100%|█████████▉| 999999/1000000 [5:05:48<00:30, 30.35s/it, eval_success=0.740]
  2%|▏         | 1/50 [00:10<08:48, 10.79s/it][A
  4%|▍         | 2/50 [00:18<07:21,  9.19s/it][A
  6%|▌         | 3/50 [00:25<06:20,  8.09s/it][A
  8%|▊         | 4/50 [00:36<07:01,  9.16s/it][A
 10%|█         | 5/50 [00:47<07:19,  9.77s/it][A
 12%|█▏        | 6/50 [00:55<06:40,  9.11s/it][A
 14%|█▍        | 7/50 [01:05<06:46,  9.45s/it][A
 16%|█▌        | 8/50 [01:12<06:06,  8.72s/it][A
 18%|█▊        | 9/50 [01:23<06:26,  9.43s/it][A
 20%|██        | 10/50 [01:30<05:54,  8.86s/it][A
 22%|██▏       | 11/50 [01:38<05:32,  8.53s/it][A
 24%|██▍       | 12/50 [01:45<04:59,  7.89s/it][A
 26%|██▌       | 13/50 [01:54<05:04,  8.23s/it][A
 28%|██▊       | 14/50 [02:01<04:48,  8.01s/it][A
 30%|███       | 15/50 [02:10<04:43,  8.11s/it][A
 32%|███▏      | 16/50 [02:17<04:24,  7.78s/it][A
 34%|███▍      | 17/50 [02:24<04:09,  7.56s/it][A
 36%|███▌      | 18/50 [02:31<03:57,  7.42s/it][A
 38%|███▊      | 19/50 [02:42<04:21,  8.44s/it][A
 40%|████      | 20/50 [02:51<04:18,  8.61s/it][A
 42%|████▏     | 21/50 [03:00<04:17,  8.89s/it][A
 44%|████▍     | 22/50 [03:08<03:56,  8.45s/it][A
 46%|████▌     | 23/50 [03:16<03:48,  8.47s/it][A
 48%|████▊     | 24/50 [03:25<03:41,  8.54s/it][A
 50%|█████     | 25/50 [03:32<03:24,  8.19s/it][A
 52%|█████▏    | 26/50 [03:43<03:35,  8.99s/it][A
 54%|█████▍    | 27/50 [03:51<03:20,  8.70s/it][A
 56%|█████▌    | 28/50 [04:00<03:12,  8.75s/it][A
 58%|█████▊    | 29/50 [04:08<03:00,  8.59s/it][A
 60%|██████    | 30/50 [04:16<02:45,  8.27s/it][A
 62%|██████▏   | 31/50 [04:25<02:41,  8.50s/it][A
 64%|██████▍   | 32/50 [04:36<02:46,  9.22s/it][A
 66%|██████▌   | 33/50 [04:43<02:28,  8.72s/it][A
 68%|██████▊   | 34/50 [04:50<02:10,  8.16s/it][A
 70%|███████   | 35/50 [04:58<02:00,  8.00s/it][A
 72%|███████▏  | 36/50 [05:06<01:53,  8.09s/it][A
 74%|███████▍  | 37/50 [05:14<01:44,  8.05s/it][A
 76%|███████▌  | 38/50 [05:21<01:32,  7.72s/it][A
 78%|███████▊  | 39/50 [05:32<01:35,  8.64s/it][A
 80%|████████  | 40/50 [05:38<01:19,  7.97s/it][A
 82%|████████▏ | 41/50 [05:45<01:09,  7.69s/it][A
 84%|████████▍ | 42/50 [05:56<01:09,  8.64s/it][A
 86%|████████▌ | 43/50 [06:04<00:59,  8.55s/it][A
 88%|████████▊ | 44/50 [06:14<00:52,  8.80s/it][A
 90%|█████████ | 45/50 [06:22<00:43,  8.69s/it][A
 92%|█████████▏| 46/50 [06:29<00:33,  8.29s/it][A
 94%|█████████▍| 47/50 [06:34<00:21,  7.15s/it][A
 96%|█████████▌| 48/50 [06:38<00:12,  6.36s/it][A
 98%|█████████▊| 49/50 [06:45<00:06,  6.53s/it][A
100%|██████████| 50/50 [06:50<00:00,  6.06s/it][A
100%|██████████| 50/50 [06:50<00:00,  8.22s/it]
offline: 100%|█████████▉| 999999/1000000 [5:12:39<00:30, 30.35s/it, eval_success=0.780]
offline: 100%|██████████| 1000000/1000000 [5:12:39<00:00, 61.61s/it, eval_success=0.780]
Saved to exp/beat/ant2/P1_pretanh_t2_s1/antmaze-giant-navigate-singletask-task2-v0/antmaze-giant-navigate-singletask-task2-v0_sd001_anq_stdfp_chunk-h1_20260819_183528/params_offline.pkl
Saved modules ('critic', 'target_critic') to exp/beat/ant2/P1_pretanh_t2_s1/antmaze-giant-navigate-singletask-task2-v0/antmaze-giant-navigate-singletask-task2-v0_sd001_anq_stdfp_chunk-h1_20260819_183528/critic_offline.pkl
[1;34mwandb[0m: 
[1;34mwandb[0m: 🚀 View run [33mantmaze-giant-navigate-singletask-task2-v0_sd001_anq_stdfp_chunk-h1_20260819_183528[0m at: [34mhttps://wandb.ai/tjrcjf410-seoul-national-university/ant2/runs/yr5s8otm[0m
[1;34mwandb[0m: Find logs at: [1;35m../../../tmp/tmpl_p9jxam/wandb/run-20260819_183529-yr5s8otm/logs[0m
--- last progress lines ---
offline: 100%|██████████| 1000000/1000000 [5:12:39<00:00, 53.31it/s, eval_success=0.780]
online: 0it [00:00, ?it/s]
online: 0it [00:00, ?it/s]
