wandb: Using wandb-core as the SDK backend.  Please refer to https://wandb.me/wandb-core for more information.
wandb: Currently logged in as: tjrcjf410 (sjun0803-seoul-national-university) to https://api.wandb.ai. Use `wandb login --relogin` to force relogin
wandb: Tracking run with wandb version 0.19.9
wandb: Run data is saved locally in /tmp/tmpil55re9p/wandb/run-20260819_153421-pj88kr6l
wandb: Run `wandb offline` to turn off syncing.
wandb: Syncing run antmaze-giant-navigate-singletask-task2-v0_sd000_anq_stdfp_chunk-h1_20260819_153420
wandb: ⭐️ View project at https://wandb.ai/tjrcjf410-seoul-national-university/ant2
wandb: 🚀 View run at https://wandb.ai/tjrcjf410-seoul-national-university/ant2/runs/pj88kr6l
wandb: WARNING Symlinked 8 files into the W&B run directory, call wandb.save again to sync new files.
I0819 15:34:22.428944 124245703862080 acceleratesupport.py:24] No OpenGL_accelerate module loaded: No module named 'OpenGL_accelerate'
offline:   0%|          | 1/1000000 [01:18<21761:23:55, 78.34s/it]
offline:   0%|          | 2/1000000 [01:40<12530:50:37, 45.11s/it]
offline:   0%|          | 3/1000000 [02:01<9474:08:29, 34.11s/it] 
offline:   0%|          | 18/1000000 [02:01<880:14:35,  3.17s/it]
offline:   0%|          | 33/1000000 [02:01<384:56:28,  1.39s/it]
  2%|▏         | 1/50 [00:07<06:09,  7.54s/it][A
  4%|▍         | 2/50 [00:14<05:43,  7.15s/it][A
  6%|▌         | 3/50 [00:21<05:25,  6.93s/it][A
  8%|▊         | 4/50 [00:28<05:28,  7.14s/it][A
 10%|█         | 5/50 [00:37<05:43,  7.64s/it][A
 12%|█▏        | 6/50 [00:45<05:50,  7.96s/it][A
 14%|█▍        | 7/50 [00:54<05:51,  8.17s/it][A
 16%|█▌        | 8/50 [01:02<05:48,  8.29s/it][A
 18%|█▊        | 9/50 [01:11<05:44,  8.39s/it][A
 20%|██        | 10/50 [01:20<05:38,  8.45s/it][A
 22%|██▏       | 11/50 [01:28<05:30,  8.47s/it][A
 24%|██▍       | 12/50 [01:37<05:22,  8.49s/it][A
 26%|██▌       | 13/50 [01:45<05:13,  8.48s/it][A
 28%|██▊       | 14/50 [01:54<05:07,  8.53s/it][A
 30%|███       | 15/50 [02:02<04:59,  8.57s/it][A
 32%|███▏      | 16/50 [02:11<04:51,  8.57s/it][A
 34%|███▍      | 17/50 [02:19<04:42,  8.55s/it][A
 36%|███▌      | 18/50 [02:28<04:34,  8.58s/it][A
 38%|███▊      | 19/50 [02:37<04:25,  8.58s/it][A
 40%|████      | 20/50 [02:45<04:18,  8.61s/it][A
 42%|████▏     | 21/50 [02:54<04:08,  8.58s/it][A
 44%|████▍     | 22/50 [03:02<04:00,  8.58s/it][A
 46%|████▌     | 23/50 [03:11<03:51,  8.56s/it][A
 48%|████▊     | 24/50 [03:20<03:42,  8.57s/it][A
 50%|█████     | 25/50 [03:28<03:34,  8.58s/it][A
 52%|█████▏    | 26/50 [03:37<03:26,  8.60s/it][A
 54%|█████▍    | 27/50 [03:45<03:17,  8.57s/it][A
 56%|█████▌    | 28/50 [03:54<03:08,  8.55s/it][A
 58%|█████▊    | 29/50 [04:01<02:48,  8.01s/it][A
 60%|██████    | 30/50 [04:07<02:32,  7.63s/it][A
 62%|██████▏   | 31/50 [04:14<02:20,  7.41s/it][A
 64%|██████▍   | 32/50 [04:23<02:19,  7.76s/it][A
 66%|██████▌   | 33/50 [04:31<02:15,  7.98s/it][A
 68%|██████▊   | 34/50 [04:40<02:10,  8.16s/it][A
 70%|███████   | 35/50 [04:48<02:04,  8.28s/it][A
 72%|███████▏  | 36/50 [04:57<01:56,  8.35s/it][A
 74%|███████▍  | 37/50 [05:05<01:49,  8.42s/it][A
 76%|███████▌  | 38/50 [05:14<01:41,  8.46s/it][A
 78%|███████▊  | 39/50 [05:23<01:33,  8.48s/it][A
 80%|████████  | 40/50 [05:31<01:25,  8.51s/it][A
 82%|████████▏ | 41/50 [05:40<01:16,  8.50s/it][A
 84%|████████▍ | 42/50 [05:48<01:08,  8.50s/it][A
 86%|████████▌ | 43/50 [05:57<00:59,  8.50s/it][A
 88%|████████▊ | 44/50 [06:05<00:51,  8.52s/it][A
 90%|█████████ | 45/50 [06:14<00:42,  8.55s/it][A
 92%|█████████▏| 46/50 [06:22<00:34,  8.53s/it][A
 94%|█████████▍| 47/50 [06:31<00:25,  8.55s/it][A
 96%|█████████▌| 48/50 [06:39<00:17,  8.53s/it][A
 98%|█████████▊| 49/50 [06:48<00:08,  8.52s/it][A
100%|██████████| 50/50 [06:56<00:00,  8.55s/it][A
100%|██████████| 50/50 [06:56<00:00,  8.34s/it]
offline:  10%|█         | 100000/1000000 [31:18<3090:25:13, 12.36s/it, eval_success=0.000]
offline:  10%|█         | 100012/1000000 [31:18<2050:31:58,  8.20s/it, eval_success=0.000]
offline:  10%|█         | 100022/1000000 [31:18<1464:28:35,  5.86s/it, eval_success=0.000]
offline:  10%|█         | 100032/1000000 [31:18<1040:27:55,  4.16s/it, eval_success=0.000]
offline:  10%|█         | 100041/1000000 [31:18<758:38:02,  3.03s/it, eval_success=0.000] 
offline:  10%|█         | 100050/1000000 [31:18<547:21:59,  2.19s/it, eval_success=0.000]
offline:  10%|█         | 100059/1000000 [31:18<391:55:48,  1.57s/it, eval_success=0.000]
offline:  10%|█         | 100068/1000000 [31:18<279:22:29,  1.12s/it, eval_success=0.000]
  2%|▏         | 1/50 [00:08<06:56,  8.50s/it][A
  4%|▍         | 2/50 [00:16<06:46,  8.48s/it][A
  6%|▌         | 3/50 [00:22<05:42,  7.28s/it][A
  8%|▊         | 4/50 [00:30<05:33,  7.26s/it][A
 10%|█         | 5/50 [00:36<05:18,  7.07s/it][A
 12%|█▏        | 6/50 [00:42<04:55,  6.71s/it][A
 14%|█▍        | 7/50 [00:51<05:13,  7.30s/it][A
 16%|█▌        | 8/50 [00:58<05:07,  7.32s/it][A
 18%|█▊        | 9/50 [01:06<05:02,  7.39s/it][A
 20%|██        | 10/50 [01:14<05:09,  7.73s/it][A
 22%|██▏       | 11/50 [01:21<04:45,  7.32s/it][A
 24%|██▍       | 12/50 [01:29<04:51,  7.68s/it][A
 26%|██▌       | 13/50 [01:38<04:53,  7.93s/it][A
 28%|██▊       | 14/50 [01:45<04:43,  7.89s/it][A
 30%|███       | 15/50 [01:54<04:42,  8.08s/it][A
 32%|███▏      | 16/50 [02:00<04:13,  7.46s/it][A
 34%|███▍      | 17/50 [02:07<04:03,  7.38s/it][A
 36%|███▌      | 18/50 [02:16<04:06,  7.71s/it][A
 38%|███▊      | 19/50 [02:24<04:06,  7.94s/it][A
 40%|████      | 20/50 [02:30<03:40,  7.37s/it][A
 42%|████▏     | 21/50 [02:36<03:22,  6.99s/it][A
 44%|████▍     | 22/50 [02:45<03:28,  7.46s/it][A
 46%|████▌     | 23/50 [02:51<03:08,  6.96s/it][A
 48%|████▊     | 24/50 [02:57<02:56,  6.80s/it][A
 50%|█████     | 25/50 [03:04<02:48,  6.76s/it][A
 52%|█████▏    | 26/50 [03:10<02:38,  6.59s/it][A
 54%|█████▍    | 27/50 [03:15<02:20,  6.11s/it][A
 56%|█████▌    | 28/50 [03:21<02:11,  5.98s/it][A
 58%|█████▊    | 29/50 [03:27<02:09,  6.17s/it][A
 60%|██████    | 30/50 [03:32<01:58,  5.92s/it][A
 62%|██████▏   | 31/50 [03:38<01:49,  5.74s/it][A
 64%|██████▍   | 32/50 [03:43<01:39,  5.55s/it][A
 66%|██████▌   | 33/50 [03:48<01:32,  5.45s/it][A
 68%|██████▊   | 34/50 [03:52<01:18,  4.91s/it][A
 70%|███████   | 35/50 [03:56<01:12,  4.81s/it][A
 72%|███████▏  | 36/50 [04:00<01:03,  4.52s/it][A
 74%|███████▍  | 37/50 [04:04<00:57,  4.39s/it][A
 76%|███████▌  | 38/50 [04:09<00:55,  4.61s/it][A
 78%|███████▊  | 39/50 [04:15<00:52,  4.76s/it][A
 80%|████████  | 40/50 [04:20<00:48,  4.85s/it][A
 82%|████████▏ | 41/50 [04:23<00:40,  4.48s/it][A
 84%|████████▍ | 42/50 [04:28<00:35,  4.50s/it][A
 86%|████████▌ | 43/50 [04:31<00:29,  4.25s/it][A
 88%|████████▊ | 44/50 [04:35<00:24,  4.14s/it][A
 90%|█████████ | 45/50 [04:40<00:22,  4.42s/it][A
 92%|█████████▏| 46/50 [04:45<00:18,  4.52s/it][A
 94%|█████████▍| 47/50 [04:50<00:14,  4.71s/it][A
 96%|█████████▌| 48/50 [04:54<00:09,  4.53s/it][A
 98%|█████████▊| 49/50 [04:59<00:04,  4.61s/it][A
100%|██████████| 50/50 [05:06<00:00,  5.21s/it][A
100%|██████████| 50/50 [05:06<00:00,  6.13s/it]
offline:  20%|██        | 200000/1000000 [58:49<3113:46:51, 14.01s/it, eval_success=0.600]
offline:  20%|██        | 200016/1000000 [58:49<1524:20:04,  6.86s/it, eval_success=0.600]
offline:  20%|██        | 200026/1000000 [58:49<1047:50:14,  4.72s/it, eval_success=0.600]
offline:  20%|██        | 200037/1000000 [58:49<702:55:53,  3.16s/it, eval_success=0.600] 
offline:  20%|██        | 200047/1000000 [58:49<492:52:53,  2.22s/it, eval_success=0.600]
offline:  20%|██        | 200058/1000000 [58:49<335:42:52,  1.51s/it, eval_success=0.600]
offline:  20%|██        | 200068/1000000 [58:49<237:44:26,  1.07s/it, eval_success=0.600]
  2%|▏         | 1/50 [00:10<08:36, 10.54s/it][A
  4%|▍         | 2/50 [00:20<08:23, 10.49s/it][A
  6%|▌         | 3/50 [00:31<08:11, 10.46s/it][A
  8%|▊         | 4/50 [00:41<08:03, 10.51s/it][A
 10%|█         | 5/50 [00:52<07:52, 10.51s/it][A
 12%|█▏        | 6/50 [01:02<07:40, 10.47s/it][A
 14%|█▍        | 7/50 [01:13<07:29, 10.46s/it][A
 16%|█▌        | 8/50 [01:23<07:18, 10.43s/it][A
 18%|█▊        | 9/50 [01:34<07:07, 10.42s/it][A
 20%|██        | 10/50 [01:44<06:58, 10.45s/it][A
 22%|██▏       | 11/50 [01:55<06:46, 10.43s/it][A
 24%|██▍       | 12/50 [02:05<06:35, 10.42s/it][A
 26%|██▌       | 13/50 [02:15<06:25, 10.42s/it][A
 28%|██▊       | 14/50 [02:26<06:15, 10.42s/it][A
 30%|███       | 15/50 [02:36<06:05, 10.45s/it][A
 32%|███▏      | 16/50 [02:47<05:55, 10.44s/it][A
 34%|███▍      | 17/50 [02:57<05:45, 10.47s/it][A
 36%|███▌      | 18/50 [03:08<05:35, 10.49s/it][A
 38%|███▊      | 19/50 [03:18<05:24, 10.48s/it][A
 40%|████      | 20/50 [03:29<05:13, 10.46s/it][A
 42%|████▏     | 21/50 [03:39<05:03, 10.46s/it][A
 44%|████▍     | 22/50 [03:50<04:52, 10.46s/it][A
 46%|████▌     | 23/50 [04:00<04:42, 10.47s/it][A
 48%|████▊     | 24/50 [04:11<04:32, 10.48s/it][A
 50%|█████     | 25/50 [04:21<04:21, 10.47s/it][A
 52%|█████▏    | 26/50 [04:32<04:13, 10.57s/it][A
 54%|█████▍    | 27/50 [04:42<04:02, 10.55s/it][A
 56%|█████▌    | 28/50 [04:52<03:44, 10.19s/it][A
 58%|█████▊    | 29/50 [05:00<03:23,  9.67s/it][A
 60%|██████    | 30/50 [05:09<03:06,  9.31s/it][A
 62%|██████▏   | 31/50 [05:19<03:01,  9.56s/it][A
 64%|██████▍   | 32/50 [05:29<02:54,  9.71s/it][A
 66%|██████▌   | 33/50 [05:37<02:39,  9.36s/it][A
 68%|██████▊   | 34/50 [05:46<02:25,  9.08s/it][A
 70%|███████   | 35/50 [05:54<02:13,  8.89s/it][A
 72%|███████▏  | 36/50 [06:03<02:02,  8.77s/it][A
 74%|███████▍  | 37/50 [06:11<01:52,  8.68s/it][A
 76%|███████▌  | 38/50 [06:20<01:43,  8.64s/it][A
 78%|███████▊  | 39/50 [06:28<01:34,  8.59s/it][A
 80%|████████  | 40/50 [06:36<01:23,  8.30s/it][A
 82%|████████▏ | 41/50 [06:42<01:10,  7.78s/it][A
 84%|████████▍ | 42/50 [06:49<00:59,  7.44s/it][A
 86%|████████▌ | 43/50 [06:56<00:50,  7.19s/it][A
 88%|████████▊ | 44/50 [07:02<00:42,  7.01s/it][A
 90%|█████████ | 45/50 [07:09<00:34,  6.89s/it][A
 92%|█████████▏| 46/50 [07:15<00:27,  6.82s/it][A
 94%|█████████▍| 47/50 [07:22<00:20,  6.76s/it][A
 96%|█████████▌| 48/50 [07:29<00:13,  6.75s/it][A
 98%|█████████▊| 49/50 [07:35<00:06,  6.70s/it][A
100%|██████████| 50/50 [07:42<00:00,  6.67s/it][A
100%|██████████| 50/50 [07:42<00:00,  9.25s/it]
offline:  30%|███       | 300000/1000000 [1:28:28<4565:41:33, 23.48s/it, eval_success=0.000]
offline:  30%|███       | 300016/1000000 [1:28:28<2115:16:59, 10.88s/it, eval_success=0.000]
offline:  30%|███       | 300026/1000000 [1:28:28<1430:42:04,  7.36s/it, eval_success=0.000]
offline:  30%|███       | 300036/1000000 [1:28:28<978:38:35,  5.03s/it, eval_success=0.000] 
offline:  30%|███       | 300047/1000000 [1:28:28<654:20:35,  3.37s/it, eval_success=0.000]
offline:  30%|███       | 300058/1000000 [1:28:28<444:22:54,  2.29s/it, eval_success=0.000]
offline:  30%|███       | 300068/1000000 [1:28:28<313:59:10,  1.61s/it, eval_success=0.000]
offline:  30%|███       | 300078/1000000 [1:28:29<221:33:34,  1.14s/it, eval_success=0.000]
  2%|▏         | 1/50 [00:05<04:15,  5.22s/it][A
  4%|▍         | 2/50 [00:10<04:05,  5.11s/it][A
  6%|▌         | 3/50 [00:15<03:52,  4.96s/it][A
  8%|▊         | 4/50 [00:20<03:50,  5.02s/it][A
 10%|█         | 5/50 [00:24<03:41,  4.92s/it][A
 12%|█▏        | 6/50 [00:31<04:02,  5.52s/it][A
 14%|█▍        | 7/50 [00:38<04:14,  5.91s/it][A
 16%|█▌        | 8/50 [00:43<04:02,  5.78s/it][A
 18%|█▊        | 9/50 [00:50<04:08,  6.07s/it][A
 20%|██        | 10/50 [00:55<03:47,  5.69s/it][A
 22%|██▏       | 11/50 [01:02<03:54,  6.02s/it][A
 24%|██▍       | 12/50 [01:07<03:46,  5.96s/it][A
 26%|██▌       | 13/50 [01:14<03:48,  6.18s/it][A
 28%|██▊       | 14/50 [01:20<03:34,  5.97s/it][A
 30%|███       | 15/50 [01:26<03:36,  6.19s/it][A
 32%|███▏      | 16/50 [01:33<03:36,  6.36s/it][A
 34%|███▍      | 17/50 [01:38<03:13,  5.87s/it][A
 36%|███▌      | 18/50 [01:45<03:16,  6.14s/it][A
 38%|███▊      | 19/50 [01:51<03:16,  6.32s/it][A
 40%|████      | 20/50 [01:57<03:06,  6.21s/it][A
 42%|████▏     | 21/50 [02:06<03:19,  6.90s/it][A
 44%|████▍     | 22/50 [02:14<03:26,  7.38s/it][A
 46%|████▌     | 23/50 [02:20<03:05,  6.88s/it][A
 48%|████▊     | 24/50 [02:28<03:04,  7.09s/it][A
 50%|█████     | 25/50 [02:39<03:30,  8.41s/it][A
 52%|█████▏    | 26/50 [02:51<03:50,  9.62s/it][A
 54%|█████▍    | 27/50 [03:04<04:00, 10.45s/it][A
 56%|█████▌    | 28/50 [03:14<03:46, 10.29s/it][A
 58%|█████▊    | 29/50 [03:24<03:37, 10.33s/it][A
 60%|██████    | 30/50 [03:33<03:16,  9.80s/it][A
 62%|██████▏   | 31/50 [03:43<03:10, 10.01s/it][A
 64%|██████▍   | 32/50 [03:51<02:50,  9.49s/it][A
 66%|██████▌   | 33/50 [04:00<02:35,  9.16s/it][A
 68%|██████▊   | 34/50 [04:08<02:20,  8.76s/it][A
 70%|███████   | 35/50 [04:18<02:19,  9.29s/it][A
 72%|███████▏  | 36/50 [04:27<02:06,  9.03s/it][A
 74%|███████▍  | 37/50 [04:35<01:55,  8.86s/it][A
 76%|███████▌  | 38/50 [04:44<01:45,  8.75s/it][A
 78%|███████▊  | 39/50 [04:51<01:32,  8.42s/it][A
 80%|████████  | 40/50 [04:56<01:14,  7.45s/it][A
 82%|████████▏ | 41/50 [05:03<01:04,  7.15s/it][A
 84%|████████▍ | 42/50 [05:09<00:54,  6.84s/it][A
 86%|████████▌ | 43/50 [05:15<00:46,  6.63s/it][A
 88%|████████▊ | 44/50 [05:24<00:42,  7.16s/it][A
 90%|█████████ | 45/50 [05:29<00:32,  6.52s/it][A
 92%|█████████▏| 46/50 [05:34<00:25,  6.31s/it][A
 94%|█████████▍| 47/50 [05:43<00:20,  6.96s/it][A
 96%|█████████▌| 48/50 [05:51<00:14,  7.42s/it][A
 98%|█████████▊| 49/50 [06:00<00:07,  7.74s/it][A
100%|██████████| 50/50 [06:08<00:00,  7.96s/it][A
100%|██████████| 50/50 [06:08<00:00,  7.38s/it]
offline:  40%|████      | 400000/1000000 [1:56:08<2295:43:43, 13.77s/it, eval_success=0.500]
offline:  40%|████      | 400013/1000000 [1:56:08<1356:56:05,  8.14s/it, eval_success=0.500]
offline:  40%|████      | 400024/1000000 [1:56:09<908:24:28,  5.45s/it, eval_success=0.500] 
offline:  40%|████      | 400035/1000000 [1:56:09<617:39:01,  3.71s/it, eval_success=0.500]
offline:  40%|████      | 400044/1000000 [1:56:09<449:40:04,  2.70s/it, eval_success=0.500]
offline:  40%|████      | 400053/1000000 [1:56:09<324:14:25,  1.95s/it, eval_success=0.500]
offline:  40%|████      | 400063/1000000 [1:56:09<224:59:32,  1.35s/it, eval_success=0.500]
  2%|▏         | 1/50 [00:06<05:29,  6.73s/it][A
  4%|▍         | 2/50 [00:15<06:07,  7.65s/it][A
  6%|▌         | 3/50 [00:21<05:36,  7.16s/it][A
  8%|▊         | 4/50 [00:28<05:21,  6.98s/it][A
 10%|█         | 5/50 [00:34<04:54,  6.54s/it][A
 12%|█▏        | 6/50 [00:40<04:44,  6.48s/it][A
 14%|█▍        | 7/50 [00:46<04:39,  6.51s/it][A
 16%|█▌        | 8/50 [00:55<05:00,  7.16s/it][A
 18%|█▊        | 9/50 [01:01<04:44,  6.94s/it][A
 20%|██        | 10/50 [01:08<04:27,  6.69s/it][A
 22%|██▏       | 11/50 [01:14<04:13,  6.49s/it][A
 24%|██▍       | 12/50 [01:20<04:03,  6.40s/it][A
 26%|██▌       | 13/50 [01:28<04:21,  7.06s/it][A
 28%|██▊       | 14/50 [01:36<04:15,  7.09s/it][A
 30%|███       | 15/50 [01:43<04:14,  7.27s/it][A
 32%|███▏      | 16/50 [01:49<03:54,  6.90s/it][A
 34%|███▍      | 17/50 [01:56<03:46,  6.87s/it][A
 36%|███▌      | 18/50 [02:02<03:25,  6.42s/it][A
 38%|███▊      | 19/50 [02:08<03:20,  6.48s/it][A
 40%|████      | 20/50 [02:15<03:14,  6.48s/it][A
 42%|████▏     | 21/50 [02:21<03:08,  6.50s/it][A
 44%|████▍     | 22/50 [02:27<02:53,  6.19s/it][A
 46%|████▌     | 23/50 [02:33<02:48,  6.24s/it][A
 48%|████▊     | 24/50 [02:40<02:50,  6.56s/it][A
 50%|█████     | 25/50 [02:47<02:44,  6.59s/it][A
 52%|█████▏    | 26/50 [02:52<02:25,  6.07s/it][A
 54%|█████▍    | 27/50 [02:58<02:22,  6.19s/it][A
 56%|█████▌    | 28/50 [03:05<02:18,  6.28s/it][A
 58%|█████▊    | 29/50 [03:13<02:26,  6.98s/it][A
 60%|██████    | 30/50 [03:19<02:14,  6.72s/it][A
 62%|██████▏   | 31/50 [03:28<02:18,  7.29s/it][A
 64%|██████▍   | 32/50 [03:37<02:17,  7.66s/it][A
 66%|██████▌   | 33/50 [03:43<02:02,  7.23s/it][A
 68%|██████▊   | 34/50 [03:50<01:55,  7.19s/it][A
 70%|███████   | 35/50 [03:56<01:41,  6.78s/it][A
 72%|███████▏  | 36/50 [04:04<01:40,  7.17s/it][A
 74%|███████▍  | 37/50 [04:08<01:21,  6.28s/it][A
 76%|███████▌  | 38/50 [04:13<01:09,  5.80s/it][A
 78%|███████▊  | 39/50 [04:17<00:59,  5.38s/it][A
 80%|████████  | 40/50 [04:22<00:52,  5.26s/it][A
 82%|████████▏ | 41/50 [04:27<00:47,  5.26s/it][A
 84%|████████▍ | 42/50 [04:34<00:45,  5.69s/it][A
 86%|████████▌ | 43/50 [04:41<00:42,  6.01s/it][A
 88%|████████▊ | 44/50 [04:48<00:37,  6.22s/it][A
 90%|█████████ | 45/50 [04:54<00:31,  6.38s/it][A
 92%|█████████▏| 46/50 [05:01<00:25,  6.41s/it][A
 94%|█████████▍| 47/50 [05:05<00:17,  5.84s/it][A
 96%|█████████▌| 48/50 [05:11<00:11,  5.94s/it][A
 98%|█████████▊| 49/50 [05:17<00:05,  5.83s/it][A
100%|██████████| 50/50 [05:23<00:00,  5.86s/it][A
100%|██████████| 50/50 [05:23<00:00,  6.47s/it]
offline:  50%|█████     | 500000/1000000 [2:21:26<2327:55:22, 16.76s/it, eval_success=0.800]
offline:  50%|█████     | 500012/1000000 [2:21:26<1234:28:46,  8.89s/it, eval_success=0.800]
offline:  50%|█████     | 500022/1000000 [2:21:26<792:04:56,  5.70s/it, eval_success=0.800] 
offline:  50%|█████     | 500031/1000000 [2:21:27<542:43:20,  3.91s/it, eval_success=0.800]
offline:  50%|█████     | 500039/1000000 [2:21:27<387:55:47,  2.79s/it, eval_success=0.800]
offline:  50%|█████     | 500049/1000000 [2:21:27<257:14:25,  1.85s/it, eval_success=0.800]
offline:  50%|█████     | 500058/1000000 [2:21:27<179:47:53,  1.29s/it, eval_success=0.800]
  2%|▏         | 1/50 [00:07<05:45,  7.05s/it][A
  4%|▍         | 2/50 [00:14<05:51,  7.31s/it][A
  6%|▌         | 3/50 [00:21<05:35,  7.14s/it][A
  8%|▊         | 4/50 [00:26<04:48,  6.28s/it][A
 10%|█         | 5/50 [00:32<04:41,  6.26s/it][A
 12%|█▏        | 6/50 [00:41<05:08,  7.02s/it][A
 14%|█▍        | 7/50 [00:46<04:42,  6.57s/it][A
 16%|█▌        | 8/50 [00:52<04:27,  6.37s/it][A
 18%|█▊        | 9/50 [00:58<04:11,  6.13s/it][A
 20%|██        | 10/50 [01:04<04:05,  6.15s/it][A
 22%|██▏       | 11/50 [01:10<03:59,  6.15s/it][A
 24%|██▍       | 12/50 [01:16<03:47,  5.99s/it][A
 26%|██▌       | 13/50 [01:22<03:48,  6.18s/it][A
 28%|██▊       | 14/50 [01:29<03:49,  6.38s/it][A
 30%|███       | 15/50 [01:40<04:27,  7.63s/it][A
 32%|███▏      | 16/50 [01:46<04:07,  7.29s/it][A
 34%|███▍      | 17/50 [01:57<04:32,  8.27s/it][A
 36%|███▌      | 18/50 [02:07<04:41,  8.80s/it][A
 38%|███▊      | 19/50 [02:13<04:11,  8.10s/it][A
 40%|████      | 20/50 [02:21<03:58,  7.94s/it][A
 42%|████▏     | 21/50 [02:29<03:48,  7.90s/it][A
 44%|████▍     | 22/50 [02:39<04:02,  8.67s/it][A
 46%|████▌     | 23/50 [02:46<03:42,  8.26s/it][A
 48%|████▊     | 24/50 [02:57<03:49,  8.82s/it][A
 50%|█████     | 25/50 [03:04<03:32,  8.49s/it][A
 52%|█████▏    | 26/50 [03:12<03:15,  8.14s/it][A
 54%|█████▍    | 27/50 [03:20<03:06,  8.10s/it][A
 56%|█████▌    | 28/50 [03:26<02:48,  7.65s/it][A
 58%|█████▊    | 29/50 [03:34<02:43,  7.77s/it][A
 60%|██████    | 30/50 [03:44<02:47,  8.37s/it][A
 62%|██████▏   | 31/50 [03:51<02:32,  8.02s/it][A
 64%|██████▍   | 32/50 [04:04<02:48,  9.35s/it][A
 66%|██████▌   | 33/50 [04:12<02:32,  8.99s/it][A
 68%|██████▊   | 34/50 [04:24<02:40, 10.01s/it][A
 70%|███████   | 35/50 [04:35<02:31, 10.09s/it][A
 72%|███████▏  | 36/50 [04:43<02:12,  9.47s/it][A
 74%|███████▍  | 37/50 [04:53<02:07,  9.83s/it][A
 76%|███████▌  | 38/50 [05:01<01:50,  9.21s/it][A
 78%|███████▊  | 39/50 [05:10<01:40,  9.17s/it][A
 80%|████████  | 40/50 [05:20<01:32,  9.29s/it][A
 82%|████████▏ | 41/50 [05:30<01:26,  9.59s/it][A
 84%|████████▍ | 42/50 [05:38<01:12,  9.08s/it][A
 86%|████████▌ | 43/50 [05:45<00:59,  8.48s/it][A
 88%|████████▊ | 44/50 [05:52<00:48,  8.09s/it][A
 90%|█████████ | 45/50 [05:59<00:38,  7.69s/it][A
 92%|█████████▏| 46/50 [06:07<00:31,  7.85s/it][A
 94%|█████████▍| 47/50 [06:14<00:22,  7.45s/it][A
 96%|█████████▌| 48/50 [06:19<00:13,  6.94s/it][A
 98%|█████████▊| 49/50 [06:27<00:07,  7.04s/it][A
100%|██████████| 50/50 [06:33<00:00,  6.71s/it][A
100%|██████████| 50/50 [06:33<00:00,  7.86s/it]
offline:  60%|██████    | 600000/1000000 [2:49:18<1647:38:55, 14.83s/it, eval_success=0.880]
offline:  60%|██████    | 600013/1000000 [2:49:18<969:45:33,  8.73s/it, eval_success=0.880] 
offline:  60%|██████    | 600022/1000000 [2:49:18<689:32:25,  6.21s/it, eval_success=0.880]
offline:  60%|██████    | 600031/1000000 [2:49:18<488:16:14,  4.39s/it, eval_success=0.880]
offline:  60%|██████    | 600041/1000000 [2:49:18<333:50:19,  3.00s/it, eval_success=0.880]
offline:  60%|██████    | 600050/1000000 [2:49:19<237:39:20,  2.14s/it, eval_success=0.880]
offline:  60%|██████    | 600059/1000000 [2:49:19<168:29:59,  1.52s/it, eval_success=0.880]
offline:  60%|██████    | 600068/1000000 [2:49:19<119:14:44,  1.07s/it, eval_success=0.880]
  2%|▏         | 1/50 [00:06<05:33,  6.80s/it][A
  4%|▍         | 2/50 [00:12<05:03,  6.32s/it][A
  6%|▌         | 3/50 [00:19<05:11,  6.63s/it][A
  8%|▊         | 4/50 [00:28<05:40,  7.40s/it][A
 10%|█         | 5/50 [00:34<05:10,  6.90s/it][A
 12%|█▏        | 6/50 [00:40<04:49,  6.59s/it][A
 14%|█▍        | 7/50 [00:47<04:45,  6.63s/it][A
 16%|█▌        | 8/50 [00:55<05:03,  7.22s/it][A
 18%|█▊        | 9/50 [01:06<05:38,  8.26s/it][A
 20%|██        | 10/50 [01:12<05:13,  7.83s/it][A
 22%|██▏       | 11/50 [01:22<05:20,  8.22s/it][A
 24%|██▍       | 12/50 [01:32<05:40,  8.95s/it][A
 26%|██▌       | 13/50 [01:39<05:11,  8.42s/it][A
 28%|██▊       | 14/50 [01:47<04:51,  8.10s/it][A
 30%|███       | 15/50 [01:55<04:40,  8.02s/it][A
 32%|███▏      | 16/50 [02:00<04:03,  7.15s/it][A
 34%|███▍      | 17/50 [02:06<03:44,  6.79s/it][A
 36%|███▌      | 18/50 [02:11<03:23,  6.36s/it][A
 38%|███▊      | 19/50 [02:17<03:16,  6.33s/it][A
 40%|████      | 20/50 [02:23<03:05,  6.20s/it][A
 42%|████▏     | 21/50 [02:28<02:50,  5.89s/it][A
 44%|████▍     | 22/50 [02:35<02:47,  5.98s/it][A
 46%|████▌     | 23/50 [02:42<02:50,  6.33s/it][A
 48%|████▊     | 24/50 [02:47<02:37,  6.05s/it][A
 50%|█████     | 25/50 [02:56<02:51,  6.85s/it][A
 52%|█████▏    | 26/50 [03:02<02:38,  6.62s/it][A
 54%|█████▍    | 27/50 [03:09<02:33,  6.69s/it][A
 56%|█████▌    | 28/50 [03:14<02:17,  6.27s/it][A
 58%|█████▊    | 29/50 [03:20<02:08,  6.13s/it][A
 60%|██████    | 30/50 [03:25<01:59,  5.95s/it][A
 62%|██████▏   | 31/50 [03:31<01:49,  5.76s/it][A
 64%|██████▍   | 32/50 [03:39<01:54,  6.38s/it][A
 66%|██████▌   | 33/50 [03:44<01:45,  6.23s/it][A
 68%|██████▊   | 34/50 [03:53<01:49,  6.84s/it][A
 70%|███████   | 35/50 [04:00<01:46,  7.07s/it][A
 72%|███████▏  | 36/50 [04:07<01:35,  6.85s/it][A
 74%|███████▍  | 37/50 [04:13<01:28,  6.79s/it][A
 76%|███████▌  | 38/50 [04:24<01:35,  7.96s/it][A
 78%|███████▊  | 39/50 [04:34<01:34,  8.55s/it][A
 80%|████████  | 40/50 [04:41<01:21,  8.11s/it][A
 82%|████████▏ | 41/50 [04:48<01:09,  7.77s/it][A
 84%|████████▍ | 42/50 [04:57<01:04,  8.04s/it][A
 86%|████████▌ | 43/50 [05:03<00:53,  7.67s/it][A
 88%|████████▊ | 44/50 [05:11<00:45,  7.50s/it][A
 90%|█████████ | 45/50 [05:21<00:42,  8.47s/it][A
 92%|█████████▏| 46/50 [05:28<00:32,  8.04s/it][A
 94%|█████████▍| 47/50 [05:35<00:22,  7.64s/it][A
 96%|█████████▌| 48/50 [05:43<00:15,  7.65s/it][A
 98%|█████████▊| 49/50 [05:50<00:07,  7.44s/it][A
100%|██████████| 50/50 [05:56<00:00,  7.26s/it][A
100%|██████████| 50/50 [05:56<00:00,  7.14s/it]
offline:  70%|███████   | 700000/1000000 [3:13:13<1002:26:44, 12.03s/it, eval_success=0.880]
offline:  70%|███████   | 700012/1000000 [3:13:14<636:02:28,  7.63s/it, eval_success=0.880] 
offline:  70%|███████   | 700022/1000000 [3:13:14<443:25:54,  5.32s/it, eval_success=0.880]
offline:  70%|███████   | 700031/1000000 [3:13:14<319:22:43,  3.83s/it, eval_success=0.880]
offline:  70%|███████   | 700039/1000000 [3:13:14<235:52:49,  2.83s/it, eval_success=0.880]
offline:  70%|███████   | 700047/1000000 [3:13:14<171:48:00,  2.06s/it, eval_success=0.880]
offline:  70%|███████   | 700055/1000000 [3:13:14<124:03:15,  1.49s/it, eval_success=0.880]
offline:  70%|███████   | 700062/1000000 [3:13:14<92:13:04,  1.11s/it, eval_success=0.880] 
  2%|▏         | 1/50 [00:05<04:36,  5.64s/it][A
  4%|▍         | 2/50 [00:11<04:27,  5.57s/it][A
  6%|▌         | 3/50 [00:19<05:26,  6.96s/it][A
  8%|▊         | 4/50 [00:28<05:49,  7.59s/it][A
 10%|█         | 5/50 [00:36<05:57,  7.94s/it][A
 12%|█▏        | 6/50 [00:42<05:10,  7.06s/it][A
 14%|█▍        | 7/50 [00:50<05:15,  7.33s/it][A
 16%|█▌        | 8/50 [00:57<05:08,  7.33s/it][A
 18%|█▊        | 9/50 [01:03<04:40,  6.84s/it][A
 20%|██        | 10/50 [01:09<04:23,  6.58s/it][A
 22%|██▏       | 11/50 [01:17<04:41,  7.21s/it][A
 24%|██▍       | 12/50 [01:26<04:50,  7.64s/it][A
 26%|██▌       | 13/50 [01:32<04:22,  7.11s/it][A
 28%|██▊       | 14/50 [01:37<03:54,  6.51s/it][A
 30%|███       | 15/50 [01:43<03:44,  6.42s/it][A
 32%|███▏      | 16/50 [01:49<03:35,  6.35s/it][A
 34%|███▍      | 17/50 [01:58<03:52,  7.03s/it][A
 36%|███▌      | 18/50 [02:05<03:47,  7.09s/it][A
 38%|███▊      | 19/50 [02:13<03:50,  7.43s/it][A
 40%|████      | 20/50 [02:21<03:42,  7.43s/it][A
 42%|████▏     | 21/50 [02:28<03:28,  7.21s/it][A
 44%|████▍     | 22/50 [02:34<03:11,  6.82s/it][A
 46%|████▌     | 23/50 [02:41<03:09,  7.04s/it][A
 48%|████▊     | 24/50 [02:51<03:23,  7.84s/it][A
 50%|█████     | 25/50 [02:57<03:05,  7.43s/it][A
 52%|█████▏    | 26/50 [03:05<02:59,  7.49s/it][A
 54%|█████▍    | 27/50 [03:15<03:13,  8.43s/it][A
 56%|█████▌    | 28/50 [03:22<02:52,  7.84s/it][A
 58%|█████▊    | 29/50 [03:31<02:49,  8.07s/it][A
 60%|██████    | 30/50 [03:41<02:56,  8.83s/it][A
 62%|██████▏   | 31/50 [03:48<02:37,  8.28s/it][A
 64%|██████▍   | 32/50 [03:55<02:23,  8.00s/it][A
 66%|██████▌   | 33/50 [04:02<02:08,  7.58s/it][A
 68%|██████▊   | 34/50 [04:09<01:55,  7.23s/it][A
 70%|███████   | 35/50 [04:15<01:44,  6.97s/it][A
 72%|███████▏  | 36/50 [04:23<01:44,  7.46s/it][A
 74%|███████▍  | 37/50 [04:34<01:49,  8.40s/it][A
 76%|███████▌  | 38/50 [04:41<01:35,  7.97s/it][A
 78%|███████▊  | 39/50 [04:49<01:28,  8.03s/it][A
 80%|████████  | 40/50 [05:00<01:28,  8.81s/it][A
 82%|████████▏ | 41/50 [05:09<01:21,  9.01s/it][A
 84%|████████▍ | 42/50 [05:17<01:09,  8.70s/it][A
 86%|████████▌ | 43/50 [05:24<00:56,  8.09s/it][A
 88%|████████▊ | 44/50 [05:31<00:45,  7.64s/it][A
 90%|█████████ | 45/50 [05:41<00:42,  8.51s/it][A
 92%|█████████▏| 46/50 [05:49<00:32,  8.20s/it][A
 94%|█████████▍| 47/50 [05:56<00:24,  8.03s/it][A
 96%|█████████▌| 48/50 [06:04<00:16,  8.05s/it][A
 98%|█████████▊| 49/50 [06:11<00:07,  7.64s/it][A
100%|██████████| 50/50 [06:20<00:00,  8.03s/it][A
100%|██████████| 50/50 [06:20<00:00,  7.61s/it]
offline:  80%|████████  | 800000/1000000 [3:40:46<662:41:25, 11.93s/it, eval_success=0.780]
offline:  80%|████████  | 800011/1000000 [3:40:46<444:18:26,  8.00s/it, eval_success=0.780]
offline:  80%|████████  | 800021/1000000 [3:40:46<311:19:54,  5.60s/it, eval_success=0.780]
offline:  80%|████████  | 800030/1000000 [3:40:46<224:56:35,  4.05s/it, eval_success=0.780]
offline:  80%|████████  | 800038/1000000 [3:40:46<166:27:22,  3.00s/it, eval_success=0.780]
offline:  80%|████████  | 800046/1000000 [3:40:46<121:30:40,  2.19s/it, eval_success=0.780]
offline:  80%|████████  | 800053/1000000 [3:40:46<90:54:26,  1.64s/it, eval_success=0.780] 
offline:  80%|████████  | 800061/1000000 [3:40:46<64:30:34,  1.16s/it, eval_success=0.780]
  2%|▏         | 1/50 [00:01<01:09,  1.42s/it][A
  4%|▍         | 2/50 [00:02<01:06,  1.38s/it][A
  6%|▌         | 3/50 [00:05<01:23,  1.79s/it][A
  8%|▊         | 4/50 [00:08<01:56,  2.53s/it][A
 10%|█         | 5/50 [00:11<02:05,  2.79s/it][A
 12%|█▏        | 6/50 [00:15<02:10,  2.97s/it][A
 14%|█▍        | 7/50 [00:17<02:00,  2.81s/it][A
 16%|█▌        | 8/50 [00:20<01:54,  2.74s/it][A
 18%|█▊        | 9/50 [00:23<01:55,  2.81s/it][A
 20%|██        | 10/50 [00:25<01:50,  2.76s/it][A
 22%|██▏       | 11/50 [00:28<01:45,  2.71s/it][A
 24%|██▍       | 12/50 [00:32<01:58,  3.11s/it][A
 26%|██▌       | 13/50 [00:35<01:50,  2.98s/it][A
 28%|██▊       | 14/50 [00:38<01:45,  2.93s/it][A
 30%|███       | 15/50 [00:40<01:38,  2.80s/it][A
 32%|███▏      | 16/50 [00:43<01:40,  2.96s/it][A
 34%|███▍      | 17/50 [00:47<01:43,  3.13s/it][A
 36%|███▌      | 18/50 [00:51<01:46,  3.33s/it][A
 38%|███▊      | 19/50 [00:56<01:59,  3.87s/it][A
 40%|████      | 20/50 [01:01<02:07,  4.26s/it][A
 42%|████▏     | 21/50 [01:05<02:01,  4.20s/it][A
 44%|████▍     | 22/50 [01:11<02:11,  4.69s/it][A
 46%|████▌     | 23/50 [01:15<02:03,  4.57s/it][A
 48%|████▊     | 24/50 [01:22<02:15,  5.19s/it][A
 50%|█████     | 25/50 [01:26<02:02,  4.89s/it][A
 52%|█████▏    | 26/50 [01:31<02:00,  5.02s/it][A
 54%|█████▍    | 27/50 [01:36<01:51,  4.87s/it][A
 56%|█████▌    | 28/50 [01:40<01:41,  4.61s/it][A
 58%|█████▊    | 29/50 [01:45<01:37,  4.64s/it][A
 60%|██████    | 30/50 [01:50<01:39,  4.96s/it][A
 62%|██████▏   | 31/50 [01:55<01:34,  4.99s/it][A
 64%|██████▍   | 32/50 [02:00<01:28,  4.89s/it][A
 66%|██████▌   | 33/50 [02:04<01:19,  4.68s/it][A
 68%|██████▊   | 34/50 [02:08<01:11,  4.49s/it][A
 70%|███████   | 35/50 [02:15<01:17,  5.13s/it][A
 72%|███████▏  | 36/50 [02:20<01:11,  5.08s/it][A
 74%|███████▍  | 37/50 [02:24<01:01,  4.77s/it][A
 76%|███████▌  | 38/50 [02:30<01:01,  5.16s/it][A
 78%|███████▊  | 39/50 [02:36<01:00,  5.52s/it][A
 80%|████████  | 40/50 [02:41<00:51,  5.16s/it][A
 82%|████████▏ | 41/50 [02:45<00:45,  5.02s/it][A
 84%|████████▍ | 42/50 [02:53<00:46,  5.77s/it][A
 86%|████████▌ | 43/50 [02:58<00:40,  5.73s/it][A
 88%|████████▊ | 44/50 [03:04<00:34,  5.80s/it][A
 90%|█████████ | 45/50 [03:11<00:29,  5.88s/it][A
 92%|█████████▏| 46/50 [03:16<00:23,  5.90s/it][A
 94%|█████████▍| 47/50 [03:22<00:17,  5.80s/it][A
 96%|█████████▌| 48/50 [03:30<00:13,  6.54s/it][A
 98%|█████████▊| 49/50 [03:37<00:06,  6.49s/it][A
100%|██████████| 50/50 [03:42<00:00,  6.22s/it][A
100%|██████████| 50/50 [03:42<00:00,  4.46s/it]
offline:  90%|█████████ | 900000/1000000 [4:05:59<71:26:46,  2.57s/it, eval_success=0.920]
offline:  90%|█████████ | 900014/1000000 [4:05:59<58:06:08,  2.09s/it, eval_success=0.920]
offline:  90%|█████████ | 900037/1000000 [4:05:59<40:27:44,  1.46s/it, eval_success=0.920]
offline:  90%|█████████ | 900056/1000000 [4:05:59<29:49:50,  1.07s/it, eval_success=0.920]
  2%|▏         | 1/50 [00:02<02:21,  2.89s/it][A
  4%|▍         | 2/50 [00:06<02:33,  3.21s/it][A
  6%|▌         | 3/50 [00:09<02:25,  3.10s/it][A
  8%|▊         | 4/50 [00:12<02:20,  3.04s/it][A
 10%|█         | 5/50 [00:15<02:13,  2.97s/it][A
 12%|█▏        | 6/50 [00:17<02:08,  2.93s/it][A
 14%|█▍        | 7/50 [00:21<02:10,  3.04s/it][A
 16%|█▌        | 8/50 [00:23<02:02,  2.92s/it][A
 18%|█▊        | 9/50 [00:27<02:02,  2.99s/it][A
 20%|██        | 10/50 [00:31<02:15,  3.39s/it][A
 22%|██▏       | 11/50 [00:37<02:47,  4.29s/it][A
 24%|██▍       | 12/50 [00:41<02:41,  4.24s/it][A
 26%|██▌       | 13/50 [00:46<02:40,  4.33s/it][A
 28%|██▊       | 14/50 [00:50<02:37,  4.36s/it][A
 30%|███       | 15/50 [00:54<02:28,  4.25s/it][A
 32%|███▏      | 16/50 [01:01<02:46,  4.90s/it][A
 34%|███▍      | 17/50 [01:04<02:30,  4.56s/it][A
 36%|███▌      | 18/50 [01:09<02:27,  4.60s/it][A
 38%|███▊      | 19/50 [01:13<02:16,  4.40s/it][A
 40%|████      | 20/50 [01:19<02:29,  4.97s/it][A
 42%|████▏     | 21/50 [01:24<02:23,  4.96s/it][A
 44%|████▍     | 22/50 [01:31<02:29,  5.35s/it][A
 46%|████▌     | 23/50 [01:34<02:07,  4.73s/it][A
 48%|████▊     | 24/50 [01:38<01:59,  4.59s/it][A
 50%|█████     | 25/50 [01:41<01:43,  4.16s/it][A
 52%|█████▏    | 26/50 [01:45<01:35,  3.96s/it][A
 54%|█████▍    | 27/50 [01:48<01:23,  3.64s/it][A
 56%|█████▌    | 28/50 [01:54<01:38,  4.49s/it][A
 58%|█████▊    | 29/50 [02:04<02:08,  6.14s/it][A
 60%|██████    | 30/50 [02:11<02:08,  6.42s/it][A
 62%|██████▏   | 31/50 [02:21<02:23,  7.56s/it][A
 64%|██████▍   | 32/50 [02:26<01:57,  6.54s/it][A
 66%|██████▌   | 33/50 [02:30<01:41,  5.97s/it][A
 68%|██████▊   | 34/50 [02:34<01:26,  5.40s/it][A
 70%|███████   | 35/50 [02:40<01:23,  5.59s/it][A
 72%|███████▏  | 36/50 [02:45<01:15,  5.36s/it][A
 74%|███████▍  | 37/50 [02:51<01:12,  5.59s/it][A
 76%|███████▌  | 38/50 [02:56<01:02,  5.25s/it][A
 78%|███████▊  | 39/50 [03:02<01:00,  5.53s/it][A
 80%|████████  | 40/50 [03:07<00:54,  5.48s/it][A
 82%|████████▏ | 41/50 [03:11<00:45,  5.04s/it][A
 84%|████████▍ | 42/50 [03:15<00:37,  4.74s/it][A
 86%|████████▌ | 43/50 [03:20<00:32,  4.58s/it][A
 88%|████████▊ | 44/50 [03:24<00:26,  4.50s/it][A
 90%|█████████ | 45/50 [03:29<00:23,  4.73s/it][A
 92%|█████████▏| 46/50 [03:34<00:19,  4.89s/it][A
 94%|█████████▍| 47/50 [03:39<00:14,  4.86s/it][A
 96%|█████████▌| 48/50 [03:44<00:09,  4.81s/it][A
 98%|█████████▊| 49/50 [03:49<00:04,  4.92s/it][A
100%|██████████| 50/50 [03:55<00:00,  5.39s/it][A
100%|██████████| 50/50 [03:55<00:00,  4.72s/it]
offline: 100%|█████████▉| 999999/1000000 [4:29:58<00:05,  5.47s/it, eval_success=0.860] 
  2%|▏         | 1/50 [00:04<03:44,  4.58s/it][A
  4%|▍         | 2/50 [00:09<03:45,  4.71s/it][A
  6%|▌         | 3/50 [00:17<04:58,  6.36s/it][A
  8%|▊         | 4/50 [00:27<05:53,  7.68s/it][A
 10%|█         | 5/50 [00:37<06:30,  8.67s/it][A
 12%|█▏        | 6/50 [00:45<06:07,  8.35s/it][A
 14%|█▍        | 7/50 [00:56<06:33,  9.14s/it][A
 16%|█▌        | 8/50 [01:04<06:12,  8.86s/it][A
 18%|█▊        | 9/50 [01:13<06:04,  8.89s/it][A
 20%|██        | 10/50 [01:20<05:32,  8.32s/it][A
 22%|██▏       | 11/50 [01:27<05:11,  7.99s/it][A
 24%|██▍       | 12/50 [01:38<05:36,  8.86s/it][A
 26%|██▌       | 13/50 [01:49<05:48,  9.43s/it][A
 28%|██▊       | 14/50 [01:59<05:41,  9.49s/it][A
 30%|███       | 15/50 [02:06<05:07,  8.79s/it][A
 32%|███▏      | 16/50 [02:17<05:19,  9.41s/it][A
 34%|███▍      | 17/50 [02:28<05:25,  9.87s/it][A
 36%|███▌      | 18/50 [02:35<04:49,  9.04s/it][A
 38%|███▊      | 19/50 [02:42<04:22,  8.46s/it][A
 40%|████      | 20/50 [02:49<04:03,  8.13s/it][A
 42%|████▏     | 21/50 [02:56<03:49,  7.90s/it][A
 44%|████▍     | 22/50 [03:04<03:36,  7.72s/it][A
 46%|████▌     | 23/50 [03:15<03:53,  8.64s/it][A
 48%|████▊     | 24/50 [03:25<04:01,  9.27s/it][A
 50%|█████     | 25/50 [03:36<04:02,  9.71s/it][A
 52%|█████▏    | 26/50 [03:45<03:45,  9.38s/it][A
 54%|█████▍    | 27/50 [03:51<03:14,  8.47s/it][A
 56%|█████▌    | 28/50 [04:00<03:09,  8.63s/it][A
 58%|█████▊    | 29/50 [04:07<02:48,  8.03s/it][A
 60%|██████    | 30/50 [04:17<02:56,  8.81s/it][A
 62%|██████▏   | 31/50 [04:26<02:45,  8.71s/it][A
 64%|██████▍   | 32/50 [04:38<02:58,  9.93s/it][A
 66%|██████▌   | 33/50 [04:50<02:56, 10.37s/it][A
 68%|██████▊   | 34/50 [05:01<02:50, 10.65s/it][A
 70%|███████   | 35/50 [05:10<02:31, 10.09s/it][A
 72%|███████▏  | 36/50 [05:19<02:17,  9.81s/it][A
 74%|███████▍  | 37/50 [05:27<02:00,  9.26s/it][A
 76%|███████▌  | 38/50 [05:36<01:50,  9.24s/it][A
 78%|███████▊  | 39/50 [05:49<01:53, 10.33s/it][A
 80%|████████  | 40/50 [05:59<01:42, 10.29s/it][A
 82%|████████▏ | 41/50 [06:11<01:36, 10.76s/it][A
 84%|████████▍ | 42/50 [06:19<01:19,  9.96s/it][A
 86%|████████▌ | 43/50 [06:27<01:05,  9.39s/it][A
 88%|████████▊ | 44/50 [06:39<01:01, 10.18s/it][A
 90%|█████████ | 45/50 [06:52<00:54, 10.95s/it][A
 92%|█████████▏| 46/50 [07:00<00:40, 10.04s/it][A
 94%|█████████▍| 47/50 [07:12<00:31, 10.51s/it][A
 96%|█████████▌| 48/50 [07:20<00:19,  9.76s/it][A
 98%|█████████▊| 49/50 [07:32<00:10, 10.66s/it][A
100%|██████████| 50/50 [07:41<00:00,  9.90s/it][A
100%|██████████| 50/50 [07:41<00:00,  9.22s/it]
offline: 100%|█████████▉| 999999/1000000 [4:37:39<00:05,  5.47s/it, eval_success=0.760]
offline: 100%|██████████| 1000000/1000000 [4:37:39<00:00, 20.05s/it, eval_success=0.760]
Saved to exp/beat/ant2/P_pretanh_t2/antmaze-giant-navigate-singletask-task2-v0/antmaze-giant-navigate-singletask-task2-v0_sd000_anq_stdfp_chunk-h1_20260819_153420/params_offline.pkl
Saved modules ('critic', 'target_critic') to exp/beat/ant2/P_pretanh_t2/antmaze-giant-navigate-singletask-task2-v0/antmaze-giant-navigate-singletask-task2-v0_sd000_anq_stdfp_chunk-h1_20260819_153420/critic_offline.pkl
[1;34mwandb[0m: 
[1;34mwandb[0m: 🚀 View run [33mantmaze-giant-navigate-singletask-task2-v0_sd000_anq_stdfp_chunk-h1_20260819_153420[0m at: [34mhttps://wandb.ai/tjrcjf410-seoul-national-university/ant2/runs/pj88kr6l[0m
[1;34mwandb[0m: Find logs at: [1;35m../../../tmp/tmpil55re9p/wandb/run-20260819_153421-pj88kr6l/logs[0m
--- last progress lines ---
offline: 100%|██████████| 1000000/1000000 [4:37:39<00:00, 60.03it/s, eval_success=0.760]
online: 0it [00:00, ?it/s]
online: 0it [00:00, ?it/s]
