wandb: Using wandb-core as the SDK backend.  Please refer to https://wandb.me/wandb-core for more information.
wandb: Currently logged in as: tjrcjf410 (sjun0803-seoul-national-university) to https://api.wandb.ai. Use `wandb login --relogin` to force relogin
wandb: Tracking run with wandb version 0.19.9
wandb: Run data is saved locally in /tmp/tmpqh6qbhqp/wandb/run-20260819_154223-ki7mdqb4
wandb: Run `wandb offline` to turn off syncing.
wandb: Syncing run antmaze-giant-navigate-singletask-task2-v0_sd000_rebrac_nstep-h1_20260819_154222
wandb: ⭐️ View project at https://wandb.ai/tjrcjf410-seoul-national-university/ant2
wandb: 🚀 View run at https://wandb.ai/tjrcjf410-seoul-national-university/ant2/runs/ki7mdqb4
wandb: WARNING Symlinked 8 files into the W&B run directory, call wandb.save again to sync new files.
I0819 15:42:24.470238 130310153488192 acceleratesupport.py:24] No OpenGL_accelerate module loaded: No module named 'OpenGL_accelerate'
offline:   0%|          | 1/1000000 [00:49<13878:10:06, 49.96s/it]
offline:   0%|          | 2/1000000 [00:50<5758:39:01, 20.73s/it] 
offline:   0%|          | 18/1000000 [00:50<400:17:05,  1.44s/it]
  2%|▏         | 1/50 [00:11<09:07, 11.17s/it][A
  4%|▍         | 2/50 [00:21<08:42, 10.88s/it][A
  6%|▌         | 3/50 [00:31<08:06, 10.36s/it][A
  8%|▊         | 4/50 [00:40<07:24,  9.66s/it][A
 10%|█         | 5/50 [00:48<06:57,  9.28s/it][A
 12%|█▏        | 6/50 [00:57<06:39,  9.07s/it][A
 14%|█▍        | 7/50 [01:06<06:23,  8.93s/it][A
 16%|█▌        | 8/50 [01:14<06:11,  8.84s/it][A
 18%|█▊        | 9/50 [01:23<05:59,  8.78s/it][A
 20%|██        | 10/50 [01:31<05:48,  8.71s/it][A
 22%|██▏       | 11/50 [01:40<05:38,  8.67s/it][A
 24%|██▍       | 12/50 [01:49<05:32,  8.74s/it][A
 26%|██▌       | 13/50 [02:00<05:44,  9.31s/it][A
 28%|██▊       | 14/50 [02:10<05:48,  9.69s/it][A
 30%|███       | 15/50 [02:21<05:48,  9.97s/it][A
 32%|███▏      | 16/50 [02:30<05:33,  9.82s/it][A
 34%|███▍      | 17/50 [02:39<05:11,  9.44s/it][A
 36%|███▌      | 18/50 [02:47<04:53,  9.17s/it][A
 38%|███▊      | 19/50 [02:56<04:36,  8.94s/it][A
 40%|████      | 20/50 [03:04<04:22,  8.74s/it][A
 42%|████▏     | 21/50 [03:11<03:56,  8.16s/it][A
 44%|████▍     | 22/50 [03:18<03:37,  7.77s/it][A
 46%|████▌     | 23/50 [03:24<03:20,  7.43s/it][A
 48%|████▊     | 24/50 [03:32<03:13,  7.43s/it][A
 50%|█████     | 25/50 [03:40<03:13,  7.75s/it][A
 52%|█████▏    | 26/50 [03:49<03:12,  8.00s/it][A
 54%|█████▍    | 27/50 [03:57<03:08,  8.19s/it][A
 56%|█████▌    | 28/50 [04:06<03:02,  8.29s/it][A
 58%|█████▊    | 29/50 [04:15<02:56,  8.38s/it][A
 60%|██████    | 30/50 [04:23<02:48,  8.44s/it][A
 62%|██████▏   | 31/50 [04:32<02:40,  8.46s/it][A
 64%|██████▍   | 32/50 [04:40<02:32,  8.48s/it][A
 66%|██████▌   | 33/50 [04:49<02:24,  8.47s/it][A
 68%|██████▊   | 34/50 [04:57<02:16,  8.52s/it][A
 70%|███████   | 35/50 [05:06<02:08,  8.56s/it][A
 72%|███████▏  | 36/50 [05:14<01:59,  8.57s/it][A
 74%|███████▍  | 37/50 [05:23<01:51,  8.55s/it][A
 76%|███████▌  | 38/50 [05:32<01:42,  8.58s/it][A
 78%|███████▊  | 39/50 [05:40<01:34,  8.58s/it][A
 80%|████████  | 40/50 [05:49<01:25,  8.60s/it][A
 82%|████████▏ | 41/50 [05:57<01:17,  8.58s/it][A
 84%|████████▍ | 42/50 [06:06<01:08,  8.57s/it][A
 86%|████████▌ | 43/50 [06:14<00:59,  8.56s/it][A
 88%|████████▊ | 44/50 [06:23<00:51,  8.57s/it][A
 90%|█████████ | 45/50 [06:32<00:42,  8.57s/it][A
 92%|█████████▏| 46/50 [06:40<00:34,  8.60s/it][A
 94%|█████████▍| 47/50 [06:49<00:25,  8.56s/it][A
 96%|█████████▌| 48/50 [06:57<00:17,  8.55s/it][A
 98%|█████████▊| 49/50 [07:04<00:08,  8.01s/it][A
100%|██████████| 50/50 [07:11<00:00,  7.58s/it][A
100%|██████████| 50/50 [07:11<00:00,  8.62s/it]
offline:  10%|█         | 100000/1000000 [20:27<2485:13:31,  9.94s/it, eval_success=0.000]
offline:  10%|█         | 100029/1000000 [20:27<1272:01:36,  5.09s/it, eval_success=0.000]
offline:  10%|█         | 100048/1000000 [20:27<873:25:37,  3.49s/it, eval_success=0.000] 
offline:  10%|█         | 100067/1000000 [20:27<603:32:24,  2.41s/it, eval_success=0.000]
offline:  10%|█         | 100093/1000000 [20:27<376:24:29,  1.51s/it, eval_success=0.000]
  2%|▏         | 1/50 [00:08<06:58,  8.55s/it][A
  4%|▍         | 2/50 [00:17<06:50,  8.54s/it][A
  6%|▌         | 3/50 [00:25<06:43,  8.58s/it][A
  8%|▊         | 4/50 [00:34<06:34,  8.57s/it][A
 10%|█         | 5/50 [00:42<06:27,  8.60s/it][A
 12%|█▏        | 6/50 [00:51<06:18,  8.60s/it][A
 14%|█▍        | 7/50 [01:00<06:10,  8.61s/it][A
 16%|█▌        | 8/50 [01:08<06:01,  8.60s/it][A
 18%|█▊        | 9/50 [01:17<05:53,  8.61s/it][A
 20%|██        | 10/50 [01:25<05:44,  8.61s/it][A
 22%|██▏       | 11/50 [01:34<05:34,  8.58s/it][A
 24%|██▍       | 12/50 [01:43<05:25,  8.57s/it][A
 26%|██▌       | 13/50 [01:51<05:16,  8.55s/it][A
 28%|██▊       | 14/50 [02:00<05:08,  8.57s/it][A
 30%|███       | 15/50 [02:08<05:00,  8.59s/it][A
 32%|███▏      | 16/50 [02:17<04:52,  8.60s/it][A
 34%|███▍      | 17/50 [02:25<04:43,  8.58s/it][A
 36%|███▌      | 18/50 [02:34<04:35,  8.60s/it][A
 38%|███▊      | 19/50 [02:43<04:26,  8.60s/it][A
 40%|████      | 20/50 [02:52<04:21,  8.70s/it][A
 42%|████▏     | 21/50 [03:02<04:28,  9.26s/it][A
 44%|████▍     | 22/50 [03:13<04:29,  9.62s/it][A
 46%|████▌     | 23/50 [03:23<04:27,  9.90s/it][A
 48%|████▊     | 24/50 [03:34<04:22, 10.09s/it][A
 50%|█████     | 25/50 [03:46<04:29, 10.78s/it][A
 52%|█████▏    | 26/50 [03:59<04:31, 11.33s/it][A
 54%|█████▍    | 27/50 [04:11<04:28, 11.66s/it][A
 56%|█████▌    | 28/50 [04:24<04:21, 11.90s/it][A
 58%|█████▊    | 29/50 [04:36<04:13, 12.08s/it][A
 60%|██████    | 30/50 [04:49<04:04, 12.22s/it][A
 62%|██████▏   | 31/50 [05:01<03:53, 12.30s/it][A
 64%|██████▍   | 32/50 [05:14<03:42, 12.38s/it][A
 66%|██████▌   | 33/50 [05:26<03:30, 12.38s/it][A
 68%|██████▊   | 34/50 [05:39<03:18, 12.43s/it][A
 70%|███████   | 35/50 [05:51<03:06, 12.44s/it][A
 72%|███████▏  | 36/50 [06:04<02:54, 12.47s/it][A
 74%|███████▍  | 37/50 [06:16<02:42, 12.47s/it][A
 76%|███████▌  | 38/50 [06:29<02:29, 12.49s/it][A
 78%|███████▊  | 39/50 [06:41<02:17, 12.49s/it][A
 80%|████████  | 40/50 [06:54<02:05, 12.50s/it][A
 82%|████████▏ | 41/50 [07:06<01:52, 12.48s/it][A
 84%|████████▍ | 42/50 [07:19<01:39, 12.48s/it][A
 86%|████████▌ | 43/50 [07:31<01:27, 12.47s/it][A
 88%|████████▊ | 44/50 [07:44<01:14, 12.49s/it][A
 90%|█████████ | 45/50 [07:56<01:02, 12.49s/it][A
 92%|█████████▏| 46/50 [08:09<00:49, 12.48s/it][A
 94%|█████████▍| 47/50 [08:21<00:37, 12.47s/it][A
 96%|█████████▌| 48/50 [08:34<00:25, 12.50s/it][A
 98%|█████████▊| 49/50 [08:46<00:12, 12.49s/it][A
100%|██████████| 50/50 [08:59<00:00, 12.50s/it][A
100%|██████████| 50/50 [08:59<00:00, 10.78s/it]
offline:  20%|██        | 200000/1000000 [37:32<1979:25:02,  8.91s/it, eval_success=0.000]
offline:  20%|██        | 200015/1000000 [37:32<1462:36:31,  6.58s/it, eval_success=0.000]
offline:  20%|██        | 200032/1000000 [37:32<1028:19:49,  4.63s/it, eval_success=0.000]
offline:  20%|██        | 200048/1000000 [37:33<735:07:26,  3.31s/it, eval_success=0.000] 
offline:  20%|██        | 200063/1000000 [37:33<532:18:11,  2.40s/it, eval_success=0.000]
offline:  20%|██        | 200077/1000000 [37:33<389:26:55,  1.75s/it, eval_success=0.000]
offline:  20%|██        | 200093/1000000 [37:33<270:55:40,  1.22s/it, eval_success=0.000]
  2%|▏         | 1/50 [00:06<05:27,  6.68s/it][A
  4%|▍         | 2/50 [00:11<04:39,  5.81s/it][A
  6%|▌         | 3/50 [00:16<04:05,  5.21s/it][A
  8%|▊         | 4/50 [00:23<04:27,  5.81s/it][A
 10%|█         | 5/50 [00:28<04:15,  5.68s/it][A
 12%|█▏        | 6/50 [00:32<03:51,  5.25s/it][A
 14%|█▍        | 7/50 [00:38<03:44,  5.23s/it][A
 16%|█▌        | 8/50 [00:42<03:21,  4.81s/it][A
 18%|█▊        | 9/50 [00:47<03:21,  4.92s/it][A
 20%|██        | 10/50 [00:51<03:13,  4.83s/it][A
 22%|██▏       | 11/50 [00:57<03:12,  4.95s/it][A
 24%|██▍       | 12/50 [01:02<03:11,  5.03s/it][A
 26%|██▌       | 13/50 [01:05<02:46,  4.51s/it][A
 28%|██▊       | 14/50 [01:09<02:34,  4.29s/it][A
 30%|███       | 15/50 [01:12<02:22,  4.08s/it][A
 32%|███▏      | 16/50 [01:18<02:29,  4.40s/it][A
 34%|███▍      | 17/50 [01:22<02:23,  4.33s/it][A
 36%|███▌      | 18/50 [01:25<02:11,  4.10s/it][A
 38%|███▊      | 19/50 [01:29<02:01,  3.93s/it][A
 40%|████      | 20/50 [01:34<02:08,  4.28s/it][A
 42%|████▏     | 21/50 [01:38<01:59,  4.14s/it][A
 44%|████▍     | 22/50 [01:41<01:52,  4.01s/it][A
 46%|████▌     | 23/50 [01:46<01:50,  4.08s/it][A
 48%|████▊     | 24/50 [01:49<01:39,  3.84s/it][A
 50%|█████     | 25/50 [01:52<01:32,  3.71s/it][A
 52%|█████▏    | 26/50 [01:56<01:27,  3.66s/it][A
 54%|█████▍    | 27/50 [02:00<01:26,  3.77s/it][A
 56%|█████▌    | 28/50 [02:05<01:28,  4.00s/it][A
 58%|█████▊    | 29/50 [02:11<01:40,  4.78s/it][A
 60%|██████    | 30/50 [02:16<01:37,  4.88s/it][A
 62%|██████▏   | 31/50 [02:23<01:41,  5.36s/it][A
 64%|██████▍   | 32/50 [02:30<01:45,  5.85s/it][A
 66%|██████▌   | 33/50 [02:36<01:41,  5.95s/it][A
 68%|██████▊   | 34/50 [02:44<01:45,  6.60s/it][A
 70%|███████   | 35/50 [02:50<01:36,  6.46s/it][A
 72%|███████▏  | 36/50 [02:57<01:31,  6.54s/it][A
 74%|███████▍  | 37/50 [03:04<01:25,  6.59s/it][A
 76%|███████▌  | 38/50 [03:09<01:15,  6.30s/it][A
 78%|███████▊  | 39/50 [03:18<01:16,  7.00s/it][A
 80%|████████  | 40/50 [03:25<01:09,  6.95s/it][A
 82%|████████▏ | 41/50 [03:32<01:04,  7.16s/it][A
 84%|████████▍ | 42/50 [03:39<00:56,  7.01s/it][A
 86%|████████▌ | 43/50 [03:46<00:49,  7.01s/it][A
 88%|████████▊ | 44/50 [03:52<00:39,  6.57s/it][A
 90%|█████████ | 45/50 [03:58<00:32,  6.41s/it][A
 92%|█████████▏| 46/50 [04:02<00:23,  5.81s/it][A
 94%|█████████▍| 47/50 [04:09<00:18,  6.07s/it][A
 96%|█████████▌| 48/50 [04:14<00:11,  5.85s/it][A
 98%|█████████▊| 49/50 [04:19<00:05,  5.68s/it][A
100%|██████████| 50/50 [04:24<00:00,  5.39s/it][A
100%|██████████| 50/50 [04:24<00:00,  5.29s/it]
offline:  30%|███       | 300000/1000000 [52:56<959:01:10,  4.93s/it, eval_success=0.780]
offline:  30%|███       | 300022/1000000 [52:56<605:17:56,  3.11s/it, eval_success=0.780]
offline:  30%|███       | 300043/1000000 [52:57<402:57:00,  2.07s/it, eval_success=0.780]
offline:  30%|███       | 300064/1000000 [52:57<272:57:37,  1.40s/it, eval_success=0.780]
  2%|▏         | 1/50 [00:10<08:36, 10.55s/it][A
  4%|▍         | 2/50 [00:18<07:24,  9.26s/it][A
  6%|▌         | 3/50 [00:25<06:12,  7.92s/it][A
  8%|▊         | 4/50 [00:35<06:53,  8.99s/it][A
 10%|█         | 5/50 [00:46<07:10,  9.56s/it][A
 12%|█▏        | 6/50 [00:57<07:16,  9.91s/it][A
 14%|█▍        | 7/50 [01:07<07:15, 10.14s/it][A
 16%|█▌        | 8/50 [01:18<07:11, 10.28s/it][A
 18%|█▊        | 9/50 [01:28<07:05, 10.39s/it][A
 20%|██        | 10/50 [01:39<06:58, 10.46s/it][A
 22%|██▏       | 11/50 [01:50<06:49, 10.50s/it][A
 24%|██▍       | 12/50 [02:00<06:39, 10.52s/it][A
 26%|██▌       | 13/50 [02:11<06:30, 10.55s/it][A
 28%|██▊       | 14/50 [02:21<06:20, 10.56s/it][A
 30%|███       | 15/50 [02:32<06:09, 10.56s/it][A
 32%|███▏      | 16/50 [02:41<05:45, 10.15s/it][A
 34%|███▍      | 17/50 [02:52<05:39, 10.28s/it][A
 36%|███▌      | 18/50 [03:01<05:17,  9.91s/it][A
 38%|███▊      | 19/50 [03:11<05:12, 10.08s/it][A
 40%|████      | 20/50 [03:22<05:07, 10.24s/it][A
 42%|████▏     | 21/50 [03:32<04:59, 10.34s/it][A
 44%|████▍     | 22/50 [03:43<04:51, 10.41s/it][A
 46%|████▌     | 23/50 [03:54<04:42, 10.46s/it][A
 48%|████▊     | 24/50 [04:04<04:33, 10.51s/it][A
 50%|█████     | 25/50 [04:15<04:23, 10.52s/it][A
 52%|█████▏    | 26/50 [04:25<04:12, 10.53s/it][A
 54%|█████▍    | 27/50 [04:36<04:02, 10.55s/it][A
 56%|█████▌    | 28/50 [04:43<03:31,  9.63s/it][A
 58%|█████▊    | 29/50 [04:54<03:28,  9.91s/it][A
 60%|██████    | 30/50 [05:05<03:23, 10.15s/it][A
 62%|██████▏   | 31/50 [05:15<03:14, 10.26s/it][A
 64%|██████▍   | 32/50 [05:26<03:06, 10.34s/it][A
 66%|██████▌   | 33/50 [05:33<02:41,  9.50s/it][A
 68%|██████▊   | 34/50 [05:44<02:38,  9.92s/it][A
 70%|███████   | 35/50 [05:52<02:18,  9.21s/it][A
 72%|███████▏  | 36/50 [06:02<02:14,  9.61s/it][A
 74%|███████▍  | 37/50 [06:10<01:56,  8.96s/it][A
 76%|███████▌  | 38/50 [06:20<01:52,  9.41s/it][A
 78%|███████▊  | 39/50 [06:29<01:42,  9.35s/it][A
 80%|████████  | 40/50 [06:40<01:37,  9.72s/it][A
 82%|████████▏ | 41/50 [06:50<01:29,  9.97s/it][A
 84%|████████▍ | 42/50 [07:01<01:21, 10.14s/it][A
 86%|████████▌ | 43/50 [07:12<01:12, 10.30s/it][A
 88%|████████▊ | 44/50 [07:22<01:02, 10.36s/it][A
 90%|█████████ | 45/50 [07:32<00:51, 10.23s/it][A
 92%|█████████▏| 46/50 [07:39<00:36,  9.11s/it][A
 94%|█████████▍| 47/50 [07:47<00:27,  9.01s/it][A
 96%|█████████▌| 48/50 [07:58<00:18,  9.47s/it][A
 98%|█████████▊| 49/50 [08:08<00:09,  9.81s/it][A
100%|██████████| 50/50 [08:18<00:00,  9.67s/it][A
100%|██████████| 50/50 [08:18<00:00,  9.97s/it]
offline:  40%|████      | 400000/1000000 [1:12:03<1871:08:35, 11.23s/it, eval_success=0.260]
offline:  40%|████      | 400022/1000000 [1:12:03<1096:12:23,  6.58s/it, eval_success=0.260]
offline:  40%|████      | 400039/1000000 [1:12:03<752:29:01,  4.52s/it, eval_success=0.260] 
offline:  40%|████      | 400056/1000000 [1:12:03<519:54:58,  3.12s/it, eval_success=0.260]
offline:  40%|████      | 400072/1000000 [1:12:03<367:26:48,  2.20s/it, eval_success=0.260]
offline:  40%|████      | 400088/1000000 [1:12:03<259:12:59,  1.56s/it, eval_success=0.260]
offline:  40%|████      | 400103/1000000 [1:12:04<186:06:45,  1.12s/it, eval_success=0.260]
  2%|▏         | 1/50 [00:05<04:12,  5.16s/it][A
  4%|▍         | 2/50 [00:09<03:48,  4.77s/it][A
  6%|▌         | 3/50 [00:14<03:42,  4.73s/it][A
  8%|▊         | 4/50 [00:20<04:04,  5.31s/it][A
 10%|█         | 5/50 [00:24<03:37,  4.83s/it][A
 12%|█▏        | 6/50 [00:28<03:13,  4.41s/it][A
 14%|█▍        | 7/50 [00:31<02:51,  4.00s/it][A
 16%|█▌        | 8/50 [00:36<03:01,  4.31s/it][A
 18%|█▊        | 9/50 [00:39<02:46,  4.05s/it][A
 20%|██        | 10/50 [00:44<02:48,  4.22s/it][A
 22%|██▏       | 11/50 [00:48<02:41,  4.14s/it][A
 24%|██▍       | 12/50 [00:52<02:35,  4.09s/it][A
 26%|██▌       | 13/50 [00:57<02:44,  4.43s/it][A
 28%|██▊       | 14/50 [01:02<02:44,  4.57s/it][A
 30%|███       | 15/50 [01:07<02:45,  4.73s/it][A
 32%|███▏      | 16/50 [01:12<02:44,  4.82s/it][A
 34%|███▍      | 17/50 [01:16<02:33,  4.65s/it][A
 36%|███▌      | 18/50 [01:20<02:22,  4.44s/it][A
 38%|███▊      | 19/50 [01:24<02:08,  4.16s/it][A
 40%|████      | 20/50 [01:27<01:58,  3.94s/it][A
 42%|████▏     | 21/50 [01:31<01:56,  4.00s/it][A
 44%|████▍     | 22/50 [01:36<01:58,  4.22s/it][A
 46%|████▌     | 23/50 [01:40<01:50,  4.09s/it][A
 48%|████▊     | 24/50 [01:43<01:39,  3.82s/it][A
 50%|█████     | 25/50 [01:46<01:32,  3.71s/it][A
 52%|█████▏    | 26/50 [01:52<01:39,  4.15s/it][A
 54%|█████▍    | 27/50 [01:55<01:33,  4.05s/it][A
 56%|█████▌    | 28/50 [02:00<01:33,  4.27s/it][A
 58%|█████▊    | 29/50 [02:05<01:33,  4.47s/it][A
 60%|██████    | 30/50 [02:10<01:29,  4.48s/it][A
 62%|██████▏   | 31/50 [02:15<01:30,  4.76s/it][A
 64%|██████▍   | 32/50 [02:22<01:36,  5.34s/it][A
 66%|██████▌   | 33/50 [02:27<01:28,  5.21s/it][A
 68%|██████▊   | 34/50 [02:31<01:20,  5.04s/it][A
 70%|███████   | 35/50 [02:37<01:16,  5.13s/it][A
 72%|███████▏  | 36/50 [02:43<01:16,  5.48s/it][A
 74%|███████▍  | 37/50 [02:52<01:23,  6.43s/it][A
 76%|███████▌  | 38/50 [02:59<01:19,  6.64s/it][A
 78%|███████▊  | 39/50 [03:05<01:10,  6.41s/it][A
 80%|████████  | 40/50 [03:12<01:06,  6.69s/it][A
 82%|████████▏ | 41/50 [03:17<00:56,  6.26s/it][A
 84%|████████▍ | 42/50 [03:26<00:55,  6.89s/it][A
 86%|████████▌ | 43/50 [03:34<00:51,  7.35s/it][A
 88%|████████▊ | 44/50 [03:41<00:43,  7.30s/it][A
 90%|█████████ | 45/50 [03:48<00:36,  7.23s/it][A
 92%|█████████▏| 46/50 [03:56<00:29,  7.48s/it][A
 94%|█████████▍| 47/50 [04:07<00:25,  8.38s/it][A
 96%|█████████▌| 48/50 [04:15<00:16,  8.32s/it][A
 98%|█████████▊| 49/50 [04:22<00:08,  8.09s/it][A
100%|██████████| 50/50 [04:33<00:00,  8.81s/it][A
100%|██████████| 50/50 [04:33<00:00,  5.47s/it]
offline:  50%|█████     | 500000/1000000 [1:25:36<550:33:21,  3.96s/it, eval_success=0.820]
offline:  50%|█████     | 500019/1000000 [1:25:36<395:31:06,  2.85s/it, eval_success=0.820]
offline:  50%|█████     | 500040/1000000 [1:25:36<274:02:10,  1.97s/it, eval_success=0.820]
offline:  50%|█████     | 500058/1000000 [1:25:37<199:11:59,  1.43s/it, eval_success=0.820]
offline:  50%|█████     | 500076/1000000 [1:25:37<143:31:25,  1.03s/it, eval_success=0.820]
  2%|▏         | 1/50 [00:07<05:51,  7.17s/it][A
  4%|▍         | 2/50 [00:12<04:45,  5.94s/it][A
  6%|▌         | 3/50 [00:20<05:21,  6.84s/it][A
  8%|▊         | 4/50 [00:25<04:56,  6.44s/it][A
 10%|█         | 5/50 [00:34<05:22,  7.17s/it][A
 12%|█▏        | 6/50 [00:42<05:29,  7.50s/it][A
 14%|█▍        | 7/50 [00:49<05:11,  7.25s/it][A
 16%|█▌        | 8/50 [00:57<05:22,  7.67s/it][A
 18%|█▊        | 9/50 [01:06<05:25,  7.95s/it][A
 20%|██        | 10/50 [01:12<04:54,  7.36s/it][A
 22%|██▏       | 11/50 [01:21<05:02,  7.75s/it][A
 24%|██▍       | 12/50 [01:26<04:27,  7.04s/it][A
 26%|██▌       | 13/50 [01:34<04:33,  7.40s/it][A
 28%|██▊       | 14/50 [01:41<04:15,  7.10s/it][A
 30%|███       | 15/50 [01:47<04:00,  6.88s/it][A
 32%|███▏      | 16/50 [01:56<04:10,  7.35s/it][A
 34%|███▍      | 17/50 [02:02<03:51,  7.02s/it][A
 36%|███▌      | 18/50 [02:07<03:30,  6.57s/it][A
 38%|███▊      | 19/50 [02:16<03:41,  7.16s/it][A
 40%|████      | 20/50 [02:21<03:20,  6.70s/it][A
 42%|████▏     | 21/50 [02:30<03:30,  7.26s/it][A
 44%|████▍     | 22/50 [02:39<03:34,  7.65s/it][A
 46%|████▌     | 23/50 [02:47<03:34,  7.94s/it][A
 48%|████▊     | 24/50 [02:53<03:12,  7.39s/it][A
 50%|█████     | 25/50 [03:02<03:13,  7.74s/it][A
 52%|█████▏    | 26/50 [03:07<02:50,  7.08s/it][A
 54%|█████▍    | 27/50 [03:13<02:32,  6.65s/it][A
 56%|█████▌    | 28/50 [03:17<02:09,  5.90s/it][A
 58%|█████▊    | 29/50 [03:22<01:59,  5.67s/it][A
 60%|██████    | 30/50 [03:28<01:52,  5.64s/it][A
 62%|██████▏   | 31/50 [03:32<01:38,  5.19s/it][A
 64%|██████▍   | 32/50 [03:37<01:31,  5.09s/it][A
 66%|██████▌   | 33/50 [03:41<01:23,  4.91s/it][A
 68%|██████▊   | 34/50 [03:47<01:21,  5.10s/it][A
 70%|███████   | 35/50 [03:52<01:15,  5.04s/it][A
 72%|███████▏  | 36/50 [03:58<01:17,  5.52s/it][A
 74%|███████▍  | 37/50 [04:03<01:06,  5.13s/it][A
 76%|███████▌  | 38/50 [04:07<00:59,  4.98s/it][A
 78%|███████▊  | 39/50 [04:13<00:56,  5.10s/it][A
 80%|████████  | 40/50 [04:19<00:55,  5.58s/it][A
 82%|████████▏ | 41/50 [04:26<00:53,  5.92s/it][A
 84%|████████▍ | 42/50 [04:31<00:44,  5.61s/it][A
 86%|████████▌ | 43/50 [04:38<00:41,  5.94s/it][A
 88%|████████▊ | 44/50 [04:42<00:32,  5.48s/it][A
 90%|█████████ | 45/50 [04:46<00:25,  5.15s/it][A
 92%|█████████▏| 46/50 [04:51<00:20,  5.01s/it][A
 94%|█████████▍| 47/50 [04:56<00:14,  4.83s/it][A
 96%|█████████▌| 48/50 [05:00<00:09,  4.72s/it][A
 98%|█████████▊| 49/50 [05:04<00:04,  4.61s/it][A
100%|██████████| 50/50 [05:09<00:00,  4.64s/it][A
100%|██████████| 50/50 [05:09<00:00,  6.19s/it]
offline:  60%|██████    | 600000/1000000 [1:43:55<810:46:27,  7.30s/it, eval_success=0.720]
offline:  60%|██████    | 600027/1000000 [1:43:55<425:07:36,  3.83s/it, eval_success=0.720]
offline:  60%|██████    | 600045/1000000 [1:43:55<292:44:47,  2.64s/it, eval_success=0.720]
offline:  60%|██████    | 600069/1000000 [1:43:55<183:49:11,  1.65s/it, eval_success=0.720]
offline:  60%|██████    | 600089/1000000 [1:43:55<127:30:13,  1.15s/it, eval_success=0.720]
  2%|▏         | 1/50 [00:05<04:13,  5.17s/it][A
  4%|▍         | 2/50 [00:11<04:29,  5.61s/it][A
  6%|▌         | 3/50 [00:16<04:24,  5.63s/it][A
  8%|▊         | 4/50 [00:22<04:20,  5.66s/it][A
 10%|█         | 5/50 [00:29<04:33,  6.07s/it][A
 12%|█▏        | 6/50 [00:34<04:17,  5.86s/it][A
 14%|█▍        | 7/50 [00:40<04:08,  5.78s/it][A
 16%|█▌        | 8/50 [00:44<03:43,  5.31s/it][A
 18%|█▊        | 9/50 [00:49<03:34,  5.24s/it][A
 20%|██        | 10/50 [00:54<03:28,  5.22s/it][A
 22%|██▏       | 11/50 [00:59<03:14,  4.99s/it][A
 24%|██▍       | 12/50 [01:04<03:11,  5.04s/it][A
 26%|██▌       | 13/50 [01:09<03:11,  5.18s/it][A
 28%|██▊       | 14/50 [01:16<03:23,  5.65s/it][A
 30%|███       | 15/50 [01:21<03:05,  5.30s/it][A
 32%|███▏      | 16/50 [01:27<03:14,  5.73s/it][A
 34%|███▍      | 17/50 [01:34<03:18,  6.02s/it][A
 36%|███▌      | 18/50 [01:40<03:09,  5.92s/it][A
 38%|███▊      | 19/50 [01:44<02:46,  5.36s/it][A
 40%|████      | 20/50 [01:49<02:39,  5.31s/it][A
 42%|████▏     | 21/50 [01:53<02:25,  5.03s/it][A
 44%|████▍     | 22/50 [01:58<02:15,  4.85s/it][A
 46%|████▌     | 23/50 [02:02<02:07,  4.73s/it][A
 48%|████▊     | 24/50 [02:08<02:13,  5.12s/it][A
 50%|█████     | 25/50 [02:13<02:00,  4.83s/it][A
 52%|█████▏    | 26/50 [02:18<02:03,  5.16s/it][A
 54%|█████▍    | 27/50 [02:24<01:59,  5.19s/it][A
 56%|█████▌    | 28/50 [02:28<01:46,  4.82s/it][A
 58%|█████▊    | 29/50 [02:33<01:42,  4.90s/it][A
 60%|██████    | 30/50 [02:39<01:45,  5.28s/it][A
 62%|██████▏   | 31/50 [02:44<01:37,  5.14s/it][A
 64%|██████▍   | 32/50 [02:48<01:25,  4.74s/it][A
 66%|██████▌   | 33/50 [02:53<01:22,  4.85s/it][A
 68%|██████▊   | 34/50 [02:57<01:14,  4.63s/it][A
 70%|███████   | 35/50 [03:02<01:10,  4.72s/it][A
 72%|███████▏  | 36/50 [03:06<01:02,  4.46s/it][A
 74%|███████▍  | 37/50 [03:10<00:59,  4.55s/it][A
 76%|███████▌  | 38/50 [03:15<00:54,  4.51s/it][A
 78%|███████▊  | 39/50 [03:21<00:56,  5.16s/it][A
 80%|████████  | 40/50 [03:27<00:51,  5.19s/it][A
 82%|████████▏ | 41/50 [03:31<00:44,  4.93s/it][A
 84%|████████▍ | 42/50 [03:35<00:37,  4.66s/it][A
 86%|████████▌ | 43/50 [03:43<00:40,  5.72s/it][A
 88%|████████▊ | 44/50 [03:49<00:34,  5.73s/it][A
 90%|█████████ | 45/50 [03:57<00:32,  6.54s/it][A
 92%|█████████▏| 46/50 [04:03<00:24,  6.23s/it][A
 94%|█████████▍| 47/50 [04:09<00:18,  6.11s/it][A
 96%|█████████▌| 48/50 [04:17<00:13,  6.85s/it][A
 98%|█████████▊| 49/50 [04:24<00:06,  6.80s/it][A
100%|██████████| 50/50 [04:31<00:00,  6.92s/it][A
100%|██████████| 50/50 [04:31<00:00,  5.43s/it]
offline:  70%|███████   | 700000/1000000 [1:57:26<386:03:21,  4.63s/it, eval_success=0.880]
offline:  70%|███████   | 700021/1000000 [1:57:26<255:41:24,  3.07s/it, eval_success=0.880]
offline:  70%|███████   | 700040/1000000 [1:57:26<178:05:33,  2.14s/it, eval_success=0.880]
offline:  70%|███████   | 700059/1000000 [1:57:26<124:17:24,  1.49s/it, eval_success=0.880]
offline:  70%|███████   | 700078/1000000 [1:57:26<86:55:08,  1.04s/it, eval_success=0.880] 
  2%|▏         | 1/50 [00:08<06:58,  8.54s/it][A
  4%|▍         | 2/50 [00:15<06:02,  7.56s/it][A
  6%|▌         | 3/50 [00:21<05:16,  6.74s/it][A
  8%|▊         | 4/50 [00:26<04:39,  6.08s/it][A
 10%|█         | 5/50 [00:34<05:13,  6.97s/it][A
 12%|█▏        | 6/50 [00:40<04:43,  6.44s/it][A
 14%|█▍        | 7/50 [00:47<04:44,  6.61s/it][A
 16%|█▌        | 8/50 [00:52<04:25,  6.33s/it][A
 18%|█▊        | 9/50 [00:59<04:29,  6.56s/it][A
 20%|██        | 10/50 [01:08<04:47,  7.19s/it][A
 22%|██▏       | 11/50 [01:14<04:25,  6.81s/it][A
 24%|██▍       | 12/50 [01:20<04:12,  6.64s/it][A
 26%|██▌       | 13/50 [01:26<03:57,  6.42s/it][A
 28%|██▊       | 14/50 [01:32<03:43,  6.22s/it][A
 30%|███       | 15/50 [01:38<03:36,  6.17s/it][A
 32%|███▏      | 16/50 [01:43<03:20,  5.89s/it][A
 34%|███▍      | 17/50 [01:49<03:10,  5.77s/it][A
 36%|███▌      | 18/50 [01:55<03:09,  5.91s/it][A
 38%|███▊      | 19/50 [02:01<03:00,  5.81s/it][A
 40%|████      | 20/50 [02:09<03:18,  6.62s/it][A
 42%|████▏     | 21/50 [02:15<03:08,  6.49s/it][A
 44%|████▍     | 22/50 [02:22<03:02,  6.50s/it][A
 46%|████▌     | 23/50 [02:26<02:39,  5.92s/it][A
 48%|████▊     | 24/50 [02:34<02:48,  6.47s/it][A
 50%|█████     | 25/50 [02:40<02:37,  6.32s/it][A
 52%|█████▏    | 26/50 [02:45<02:22,  5.94s/it][A
 54%|█████▍    | 27/50 [02:51<02:13,  5.81s/it][A
 56%|█████▌    | 28/50 [02:56<02:07,  5.81s/it][A
 58%|█████▊    | 29/50 [03:02<02:03,  5.87s/it][A
 60%|██████    | 30/50 [03:08<01:55,  5.76s/it][A
 62%|██████▏   | 31/50 [03:14<01:51,  5.86s/it][A
 64%|██████▍   | 32/50 [03:20<01:44,  5.81s/it][A
 66%|██████▌   | 33/50 [03:25<01:37,  5.72s/it][A
 68%|██████▊   | 34/50 [03:31<01:33,  5.86s/it][A
 70%|███████   | 35/50 [03:38<01:29,  5.96s/it][A
 72%|███████▏  | 36/50 [03:43<01:22,  5.90s/it][A
 74%|███████▍  | 37/50 [03:48<01:12,  5.55s/it][A
 76%|███████▌  | 38/50 [03:53<01:02,  5.21s/it][A
 78%|███████▊  | 39/50 [03:57<00:53,  4.89s/it][A
 80%|████████  | 40/50 [04:01<00:48,  4.83s/it][A
 82%|████████▏ | 41/50 [04:06<00:43,  4.81s/it][A
 84%|████████▍ | 42/50 [04:11<00:37,  4.70s/it][A
 86%|████████▌ | 43/50 [04:16<00:34,  4.88s/it][A
 88%|████████▊ | 44/50 [04:20<00:28,  4.76s/it][A
 90%|█████████ | 45/50 [04:25<00:23,  4.63s/it][A
 92%|█████████▏| 46/50 [04:31<00:21,  5.28s/it][A
 94%|█████████▍| 47/50 [04:36<00:14,  4.99s/it][A
 96%|█████████▌| 48/50 [04:42<00:11,  5.50s/it][A
 98%|█████████▊| 49/50 [04:49<00:05,  5.84s/it][A
100%|██████████| 50/50 [04:54<00:00,  5.43s/it][A
100%|██████████| 50/50 [04:54<00:00,  5.88s/it]
offline:  80%|████████  | 800000/1000000 [2:13:16<317:57:40,  5.72s/it, eval_success=0.840]
offline:  80%|████████  | 800026/1000000 [2:13:16<184:44:51,  3.33s/it, eval_success=0.840]
offline:  80%|████████  | 800052/1000000 [2:13:16<115:37:18,  2.08s/it, eval_success=0.840]
offline:  80%|████████  | 800073/1000000 [2:13:16<80:49:00,  1.46s/it, eval_success=0.840] 
offline:  80%|████████  | 800093/1000000 [2:13:16<57:23:16,  1.03s/it, eval_success=0.840]
  2%|▏         | 1/50 [00:06<05:02,  6.18s/it][A
  4%|▍         | 2/50 [00:13<05:22,  6.73s/it][A
  6%|▌         | 3/50 [00:20<05:24,  6.91s/it][A
  8%|▊         | 4/50 [00:30<06:07,  7.98s/it][A
 10%|█         | 5/50 [00:38<06:11,  8.26s/it][A
 12%|█▏        | 6/50 [00:46<05:52,  8.02s/it][A
 14%|█▍        | 7/50 [00:54<05:46,  8.06s/it][A
 16%|█▌        | 8/50 [01:01<05:23,  7.69s/it][A
 18%|█▊        | 9/50 [01:08<05:02,  7.37s/it][A
 20%|██        | 10/50 [01:15<04:53,  7.34s/it][A
 22%|██▏       | 11/50 [01:23<04:51,  7.47s/it][A
 24%|██▍       | 12/50 [01:30<04:44,  7.48s/it][A
 26%|██▌       | 13/50 [01:41<05:11,  8.41s/it][A
 28%|██▊       | 14/50 [01:47<04:42,  7.83s/it][A
 30%|███       | 15/50 [01:56<04:39,  7.99s/it][A
 32%|███▏      | 16/50 [02:04<04:38,  8.19s/it][A
 34%|███▍      | 17/50 [02:11<04:19,  7.87s/it][A
 36%|███▌      | 18/50 [02:19<04:07,  7.74s/it][A
 38%|███▊      | 19/50 [02:26<03:52,  7.49s/it][A
 40%|████      | 20/50 [02:35<04:05,  8.19s/it][A
 42%|████▏     | 21/50 [02:46<04:17,  8.89s/it][A
 44%|████▍     | 22/50 [02:55<04:07,  8.84s/it][A
 46%|████▌     | 23/50 [03:02<03:44,  8.32s/it][A
 48%|████▊     | 24/50 [03:09<03:28,  8.02s/it][A
 50%|█████     | 25/50 [03:17<03:16,  7.86s/it][A
 52%|█████▏    | 26/50 [03:24<03:03,  7.64s/it][A
 54%|█████▍    | 27/50 [03:30<02:49,  7.36s/it][A
 56%|█████▌    | 28/50 [03:41<03:02,  8.31s/it][A
 58%|█████▊    | 29/50 [03:48<02:48,  8.02s/it][A
 60%|██████    | 30/50 [03:55<02:33,  7.69s/it][A
 62%|██████▏   | 31/50 [04:06<02:42,  8.56s/it][A
 64%|██████▍   | 32/50 [04:16<02:44,  9.15s/it][A
 66%|██████▌   | 33/50 [04:27<02:42,  9.55s/it][A
 68%|██████▊   | 34/50 [04:36<02:32,  9.55s/it][A
 70%|███████   | 35/50 [04:44<02:12,  8.86s/it][A
 72%|███████▏  | 36/50 [04:51<01:59,  8.53s/it][A
 74%|███████▍  | 37/50 [05:00<01:52,  8.63s/it][A
 76%|███████▌  | 38/50 [05:06<01:32,  7.72s/it][A
 78%|███████▊  | 39/50 [05:11<01:16,  6.94s/it][A
 80%|████████  | 40/50 [05:17<01:07,  6.78s/it][A
 82%|████████▏ | 41/50 [05:25<01:04,  7.16s/it][A
 84%|████████▍ | 42/50 [05:31<00:54,  6.76s/it][A
 86%|████████▌ | 43/50 [05:37<00:44,  6.42s/it][A
 88%|████████▊ | 44/50 [05:43<00:37,  6.19s/it][A
 90%|█████████ | 45/50 [05:51<00:34,  6.88s/it][A
 92%|█████████▏| 46/50 [05:57<00:26,  6.52s/it][A
 94%|█████████▍| 47/50 [06:03<00:19,  6.50s/it][A
 96%|█████████▌| 48/50 [06:11<00:13,  6.95s/it][A
 98%|█████████▊| 49/50 [06:16<00:06,  6.45s/it][A
100%|██████████| 50/50 [06:23<00:00,  6.53s/it][A
100%|██████████| 50/50 [06:23<00:00,  7.67s/it]
offline:  90%|█████████ | 900000/1000000 [2:30:07<229:06:16,  8.25s/it, eval_success=0.840]
offline:  90%|█████████ | 900022/1000000 [2:30:07<136:49:01,  4.93s/it, eval_success=0.840]
offline:  90%|█████████ | 900039/1000000 [2:30:07<94:44:12,  3.41s/it, eval_success=0.840] 
offline:  90%|█████████ | 900057/1000000 [2:30:07<64:40:46,  2.33s/it, eval_success=0.840]
offline:  90%|█████████ | 900074/1000000 [2:30:08<45:18:52,  1.63s/it, eval_success=0.840]
offline:  90%|█████████ | 900091/1000000 [2:30:08<31:45:44,  1.14s/it, eval_success=0.840]
  2%|▏         | 1/50 [00:10<08:32, 10.45s/it][A
  4%|▍         | 2/50 [00:20<08:09, 10.20s/it][A
  6%|▌         | 3/50 [00:27<06:48,  8.70s/it][A
  8%|▊         | 4/50 [00:33<06:01,  7.86s/it][A
 10%|█         | 5/50 [00:40<05:32,  7.39s/it][A
 12%|█▏        | 6/50 [00:51<06:11,  8.45s/it][A
 14%|█▍        | 7/50 [01:01<06:32,  9.13s/it][A
 16%|█▌        | 8/50 [01:09<06:08,  8.78s/it][A
 18%|█▊        | 9/50 [01:15<05:29,  8.04s/it][A
 20%|██        | 10/50 [01:22<04:58,  7.45s/it][A
 22%|██▏       | 11/50 [01:28<04:32,  6.99s/it][A
 24%|██▍       | 12/50 [01:33<04:07,  6.53s/it][A
 26%|██▌       | 13/50 [01:40<04:08,  6.73s/it][A
 28%|██▊       | 14/50 [01:47<04:04,  6.80s/it][A
 30%|███       | 15/50 [01:58<04:36,  7.91s/it][A
 32%|███▏      | 16/50 [02:04<04:12,  7.42s/it][A
 34%|███▍      | 17/50 [02:10<03:53,  7.07s/it][A
 36%|███▌      | 18/50 [02:18<03:53,  7.29s/it][A
 38%|███▊      | 19/50 [02:25<03:43,  7.22s/it][A
 40%|████      | 20/50 [02:32<03:34,  7.14s/it][A
 42%|████▏     | 21/50 [02:39<03:28,  7.20s/it][A
 44%|████▍     | 22/50 [02:47<03:23,  7.25s/it][A
 46%|████▌     | 23/50 [02:54<03:14,  7.21s/it][A
 48%|████▊     | 24/50 [03:02<03:18,  7.63s/it][A
 50%|█████     | 25/50 [03:09<03:05,  7.41s/it][A
 52%|█████▏    | 26/50 [03:20<03:20,  8.35s/it][A
 54%|█████▍    | 27/50 [03:28<03:07,  8.17s/it][A
 56%|█████▌    | 28/50 [03:38<03:15,  8.87s/it][A
 58%|█████▊    | 29/50 [03:49<03:17,  9.40s/it][A
 60%|██████    | 30/50 [03:55<02:50,  8.55s/it][A
 62%|██████▏   | 31/50 [04:06<02:54,  9.17s/it][A
 64%|██████▍   | 32/50 [04:13<02:32,  8.47s/it][A
 66%|██████▌   | 33/50 [04:21<02:20,  8.25s/it][A
 68%|██████▊   | 34/50 [04:28<02:08,  8.03s/it][A
 70%|███████   | 35/50 [04:37<02:03,  8.21s/it][A
 72%|███████▏  | 36/50 [04:44<01:49,  7.84s/it][A
 74%|███████▍  | 37/50 [04:53<01:49,  8.40s/it][A
 76%|███████▌  | 38/50 [05:04<01:48,  9.04s/it][A
 78%|███████▊  | 39/50 [05:11<01:31,  8.33s/it][A
 80%|████████  | 40/50 [05:17<01:17,  7.78s/it][A
 82%|████████▏ | 41/50 [05:25<01:10,  7.78s/it][A
 84%|████████▍ | 42/50 [05:32<01:00,  7.54s/it][A
 86%|████████▌ | 43/50 [05:40<00:54,  7.72s/it][A
 88%|████████▊ | 44/50 [05:47<00:44,  7.46s/it][A
 90%|█████████ | 45/50 [05:54<00:36,  7.35s/it][A
 92%|█████████▏| 46/50 [06:03<00:31,  7.94s/it][A
 94%|█████████▍| 47/50 [06:12<00:24,  8.05s/it][A
 96%|█████████▌| 48/50 [06:19<00:15,  7.83s/it][A
 98%|█████████▊| 49/50 [06:26<00:07,  7.57s/it][A
100%|██████████| 50/50 [06:35<00:00,  8.00s/it][A
100%|██████████| 50/50 [06:35<00:00,  7.91s/it]
offline: 100%|█████████▉| 999999/1000000 [2:46:11<00:11, 11.10s/it, eval_success=0.820] 
  2%|▏         | 1/50 [00:06<05:34,  6.83s/it][A
  4%|▍         | 2/50 [00:12<05:04,  6.34s/it][A
  6%|▌         | 3/50 [00:18<04:42,  6.01s/it][A
  8%|▊         | 4/50 [00:23<04:20,  5.67s/it][A
 10%|█         | 5/50 [00:29<04:21,  5.81s/it][A
 12%|█▏        | 6/50 [00:33<03:50,  5.24s/it][A
 14%|█▍        | 7/50 [00:39<03:44,  5.23s/it][A
 16%|█▌        | 8/50 [00:45<04:00,  5.72s/it][A
 18%|█▊        | 9/50 [00:51<03:49,  5.61s/it][A
 20%|██        | 10/50 [00:56<03:45,  5.65s/it][A
 22%|██▏       | 11/50 [01:01<03:30,  5.39s/it][A
 24%|██▍       | 12/50 [01:06<03:15,  5.14s/it][A
 26%|██▌       | 13/50 [01:10<02:58,  4.83s/it][A
 28%|██▊       | 14/50 [01:14<02:49,  4.72s/it][A
 30%|███       | 15/50 [01:21<03:06,  5.34s/it][A
 32%|███▏      | 16/50 [01:28<03:15,  5.74s/it][A
 34%|███▍      | 17/50 [01:32<02:54,  5.28s/it][A
 36%|███▌      | 18/50 [01:39<03:02,  5.70s/it][A
 38%|███▊      | 19/50 [01:43<02:42,  5.23s/it][A
 40%|████      | 20/50 [01:49<02:43,  5.44s/it][A
 42%|████▏     | 21/50 [01:54<02:32,  5.26s/it][A
 44%|████▍     | 22/50 [01:59<02:26,  5.22s/it][A
 46%|████▌     | 23/50 [02:03<02:16,  5.06s/it][A
 48%|████▊     | 24/50 [02:08<02:09,  4.98s/it][A
 50%|█████     | 25/50 [02:14<02:10,  5.21s/it][A
 52%|█████▏    | 26/50 [02:19<02:01,  5.06s/it][A
 54%|█████▍    | 27/50 [02:24<01:58,  5.13s/it][A
 56%|█████▌    | 28/50 [02:29<01:51,  5.05s/it][A
 58%|█████▊    | 29/50 [02:35<01:51,  5.33s/it][A
 60%|██████    | 30/50 [02:39<01:41,  5.08s/it][A
 62%|██████▏   | 31/50 [02:44<01:32,  4.88s/it][A
 64%|██████▍   | 32/50 [02:48<01:25,  4.73s/it][A
 66%|██████▌   | 33/50 [02:52<01:18,  4.64s/it][A
 68%|██████▊   | 34/50 [02:57<01:15,  4.69s/it][A
 70%|███████   | 35/50 [03:03<01:13,  4.92s/it][A
 72%|███████▏  | 36/50 [03:07<01:05,  4.71s/it][A
 74%|███████▍  | 37/50 [03:11<00:59,  4.57s/it][A
 76%|███████▌  | 38/50 [03:18<01:02,  5.22s/it][A
 78%|███████▊  | 39/50 [03:22<00:54,  4.99s/it][A
 80%|████████  | 40/50 [03:27<00:47,  4.76s/it][A
 82%|████████▏ | 41/50 [03:31<00:42,  4.72s/it][A
 84%|████████▍ | 42/50 [03:38<00:42,  5.32s/it][A
 86%|████████▌ | 43/50 [03:45<00:40,  5.75s/it][A
 88%|████████▊ | 44/50 [03:50<00:33,  5.59s/it][A
 90%|█████████ | 45/50 [03:54<00:25,  5.20s/it][A
 92%|█████████▏| 46/50 [04:01<00:22,  5.65s/it][A
 94%|█████████▍| 47/50 [04:06<00:16,  5.59s/it][A
 96%|█████████▌| 48/50 [04:11<00:10,  5.30s/it][A
 98%|█████████▊| 49/50 [04:15<00:05,  5.03s/it][A
100%|██████████| 50/50 [04:20<00:00,  4.84s/it][A
100%|██████████| 50/50 [04:20<00:00,  5.21s/it]
offline: 100%|█████████▉| 999999/1000000 [2:50:31<00:11, 11.10s/it, eval_success=0.840]
offline: 100%|██████████| 1000000/1000000 [2:50:31<00:00, 20.71s/it, eval_success=0.840]
Saved to exp/beat/ant2/Q_rebrac_t2/antmaze-giant-navigate-singletask-task2-v0/antmaze-giant-navigate-singletask-task2-v0_sd000_rebrac_nstep-h1_20260819_154222/params_offline.pkl
Saved modules ('critic', 'target_critic') to exp/beat/ant2/Q_rebrac_t2/antmaze-giant-navigate-singletask-task2-v0/antmaze-giant-navigate-singletask-task2-v0_sd000_rebrac_nstep-h1_20260819_154222/critic_offline.pkl
[1;34mwandb[0m: 
[1;34mwandb[0m: 🚀 View run [33mantmaze-giant-navigate-singletask-task2-v0_sd000_rebrac_nstep-h1_20260819_154222[0m at: [34mhttps://wandb.ai/tjrcjf410-seoul-national-university/ant2/runs/ki7mdqb4[0m
[1;34mwandb[0m: Find logs at: [1;35m../../../tmp/tmpqh6qbhqp/wandb/run-20260819_154223-ki7mdqb4/logs[0m
--- last progress lines ---
offline: 100%|██████████| 1000000/1000000 [2:50:31<00:00, 97.74it/s, eval_success=0.840]
online: 0it [00:00, ?it/s]
online: 0it [00:00, ?it/s]
