wandb: Using wandb-core as the SDK backend.  Please refer to https://wandb.me/wandb-core for more information.
wandb: Currently logged in as: tjrcjf410 (sjun0803-seoul-national-university) to https://api.wandb.ai. Use `wandb login --relogin` to force relogin
wandb: Tracking run with wandb version 0.19.9
wandb: Run data is saved locally in /tmp/tmpuyco8c_h/wandb/run-20260819_193940-rz9ojhdx
wandb: Run `wandb offline` to turn off syncing.
wandb: Syncing run antmaze-giant-navigate-singletask-task1-v0_sd001_rebrac_nstep-h1_20260819_193939
wandb: ⭐️ View project at https://wandb.ai/tjrcjf410-seoul-national-university/ant2
wandb: 🚀 View run at https://wandb.ai/tjrcjf410-seoul-national-university/ant2/runs/rz9ojhdx
wandb: WARNING Symlinked 8 files into the W&B run directory, call wandb.save again to sync new files.
I0819 19:39:41.725497 132617252353856 acceleratesupport.py:24] No OpenGL_accelerate module loaded: No module named 'OpenGL_accelerate'
offline:   0%|          | 1/1000000 [00:44<12315:29:50, 44.34s/it]
offline:   0%|          | 2/1000000 [00:44<5124:47:55, 18.45s/it] 
  2%|▏         | 1/50 [00:09<07:24,  9.08s/it][A
  4%|▍         | 2/50 [00:17<06:56,  8.68s/it][A
  6%|▌         | 3/50 [00:25<06:40,  8.51s/it][A
  8%|▊         | 4/50 [00:34<06:30,  8.48s/it][A
 10%|█         | 5/50 [00:42<06:18,  8.42s/it][A
 12%|█▏        | 6/50 [00:50<06:09,  8.39s/it][A
 14%|█▍        | 7/50 [00:59<06:00,  8.39s/it][A
 16%|█▌        | 8/50 [01:07<05:52,  8.40s/it][A
 18%|█▊        | 9/50 [01:16<05:43,  8.38s/it][A
 20%|██        | 10/50 [01:24<05:35,  8.39s/it][A
 22%|██▏       | 11/50 [01:32<05:26,  8.38s/it][A
 24%|██▍       | 12/50 [01:41<05:17,  8.36s/it][A
 26%|██▌       | 13/50 [01:49<05:09,  8.36s/it][A
 28%|██▊       | 14/50 [01:57<05:01,  8.36s/it][A
 30%|███       | 15/50 [02:06<04:52,  8.36s/it][A
 32%|███▏      | 16/50 [02:14<04:43,  8.34s/it][A
 34%|███▍      | 17/50 [02:22<04:35,  8.35s/it][A
 36%|███▌      | 18/50 [02:31<04:28,  8.38s/it][A
 38%|███▊      | 19/50 [02:39<04:18,  8.35s/it][A
 40%|████      | 20/50 [02:47<04:10,  8.36s/it][A
 42%|████▏     | 21/50 [02:56<04:02,  8.37s/it][A
 44%|████▍     | 22/50 [03:04<03:54,  8.37s/it][A
 46%|████▌     | 23/50 [03:12<03:44,  8.33s/it][A
 48%|████▊     | 24/50 [03:21<03:36,  8.33s/it][A
 50%|█████     | 25/50 [03:29<03:28,  8.35s/it][A
 52%|█████▏    | 26/50 [03:38<03:24,  8.53s/it][A
 54%|█████▍    | 27/50 [03:48<03:28,  9.05s/it][A
 56%|█████▌    | 28/50 [03:58<03:24,  9.29s/it][A
 58%|█████▊    | 29/50 [04:07<03:09,  9.03s/it][A
 60%|██████    | 30/50 [04:15<02:56,  8.82s/it][A
 62%|██████▏   | 31/50 [04:23<02:44,  8.68s/it][A
 64%|██████▍   | 32/50 [04:32<02:34,  8.57s/it][A
 66%|██████▌   | 33/50 [04:40<02:24,  8.50s/it][A
 68%|██████▊   | 34/50 [04:48<02:14,  8.43s/it][A
 70%|███████   | 35/50 [04:57<02:05,  8.40s/it][A
 72%|███████▏  | 36/50 [05:05<01:57,  8.40s/it][A
 74%|███████▍  | 37/50 [05:13<01:48,  8.38s/it][A
 76%|███████▌  | 38/50 [05:22<01:40,  8.35s/it][A
 78%|███████▊  | 39/50 [05:30<01:31,  8.32s/it][A
 80%|████████  | 40/50 [05:38<01:23,  8.33s/it][A
 82%|████████▏ | 41/50 [05:47<01:15,  8.34s/it][A
 84%|████████▍ | 42/50 [05:53<01:02,  7.80s/it][A
 86%|████████▌ | 43/50 [06:00<00:51,  7.38s/it][A
 88%|████████▊ | 44/50 [06:06<00:42,  7.02s/it][A
 90%|█████████ | 45/50 [06:12<00:34,  6.81s/it][A
 92%|█████████▏| 46/50 [06:18<00:26,  6.67s/it][A
 94%|█████████▍| 47/50 [06:25<00:19,  6.60s/it][A
 96%|█████████▌| 48/50 [06:31<00:13,  6.54s/it][A
 98%|█████████▊| 49/50 [06:38<00:06,  6.51s/it][A
100%|██████████| 50/50 [06:44<00:00,  6.50s/it][A
100%|██████████| 50/50 [06:44<00:00,  8.09s/it]
offline:  10%|█         | 100000/1000000 [18:28<1537:24:59,  6.15s/it, eval_success=0.020]
offline:  10%|█         | 100028/1000000 [18:28<956:49:35,  3.83s/it, eval_success=0.020] 
offline:  10%|█         | 100049/1000000 [18:28<681:25:49,  2.73s/it, eval_success=0.020]
offline:  10%|█         | 100072/1000000 [18:29<470:00:23,  1.88s/it, eval_success=0.020]
offline:  10%|█         | 100097/1000000 [18:29<317:22:09,  1.27s/it, eval_success=0.020]
  2%|▏         | 1/50 [00:10<08:47, 10.77s/it][A
  4%|▍         | 2/50 [00:21<08:38, 10.81s/it][A
  6%|▌         | 3/50 [00:32<08:25, 10.76s/it][A
  8%|▊         | 4/50 [00:43<08:15, 10.78s/it][A
 10%|█         | 5/50 [00:53<08:05, 10.80s/it][A
 12%|█▏        | 6/50 [01:04<07:54, 10.78s/it][A
 14%|█▍        | 7/50 [01:15<07:43, 10.79s/it][A
 16%|█▌        | 8/50 [01:26<07:33, 10.80s/it][A
 18%|█▊        | 9/50 [01:37<07:23, 10.81s/it][A
 20%|██        | 10/50 [01:47<07:11, 10.78s/it][A
 22%|██▏       | 11/50 [01:58<07:00, 10.79s/it][A
 24%|██▍       | 12/50 [02:09<06:50, 10.80s/it][A
 26%|██▌       | 13/50 [02:20<06:39, 10.79s/it][A
 28%|██▊       | 14/50 [02:30<06:27, 10.77s/it][A
 30%|███       | 15/50 [02:41<06:16, 10.77s/it][A
 32%|███▏      | 16/50 [02:52<06:05, 10.76s/it][A
 34%|███▍      | 17/50 [03:03<05:55, 10.77s/it][A
 36%|███▌      | 18/50 [03:14<05:45, 10.80s/it][A
 38%|███▊      | 19/50 [03:24<05:34, 10.78s/it][A
 40%|████      | 20/50 [03:35<05:23, 10.78s/it][A
 42%|████▏     | 21/50 [03:47<05:18, 10.97s/it][A
 44%|████▍     | 22/50 [03:59<05:21, 11.50s/it][A
 46%|████▌     | 23/50 [04:12<05:19, 11.82s/it][A
 48%|████▊     | 24/50 [04:25<05:14, 12.10s/it][A
 50%|█████     | 25/50 [04:37<05:07, 12.31s/it][A
 52%|█████▏    | 26/50 [04:50<04:59, 12.49s/it][A
 54%|█████▍    | 27/50 [05:03<04:48, 12.56s/it][A
 56%|█████▌    | 28/50 [05:16<04:37, 12.62s/it][A
 58%|█████▊    | 29/50 [05:28<04:25, 12.63s/it][A
 60%|██████    | 30/50 [05:41<04:13, 12.65s/it][A
 62%|██████▏   | 31/50 [05:54<04:00, 12.67s/it][A
 64%|██████▍   | 32/50 [06:07<03:48, 12.69s/it][A
 66%|██████▌   | 33/50 [06:19<03:35, 12.70s/it][A
 68%|██████▊   | 34/50 [06:32<03:23, 12.69s/it][A
 70%|███████   | 35/50 [06:45<03:10, 12.67s/it][A
 72%|███████▏  | 36/50 [06:57<02:58, 12.72s/it][A
 74%|███████▍  | 37/50 [07:10<02:44, 12.63s/it][A
 76%|███████▌  | 38/50 [07:22<02:30, 12.56s/it][A
 78%|███████▊  | 39/50 [07:35<02:17, 12.53s/it][A
 80%|████████  | 40/50 [07:47<02:04, 12.48s/it][A
 82%|████████▏ | 41/50 [08:00<01:52, 12.47s/it][A
 84%|████████▍ | 42/50 [08:12<01:39, 12.46s/it][A
 86%|████████▌ | 43/50 [08:24<01:27, 12.45s/it][A
 88%|████████▊ | 44/50 [08:37<01:14, 12.42s/it][A
 90%|█████████ | 45/50 [08:50<01:02, 12.53s/it][A
 92%|█████████▏| 46/50 [09:02<00:50, 12.57s/it][A
 94%|█████████▍| 47/50 [09:15<00:37, 12.64s/it][A
 96%|█████████▌| 48/50 [09:28<00:25, 12.79s/it][A
 98%|█████████▊| 49/50 [09:41<00:12, 12.89s/it][A
100%|██████████| 50/50 [09:54<00:00, 12.98s/it][A
100%|██████████| 50/50 [09:54<00:00, 11.90s/it]
offline:  20%|██        | 200000/1000000 [35:16<2194:28:11,  9.88s/it, eval_success=0.000]
offline:  20%|██        | 200018/1000000 [35:16<1538:49:12,  6.92s/it, eval_success=0.000]
offline:  20%|██        | 200035/1000000 [35:16<1097:06:10,  4.94s/it, eval_success=0.000]
offline:  20%|██        | 200051/1000000 [35:16<791:43:21,  3.56s/it, eval_success=0.000] 
offline:  20%|██        | 200066/1000000 [35:16<576:58:16,  2.60s/it, eval_success=0.000]
offline:  20%|██        | 200081/1000000 [35:16<416:02:02,  1.87s/it, eval_success=0.000]
offline:  20%|██        | 200096/1000000 [35:16<297:51:23,  1.34s/it, eval_success=0.000]
  2%|▏         | 1/50 [00:08<07:14,  8.87s/it][A
  4%|▍         | 2/50 [00:17<07:04,  8.83s/it][A
  6%|▌         | 3/50 [00:26<06:55,  8.84s/it][A
  8%|▊         | 4/50 [00:35<06:46,  8.85s/it][A
 10%|█         | 5/50 [00:44<06:37,  8.84s/it][A
 12%|█▏        | 6/50 [00:53<06:28,  8.82s/it][A
 14%|█▍        | 7/50 [01:01<06:19,  8.83s/it][A
 16%|█▌        | 8/50 [01:10<06:10,  8.83s/it][A
 18%|█▊        | 9/50 [01:19<06:02,  8.83s/it][A
 20%|██        | 10/50 [01:28<05:53,  8.85s/it][A
 22%|██▏       | 11/50 [01:37<05:44,  8.82s/it][A
 24%|██▍       | 12/50 [01:45<05:35,  8.82s/it][A
 26%|██▌       | 13/50 [01:54<05:17,  8.58s/it][A
 28%|██▊       | 14/50 [02:00<04:42,  7.84s/it][A
 30%|███       | 15/50 [02:05<04:07,  7.06s/it][A
 32%|███▏      | 16/50 [02:10<03:39,  6.46s/it][A
 34%|███▍      | 17/50 [02:16<03:28,  6.32s/it][A
 36%|███▌      | 18/50 [02:21<03:09,  5.91s/it][A
 38%|███▊      | 19/50 [02:26<02:53,  5.59s/it][A
 40%|████      | 20/50 [02:30<02:39,  5.32s/it][A
 42%|████▏     | 21/50 [02:35<02:29,  5.14s/it][A
 44%|████▍     | 22/50 [02:40<02:20,  5.04s/it][A
 46%|████▌     | 23/50 [02:45<02:13,  4.96s/it][A
 48%|████▊     | 24/50 [02:50<02:07,  4.91s/it][A
 50%|█████     | 25/50 [02:54<02:02,  4.89s/it][A
 52%|█████▏    | 26/50 [02:59<01:56,  4.87s/it][A
 54%|█████▍    | 27/50 [03:05<01:59,  5.18s/it][A
 56%|█████▌    | 28/50 [03:12<02:04,  5.64s/it][A
 58%|█████▊    | 29/50 [03:19<02:05,  5.96s/it][A
 60%|██████    | 30/50 [03:25<02:03,  6.19s/it][A
 62%|██████▏   | 31/50 [03:32<02:00,  6.34s/it][A
 64%|██████▍   | 32/50 [03:39<01:56,  6.47s/it][A
 66%|██████▌   | 33/50 [03:46<01:51,  6.57s/it][A
 68%|██████▊   | 34/50 [03:52<01:46,  6.63s/it][A
 70%|███████   | 35/50 [03:59<01:39,  6.65s/it][A
 72%|███████▏  | 36/50 [04:06<01:33,  6.68s/it][A
 74%|███████▍  | 37/50 [04:12<01:27,  6.69s/it][A
 76%|███████▌  | 38/50 [04:19<01:20,  6.73s/it][A
 78%|███████▊  | 39/50 [04:26<01:13,  6.70s/it][A
 80%|████████  | 40/50 [04:33<01:07,  6.72s/it][A
 82%|████████▏ | 41/50 [04:39<01:00,  6.71s/it][A
 84%|████████▍ | 42/50 [04:46<00:53,  6.71s/it][A
 86%|████████▌ | 43/50 [04:53<00:47,  6.73s/it][A
 88%|████████▊ | 44/50 [05:00<00:40,  6.74s/it][A
 90%|█████████ | 45/50 [05:06<00:33,  6.73s/it][A
 92%|█████████▏| 46/50 [05:13<00:26,  6.73s/it][A
 94%|█████████▍| 47/50 [05:20<00:20,  6.73s/it][A
 96%|█████████▌| 48/50 [05:27<00:13,  6.94s/it][A
 98%|█████████▊| 49/50 [05:36<00:07,  7.47s/it][A
100%|██████████| 50/50 [05:45<00:00,  7.86s/it][A
100%|██████████| 50/50 [05:45<00:00,  6.90s/it]
offline:  30%|███       | 300000/1000000 [54:47<1462:54:29,  7.52s/it, eval_success=0.000]
offline:  30%|███       | 300024/1000000 [54:47<838:05:04,  4.31s/it, eval_success=0.000] 
offline:  30%|███       | 300043/1000000 [54:47<565:22:27,  2.91s/it, eval_success=0.000]
offline:  30%|███       | 300061/1000000 [54:47<392:40:53,  2.02s/it, eval_success=0.000]
offline:  30%|███       | 300079/1000000 [54:47<273:35:05,  1.41s/it, eval_success=0.000]
  2%|▏         | 1/50 [00:10<08:51, 10.85s/it][A
  4%|▍         | 2/50 [00:21<08:42, 10.88s/it][A
  6%|▌         | 3/50 [00:32<08:29, 10.83s/it][A
  8%|▊         | 4/50 [00:43<08:20, 10.89s/it][A
 10%|█         | 5/50 [00:54<08:10, 10.91s/it][A
 12%|█▏        | 6/50 [01:05<07:59, 10.89s/it][A
 14%|█▍        | 7/50 [01:16<07:48, 10.88s/it][A
 16%|█▌        | 8/50 [01:26<07:36, 10.86s/it][A
 18%|█▊        | 9/50 [01:37<07:25, 10.87s/it][A
 20%|██        | 10/50 [01:48<07:13, 10.83s/it][A
 22%|██▏       | 11/50 [01:59<07:02, 10.82s/it][A
 24%|██▍       | 12/50 [02:10<06:51, 10.82s/it][A
 26%|██▌       | 13/50 [02:22<06:57, 11.28s/it][A
 28%|██▊       | 14/50 [02:35<07:02, 11.73s/it][A
 30%|███       | 15/50 [02:48<07:01, 12.03s/it][A
 32%|███▏      | 16/50 [03:00<06:56, 12.26s/it][A
 34%|███▍      | 17/50 [03:14<06:59, 12.72s/it][A
 36%|███▌      | 18/50 [03:29<07:05, 13.30s/it][A
 38%|███▊      | 19/50 [03:43<07:05, 13.71s/it][A
 40%|████      | 20/50 [03:58<06:59, 13.99s/it][A
 42%|████▏     | 21/50 [04:13<06:52, 14.23s/it][A
 44%|████▍     | 22/50 [04:28<06:41, 14.35s/it][A
 46%|████▌     | 23/50 [04:42<06:30, 14.47s/it][A
 48%|████▊     | 24/50 [04:57<06:18, 14.56s/it][A
 50%|█████     | 25/50 [05:12<06:04, 14.57s/it][A
 52%|█████▏    | 26/50 [05:26<05:50, 14.61s/it][A
 54%|█████▍    | 27/50 [05:41<05:36, 14.65s/it][A
 56%|█████▌    | 28/50 [05:56<05:22, 14.66s/it][A
 58%|█████▊    | 29/50 [06:10<05:07, 14.66s/it][A
 60%|██████    | 30/50 [06:25<04:53, 14.66s/it][A
 62%|██████▏   | 31/50 [06:40<04:38, 14.65s/it][A
 64%|██████▍   | 32/50 [06:55<04:24, 14.70s/it][A
 66%|██████▌   | 33/50 [07:09<04:09, 14.70s/it][A
 68%|██████▊   | 34/50 [07:24<03:55, 14.70s/it][A
 70%|███████   | 35/50 [07:39<03:40, 14.69s/it][A
 72%|███████▏  | 36/50 [07:53<03:25, 14.67s/it][A
 74%|███████▍  | 37/50 [08:08<03:10, 14.68s/it][A
 76%|███████▌  | 38/50 [08:23<02:56, 14.69s/it][A
 78%|███████▊  | 39/50 [08:37<02:41, 14.69s/it][A
 80%|████████  | 40/50 [08:52<02:26, 14.67s/it][A
 82%|████████▏ | 41/50 [09:07<02:12, 14.68s/it][A
 84%|████████▍ | 42/50 [09:21<01:57, 14.70s/it][A
 86%|████████▌ | 43/50 [09:34<01:39, 14.20s/it][A
 88%|████████▊ | 44/50 [09:47<01:22, 13.76s/it][A
 90%|█████████ | 45/50 [10:00<01:07, 13.45s/it][A
 92%|█████████▏| 46/50 [10:13<00:52, 13.23s/it][A
 94%|█████████▍| 47/50 [10:25<00:39, 13.08s/it][A
 96%|█████████▌| 48/50 [10:38<00:25, 12.95s/it][A
 98%|█████████▊| 49/50 [10:51<00:12, 12.89s/it][A
100%|██████████| 50/50 [11:03<00:00, 12.83s/it][A
100%|██████████| 50/50 [11:03<00:00, 13.28s/it]
offline:  40%|████      | 400000/1000000 [1:18:00<2948:24:56, 17.69s/it, eval_success=0.000]
offline:  40%|████      | 400018/1000000 [1:18:01<1750:31:07, 10.50s/it, eval_success=0.000]
offline:  40%|████      | 400033/1000000 [1:18:01<1180:12:23,  7.08s/it, eval_success=0.000]
offline:  40%|████      | 400047/1000000 [1:18:01<822:56:55,  4.94s/it, eval_success=0.000] 
offline:  40%|████      | 400061/1000000 [1:18:01<574:43:39,  3.45s/it, eval_success=0.000]
offline:  40%|████      | 400075/1000000 [1:18:01<401:49:55,  2.41s/it, eval_success=0.000]
offline:  40%|████      | 400089/1000000 [1:18:01<281:19:24,  1.69s/it, eval_success=0.000]
offline:  40%|████      | 400102/1000000 [1:18:01<201:26:23,  1.21s/it, eval_success=0.000]
  2%|▏         | 1/50 [00:05<04:44,  5.80s/it][A
  4%|▍         | 2/50 [00:12<05:04,  6.34s/it][A
  6%|▌         | 3/50 [00:19<05:07,  6.54s/it][A
  8%|▊         | 4/50 [00:26<05:04,  6.61s/it][A
 10%|█         | 5/50 [00:33<05:18,  7.08s/it][A
 12%|█▏        | 6/50 [00:42<05:36,  7.64s/it][A
 14%|█▍        | 7/50 [00:51<05:43,  7.99s/it][A
 16%|█▌        | 8/50 [01:00<05:46,  8.24s/it][A
 18%|█▊        | 9/50 [01:08<05:44,  8.39s/it][A
 20%|██        | 10/50 [01:17<05:40,  8.50s/it][A
 22%|██▏       | 11/50 [01:26<05:34,  8.58s/it][A
 24%|██▍       | 12/50 [01:35<05:27,  8.61s/it][A
 26%|██▌       | 13/50 [01:43<05:20,  8.65s/it][A
 28%|██▊       | 14/50 [01:52<05:12,  8.67s/it][A
 30%|███       | 15/50 [02:01<05:03,  8.69s/it][A
 32%|███▏      | 16/50 [02:09<04:55,  8.70s/it][A
 34%|███▍      | 17/50 [02:18<04:47,  8.71s/it][A
 36%|███▌      | 18/50 [02:26<04:25,  8.30s/it][A
 38%|███▊      | 19/50 [02:34<04:21,  8.43s/it][A
 40%|████      | 20/50 [02:43<04:19,  8.66s/it][A
 42%|████▏     | 21/50 [02:54<04:28,  9.27s/it][A
 44%|████▍     | 22/50 [03:05<04:31,  9.71s/it][A
 46%|████▌     | 23/50 [03:17<04:45, 10.57s/it][A
 48%|████▊     | 24/50 [03:30<04:52, 11.23s/it][A
 50%|█████     | 25/50 [03:43<04:51, 11.68s/it][A
 52%|█████▏    | 26/50 [03:57<04:56, 12.36s/it][A
 54%|█████▍    | 27/50 [04:12<05:00, 13.04s/it][A
 56%|█████▌    | 28/50 [04:26<04:57, 13.52s/it][A
 58%|█████▊    | 29/50 [04:41<04:51, 13.88s/it][A
 60%|██████    | 30/50 [04:56<04:42, 14.13s/it][A
 62%|██████▏   | 31/50 [05:10<04:31, 14.27s/it][A
 64%|██████▍   | 32/50 [05:23<04:09, 13.84s/it][A
 66%|██████▌   | 33/50 [05:36<03:49, 13.51s/it][A
 68%|██████▊   | 34/50 [05:49<03:32, 13.30s/it][A
 70%|███████   | 35/50 [06:01<03:17, 13.16s/it][A
 72%|███████▏  | 36/50 [06:14<03:02, 13.03s/it][A
 74%|███████▍  | 37/50 [06:27<02:48, 12.92s/it][A
 76%|███████▌  | 38/50 [06:40<02:34, 12.88s/it][A
 78%|███████▊  | 39/50 [06:52<02:21, 12.83s/it][A
 80%|████████  | 40/50 [07:05<02:07, 12.78s/it][A
 82%|████████▏ | 41/50 [07:18<01:54, 12.76s/it][A
 84%|████████▍ | 42/50 [07:30<01:41, 12.73s/it][A
 86%|████████▌ | 43/50 [07:43<01:29, 12.72s/it][A
 88%|████████▊ | 44/50 [07:56<01:16, 12.73s/it][A
 90%|█████████ | 45/50 [08:09<01:03, 12.71s/it][A
 92%|█████████▏| 46/50 [08:21<00:50, 12.72s/it][A
 94%|█████████▍| 47/50 [08:33<00:37, 12.43s/it][A
 96%|█████████▌| 48/50 [08:46<00:25, 12.51s/it][A
 98%|█████████▊| 49/50 [08:59<00:12, 12.60s/it][A
100%|██████████| 50/50 [09:11<00:00, 12.63s/it][A
100%|██████████| 50/50 [09:11<00:00, 11.03s/it]
offline:  50%|█████     | 500000/1000000 [1:36:42<1074:50:01,  7.74s/it, eval_success=0.040]
offline:  50%|█████     | 500016/1000000 [1:36:42<814:16:40,  5.86s/it, eval_success=0.040] 
offline:  50%|█████     | 500038/1000000 [1:36:43<551:53:29,  3.97s/it, eval_success=0.040]
offline:  50%|█████     | 500057/1000000 [1:36:43<395:01:24,  2.84s/it, eval_success=0.040]
offline:  50%|█████     | 500074/1000000 [1:36:43<289:51:35,  2.09s/it, eval_success=0.040]
offline:  50%|█████     | 500090/1000000 [1:36:43<213:37:55,  1.54s/it, eval_success=0.040]
offline:  50%|█████     | 500105/1000000 [1:36:43<158:04:27,  1.14s/it, eval_success=0.040]
  2%|▏         | 1/50 [00:12<10:25, 12.77s/it][A
  4%|▍         | 2/50 [00:25<10:12, 12.76s/it][A
  6%|▌         | 3/50 [00:38<10:02, 12.83s/it][A
  8%|▊         | 4/50 [00:51<09:49, 12.81s/it][A
 10%|█         | 5/50 [01:04<09:36, 12.81s/it][A
 12%|█▏        | 6/50 [01:16<09:23, 12.81s/it][A
 14%|█▍        | 7/50 [01:29<09:09, 12.78s/it][A
 16%|█▌        | 8/50 [01:42<09:03, 12.93s/it][A
 18%|█▊        | 9/50 [01:56<08:54, 13.04s/it][A
 20%|██        | 10/50 [02:09<08:44, 13.11s/it][A
 22%|██▏       | 11/50 [02:22<08:33, 13.17s/it][A
 24%|██▍       | 12/50 [02:35<08:20, 13.18s/it][A
 26%|██▌       | 13/50 [02:49<08:09, 13.23s/it][A
 28%|██▊       | 14/50 [03:02<07:56, 13.23s/it][A
 30%|███       | 15/50 [03:15<07:43, 13.25s/it][A
 32%|███▏      | 16/50 [03:28<07:25, 13.11s/it][A
 34%|███▍      | 17/50 [03:41<07:11, 13.06s/it][A
 36%|███▌      | 18/50 [03:54<06:55, 12.99s/it][A
 38%|███▊      | 19/50 [04:07<06:40, 12.93s/it][A
 40%|████      | 20/50 [04:18<06:17, 12.59s/it][A
 42%|████▏     | 21/50 [04:29<05:46, 11.94s/it][A
 44%|████▍     | 22/50 [04:40<05:25, 11.62s/it][A
 46%|████▌     | 23/50 [04:51<05:07, 11.39s/it][A
 48%|████▊     | 24/50 [05:01<04:51, 11.23s/it][A
 50%|█████     | 25/50 [05:12<04:37, 11.10s/it][A
 52%|█████▏    | 26/50 [05:23<04:24, 11.02s/it][A
 54%|█████▍    | 27/50 [05:34<04:14, 11.08s/it][A
 56%|█████▌    | 28/50 [05:45<04:04, 11.10s/it][A
 58%|█████▊    | 29/50 [05:56<03:51, 11.03s/it][A
 60%|██████    | 30/50 [06:08<03:42, 11.11s/it][A
 62%|██████▏   | 31/50 [06:19<03:31, 11.11s/it][A
 64%|██████▍   | 32/50 [06:30<03:18, 11.04s/it][A
 66%|██████▌   | 33/50 [06:40<03:06, 10.96s/it][A
 68%|██████▊   | 34/50 [06:52<02:59, 11.20s/it][A
 70%|███████   | 35/50 [07:03<02:46, 11.10s/it][A
 72%|███████▏  | 36/50 [07:14<02:33, 10.96s/it][A
 74%|███████▍  | 37/50 [07:24<02:21, 10.89s/it][A
 76%|███████▌  | 38/50 [07:34<02:04, 10.39s/it][A
 78%|███████▊  | 39/50 [07:42<01:49,  9.96s/it][A
 80%|████████  | 40/50 [07:51<01:36,  9.66s/it][A
 82%|████████▏ | 41/50 [08:00<01:24,  9.42s/it][A
 84%|████████▍ | 42/50 [08:08<01:11,  8.98s/it][A
 86%|████████▌ | 43/50 [08:15<00:58,  8.33s/it][A
 88%|████████▊ | 44/50 [08:22<00:47,  7.88s/it][A
 90%|█████████ | 45/50 [08:29<00:37,  7.57s/it][A
 92%|█████████▏| 46/50 [08:36<00:29,  7.33s/it][A
 94%|█████████▍| 47/50 [08:42<00:21,  7.14s/it][A
 96%|█████████▌| 48/50 [08:49<00:14,  7.08s/it][A
 98%|█████████▊| 49/50 [08:56<00:07,  7.01s/it][A
100%|██████████| 50/50 [09:03<00:00,  6.96s/it][A
100%|██████████| 50/50 [09:03<00:00, 10.87s/it]
offline:  60%|██████    | 600000/1000000 [1:58:59<1834:35:27, 16.51s/it, eval_success=0.080]
offline:  60%|██████    | 600024/1000000 [1:58:59<899:03:09,  8.09s/it, eval_success=0.080] 
offline:  60%|██████    | 600046/1000000 [1:58:59<539:12:11,  4.85s/it, eval_success=0.080]
offline:  60%|██████    | 600067/1000000 [1:58:59<348:55:40,  3.14s/it, eval_success=0.080]
offline:  60%|██████    | 600086/1000000 [1:58:59<239:46:10,  2.16s/it, eval_success=0.080]
offline:  60%|██████    | 600105/1000000 [1:58:59<165:47:49,  1.49s/it, eval_success=0.080]
  2%|▏         | 1/50 [00:12<10:24, 12.74s/it][A
  4%|▍         | 2/50 [00:25<10:12, 12.77s/it][A
  6%|▌         | 3/50 [00:38<09:58, 12.74s/it][A
  8%|▊         | 4/50 [00:50<09:45, 12.73s/it][A
 10%|█         | 5/50 [01:03<09:34, 12.78s/it][A
 12%|█▏        | 6/50 [01:16<09:21, 12.76s/it][A
 14%|█▍        | 7/50 [01:27<08:44, 12.19s/it][A
 16%|█▌        | 8/50 [01:40<08:39, 12.37s/it][A
 18%|█▊        | 9/50 [01:52<08:31, 12.47s/it][A
 20%|██        | 10/50 [02:05<08:18, 12.47s/it][A
 22%|██▏       | 11/50 [02:17<08:06, 12.47s/it][A
 24%|██▍       | 12/50 [02:30<07:58, 12.58s/it][A
 26%|██▌       | 13/50 [02:43<07:46, 12.60s/it][A
 28%|██▊       | 14/50 [02:56<07:34, 12.62s/it][A
 30%|███       | 15/50 [03:08<07:22, 12.64s/it][A
 32%|███▏      | 16/50 [03:21<07:10, 12.66s/it][A
 34%|███▍      | 17/50 [03:34<06:59, 12.71s/it][A
 36%|███▌      | 18/50 [03:46<06:41, 12.54s/it][A
 38%|███▊      | 19/50 [03:58<06:22, 12.33s/it][A
 40%|████      | 20/50 [04:09<05:55, 11.85s/it][A
 42%|████▏     | 21/50 [04:21<05:51, 12.11s/it][A
 44%|████▍     | 22/50 [04:32<05:31, 11.84s/it][A
 46%|████▌     | 23/50 [04:45<05:26, 12.10s/it][A
 48%|████▊     | 24/50 [04:58<05:19, 12.29s/it][A
 50%|█████     | 25/50 [05:10<05:05, 12.23s/it][A
 52%|█████▏    | 26/50 [05:23<04:57, 12.39s/it][A
 54%|█████▍    | 27/50 [05:35<04:47, 12.49s/it][A
 56%|█████▌    | 28/50 [05:48<04:36, 12.55s/it][A
 58%|█████▊    | 29/50 [06:01<04:24, 12.60s/it][A
 60%|██████    | 30/50 [06:12<04:01, 12.09s/it][A
 62%|██████▏   | 31/50 [06:24<03:52, 12.26s/it][A
 64%|██████▍   | 32/50 [06:37<03:42, 12.36s/it][A
 66%|██████▌   | 33/50 [06:50<03:31, 12.47s/it][A
 68%|██████▊   | 34/50 [07:02<03:20, 12.53s/it][A
 70%|███████   | 35/50 [07:15<03:08, 12.56s/it][A
 72%|███████▏  | 36/50 [07:28<02:56, 12.59s/it][A
 74%|███████▍  | 37/50 [07:37<02:31, 11.62s/it][A
 76%|███████▌  | 38/50 [07:50<02:23, 11.94s/it][A
 78%|███████▊  | 39/50 [08:02<02:13, 12.15s/it][A
 80%|████████  | 40/50 [08:15<02:03, 12.32s/it][A
 82%|████████▏ | 41/50 [08:29<01:54, 12.73s/it][A
 84%|████████▍ | 42/50 [08:42<01:41, 12.74s/it][A
 86%|████████▌ | 43/50 [08:54<01:29, 12.78s/it][A
 88%|████████▊ | 44/50 [09:07<01:16, 12.80s/it][A
 90%|█████████ | 45/50 [09:20<01:03, 12.80s/it][A
 92%|█████████▏| 46/50 [09:33<00:51, 12.81s/it][A
 94%|█████████▍| 47/50 [09:46<00:38, 12.82s/it][A
 96%|█████████▌| 48/50 [09:59<00:25, 12.83s/it][A
 98%|█████████▊| 49/50 [10:11<00:12, 12.61s/it][A
100%|██████████| 50/50 [10:22<00:00, 12.13s/it][A
100%|██████████| 50/50 [10:22<00:00, 12.44s/it]
offline:  70%|███████   | 700000/1000000 [2:19:27<1346:36:58, 16.16s/it, eval_success=0.240]
offline:  70%|███████   | 700021/1000000 [2:19:27<757:19:53,  9.09s/it, eval_success=0.240] 
offline:  70%|███████   | 700036/1000000 [2:19:27<523:39:58,  6.28s/it, eval_success=0.240]
offline:  70%|███████   | 700051/1000000 [2:19:28<363:37:03,  4.36s/it, eval_success=0.240]
offline:  70%|███████   | 700067/1000000 [2:19:28<248:08:43,  2.98s/it, eval_success=0.240]
offline:  70%|███████   | 700082/1000000 [2:19:28<174:10:49,  2.09s/it, eval_success=0.240]
offline:  70%|███████   | 700097/1000000 [2:19:28<122:14:44,  1.47s/it, eval_success=0.240]
  2%|▏         | 1/50 [00:05<04:23,  5.37s/it][A
  4%|▍         | 2/50 [00:10<04:17,  5.37s/it][A
  6%|▌         | 3/50 [00:15<04:09,  5.31s/it][A
  8%|▊         | 4/50 [00:21<04:04,  5.32s/it][A
 10%|█         | 5/50 [00:26<03:58,  5.30s/it][A
 12%|█▏        | 6/50 [00:31<03:47,  5.18s/it][A
 14%|█▍        | 7/50 [00:36<03:37,  5.05s/it][A
 16%|█▌        | 8/50 [00:41<03:33,  5.08s/it][A
 18%|█▊        | 9/50 [00:46<03:30,  5.13s/it][A
 20%|██        | 10/50 [00:51<03:25,  5.14s/it][A
 22%|██▏       | 11/50 [00:57<03:22,  5.19s/it][A
 24%|██▍       | 12/50 [01:02<03:17,  5.20s/it][A
 26%|██▌       | 13/50 [01:07<03:12,  5.21s/it][A
 28%|██▊       | 14/50 [01:12<03:06,  5.18s/it][A
 30%|███       | 15/50 [01:17<03:01,  5.18s/it][A
 32%|███▏      | 16/50 [01:23<02:56,  5.19s/it][A
 34%|███▍      | 17/50 [01:28<02:48,  5.10s/it][A
 36%|███▌      | 18/50 [01:33<02:50,  5.32s/it][A
 38%|███▊      | 19/50 [01:40<02:53,  5.61s/it][A
 40%|████      | 20/50 [01:46<02:52,  5.75s/it][A
 42%|████▏     | 21/50 [01:51<02:42,  5.60s/it][A
 44%|████▍     | 22/50 [01:56<02:33,  5.48s/it][A
 46%|████▌     | 23/50 [02:01<02:26,  5.42s/it][A
 48%|████▊     | 24/50 [02:07<02:19,  5.36s/it][A
 50%|█████     | 25/50 [02:12<02:13,  5.33s/it][A
 52%|█████▏    | 26/50 [02:17<02:06,  5.29s/it][A
 54%|█████▍    | 27/50 [02:22<02:00,  5.26s/it][A
 56%|█████▌    | 28/50 [02:29<02:03,  5.60s/it][A
 58%|█████▊    | 29/50 [02:36<02:05,  5.98s/it][A
 60%|██████    | 30/50 [02:42<02:04,  6.24s/it][A
 62%|██████▏   | 31/50 [02:49<02:02,  6.43s/it][A
 64%|██████▍   | 32/50 [02:56<01:58,  6.57s/it][A
 66%|██████▌   | 33/50 [03:03<01:53,  6.67s/it][A
 68%|██████▊   | 34/50 [03:10<01:47,  6.72s/it][A
 70%|███████   | 35/50 [03:18<01:45,  7.03s/it][A
 72%|███████▏  | 36/50 [03:27<01:46,  7.59s/it][A
 74%|███████▍  | 37/50 [03:36<01:45,  8.08s/it][A
 76%|███████▌  | 38/50 [03:45<01:41,  8.43s/it][A
 78%|███████▊  | 39/50 [03:54<01:35,  8.67s/it][A
 80%|████████  | 40/50 [04:04<01:28,  8.85s/it][A
 82%|████████▏ | 41/50 [04:13<01:19,  8.89s/it][A
 84%|████████▍ | 42/50 [04:23<01:14,  9.27s/it][A
 86%|████████▌ | 43/50 [04:34<01:08,  9.78s/it][A
 88%|████████▊ | 44/50 [04:45<01:00, 10.14s/it][A
 90%|█████████ | 45/50 [04:56<00:52, 10.43s/it][A
 92%|█████████▏| 46/50 [05:07<00:42, 10.57s/it][A
 94%|█████████▍| 47/50 [05:20<00:33, 11.28s/it][A
 96%|█████████▌| 48/50 [05:32<00:23, 11.78s/it][A
 98%|█████████▊| 49/50 [05:47<00:12, 12.73s/it][A
100%|██████████| 50/50 [06:02<00:00, 13.36s/it][A
100%|██████████| 50/50 [06:02<00:00,  7.26s/it]
offline:  80%|████████  | 800000/1000000 [2:37:09<243:25:37,  4.38s/it, eval_success=0.060]
offline:  80%|████████  | 800015/1000000 [2:37:09<193:30:38,  3.48s/it, eval_success=0.060]
offline:  80%|████████  | 800037/1000000 [2:37:09<135:25:43,  2.44s/it, eval_success=0.060]
offline:  80%|████████  | 800056/1000000 [2:37:09<98:55:30,  1.78s/it, eval_success=0.060] 
offline:  80%|████████  | 800072/1000000 [2:37:10<74:44:51,  1.35s/it, eval_success=0.060]
offline:  80%|████████  | 800087/1000000 [2:37:10<56:21:26,  1.01s/it, eval_success=0.060]
  2%|▏         | 1/50 [00:11<09:47, 11.98s/it][A
  4%|▍         | 2/50 [00:22<08:59, 11.24s/it][A
  6%|▌         | 3/50 [00:35<09:27, 12.07s/it][A
  8%|▊         | 4/50 [00:48<09:20, 12.19s/it][A
 10%|█         | 5/50 [01:01<09:21, 12.49s/it][A
 12%|█▏        | 6/50 [01:14<09:17, 12.66s/it][A
 14%|█▍        | 7/50 [01:25<08:47, 12.27s/it][A
 16%|█▌        | 8/50 [01:38<08:44, 12.48s/it][A
 18%|█▊        | 9/50 [01:51<08:35, 12.57s/it][A
 20%|██        | 10/50 [02:03<08:18, 12.45s/it][A
 22%|██▏       | 11/50 [02:15<08:06, 12.46s/it][A
 24%|██▍       | 12/50 [02:28<07:59, 12.61s/it][A
 26%|██▌       | 13/50 [02:41<07:48, 12.66s/it][A
 28%|██▊       | 14/50 [02:54<07:37, 12.72s/it][A
 30%|███       | 15/50 [03:07<07:27, 12.77s/it][A
 32%|███▏      | 16/50 [03:20<07:14, 12.79s/it][A
 34%|███▍      | 17/50 [03:33<07:03, 12.84s/it][A
 36%|███▌      | 18/50 [03:46<06:51, 12.86s/it][A
 38%|███▊      | 19/50 [03:59<06:41, 12.94s/it][A
 40%|████      | 20/50 [04:11<06:25, 12.86s/it][A
 42%|████▏     | 21/50 [04:24<06:13, 12.89s/it][A
 44%|████▍     | 22/50 [04:38<06:02, 12.96s/it][A
 46%|████▌     | 23/50 [04:51<05:52, 13.06s/it][A
 48%|████▊     | 24/50 [05:04<05:41, 13.12s/it][A
 50%|█████     | 25/50 [05:16<05:21, 12.86s/it][A
 52%|█████▏    | 26/50 [05:30<05:10, 12.94s/it][A
 54%|█████▍    | 27/50 [05:40<04:41, 12.23s/it][A
 56%|█████▌    | 28/50 [05:53<04:34, 12.48s/it][A
 58%|█████▊    | 29/50 [06:06<04:26, 12.71s/it][A
 60%|██████    | 30/50 [06:18<04:09, 12.46s/it][A
 62%|██████▏   | 31/50 [06:31<04:00, 12.64s/it][A
 64%|██████▍   | 32/50 [06:44<03:50, 12.79s/it][A
 66%|██████▌   | 33/50 [06:58<03:39, 12.90s/it][A
 68%|██████▊   | 34/50 [07:10<03:26, 12.88s/it][A
 70%|███████   | 35/50 [07:22<03:07, 12.47s/it][A
 72%|███████▏  | 36/50 [07:35<02:55, 12.54s/it][A
 74%|███████▍  | 37/50 [07:47<02:44, 12.62s/it][A
 76%|███████▌  | 38/50 [08:01<02:34, 12.85s/it][A
 78%|███████▊  | 39/50 [08:14<02:23, 13.09s/it][A
 80%|████████  | 40/50 [08:29<02:15, 13.58s/it][A
 82%|████████▏ | 41/50 [08:44<02:05, 13.91s/it][A
 84%|████████▍ | 42/50 [08:57<01:49, 13.64s/it][A
 86%|████████▌ | 43/50 [09:12<01:37, 13.98s/it][A
 88%|████████▊ | 44/50 [09:26<01:25, 14.20s/it][A
 90%|█████████ | 45/50 [09:40<01:09, 13.97s/it][A
 92%|█████████▏| 46/50 [09:53<00:54, 13.60s/it][A
 94%|█████████▍| 47/50 [10:05<00:40, 13.39s/it][A
 96%|█████████▌| 48/50 [10:17<00:25, 12.79s/it][A
 98%|█████████▊| 49/50 [10:30<00:12, 12.82s/it][A
100%|██████████| 50/50 [10:43<00:00, 12.81s/it][A
100%|██████████| 50/50 [10:43<00:00, 12.86s/it]
offline:  90%|█████████ | 900000/1000000 [3:02:04<478:41:34, 17.23s/it, eval_success=0.280]
offline:  90%|█████████ | 900013/1000000 [3:02:04<319:43:52, 11.51s/it, eval_success=0.280]
offline:  90%|█████████ | 900027/1000000 [3:02:04<211:39:11,  7.62s/it, eval_success=0.280]
offline:  90%|█████████ | 900041/1000000 [3:02:04<142:46:04,  5.14s/it, eval_success=0.280]
offline:  90%|█████████ | 900055/1000000 [3:02:04<97:28:56,  3.51s/it, eval_success=0.280] 
offline:  90%|█████████ | 900068/1000000 [3:02:05<68:39:14,  2.47s/it, eval_success=0.280]
offline:  90%|█████████ | 900081/1000000 [3:02:05<48:17:51,  1.74s/it, eval_success=0.280]
offline:  90%|█████████ | 900095/1000000 [3:02:05<33:11:46,  1.20s/it, eval_success=0.280]
  2%|▏         | 1/50 [00:11<09:16, 11.35s/it][A
  4%|▍         | 2/50 [00:22<09:02, 11.30s/it][A
  6%|▌         | 3/50 [00:33<08:36, 10.99s/it][A
  8%|▊         | 4/50 [00:43<08:05, 10.56s/it][A
 10%|█         | 5/50 [00:54<08:14, 10.99s/it][A
 12%|█▏        | 6/50 [01:06<08:16, 11.29s/it][A
 14%|█▍        | 7/50 [01:18<08:05, 11.28s/it][A
 16%|█▌        | 8/50 [01:31<08:21, 11.95s/it][A
 18%|█▊        | 9/50 [01:44<08:29, 12.43s/it][A
 20%|██        | 10/50 [01:58<08:29, 12.75s/it][A
 22%|██▏       | 11/50 [02:08<07:50, 12.07s/it][A
 24%|██▍       | 12/50 [02:22<07:53, 12.45s/it][A
 26%|██▌       | 13/50 [02:35<07:46, 12.62s/it][A
 28%|██▊       | 14/50 [02:48<07:37, 12.71s/it][A
 30%|███       | 15/50 [02:59<07:14, 12.41s/it][A
 32%|███▏      | 16/50 [03:12<07:06, 12.54s/it][A
 34%|███▍      | 17/50 [03:24<06:47, 12.34s/it][A
 36%|███▌      | 18/50 [03:35<06:19, 11.87s/it][A
 38%|███▊      | 19/50 [03:44<05:39, 10.95s/it][A
 40%|████      | 20/50 [03:55<05:28, 10.93s/it][A
 42%|████▏     | 21/50 [04:05<05:16, 10.91s/it][A
 44%|████▍     | 22/50 [04:16<05:05, 10.90s/it][A
 46%|████▌     | 23/50 [04:25<04:34, 10.18s/it][A
 48%|████▊     | 24/50 [04:36<04:30, 10.39s/it][A
 50%|█████     | 25/50 [04:47<04:23, 10.54s/it][A
 52%|█████▏    | 26/50 [04:57<04:15, 10.64s/it][A
 54%|█████▍    | 27/50 [05:08<04:06, 10.71s/it][A
 56%|█████▌    | 28/50 [05:18<03:46, 10.32s/it][A
 58%|█████▊    | 29/50 [05:29<03:40, 10.50s/it][A
 60%|██████    | 30/50 [05:39<03:32, 10.61s/it][A
 62%|██████▏   | 31/50 [05:50<03:23, 10.69s/it][A
 64%|██████▍   | 32/50 [05:59<03:03, 10.17s/it][A
 66%|██████▌   | 33/50 [06:09<02:50, 10.04s/it][A
 68%|██████▊   | 34/50 [06:20<02:45, 10.31s/it][A
 70%|███████   | 35/50 [06:31<02:37, 10.50s/it][A
 72%|███████▏  | 36/50 [06:42<02:28, 10.61s/it][A
 74%|███████▍  | 37/50 [06:53<02:18, 10.69s/it][A
 76%|███████▌  | 38/50 [07:04<02:08, 10.74s/it][A
 78%|███████▊  | 39/50 [07:15<01:58, 10.81s/it][A
 80%|████████  | 40/50 [07:25<01:48, 10.85s/it][A
 82%|████████▏ | 41/50 [07:36<01:37, 10.86s/it][A
 84%|████████▍ | 42/50 [07:47<01:26, 10.86s/it][A
 86%|████████▌ | 43/50 [07:58<01:15, 10.85s/it][A
 88%|████████▊ | 44/50 [08:08<01:04, 10.71s/it][A
 90%|█████████ | 45/50 [08:19<00:53, 10.76s/it][A
 92%|█████████▏| 46/50 [08:30<00:43, 10.80s/it][A
 94%|█████████▍| 47/50 [08:41<00:32, 10.83s/it][A
 96%|█████████▌| 48/50 [08:52<00:21, 10.83s/it][A
 98%|█████████▊| 49/50 [09:03<00:10, 10.83s/it][A
100%|██████████| 50/50 [09:13<00:00, 10.52s/it][A
100%|██████████| 50/50 [09:13<00:00, 11.06s/it]
offline: 100%|█████████▉| 999999/1000000 [3:20:11<00:14, 14.11s/it, eval_success=0.260] 
  2%|▏         | 1/50 [00:10<08:52, 10.88s/it][A
  4%|▍         | 2/50 [00:21<08:44, 10.93s/it][A
  6%|▌         | 3/50 [00:33<08:39, 11.06s/it][A
  8%|▊         | 4/50 [00:42<08:03, 10.51s/it][A
 10%|█         | 5/50 [00:50<07:11,  9.58s/it][A
 12%|█▏        | 6/50 [00:59<06:52,  9.37s/it][A
 14%|█▍        | 7/50 [01:07<06:27,  9.01s/it][A
 16%|█▌        | 8/50 [01:15<06:04,  8.69s/it][A
 18%|█▊        | 9/50 [01:24<05:58,  8.74s/it][A
 20%|██        | 10/50 [01:33<05:49,  8.74s/it][A
 22%|██▏       | 11/50 [01:41<05:30,  8.48s/it][A
 24%|██▍       | 12/50 [01:49<05:18,  8.37s/it][A
 26%|██▌       | 13/50 [01:58<05:16,  8.55s/it][A
 28%|██▊       | 14/50 [02:06<05:03,  8.43s/it][A
 30%|███       | 15/50 [02:14<04:49,  8.26s/it][A
 32%|███▏      | 16/50 [02:23<04:46,  8.42s/it][A
 34%|███▍      | 17/50 [02:31<04:37,  8.40s/it][A
 36%|███▌      | 18/50 [02:41<04:38,  8.71s/it][A
 38%|███▊      | 19/50 [02:51<04:44,  9.17s/it][A
 40%|████      | 20/50 [03:02<04:52,  9.73s/it][A
 42%|████▏     | 21/50 [03:11<04:36,  9.53s/it][A
 44%|████▍     | 22/50 [03:20<04:22,  9.37s/it][A
 46%|████▌     | 23/50 [03:31<04:23,  9.77s/it][A
 48%|████▊     | 24/50 [03:41<04:21, 10.05s/it][A
 50%|█████     | 25/50 [03:52<04:16, 10.27s/it][A
 52%|█████▏    | 26/50 [04:02<04:00, 10.02s/it][A
 54%|█████▍    | 27/50 [04:12<03:56, 10.28s/it][A
 56%|█████▌    | 28/50 [04:23<03:51, 10.52s/it][A
 58%|█████▊    | 29/50 [04:34<03:43, 10.66s/it][A
 60%|██████    | 30/50 [04:45<03:33, 10.66s/it][A
 62%|██████▏   | 31/50 [04:57<03:26, 10.88s/it][A
 64%|██████▍   | 32/50 [05:08<03:21, 11.18s/it][A
 66%|██████▌   | 33/50 [05:21<03:17, 11.63s/it][A
 68%|██████▊   | 34/50 [05:34<03:10, 11.93s/it][A
 70%|███████   | 35/50 [05:46<03:02, 12.14s/it][A
 72%|███████▏  | 36/50 [05:59<02:50, 12.17s/it][A
 74%|███████▍  | 37/50 [06:11<02:40, 12.35s/it][A
 76%|███████▌  | 38/50 [06:21<02:19, 11.65s/it][A
 78%|███████▊  | 39/50 [06:34<02:12, 12.06s/it][A
 80%|████████  | 40/50 [06:46<02:00, 12.06s/it][A
 82%|████████▏ | 41/50 [06:59<01:51, 12.35s/it][A
 84%|████████▍ | 42/50 [07:13<01:40, 12.57s/it][A
 86%|████████▌ | 43/50 [07:26<01:28, 12.69s/it][A
 88%|████████▊ | 44/50 [07:35<01:11, 11.87s/it][A
 90%|█████████ | 45/50 [07:48<01:00, 12.11s/it][A
 92%|█████████▏| 46/50 [08:02<00:50, 12.66s/it][A
 94%|█████████▍| 47/50 [08:17<00:39, 13.29s/it][A
 96%|█████████▌| 48/50 [08:32<00:27, 13.81s/it][A
 98%|█████████▊| 49/50 [08:45<00:13, 13.65s/it][A
100%|██████████| 50/50 [09:00<00:00, 14.14s/it][A
100%|██████████| 50/50 [09:00<00:00, 10.82s/it]
offline: 100%|█████████▉| 999999/1000000 [3:29:12<00:14, 14.11s/it, eval_success=0.440]
offline: 100%|██████████| 1000000/1000000 [3:29:12<00:00, 32.64s/it, eval_success=0.440]
Saved to exp/beat/ant2/R1_rebrac_t1_s1/antmaze-giant-navigate-singletask-task1-v0/antmaze-giant-navigate-singletask-task1-v0_sd001_rebrac_nstep-h1_20260819_193939/params_offline.pkl
Saved modules ('critic', 'target_critic') to exp/beat/ant2/R1_rebrac_t1_s1/antmaze-giant-navigate-singletask-task1-v0/antmaze-giant-navigate-singletask-task1-v0_sd001_rebrac_nstep-h1_20260819_193939/critic_offline.pkl
[1;34mwandb[0m: 
[1;34mwandb[0m: 🚀 View run [33mantmaze-giant-navigate-singletask-task1-v0_sd001_rebrac_nstep-h1_20260819_193939[0m at: [34mhttps://wandb.ai/tjrcjf410-seoul-national-university/ant2/runs/rz9ojhdx[0m
[1;34mwandb[0m: Find logs at: [1;35m../../../tmp/tmpuyco8c_h/wandb/run-20260819_193940-rz9ojhdx/logs[0m
--- last progress lines ---
offline: 100%|██████████| 1000000/1000000 [3:29:12<00:00, 79.66it/s, eval_success=0.440]
online: 0it [00:00, ?it/s]
online: 0it [00:00, ?it/s]
