wandb: Using wandb-core as the SDK backend.  Please refer to https://wandb.me/wandb-core for more information.
wandb: Currently logged in as: tjrcjf410 (sjun0803-seoul-national-university) to https://api.wandb.ai. Use `wandb login --relogin` to force relogin
wandb: Tracking run with wandb version 0.19.9
wandb: Run data is saved locally in /tmp/tmp9nehu2cp/wandb/run-20260819_155828-fa2mg9cc
wandb: Run `wandb offline` to turn off syncing.
wandb: Syncing run antmaze-giant-navigate-singletask-task1-v0_sd000_rebrac_nstep-h1_20260819_155827
wandb: ⭐️ View project at https://wandb.ai/tjrcjf410-seoul-national-university/ant2
wandb: 🚀 View run at https://wandb.ai/tjrcjf410-seoul-national-university/ant2/runs/fa2mg9cc
wandb: WARNING Symlinked 8 files into the W&B run directory, call wandb.save again to sync new files.
I0819 15:58:29.607672 130986945840960 acceleratesupport.py:24] No OpenGL_accelerate module loaded: No module named 'OpenGL_accelerate'
offline:   0%|          | 1/1000000 [00:39<10940:48:55, 39.39s/it]
offline:   0%|          | 2/1000000 [00:39<4548:42:28, 16.38s/it] 
  2%|▏         | 1/50 [00:07<05:51,  7.17s/it][A
  4%|▍         | 2/50 [00:13<05:30,  6.89s/it][A
  6%|▌         | 3/50 [00:20<05:19,  6.79s/it][A
  8%|▊         | 4/50 [00:27<05:07,  6.69s/it][A
 10%|█         | 5/50 [00:33<05:00,  6.69s/it][A
 12%|█▏        | 6/50 [00:40<04:54,  6.68s/it][A
 14%|█▍        | 7/50 [00:47<04:46,  6.65s/it][A
 16%|█▌        | 8/50 [00:53<04:39,  6.65s/it][A
 18%|█▊        | 9/50 [01:00<04:32,  6.65s/it][A
 20%|██        | 10/50 [01:06<04:25,  6.65s/it][A
 22%|██▏       | 11/50 [01:13<04:19,  6.66s/it][A
 24%|██▍       | 12/50 [01:20<04:13,  6.67s/it][A
 26%|██▌       | 13/50 [01:26<04:06,  6.66s/it][A
 28%|██▊       | 14/50 [01:33<03:58,  6.63s/it][A
 30%|███       | 15/50 [01:40<03:51,  6.62s/it][A
 32%|███▏      | 16/50 [01:46<03:45,  6.63s/it][A
 34%|███▍      | 17/50 [01:54<03:47,  6.89s/it][A
 36%|███▌      | 18/50 [02:04<04:16,  8.00s/it][A
 38%|███▊      | 19/50 [02:15<04:31,  8.76s/it][A
 40%|████      | 20/50 [02:25<04:39,  9.31s/it][A
 42%|████▏     | 21/50 [02:36<04:40,  9.69s/it][A
 44%|████▍     | 22/50 [02:46<04:36,  9.89s/it][A
 46%|████▌     | 23/50 [02:57<04:31, 10.06s/it][A
 48%|████▊     | 24/50 [03:07<04:24, 10.19s/it][A
 50%|█████     | 25/50 [03:18<04:17, 10.31s/it][A
 52%|█████▏    | 26/50 [03:28<04:07, 10.31s/it][A
 54%|█████▍    | 27/50 [03:37<03:44,  9.77s/it][A
 56%|█████▌    | 28/50 [03:45<03:26,  9.41s/it][A
 58%|█████▊    | 29/50 [03:54<03:12,  9.17s/it][A
 60%|██████    | 30/50 [04:03<02:59,  8.99s/it][A
 62%|██████▏   | 31/50 [04:11<02:48,  8.89s/it][A
 64%|██████▍   | 32/50 [04:20<02:38,  8.80s/it][A
 66%|██████▌   | 33/50 [04:28<02:28,  8.75s/it][A
 68%|██████▊   | 34/50 [04:37<02:19,  8.70s/it][A
 70%|███████   | 35/50 [04:46<02:10,  8.67s/it][A
 72%|███████▏  | 36/50 [04:54<02:01,  8.65s/it][A
 74%|███████▍  | 37/50 [05:03<01:51,  8.61s/it][A
 76%|███████▌  | 38/50 [05:11<01:43,  8.59s/it][A
 78%|███████▊  | 39/50 [05:20<01:34,  8.56s/it][A
 80%|████████  | 40/50 [05:28<01:25,  8.58s/it][A
 82%|████████▏ | 41/50 [05:37<01:17,  8.59s/it][A
 84%|████████▍ | 42/50 [05:46<01:08,  8.59s/it][A
 86%|████████▌ | 43/50 [05:54<01:00,  8.59s/it][A
 88%|████████▊ | 44/50 [06:03<00:51,  8.61s/it][A
 90%|█████████ | 45/50 [06:11<00:43,  8.61s/it][A
 92%|█████████▏| 46/50 [06:21<00:35,  8.75s/it][A
 94%|█████████▍| 47/50 [06:31<00:27,  9.29s/it][A
 96%|█████████▌| 48/50 [06:42<00:19,  9.64s/it][A
 98%|█████████▊| 49/50 [06:52<00:09,  9.91s/it][A
100%|██████████| 50/50 [07:03<00:00, 10.10s/it][A
100%|██████████| 50/50 [07:03<00:00,  8.46s/it]
offline:  10%|█         | 100000/1000000 [16:03<1528:31:38,  6.11s/it, eval_success=0.000]
offline:  10%|█         | 100018/1000000 [16:03<1115:06:08,  4.46s/it, eval_success=0.000]
offline:  10%|█         | 100038/1000000 [16:03<780:31:08,  3.12s/it, eval_success=0.000] 
offline:  10%|█         | 100056/1000000 [16:03<563:26:04,  2.25s/it, eval_success=0.000]
offline:  10%|█         | 100073/1000000 [16:03<409:52:36,  1.64s/it, eval_success=0.000]
offline:  10%|█         | 100090/1000000 [16:03<295:19:11,  1.18s/it, eval_success=0.000]
  2%|▏         | 1/50 [00:09<07:22,  9.03s/it][A
  4%|▍         | 2/50 [00:19<07:55,  9.91s/it][A
  6%|▌         | 3/50 [00:30<07:58, 10.19s/it][A
  8%|▊         | 4/50 [00:40<07:53, 10.30s/it][A
 10%|█         | 5/50 [00:50<07:35, 10.12s/it][A
 12%|█▏        | 6/50 [01:00<07:32, 10.28s/it][A
 14%|█▍        | 7/50 [01:11<07:25, 10.37s/it][A
 16%|█▌        | 8/50 [01:20<06:50,  9.79s/it][A
 18%|█▊        | 9/50 [01:28<06:25,  9.40s/it][A
 20%|██        | 10/50 [01:36<05:55,  8.88s/it][A
 22%|██▏       | 11/50 [01:44<05:41,  8.77s/it][A
 24%|██▍       | 12/50 [01:53<05:30,  8.69s/it][A
 26%|██▌       | 13/50 [02:01<05:19,  8.64s/it][A
 28%|██▊       | 14/50 [02:10<05:10,  8.62s/it][A
 30%|███       | 15/50 [02:18<04:59,  8.57s/it][A
 32%|███▏      | 16/50 [02:27<04:50,  8.55s/it][A
 34%|███▍      | 17/50 [02:35<04:41,  8.53s/it][A
 36%|███▌      | 18/50 [02:44<04:32,  8.51s/it][A
 38%|███▊      | 19/50 [02:52<04:24,  8.53s/it][A
 40%|████      | 20/50 [03:01<04:16,  8.54s/it][A
 42%|████▏     | 21/50 [03:09<04:07,  8.54s/it][A
 44%|████▍     | 22/50 [03:18<03:58,  8.53s/it][A
 46%|████▌     | 23/50 [03:26<03:49,  8.51s/it][A
 48%|████▊     | 24/50 [03:35<03:41,  8.50s/it][A
 50%|█████     | 25/50 [03:43<03:32,  8.50s/it][A
 52%|█████▏    | 26/50 [03:52<03:24,  8.51s/it][A
 54%|█████▍    | 27/50 [04:01<03:17,  8.58s/it][A
 56%|█████▌    | 28/50 [04:08<02:58,  8.09s/it][A
 58%|█████▊    | 29/50 [04:14<02:40,  7.67s/it][A
 60%|██████    | 30/50 [04:21<02:27,  7.37s/it][A
 62%|██████▏   | 31/50 [04:28<02:15,  7.15s/it][A
 64%|██████▍   | 32/50 [04:34<02:05,  6.99s/it][A
 66%|██████▌   | 33/50 [04:41<01:56,  6.86s/it][A
 68%|██████▊   | 34/50 [04:46<01:41,  6.35s/it][A
 70%|███████   | 35/50 [04:51<01:30,  6.00s/it][A
 72%|███████▏  | 36/50 [04:56<01:19,  5.71s/it][A
 74%|███████▍  | 37/50 [05:01<01:11,  5.50s/it][A
 76%|███████▌  | 38/50 [05:06<01:04,  5.35s/it][A
 78%|███████▊  | 39/50 [05:11<00:58,  5.27s/it][A
 80%|████████  | 40/50 [05:16<00:52,  5.21s/it][A
 82%|████████▏ | 41/50 [05:21<00:46,  5.16s/it][A
 84%|████████▍ | 42/50 [05:26<00:41,  5.13s/it][A
 86%|████████▌ | 43/50 [05:32<00:35,  5.11s/it][A
 88%|████████▊ | 44/50 [05:36<00:29,  4.95s/it][A
 90%|█████████ | 45/50 [05:41<00:24,  4.98s/it][A
 92%|█████████▏| 46/50 [05:46<00:20,  5.01s/it][A
 94%|█████████▍| 47/50 [05:51<00:15,  5.02s/it][A
 96%|█████████▌| 48/50 [05:56<00:10,  5.02s/it][A
 98%|█████████▊| 49/50 [06:01<00:05,  5.03s/it][A
100%|██████████| 50/50 [06:06<00:00,  5.05s/it][A
100%|██████████| 50/50 [06:06<00:00,  7.34s/it]
offline:  20%|██        | 200000/1000000 [34:31<2065:14:58,  9.29s/it, eval_success=0.080]
offline:  20%|██        | 200027/1000000 [34:31<1045:45:02,  4.71s/it, eval_success=0.080]
offline:  20%|██        | 200057/1000000 [34:31<586:32:22,  2.64s/it, eval_success=0.080] 
offline:  20%|██        | 200083/1000000 [34:32<380:10:11,  1.71s/it, eval_success=0.080]
offline:  20%|██        | 200110/1000000 [34:32<249:56:38,  1.12s/it, eval_success=0.080]
  2%|▏         | 1/50 [00:10<08:33, 10.48s/it][A
  4%|▍         | 2/50 [00:20<08:22, 10.47s/it][A
  6%|▌         | 3/50 [00:31<08:14, 10.52s/it][A
  8%|▊         | 4/50 [00:42<08:21, 10.90s/it][A
 10%|█         | 5/50 [00:55<08:34, 11.44s/it][A
 12%|█▏        | 6/50 [01:07<08:37, 11.77s/it][A
 14%|█▍        | 7/50 [01:20<08:34, 11.97s/it][A
 16%|█▌        | 8/50 [01:32<08:30, 12.15s/it][A
 18%|█▊        | 9/50 [01:45<08:22, 12.26s/it][A
 20%|██        | 10/50 [01:57<08:13, 12.33s/it][A
 22%|██▏       | 11/50 [02:10<08:02, 12.37s/it][A
 24%|██▍       | 12/50 [02:22<07:51, 12.40s/it][A
 26%|██▌       | 13/50 [02:35<07:39, 12.43s/it][A
 28%|██▊       | 14/50 [02:47<07:27, 12.42s/it][A
 30%|███       | 15/50 [02:59<07:14, 12.42s/it][A
 32%|███▏      | 16/50 [03:12<07:03, 12.45s/it][A
 34%|███▍      | 17/50 [03:24<06:51, 12.47s/it][A
 36%|███▌      | 18/50 [03:36<06:34, 12.32s/it][A
 38%|███▊      | 19/50 [03:47<06:05, 11.80s/it][A
 40%|████      | 20/50 [03:58<05:42, 11.42s/it][A
 42%|████▏     | 21/50 [04:08<05:24, 11.18s/it][A
 44%|████▍     | 22/50 [04:19<05:07, 11.00s/it][A
 46%|████▌     | 23/50 [04:29<04:53, 10.89s/it][A
 48%|████▊     | 24/50 [04:40<04:40, 10.80s/it][A
 50%|█████     | 25/50 [04:51<04:28, 10.72s/it][A
 52%|█████▏    | 26/50 [05:01<04:16, 10.69s/it][A
 54%|█████▍    | 27/50 [05:12<04:05, 10.68s/it][A
 56%|█████▌    | 28/50 [05:22<03:54, 10.66s/it][A
 58%|█████▊    | 29/50 [05:33<03:43, 10.62s/it][A
 60%|██████    | 30/50 [05:44<03:32, 10.62s/it][A
 62%|██████▏   | 31/50 [05:54<03:21, 10.61s/it][A
 64%|██████▍   | 32/50 [06:05<03:10, 10.60s/it][A
 66%|██████▌   | 33/50 [06:15<03:00, 10.60s/it][A
 68%|██████▊   | 34/50 [06:26<02:49, 10.59s/it][A
 70%|███████   | 35/50 [06:36<02:38, 10.59s/it][A
 72%|███████▏  | 36/50 [06:47<02:27, 10.56s/it][A
 74%|███████▍  | 37/50 [06:58<02:17, 10.58s/it][A
 76%|███████▌  | 38/50 [07:08<02:06, 10.57s/it][A
 78%|███████▊  | 39/50 [07:19<01:56, 10.57s/it][A
 80%|████████  | 40/50 [07:29<01:45, 10.58s/it][A
 82%|████████▏ | 41/50 [07:40<01:35, 10.59s/it][A
 84%|████████▍ | 42/50 [07:51<01:24, 10.58s/it][A
 86%|████████▌ | 43/50 [08:01<01:14, 10.57s/it][A
 88%|████████▊ | 44/50 [08:12<01:03, 10.58s/it][A
 90%|█████████ | 45/50 [08:22<00:52, 10.57s/it][A
 92%|█████████▏| 46/50 [08:33<00:42, 10.57s/it][A
 94%|█████████▍| 47/50 [08:43<00:31, 10.60s/it][A
 96%|█████████▌| 48/50 [08:54<00:21, 10.58s/it][A
 98%|█████████▊| 49/50 [09:05<00:10, 10.57s/it][A
100%|██████████| 50/50 [09:15<00:00, 10.58s/it][A
100%|██████████| 50/50 [09:15<00:00, 11.11s/it]
offline:  30%|███       | 300000/1000000 [53:20<2339:28:24, 12.03s/it, eval_success=0.000]
offline:  30%|███       | 300017/1000000 [53:21<1534:03:17,  7.89s/it, eval_success=0.000]
offline:  30%|███       | 300032/1000000 [53:21<1070:05:37,  5.50s/it, eval_success=0.000]
offline:  30%|███       | 300049/1000000 [53:21<718:29:38,  3.70s/it, eval_success=0.000] 
offline:  30%|███       | 300064/1000000 [53:21<508:23:24,  2.61s/it, eval_success=0.000]
offline:  30%|███       | 300081/1000000 [53:21<345:09:53,  1.78s/it, eval_success=0.000]
offline:  30%|███       | 300096/1000000 [53:21<245:58:33,  1.27s/it, eval_success=0.000]
  2%|▏         | 1/50 [00:06<05:20,  6.54s/it][A
  4%|▍         | 2/50 [00:13<05:15,  6.56s/it][A
  6%|▌         | 3/50 [00:19<05:08,  6.57s/it][A
  8%|▊         | 4/50 [00:26<05:01,  6.56s/it][A
 10%|█         | 5/50 [00:32<04:55,  6.57s/it][A
 12%|█▏        | 6/50 [00:39<04:48,  6.57s/it][A
 14%|█▍        | 7/50 [00:46<04:43,  6.60s/it][A
 16%|█▌        | 8/50 [00:52<04:38,  6.62s/it][A
 18%|█▊        | 9/50 [00:59<04:30,  6.59s/it][A
 20%|██        | 10/50 [01:05<04:23,  6.59s/it][A
 22%|██▏       | 11/50 [01:13<04:26,  6.85s/it][A
 24%|██▍       | 12/50 [01:21<04:39,  7.35s/it][A
 26%|██▌       | 13/50 [01:30<04:45,  7.71s/it][A
 28%|██▊       | 14/50 [01:38<04:47,  7.98s/it][A
 30%|███       | 15/50 [01:47<04:40,  8.02s/it][A
 32%|███▏      | 16/50 [01:53<04:19,  7.64s/it][A
 34%|███▍      | 17/50 [02:00<04:03,  7.37s/it][A
 36%|███▌      | 18/50 [02:07<03:49,  7.16s/it][A
 38%|███▊      | 19/50 [02:12<03:22,  6.53s/it][A
 40%|████      | 20/50 [02:17<03:02,  6.10s/it][A
 42%|████▏     | 21/50 [02:22<02:47,  5.78s/it][A
 44%|████▍     | 22/50 [02:27<02:35,  5.55s/it][A
 46%|████▌     | 23/50 [02:32<02:25,  5.40s/it][A
 48%|████▊     | 24/50 [02:37<02:17,  5.30s/it][A
 50%|█████     | 25/50 [02:42<02:10,  5.22s/it][A
 52%|█████▏    | 26/50 [02:47<02:03,  5.16s/it][A
 54%|█████▍    | 27/50 [02:52<01:58,  5.13s/it][A
 56%|█████▌    | 28/50 [02:57<01:52,  5.10s/it][A
 58%|█████▊    | 29/50 [03:02<01:46,  5.09s/it][A
 60%|██████    | 30/50 [03:07<01:41,  5.08s/it][A
 62%|██████▏   | 31/50 [03:12<01:36,  5.06s/it][A
 64%|██████▍   | 32/50 [03:17<01:31,  5.10s/it][A
 66%|██████▌   | 33/50 [03:23<01:26,  5.11s/it][A
 68%|██████▊   | 34/50 [03:28<01:21,  5.08s/it][A
 70%|███████   | 35/50 [03:33<01:16,  5.10s/it][A
 72%|███████▏  | 36/50 [03:38<01:11,  5.13s/it][A
 74%|███████▍  | 37/50 [03:44<01:08,  5.30s/it][A
 76%|███████▌  | 38/50 [03:50<01:08,  5.71s/it][A
 78%|███████▊  | 39/50 [03:57<01:05,  6.00s/it][A
 80%|████████  | 40/50 [04:04<01:01,  6.19s/it][A
 82%|████████▏ | 41/50 [04:10<00:56,  6.33s/it][A
 84%|████████▍ | 42/50 [04:17<00:51,  6.42s/it][A
 86%|████████▌ | 43/50 [04:25<00:48,  6.97s/it][A
 88%|████████▊ | 44/50 [04:34<00:44,  7.47s/it][A
 90%|█████████ | 45/50 [04:42<00:39,  7.81s/it][A
 92%|█████████▏| 46/50 [04:51<00:32,  8.06s/it][A
 94%|█████████▍| 47/50 [05:00<00:24,  8.21s/it][A
 96%|█████████▌| 48/50 [05:08<00:16,  8.31s/it][A
 98%|█████████▊| 49/50 [05:17<00:08,  8.34s/it][A
100%|██████████| 50/50 [05:25<00:00,  8.42s/it][A
100%|██████████| 50/50 [05:25<00:00,  6.51s/it]
offline:  40%|████      | 400000/1000000 [1:08:38<945:14:57,  5.67s/it, eval_success=0.000]
offline:  40%|████      | 400022/1000000 [1:08:38<611:28:43,  3.67s/it, eval_success=0.000]
offline:  40%|████      | 400044/1000000 [1:08:38<406:41:37,  2.44s/it, eval_success=0.000]
offline:  40%|████      | 400064/1000000 [1:08:38<283:34:15,  1.70s/it, eval_success=0.000]
offline:  40%|████      | 400083/1000000 [1:08:38<201:09:27,  1.21s/it, eval_success=0.000]
  2%|▏         | 1/50 [00:12<10:10, 12.47s/it][A
  4%|▍         | 2/50 [00:24<09:58, 12.46s/it][A
  6%|▌         | 3/50 [00:37<09:44, 12.44s/it][A
  8%|▊         | 4/50 [00:49<09:34, 12.48s/it][A
 10%|█         | 5/50 [01:00<08:55, 11.90s/it][A
 12%|█▏        | 6/50 [01:12<08:36, 11.73s/it][A
 14%|█▍        | 7/50 [01:20<07:43, 10.78s/it][A
 16%|█▌        | 8/50 [01:29<07:02, 10.06s/it][A
 18%|█▊        | 9/50 [01:36<06:18,  9.24s/it][A
 20%|██        | 10/50 [01:45<06:00,  9.01s/it][A
 22%|██▏       | 11/50 [01:53<05:45,  8.86s/it][A
 24%|██▍       | 12/50 [02:02<05:33,  8.78s/it][A
 26%|██▌       | 13/50 [02:11<05:22,  8.72s/it][A
 28%|██▊       | 14/50 [02:19<05:12,  8.69s/it][A
 30%|███       | 15/50 [02:28<05:03,  8.66s/it][A
 32%|███▏      | 16/50 [02:34<04:32,  8.02s/it][A
 34%|███▍      | 17/50 [02:42<04:21,  7.92s/it][A
 36%|███▌      | 18/50 [02:51<04:19,  8.11s/it][A
 38%|███▊      | 19/50 [02:59<04:14,  8.21s/it][A
 40%|████      | 20/50 [03:08<04:09,  8.33s/it][A
 42%|████▏     | 21/50 [03:16<04:03,  8.39s/it][A
 44%|████▍     | 22/50 [03:25<03:55,  8.42s/it][A
 46%|████▌     | 23/50 [03:33<03:48,  8.47s/it][A
 48%|████▊     | 24/50 [03:42<03:40,  8.49s/it][A
 50%|█████     | 25/50 [03:50<03:30,  8.40s/it][A
 52%|█████▏    | 26/50 [03:59<03:23,  8.47s/it][A
 54%|█████▍    | 27/50 [04:07<03:15,  8.50s/it][A
 56%|█████▌    | 28/50 [04:16<03:08,  8.55s/it][A
 58%|█████▊    | 29/50 [04:23<02:51,  8.19s/it][A
 60%|██████    | 30/50 [04:30<02:34,  7.71s/it][A
 62%|██████▏   | 31/50 [04:37<02:21,  7.42s/it][A
 64%|██████▍   | 32/50 [04:43<02:09,  7.21s/it][A
 66%|██████▌   | 33/50 [04:50<01:59,  7.03s/it][A
 68%|██████▊   | 34/50 [04:57<01:51,  6.95s/it][A
 70%|███████   | 35/50 [05:03<01:42,  6.86s/it][A
 72%|███████▏  | 36/50 [05:10<01:35,  6.80s/it][A
 74%|███████▍  | 37/50 [05:17<01:27,  6.77s/it][A
 76%|███████▌  | 38/50 [05:23<01:20,  6.74s/it][A
 78%|███████▊  | 39/50 [05:30<01:14,  6.74s/it][A
 80%|████████  | 40/50 [05:37<01:07,  6.73s/it][A
 82%|████████▏ | 41/50 [05:43<01:00,  6.71s/it][A
 84%|████████▍ | 42/50 [05:50<00:53,  6.71s/it][A
 86%|████████▌ | 43/50 [05:57<00:46,  6.62s/it][A
 88%|████████▊ | 44/50 [06:03<00:39,  6.65s/it][A
 90%|█████████ | 45/50 [06:09<00:32,  6.52s/it][A
 92%|█████████▏| 46/50 [06:15<00:25,  6.36s/it][A
 94%|█████████▍| 47/50 [06:24<00:21,  7.01s/it][A
 96%|█████████▌| 48/50 [06:32<00:14,  7.45s/it][A
 98%|█████████▊| 49/50 [06:41<00:07,  7.79s/it][A
100%|██████████| 50/50 [06:51<00:00,  8.49s/it][A
100%|██████████| 50/50 [06:51<00:00,  8.23s/it]
offline:  50%|█████     | 500000/1000000 [1:28:26<1758:08:18, 12.66s/it, eval_success=0.180]
offline:  50%|█████     | 500016/1000000 [1:28:26<1033:17:54,  7.44s/it, eval_success=0.180]
offline:  50%|█████     | 500031/1000000 [1:28:26<665:56:03,  4.80s/it, eval_success=0.180] 
offline:  50%|█████     | 500049/1000000 [1:28:26<413:54:40,  2.98s/it, eval_success=0.180]
offline:  50%|█████     | 500064/1000000 [1:28:26<285:35:31,  2.06s/it, eval_success=0.180]
offline:  50%|█████     | 500080/1000000 [1:28:26<194:05:05,  1.40s/it, eval_success=0.180]
  2%|▏         | 1/50 [00:06<05:29,  6.73s/it][A
  4%|▍         | 2/50 [00:13<05:21,  6.70s/it][A
  6%|▌         | 3/50 [00:20<05:15,  6.71s/it][A
  8%|▊         | 4/50 [00:26<04:57,  6.48s/it][A
 10%|█         | 5/50 [00:32<04:55,  6.57s/it][A
 12%|█▏        | 6/50 [00:39<04:51,  6.62s/it][A
 14%|█▍        | 7/50 [00:46<04:45,  6.64s/it][A
 16%|█▌        | 8/50 [00:53<04:40,  6.67s/it][A
 18%|█▊        | 9/50 [00:59<04:34,  6.70s/it][A
 20%|██        | 10/50 [01:06<04:27,  6.69s/it][A
 22%|██▏       | 11/50 [01:13<04:21,  6.71s/it][A
 24%|██▍       | 12/50 [01:20<04:15,  6.72s/it][A
 26%|██▌       | 13/50 [01:26<04:06,  6.66s/it][A
 28%|██▊       | 14/50 [01:33<03:59,  6.66s/it][A
 30%|███       | 15/50 [01:39<03:53,  6.68s/it][A
 32%|███▏      | 16/50 [01:46<03:46,  6.67s/it][A
 34%|███▍      | 17/50 [01:53<03:40,  6.68s/it][A
 36%|███▌      | 18/50 [01:59<03:33,  6.68s/it][A
 38%|███▊      | 19/50 [02:06<03:26,  6.66s/it][A
 40%|████      | 20/50 [02:13<03:20,  6.67s/it][A
 42%|████▏     | 21/50 [02:20<03:14,  6.69s/it][A
 44%|████▍     | 22/50 [02:26<03:07,  6.69s/it][A
 46%|████▌     | 23/50 [02:33<02:57,  6.58s/it][A
 48%|████▊     | 24/50 [02:38<02:45,  6.37s/it][A
 50%|█████     | 25/50 [02:45<02:41,  6.48s/it][A
 52%|█████▏    | 26/50 [02:52<02:36,  6.54s/it][A
 54%|█████▍    | 27/50 [02:58<02:30,  6.54s/it][A
 56%|█████▌    | 28/50 [03:06<02:31,  6.90s/it][A
 58%|█████▊    | 29/50 [03:15<02:36,  7.46s/it][A
 60%|██████    | 30/50 [03:22<02:29,  7.49s/it][A
 62%|██████▏   | 31/50 [03:29<02:19,  7.34s/it][A
 64%|██████▍   | 32/50 [03:38<02:19,  7.73s/it][A
 66%|██████▌   | 33/50 [03:47<02:15,  7.98s/it][A
 68%|██████▊   | 34/50 [03:55<02:10,  8.13s/it][A
 70%|███████   | 35/50 [04:06<02:13,  8.87s/it][A
 72%|███████▏  | 36/50 [04:16<02:11,  9.39s/it][A
 74%|███████▍  | 37/50 [04:26<02:05,  9.62s/it][A
 76%|███████▌  | 38/50 [04:37<01:58,  9.90s/it][A
 78%|███████▊  | 39/50 [04:46<01:47,  9.75s/it][A
 80%|████████  | 40/50 [04:57<01:40, 10.01s/it][A
 82%|████████▏ | 41/50 [05:08<01:31, 10.15s/it][A
 84%|████████▍ | 42/50 [05:18<01:21, 10.24s/it][A
 86%|████████▌ | 43/50 [05:29<01:12, 10.34s/it][A
 88%|████████▊ | 44/50 [05:39<01:02, 10.48s/it][A
 90%|█████████ | 45/50 [05:50<00:52, 10.48s/it][A
 92%|█████████▏| 46/50 [06:00<00:41, 10.48s/it][A
 94%|█████████▍| 47/50 [06:11<00:31, 10.50s/it][A
 96%|█████████▌| 48/50 [06:21<00:21, 10.52s/it][A
 98%|█████████▊| 49/50 [06:30<00:10, 10.02s/it][A
100%|██████████| 50/50 [06:41<00:00, 10.18s/it][A
100%|██████████| 50/50 [06:41<00:00,  8.03s/it]
offline:  60%|██████    | 600000/1000000 [1:44:08<671:39:57,  6.04s/it, eval_success=0.260]
offline:  60%|██████    | 600018/1000000 [1:44:09<484:29:47,  4.36s/it, eval_success=0.260]
offline:  60%|██████    | 600038/1000000 [1:44:09<336:04:25,  3.02s/it, eval_success=0.260]
offline:  60%|██████    | 600056/1000000 [1:44:09<241:13:29,  2.17s/it, eval_success=0.260]
offline:  60%|██████    | 600073/1000000 [1:44:09<174:46:09,  1.57s/it, eval_success=0.260]
offline:  60%|██████    | 600090/1000000 [1:44:09<125:30:17,  1.13s/it, eval_success=0.260]
  2%|▏         | 1/50 [00:06<05:30,  6.74s/it][A
  4%|▍         | 2/50 [00:13<05:14,  6.55s/it][A
  6%|▌         | 3/50 [00:21<05:39,  7.23s/it][A
  8%|▊         | 4/50 [00:29<05:55,  7.74s/it][A
 10%|█         | 5/50 [00:38<06:02,  8.06s/it][A
 12%|█▏        | 6/50 [00:46<06:02,  8.24s/it][A
 14%|█▍        | 7/50 [00:54<05:49,  8.13s/it][A
 16%|█▌        | 8/50 [01:03<05:48,  8.30s/it][A
 18%|█▊        | 9/50 [01:11<05:34,  8.16s/it][A
 20%|██        | 10/50 [01:19<05:32,  8.30s/it][A
 22%|██▏       | 11/50 [01:27<05:14,  8.07s/it][A
 24%|██▍       | 12/50 [01:34<04:50,  7.66s/it][A
 26%|██▌       | 13/50 [01:39<04:18,  6.98s/it][A
 28%|██▊       | 14/50 [01:46<04:04,  6.80s/it][A
 30%|███       | 15/50 [01:52<03:56,  6.75s/it][A
 32%|███▏      | 16/50 [01:59<03:48,  6.73s/it][A
 34%|███▍      | 17/50 [02:06<03:42,  6.74s/it][A
 36%|███▌      | 18/50 [02:12<03:31,  6.62s/it][A
 38%|███▊      | 19/50 [02:19<03:25,  6.64s/it][A
 40%|████      | 20/50 [02:25<03:19,  6.66s/it][A
 42%|████▏     | 21/50 [02:32<03:13,  6.67s/it][A
 44%|████▍     | 22/50 [02:39<03:07,  6.71s/it][A
 46%|████▌     | 23/50 [02:47<03:12,  7.14s/it][A
 48%|████▊     | 24/50 [02:58<03:32,  8.16s/it][A
 50%|█████     | 25/50 [03:08<03:41,  8.85s/it][A
 52%|█████▏    | 26/50 [03:19<03:44,  9.36s/it][A
 54%|█████▍    | 27/50 [03:29<03:43,  9.73s/it][A
 56%|█████▌    | 28/50 [03:40<03:39,  9.99s/it][A
 58%|█████▊    | 29/50 [03:50<03:33, 10.15s/it][A
 60%|██████    | 30/50 [04:00<03:21, 10.09s/it][A
 62%|██████▏   | 31/50 [04:11<03:13, 10.18s/it][A
 64%|██████▍   | 32/50 [04:21<03:05, 10.31s/it][A
 66%|██████▌   | 33/50 [04:32<02:56, 10.39s/it][A
 68%|██████▊   | 34/50 [04:42<02:46, 10.41s/it][A
 70%|███████   | 35/50 [04:53<02:35, 10.38s/it][A
 72%|███████▏  | 36/50 [05:03<02:25, 10.42s/it][A
 74%|███████▍  | 37/50 [05:14<02:15, 10.44s/it][A
 76%|███████▌  | 38/50 [05:23<02:00, 10.07s/it][A
 78%|███████▊  | 39/50 [05:33<01:52, 10.19s/it][A
 80%|████████  | 40/50 [05:43<01:40, 10.06s/it][A
 82%|████████▏ | 41/50 [05:53<01:31, 10.11s/it][A
 84%|████████▍ | 42/50 [06:04<01:21, 10.24s/it][A
 86%|████████▌ | 43/50 [06:14<01:12, 10.33s/it][A
 88%|████████▊ | 44/50 [06:25<01:02, 10.35s/it][A
 90%|█████████ | 45/50 [06:32<00:47,  9.43s/it][A
 92%|█████████▏| 46/50 [06:41<00:36,  9.16s/it][A
 94%|█████████▍| 47/50 [06:49<00:26,  9.00s/it][A
 96%|█████████▌| 48/50 [06:58<00:17,  8.87s/it][A
 98%|█████████▊| 49/50 [07:06<00:08,  8.77s/it][A
100%|██████████| 50/50 [07:15<00:00,  8.73s/it][A
100%|██████████| 50/50 [07:15<00:00,  8.71s/it]
offline:  70%|███████   | 700000/1000000 [2:01:50<554:31:58,  6.65s/it, eval_success=0.340]
offline:  70%|███████   | 700019/1000000 [2:01:51<392:10:44,  4.71s/it, eval_success=0.340]
offline:  70%|███████   | 700038/1000000 [2:01:51<276:35:50,  3.32s/it, eval_success=0.340]
offline:  70%|███████   | 700057/1000000 [2:01:51<194:42:48,  2.34s/it, eval_success=0.340]
offline:  70%|███████   | 700075/1000000 [2:01:51<139:04:52,  1.67s/it, eval_success=0.340]
offline:  70%|███████   | 700094/1000000 [2:01:51<97:15:46,  1.17s/it, eval_success=0.340] 
  2%|▏         | 1/50 [00:07<05:53,  7.22s/it][A
  4%|▍         | 2/50 [00:15<06:24,  8.01s/it][A
  6%|▌         | 3/50 [00:23<06:17,  8.04s/it][A
  8%|▊         | 4/50 [00:32<06:19,  8.26s/it][A
 10%|█         | 5/50 [00:41<06:17,  8.38s/it][A
 12%|█▏        | 6/50 [00:49<06:11,  8.45s/it][A
 14%|█▍        | 7/50 [00:58<06:04,  8.47s/it][A
 16%|█▌        | 8/50 [01:06<05:57,  8.50s/it][A
 18%|█▊        | 9/50 [01:15<05:49,  8.53s/it][A
 20%|██        | 10/50 [01:23<05:42,  8.55s/it][A
 22%|██▏       | 11/50 [01:33<05:42,  8.79s/it][A
 24%|██▍       | 12/50 [01:43<05:53,  9.31s/it][A
 26%|██▌       | 13/50 [01:53<05:49,  9.45s/it][A
 28%|██▊       | 14/50 [02:04<05:52,  9.79s/it][A
 30%|███       | 15/50 [02:14<05:49, 10.00s/it][A
 32%|███▏      | 16/50 [02:24<05:43, 10.12s/it][A
 34%|███▍      | 17/50 [02:35<05:38, 10.26s/it][A
 36%|███▌      | 18/50 [02:46<05:31, 10.36s/it][A
 38%|███▊      | 19/50 [02:56<05:22, 10.40s/it][A
 40%|████      | 20/50 [03:06<05:09, 10.30s/it][A
 42%|████▏     | 21/50 [03:15<04:42,  9.76s/it][A
 44%|████▍     | 22/50 [03:23<04:21,  9.35s/it][A
 46%|████▌     | 23/50 [03:32<04:05,  9.09s/it][A
 48%|████▊     | 24/50 [03:40<03:47,  8.75s/it][A
 50%|█████     | 25/50 [03:48<03:36,  8.67s/it][A
 52%|█████▏    | 26/50 [03:57<03:27,  8.63s/it][A
 54%|█████▍    | 27/50 [04:05<03:17,  8.59s/it][A
 56%|█████▌    | 28/50 [04:14<03:08,  8.59s/it][A
 58%|█████▊    | 29/50 [04:22<02:59,  8.56s/it][A
 60%|██████    | 30/50 [04:31<02:50,  8.53s/it][A
 62%|██████▏   | 31/50 [04:39<02:42,  8.56s/it][A
 64%|██████▍   | 32/50 [04:48<02:33,  8.55s/it][A
 66%|██████▌   | 33/50 [04:56<02:24,  8.53s/it][A
 68%|██████▊   | 34/50 [05:05<02:16,  8.54s/it][A
 70%|███████   | 35/50 [05:13<02:08,  8.55s/it][A
 72%|███████▏  | 36/50 [05:22<01:59,  8.54s/it][A
 74%|███████▍  | 37/50 [05:30<01:50,  8.50s/it][A
 76%|███████▌  | 38/50 [05:41<01:49,  9.09s/it][A
 78%|███████▊  | 39/50 [05:51<01:44,  9.54s/it][A
 80%|████████  | 40/50 [06:02<01:38,  9.82s/it][A
 82%|████████▏ | 41/50 [06:11<01:26,  9.62s/it][A
 84%|████████▍ | 42/50 [06:19<01:14,  9.28s/it][A
 86%|████████▌ | 43/50 [06:28<01:03,  9.05s/it][A
 88%|████████▊ | 44/50 [06:36<00:52,  8.67s/it][A
 90%|█████████ | 45/50 [06:44<00:43,  8.63s/it][A
 92%|█████████▏| 46/50 [06:53<00:34,  8.59s/it][A
 94%|█████████▍| 47/50 [07:01<00:25,  8.57s/it][A
 96%|█████████▌| 48/50 [07:10<00:17,  8.56s/it][A
 98%|█████████▊| 49/50 [07:18<00:08,  8.56s/it][A
100%|██████████| 50/50 [07:27<00:00,  8.54s/it][A
100%|██████████| 50/50 [07:27<00:00,  8.95s/it]
offline:  80%|████████  | 800000/1000000 [2:20:00<472:58:13,  8.51s/it, eval_success=0.160]
offline:  80%|████████  | 800022/1000000 [2:20:00<296:10:01,  5.33s/it, eval_success=0.160]
offline:  80%|████████  | 800040/1000000 [2:20:00<206:10:12,  3.71s/it, eval_success=0.160]
offline:  80%|████████  | 800060/1000000 [2:20:00<139:07:28,  2.50s/it, eval_success=0.160]
offline:  80%|████████  | 800078/1000000 [2:20:00<98:09:20,  1.77s/it, eval_success=0.160] 
offline:  80%|████████  | 800098/1000000 [2:20:00<66:55:58,  1.21s/it, eval_success=0.160]
  2%|▏         | 1/50 [00:08<07:05,  8.67s/it][A
  4%|▍         | 2/50 [00:16<06:33,  8.20s/it][A
  6%|▌         | 3/50 [00:23<05:57,  7.60s/it][A
  8%|▊         | 4/50 [00:30<05:33,  7.24s/it][A
 10%|█         | 5/50 [00:37<05:20,  7.12s/it][A
 12%|█▏        | 6/50 [00:43<04:59,  6.81s/it][A
 14%|█▍        | 7/50 [00:49<04:42,  6.56s/it][A
 16%|█▌        | 8/50 [00:55<04:37,  6.61s/it][A
 18%|█▊        | 9/50 [01:02<04:27,  6.51s/it][A
 20%|██        | 10/50 [01:08<04:21,  6.55s/it][A
 22%|██▏       | 11/50 [01:15<04:17,  6.60s/it][A
 24%|██▍       | 12/50 [01:22<04:12,  6.64s/it][A
 26%|██▌       | 13/50 [01:29<04:06,  6.65s/it][A
 28%|██▊       | 14/50 [01:35<03:59,  6.66s/it][A
 30%|███       | 15/50 [01:42<03:54,  6.71s/it][A
 32%|███▏      | 16/50 [01:49<03:48,  6.71s/it][A
 34%|███▍      | 17/50 [01:55<03:38,  6.63s/it][A
 36%|███▌      | 18/50 [02:02<03:33,  6.66s/it][A
 38%|███▊      | 19/50 [02:09<03:26,  6.66s/it][A
 40%|████      | 20/50 [02:15<03:20,  6.69s/it][A
 42%|████▏     | 21/50 [02:22<03:14,  6.70s/it][A
 44%|████▍     | 22/50 [02:29<03:07,  6.71s/it][A
 46%|████▌     | 23/50 [02:36<03:01,  6.72s/it][A
 48%|████▊     | 24/50 [02:42<02:54,  6.71s/it][A
 50%|█████     | 25/50 [02:49<02:47,  6.71s/it][A
 52%|█████▏    | 26/50 [02:56<02:40,  6.71s/it][A
 54%|█████▍    | 27/50 [03:02<02:34,  6.70s/it][A
 56%|█████▌    | 28/50 [03:09<02:27,  6.72s/it][A
 58%|█████▊    | 29/50 [03:16<02:21,  6.72s/it][A
 60%|██████    | 30/50 [03:22<02:13,  6.68s/it][A
 62%|██████▏   | 31/50 [03:29<02:07,  6.70s/it][A
 64%|██████▍   | 32/50 [03:36<02:00,  6.71s/it][A
 66%|██████▌   | 33/50 [03:43<01:54,  6.71s/it][A
 68%|██████▊   | 34/50 [03:49<01:43,  6.47s/it][A
 70%|███████   | 35/50 [03:55<01:38,  6.54s/it][A
 72%|███████▏  | 36/50 [04:01<01:27,  6.27s/it][A
 74%|███████▍  | 37/50 [04:08<01:23,  6.40s/it][A
 76%|███████▌  | 38/50 [04:13<01:13,  6.11s/it][A
 78%|███████▊  | 39/50 [04:20<01:08,  6.25s/it][A
 80%|████████  | 40/50 [04:26<01:03,  6.36s/it][A
 82%|████████▏ | 41/50 [04:33<00:57,  6.42s/it][A
 84%|████████▍ | 42/50 [04:39<00:51,  6.45s/it][A
 86%|████████▌ | 43/50 [04:46<00:45,  6.49s/it][A
 88%|████████▊ | 44/50 [04:52<00:39,  6.52s/it][A
 90%|█████████ | 45/50 [04:58<00:31,  6.33s/it][A
 92%|█████████▏| 46/50 [05:05<00:25,  6.38s/it][A
 94%|█████████▍| 47/50 [05:11<00:19,  6.44s/it][A
 96%|█████████▌| 48/50 [05:18<00:12,  6.49s/it][A
 98%|█████████▊| 49/50 [05:24<00:06,  6.43s/it][A
100%|██████████| 50/50 [05:31<00:00,  6.49s/it][A
100%|██████████| 50/50 [05:31<00:00,  6.63s/it]
offline:  90%|█████████ | 900000/1000000 [2:35:46<214:36:33,  7.73s/it, eval_success=0.200]
offline:  90%|█████████ | 900029/1000000 [2:35:47<109:15:41,  3.93s/it, eval_success=0.200]
offline:  90%|█████████ | 900049/1000000 [2:35:47<73:41:01,  2.65s/it, eval_success=0.200] 
offline:  90%|█████████ | 900071/1000000 [2:35:47<48:45:18,  1.76s/it, eval_success=0.200]
offline:  90%|█████████ | 900092/1000000 [2:35:47<33:23:15,  1.20s/it, eval_success=0.200]
  2%|▏         | 1/50 [00:08<07:04,  8.67s/it][A
  4%|▍         | 2/50 [00:17<06:56,  8.68s/it][A
  6%|▌         | 3/50 [00:25<06:37,  8.47s/it][A
  8%|▊         | 4/50 [00:34<06:32,  8.54s/it][A
 10%|█         | 5/50 [00:42<06:25,  8.58s/it][A
 12%|█▏        | 6/50 [00:51<06:17,  8.59s/it][A
 14%|█▍        | 7/50 [01:00<06:10,  8.62s/it][A
 16%|█▌        | 8/50 [01:08<06:03,  8.66s/it][A
 18%|█▊        | 9/50 [01:15<05:32,  8.10s/it][A
 20%|██        | 10/50 [01:24<05:31,  8.30s/it][A
 22%|██▏       | 11/50 [01:33<05:28,  8.41s/it][A
 24%|██▍       | 12/50 [01:41<05:21,  8.46s/it][A
 26%|██▌       | 13/50 [01:49<05:00,  8.12s/it][A
 28%|██▊       | 14/50 [01:57<05:00,  8.35s/it][A
 30%|███       | 15/50 [02:08<05:16,  9.05s/it][A
 32%|███▏      | 16/50 [02:19<05:22,  9.48s/it][A
 34%|███▍      | 17/50 [02:29<05:24,  9.84s/it][A
 36%|███▌      | 18/50 [02:40<05:20, 10.01s/it][A
 38%|███▊      | 19/50 [02:50<05:15, 10.19s/it][A
 40%|████      | 20/50 [03:01<05:08, 10.30s/it][A
 42%|████▏     | 21/50 [03:12<05:01, 10.40s/it][A
 44%|████▍     | 22/50 [03:22<04:54, 10.50s/it][A
 46%|████▌     | 23/50 [03:33<04:45, 10.57s/it][A
 48%|████▊     | 24/50 [03:44<04:35, 10.60s/it][A
 50%|█████     | 25/50 [03:54<04:25, 10.61s/it][A
 52%|█████▏    | 26/50 [04:05<04:16, 10.69s/it][A
 54%|█████▍    | 27/50 [04:18<04:18, 11.26s/it][A
 56%|█████▌    | 28/50 [04:30<04:16, 11.65s/it][A
 58%|█████▊    | 29/50 [04:43<04:10, 11.93s/it][A
 60%|██████    | 30/50 [04:56<04:02, 12.13s/it][A
 62%|██████▏   | 31/50 [05:08<03:53, 12.28s/it][A
 64%|██████▍   | 32/50 [05:21<03:42, 12.36s/it][A
 66%|██████▌   | 33/50 [05:33<03:31, 12.44s/it][A
 68%|██████▊   | 34/50 [05:46<03:20, 12.50s/it][A
 70%|███████   | 35/50 [05:59<03:07, 12.52s/it][A
 72%|███████▏  | 36/50 [06:11<02:55, 12.51s/it][A
 74%|███████▍  | 37/50 [06:24<02:42, 12.52s/it][A
 76%|███████▌  | 38/50 [06:36<02:30, 12.53s/it][A
 78%|███████▊  | 39/50 [06:49<02:18, 12.56s/it][A
 80%|████████  | 40/50 [07:01<02:05, 12.59s/it][A
 82%|████████▏ | 41/50 [07:13<01:51, 12.40s/it][A
 84%|████████▍ | 42/50 [07:26<01:39, 12.45s/it][A
 86%|████████▌ | 43/50 [07:39<01:27, 12.50s/it][A
 88%|████████▊ | 44/50 [07:51<01:15, 12.55s/it][A
 90%|█████████ | 45/50 [08:04<01:02, 12.55s/it][A
 92%|█████████▏| 46/50 [08:16<00:50, 12.55s/it][A
 94%|█████████▍| 47/50 [08:29<00:37, 12.57s/it][A
 96%|█████████▌| 48/50 [08:42<00:25, 12.58s/it][A
 98%|█████████▊| 49/50 [08:54<00:12, 12.55s/it][A
100%|██████████| 50/50 [09:06<00:00, 12.53s/it][A
100%|██████████| 50/50 [09:06<00:00, 10.94s/it]
offline: 100%|█████████▉| 999999/1000000 [2:54:10<00:09,  9.46s/it, eval_success=0.140] 
  2%|▏         | 1/50 [00:10<08:49, 10.81s/it][A
  4%|▍         | 2/50 [00:23<09:26, 11.80s/it][A
  6%|▌         | 3/50 [00:34<08:55, 11.40s/it][A
  8%|▊         | 4/50 [00:46<09:07, 11.90s/it][A
 10%|█         | 5/50 [00:59<09:07, 12.17s/it][A
 12%|█▏        | 6/50 [01:12<09:02, 12.33s/it][A
 14%|█▍        | 7/50 [01:24<08:53, 12.40s/it][A
 16%|█▌        | 8/50 [01:36<08:38, 12.35s/it][A
 18%|█▊        | 9/50 [01:49<08:32, 12.51s/it][A
 20%|██        | 10/50 [02:02<08:21, 12.53s/it][A
 22%|██▏       | 11/50 [02:13<07:53, 12.15s/it][A
 24%|██▍       | 12/50 [02:26<07:47, 12.30s/it][A
 26%|██▌       | 13/50 [02:38<07:32, 12.24s/it][A
 28%|██▊       | 14/50 [02:50<07:24, 12.33s/it][A
 30%|███       | 15/50 [03:03<07:14, 12.41s/it][A
 32%|███▏      | 16/50 [03:16<07:03, 12.46s/it][A
 34%|███▍      | 17/50 [03:28<06:51, 12.48s/it][A
 36%|███▌      | 18/50 [03:41<06:40, 12.52s/it][A
 38%|███▊      | 19/50 [03:51<06:04, 11.76s/it][A
 40%|████      | 20/50 [04:02<05:43, 11.46s/it][A
 42%|████▏     | 21/50 [04:12<05:25, 11.21s/it][A
 44%|████▍     | 22/50 [04:22<05:04, 10.88s/it][A
 46%|████▌     | 23/50 [04:33<04:51, 10.81s/it][A
 48%|████▊     | 24/50 [04:44<04:39, 10.76s/it][A
 50%|█████     | 25/50 [04:54<04:27, 10.72s/it][A
 52%|█████▏    | 26/50 [05:05<04:16, 10.69s/it][A
 54%|█████▍    | 27/50 [05:15<04:05, 10.69s/it][A
 56%|█████▌    | 28/50 [05:26<03:55, 10.68s/it][A
 58%|█████▊    | 29/50 [05:37<03:43, 10.66s/it][A
 60%|██████    | 30/50 [05:46<03:24, 10.24s/it][A
 62%|██████▏   | 31/50 [05:56<03:13, 10.19s/it][A
 64%|██████▍   | 32/50 [06:07<03:05, 10.32s/it][A
 66%|██████▌   | 33/50 [06:17<02:56, 10.39s/it][A
 68%|██████▊   | 34/50 [06:27<02:44, 10.29s/it][A
 70%|███████   | 35/50 [06:38<02:36, 10.40s/it][A
 72%|███████▏  | 36/50 [06:49<02:26, 10.43s/it][A
 74%|███████▍  | 37/50 [06:58<02:10, 10.01s/it][A
 76%|███████▌  | 38/50 [07:08<02:02, 10.21s/it][A
 78%|███████▊  | 39/50 [07:19<01:53, 10.34s/it][A
 80%|████████  | 40/50 [07:29<01:43, 10.31s/it][A
 82%|████████▏ | 41/50 [07:38<01:30, 10.03s/it][A
 84%|████████▍ | 42/50 [07:49<01:20, 10.10s/it][A
 86%|████████▌ | 43/50 [07:56<01:04,  9.28s/it][A
 88%|████████▊ | 44/50 [08:05<00:54,  9.09s/it][A
 90%|█████████ | 45/50 [08:13<00:44,  8.96s/it][A
 92%|█████████▏| 46/50 [08:22<00:35,  8.90s/it][A
 94%|█████████▍| 47/50 [08:31<00:26,  8.81s/it][A
 96%|█████████▌| 48/50 [08:39<00:17,  8.65s/it][A
 98%|█████████▊| 49/50 [08:48<00:08,  8.65s/it][A
100%|██████████| 50/50 [08:56<00:00,  8.65s/it][A
100%|██████████| 50/50 [08:56<00:00, 10.74s/it]
offline: 100%|█████████▉| 999999/1000000 [3:03:07<00:09,  9.46s/it, eval_success=0.320]
offline: 100%|██████████| 1000000/1000000 [3:03:07<00:00, 22.18s/it, eval_success=0.320]
Saved to exp/beat/ant2/R_rebrac_t1/antmaze-giant-navigate-singletask-task1-v0/antmaze-giant-navigate-singletask-task1-v0_sd000_rebrac_nstep-h1_20260819_155827/params_offline.pkl
Saved modules ('critic', 'target_critic') to exp/beat/ant2/R_rebrac_t1/antmaze-giant-navigate-singletask-task1-v0/antmaze-giant-navigate-singletask-task1-v0_sd000_rebrac_nstep-h1_20260819_155827/critic_offline.pkl
[1;34mwandb[0m: 
[1;34mwandb[0m: 🚀 View run [33mantmaze-giant-navigate-singletask-task1-v0_sd000_rebrac_nstep-h1_20260819_155827[0m at: [34mhttps://wandb.ai/tjrcjf410-seoul-national-university/ant2/runs/fa2mg9cc[0m
[1;34mwandb[0m: Find logs at: [1;35m../../../tmp/tmp9nehu2cp/wandb/run-20260819_155828-fa2mg9cc/logs[0m
--- last progress lines ---
offline: 100%|██████████| 1000000/1000000 [3:03:07<00:00, 91.01it/s, eval_success=0.320]
online: 0it [00:00, ?it/s]
online: 0it [00:00, ?it/s]
