wandb: Using wandb-core as the SDK backend.  Please refer to https://wandb.me/wandb-core for more information.
wandb: Currently logged in as: tjrcjf410 (sjun0803-seoul-national-university) to https://api.wandb.ai. Use `wandb login --relogin` to force relogin
wandb: Tracking run with wandb version 0.19.9
wandb: Run data is saved locally in /tmp/tmpbmvdn2te/wandb/run-20260819_230914-u2nc21ze
wandb: Run `wandb offline` to turn off syncing.
wandb: Syncing run antmaze-giant-navigate-singletask-task3-v0_sd001_anq_stdfp_chunk-h1_20260819_230913
wandb: ⭐️ View project at https://wandb.ai/tjrcjf410-seoul-national-university/ant2
wandb: 🚀 View run at https://wandb.ai/tjrcjf410-seoul-national-university/ant2/runs/u2nc21ze
wandb: WARNING Symlinked 8 files into the W&B run directory, call wandb.save again to sync new files.
I0819 23:09:15.159563 134145831302976 acceleratesupport.py:24] No OpenGL_accelerate module loaded: No module named 'OpenGL_accelerate'
offline:   0%|          | 1/1000000 [02:10<36370:29:37, 130.93s/it]
offline:   0%|          | 2/1000000 [02:31<18346:40:43, 66.05s/it] 
offline:   0%|          | 3/1000000 [02:53<12695:27:04, 45.70s/it]
offline:   0%|          | 14/1000000 [02:53<1555:31:08,  5.60s/it]
offline:   0%|          | 24/1000000 [02:53<729:41:33,  2.63s/it] 
offline:   0%|          | 31/1000000 [02:53<477:46:03,  1.72s/it]
offline:   0%|          | 38/1000000 [02:53<320:44:26,  1.15s/it]
  2%|▏         | 1/50 [00:11<09:26, 11.56s/it][A
  4%|▍         | 2/50 [00:22<08:51, 11.08s/it][A
  6%|▌         | 3/50 [00:33<08:34, 10.95s/it][A
  8%|▊         | 4/50 [00:43<08:20, 10.87s/it][A
 10%|█         | 5/50 [00:54<08:07, 10.83s/it][A
 12%|█▏        | 6/50 [01:05<07:56, 10.82s/it][A
 14%|█▍        | 7/50 [01:16<07:49, 10.93s/it][A
 16%|█▌        | 8/50 [01:29<08:04, 11.55s/it][A
 18%|█▊        | 9/50 [01:42<08:09, 11.94s/it][A
 20%|██        | 10/50 [01:54<08:07, 12.19s/it][A
 22%|██▏       | 11/50 [02:07<08:03, 12.39s/it][A
 24%|██▍       | 12/50 [02:20<07:54, 12.48s/it][A
 26%|██▌       | 13/50 [02:33<07:44, 12.55s/it][A
 28%|██▊       | 14/50 [02:45<07:32, 12.56s/it][A
 30%|███       | 15/50 [02:56<07:01, 12.04s/it][A
 32%|███▏      | 16/50 [03:07<06:36, 11.68s/it][A
 34%|███▍      | 17/50 [03:18<06:17, 11.44s/it][A
 36%|███▌      | 18/50 [03:29<06:00, 11.27s/it][A
 38%|███▊      | 19/50 [03:40<05:45, 11.14s/it][A
 40%|████      | 20/50 [03:50<05:32, 11.07s/it][A
 42%|████▏     | 21/50 [04:01<05:19, 11.00s/it][A
 44%|████▍     | 22/50 [04:12<05:07, 10.97s/it][A
 46%|████▌     | 23/50 [04:23<04:54, 10.92s/it][A
 48%|████▊     | 24/50 [04:34<04:43, 10.91s/it][A
 50%|█████     | 25/50 [04:45<04:33, 10.92s/it][A
 52%|█████▏    | 26/50 [04:56<04:23, 10.96s/it][A
 54%|█████▍    | 27/50 [05:07<04:11, 10.91s/it][A
 56%|█████▌    | 28/50 [05:18<03:59, 10.90s/it][A
 58%|█████▊    | 29/50 [05:29<03:50, 10.97s/it][A
 60%|██████    | 30/50 [05:40<03:39, 10.95s/it][A
 62%|██████▏   | 31/50 [05:51<03:27, 10.94s/it][A
 64%|██████▍   | 32/50 [06:02<03:17, 10.97s/it][A
 66%|██████▌   | 33/50 [06:12<03:06, 10.96s/it][A
 68%|██████▊   | 34/50 [06:23<02:54, 10.89s/it][A
 70%|███████   | 35/50 [06:34<02:43, 10.87s/it][A
 72%|███████▏  | 36/50 [06:45<02:32, 10.87s/it][A
 74%|███████▍  | 37/50 [06:56<02:20, 10.84s/it][A
 76%|███████▌  | 38/50 [07:07<02:10, 10.84s/it][A
 78%|███████▊  | 39/50 [07:17<01:59, 10.83s/it][A
 80%|████████  | 40/50 [07:28<01:48, 10.82s/it][A
 82%|████████▏ | 41/50 [07:39<01:37, 10.86s/it][A
 84%|████████▍ | 42/50 [07:50<01:26, 10.85s/it][A
 86%|████████▌ | 43/50 [08:01<01:16, 10.86s/it][A
 88%|████████▊ | 44/50 [08:12<01:05, 10.86s/it][A
 90%|█████████ | 45/50 [08:23<00:54, 10.88s/it][A
 92%|█████████▏| 46/50 [08:33<00:43, 10.88s/it][A
 94%|█████████▍| 47/50 [08:44<00:32, 10.87s/it][A
 96%|█████████▌| 48/50 [08:55<00:21, 10.86s/it][A
 98%|█████████▊| 49/50 [09:06<00:10, 10.88s/it][A
100%|██████████| 50/50 [09:17<00:00, 10.88s/it][A
100%|██████████| 50/50 [09:17<00:00, 11.15s/it]
offline:  10%|█         | 100000/1000000 [36:50<5249:53:55, 21.00s/it, eval_success=0.000]
offline:  10%|█         | 100013/1000000 [36:50<3090:59:36, 12.36s/it, eval_success=0.000]
offline:  10%|█         | 100021/1000000 [36:50<2270:58:49,  9.08s/it, eval_success=0.000]
offline:  10%|█         | 100029/1000000 [36:50<1647:31:17,  6.59s/it, eval_success=0.000]
offline:  10%|█         | 100036/1000000 [36:50<1227:08:55,  4.91s/it, eval_success=0.000]
offline:  10%|█         | 100044/1000000 [36:50<866:37:47,  3.47s/it, eval_success=0.000] 
offline:  10%|█         | 100051/1000000 [36:51<634:34:24,  2.54s/it, eval_success=0.000]
offline:  10%|█         | 100060/1000000 [36:51<425:37:12,  1.70s/it, eval_success=0.000]
offline:  10%|█         | 100068/1000000 [36:51<300:41:56,  1.20s/it, eval_success=0.000]
  2%|▏         | 1/50 [00:10<08:56, 10.94s/it][A
  4%|▍         | 2/50 [00:23<09:39, 12.07s/it][A
  6%|▌         | 3/50 [00:36<09:39, 12.33s/it][A
  8%|▊         | 4/50 [00:49<09:35, 12.51s/it][A
 10%|█         | 5/50 [01:01<09:26, 12.58s/it][A
 12%|█▏        | 6/50 [01:14<09:15, 12.63s/it][A
 14%|█▍        | 7/50 [01:27<09:04, 12.65s/it][A
 16%|█▌        | 8/50 [01:40<08:57, 12.80s/it][A
 18%|█▊        | 9/50 [01:55<09:09, 13.40s/it][A
 20%|██        | 10/50 [02:10<09:14, 13.86s/it][A
 22%|██▏       | 11/50 [02:24<09:10, 14.11s/it][A
 24%|██▍       | 12/50 [02:39<09:02, 14.28s/it][A
 26%|██▌       | 13/50 [02:54<08:53, 14.42s/it][A
 28%|██▊       | 14/50 [03:08<08:42, 14.50s/it][A
 30%|███       | 15/50 [03:23<08:29, 14.57s/it][A
 32%|███▏      | 16/50 [03:38<08:17, 14.63s/it][A
 34%|███▍      | 17/50 [03:53<08:04, 14.68s/it][A
 36%|███▌      | 18/50 [04:07<07:49, 14.68s/it][A
 38%|███▊      | 19/50 [04:22<07:34, 14.66s/it][A
 40%|████      | 20/50 [04:37<07:19, 14.66s/it][A
 42%|████▏     | 21/50 [04:51<07:05, 14.66s/it][A
 44%|████▍     | 22/50 [05:06<06:51, 14.69s/it][A
 46%|████▌     | 23/50 [05:21<06:36, 14.67s/it][A
 48%|████▊     | 24/50 [05:35<06:21, 14.68s/it][A
 50%|█████     | 25/50 [05:50<06:07, 14.69s/it][A
 52%|█████▏    | 26/50 [06:05<05:53, 14.72s/it][A
 54%|█████▍    | 27/50 [06:20<05:38, 14.74s/it][A
 56%|█████▌    | 28/50 [06:34<05:23, 14.70s/it][A
 58%|█████▊    | 29/50 [06:49<05:08, 14.71s/it][A
 60%|██████    | 30/50 [07:04<04:54, 14.72s/it][A
 62%|██████▏   | 31/50 [07:19<04:39, 14.73s/it][A
 64%|██████▍   | 32/50 [07:33<04:25, 14.73s/it][A
 66%|██████▌   | 33/50 [07:48<04:10, 14.73s/it][A
 68%|██████▊   | 34/50 [08:03<03:55, 14.74s/it][A
 70%|███████   | 35/50 [08:17<03:41, 14.74s/it][A
 72%|███████▏  | 36/50 [08:32<03:26, 14.72s/it][A
 74%|███████▍  | 37/50 [08:47<03:11, 14.74s/it][A
 76%|███████▌  | 38/50 [09:02<02:56, 14.74s/it][A
 78%|███████▊  | 39/50 [09:14<02:35, 14.13s/it][A
 80%|████████  | 40/50 [09:27<02:17, 13.70s/it][A
 82%|████████▏ | 41/50 [09:40<02:00, 13.42s/it][A
 84%|████████▍ | 42/50 [09:53<01:45, 13.20s/it][A
 86%|████████▌ | 43/50 [10:05<01:31, 13.08s/it][A
 88%|████████▊ | 44/50 [10:18<01:17, 12.98s/it][A
 90%|█████████ | 45/50 [10:31<01:04, 12.90s/it][A
 92%|█████████▏| 46/50 [10:44<00:51, 12.85s/it][A
 94%|█████████▍| 47/50 [10:56<00:38, 12.82s/it][A
 96%|█████████▌| 48/50 [11:09<00:25, 12.78s/it][A
 98%|█████████▊| 49/50 [11:22<00:12, 12.77s/it][A
100%|██████████| 50/50 [11:34<00:00, 12.74s/it][A
100%|██████████| 50/50 [11:34<00:00, 13.90s/it]
offline:  20%|██        | 200000/1000000 [1:09:17<7206:16:17, 32.43s/it, eval_success=0.000]
offline:  20%|██        | 200013/1000000 [1:09:18<3862:41:00, 17.38s/it, eval_success=0.000]
offline:  20%|██        | 200022/1000000 [1:09:18<2649:06:10, 11.92s/it, eval_success=0.000]
offline:  20%|██        | 200030/1000000 [1:09:18<1894:02:46,  8.52s/it, eval_success=0.000]
offline:  20%|██        | 200037/1000000 [1:09:18<1397:02:58,  6.29s/it, eval_success=0.000]
offline:  20%|██        | 200044/1000000 [1:09:18<1016:31:48,  4.57s/it, eval_success=0.000]
offline:  20%|██        | 200052/1000000 [1:09:18<704:02:28,  3.17s/it, eval_success=0.000] 
offline:  20%|██        | 200059/1000000 [1:09:18<509:30:14,  2.29s/it, eval_success=0.000]
offline:  20%|██        | 200065/1000000 [1:09:18<380:59:07,  1.71s/it, eval_success=0.000]
offline:  20%|██        | 200071/1000000 [1:09:19<280:39:34,  1.26s/it, eval_success=0.000]
  2%|▏         | 1/50 [00:10<08:54, 10.91s/it][A
  4%|▍         | 2/50 [00:21<08:44, 10.92s/it][A
  6%|▌         | 3/50 [00:32<08:32, 10.90s/it][A
  8%|▊         | 4/50 [00:42<08:05, 10.56s/it][A
 10%|█         | 5/50 [00:53<07:59, 10.66s/it][A
 12%|█▏        | 6/50 [01:04<07:53, 10.76s/it][A
 14%|█▍        | 7/50 [01:15<07:45, 10.84s/it][A
 16%|█▌        | 8/50 [01:26<07:36, 10.87s/it][A
 18%|█▊        | 9/50 [01:37<07:25, 10.88s/it][A
 20%|██        | 10/50 [01:50<07:38, 11.46s/it][A
 22%|██▏       | 11/50 [02:03<07:43, 11.90s/it][A
 24%|██▍       | 12/50 [02:15<07:43, 12.18s/it][A
 26%|██▌       | 13/50 [02:28<07:38, 12.40s/it][A
 28%|██▊       | 14/50 [02:41<07:31, 12.54s/it][A
 30%|███       | 15/50 [02:54<07:21, 12.60s/it][A
 32%|███▏      | 16/50 [03:07<07:11, 12.68s/it][A
 34%|███▍      | 17/50 [03:20<07:00, 12.74s/it][A
 36%|███▌      | 18/50 [03:32<06:48, 12.78s/it][A
 38%|███▊      | 19/50 [03:45<06:35, 12.77s/it][A
 40%|████      | 20/50 [03:58<06:23, 12.78s/it][A
 42%|████▏     | 21/50 [04:10<06:00, 12.42s/it][A
 44%|████▍     | 22/50 [04:22<05:51, 12.55s/it][A
 46%|████▌     | 23/50 [04:35<05:41, 12.65s/it][A
 48%|████▊     | 24/50 [04:48<05:29, 12.69s/it][A
 50%|█████     | 25/50 [05:01<05:18, 12.74s/it][A
 52%|█████▏    | 26/50 [05:14<05:07, 12.80s/it][A
 54%|█████▍    | 27/50 [05:27<04:54, 12.81s/it][A
 56%|█████▌    | 28/50 [05:40<04:42, 12.86s/it][A
 58%|█████▊    | 29/50 [05:53<04:29, 12.84s/it][A
 60%|██████    | 30/50 [06:05<04:17, 12.87s/it][A
 62%|██████▏   | 31/50 [06:18<04:04, 12.85s/it][A
 64%|██████▍   | 32/50 [06:31<03:51, 12.88s/it][A
 66%|██████▌   | 33/50 [06:44<03:39, 12.90s/it][A
 68%|██████▊   | 34/50 [06:57<03:26, 12.91s/it][A
 70%|███████   | 35/50 [07:10<03:13, 12.89s/it][A
 72%|███████▏  | 36/50 [07:23<03:00, 12.89s/it][A
 74%|███████▍  | 37/50 [07:36<02:47, 12.89s/it][A
 76%|███████▌  | 38/50 [07:49<02:34, 12.87s/it][A
 78%|███████▊  | 39/50 [08:01<02:18, 12.60s/it][A
 80%|████████  | 40/50 [08:11<02:00, 12.07s/it][A
 82%|████████▏ | 41/50 [08:22<01:45, 11.71s/it][A
 84%|████████▍ | 42/50 [08:33<01:31, 11.48s/it][A
 86%|████████▌ | 43/50 [08:44<01:19, 11.30s/it][A
 88%|████████▊ | 44/50 [08:55<01:06, 11.15s/it][A
 90%|█████████ | 45/50 [09:07<00:57, 11.44s/it][A
 92%|█████████▏| 46/50 [09:20<00:47, 11.79s/it][A
 94%|█████████▍| 47/50 [09:32<00:36, 12.04s/it][A
 96%|█████████▌| 48/50 [09:45<00:24, 12.23s/it][A
 98%|█████████▊| 49/50 [09:58<00:12, 12.36s/it][A
100%|██████████| 50/50 [10:10<00:00, 12.48s/it][A
100%|██████████| 50/50 [10:10<00:00, 12.22s/it]
offline:  30%|███       | 300000/1000000 [1:43:01<5510:19:31, 28.34s/it, eval_success=0.040]
offline:  30%|███       | 300014/1000000 [1:43:01<2860:21:12, 14.71s/it, eval_success=0.040]
offline:  30%|███       | 300022/1000000 [1:43:01<2055:06:04, 10.57s/it, eval_success=0.040]
offline:  30%|███       | 300029/1000000 [1:43:01<1520:24:11,  7.82s/it, eval_success=0.040]
offline:  30%|███       | 300036/1000000 [1:43:01<1108:48:24,  5.70s/it, eval_success=0.040]
offline:  30%|███       | 300043/1000000 [1:43:01<799:59:04,  4.11s/it, eval_success=0.040] 
offline:  30%|███       | 300050/1000000 [1:43:01<572:50:53,  2.95s/it, eval_success=0.040]
offline:  30%|███       | 300059/1000000 [1:43:02<376:50:50,  1.94s/it, eval_success=0.040]
offline:  30%|███       | 300066/1000000 [1:43:02<274:12:37,  1.41s/it, eval_success=0.040]
offline:  30%|███       | 300072/1000000 [1:43:02<205:45:26,  1.06s/it, eval_success=0.040]
--- last progress lines ---
offline:  30%|███       | 303437/1000000 [1:44:03<3:18:11, 58.58it/s, eval_success=0.040]
offline:  30%|███       | 303443/1000000 [1:44:03<3:33:18, 54.42it/s, eval_success=0.040]
offline:  30%|███       | 303449/1000000 [1:44:03<3:30:36, 55.12it/s, eval_success=0.040]
