wandb: Using wandb-core as the SDK backend.  Please refer to https://wandb.me/wandb-core for more information.
wandb: Currently logged in as: tjrcjf410 (sjun0803-seoul-national-university) to https://api.wandb.ai. Use `wandb login --relogin` to force relogin
wandb: Tracking run with wandb version 0.19.9
wandb: Run data is saved locally in /tmp/tmpxitf0xw6/wandb/run-20260819_200210-k98pwt0h
wandb: Run `wandb offline` to turn off syncing.
wandb: Syncing run antmaze-giant-navigate-singletask-task3-v0_sd000_anq_stdfp_chunk-h1_20260819_200209
wandb: ⭐️ View project at https://wandb.ai/tjrcjf410-seoul-national-university/ant2
wandb: 🚀 View run at https://wandb.ai/tjrcjf410-seoul-national-university/ant2/runs/k98pwt0h
wandb: WARNING Symlinked 8 files into the W&B run directory, call wandb.save again to sync new files.
I0819 20:02:11.059453 133224735905600 acceleratesupport.py:24] No OpenGL_accelerate module loaded: No module named 'OpenGL_accelerate'
offline:   0%|          | 1/1000000 [01:35<26460:32:55, 95.26s/it]
offline:   0%|          | 2/1000000 [01:57<14480:38:09, 52.13s/it]
offline:   0%|          | 3/1000000 [02:19<10705:57:14, 38.54s/it]
offline:   0%|          | 17/1000000 [02:19<1058:28:23,  3.81s/it]
offline:   0%|          | 31/1000000 [02:19<464:20:14,  1.67s/it] 
  2%|▏         | 1/50 [00:07<06:06,  7.48s/it][A
  4%|▍         | 2/50 [00:12<04:57,  6.20s/it][A
  6%|▌         | 3/50 [00:18<04:30,  5.76s/it][A
  8%|▊         | 4/50 [00:23<04:25,  5.77s/it][A
 10%|█         | 5/50 [00:29<04:14,  5.66s/it][A
 12%|█▏        | 6/50 [00:34<03:58,  5.43s/it][A
 14%|█▍        | 7/50 [00:39<03:46,  5.27s/it][A
 16%|█▌        | 8/50 [00:44<03:36,  5.15s/it][A
 18%|█▊        | 9/50 [00:49<03:28,  5.09s/it][A
 20%|██        | 10/50 [00:53<03:20,  5.02s/it][A
 22%|██▏       | 11/50 [00:58<03:14,  4.99s/it][A
 24%|██▍       | 12/50 [01:03<03:09,  4.97s/it][A
 26%|██▌       | 13/50 [01:08<03:03,  4.96s/it][A
 28%|██▊       | 14/50 [01:14<03:11,  5.33s/it][A
 30%|███       | 15/50 [01:21<03:21,  5.75s/it][A
 32%|███▏      | 16/50 [01:28<03:26,  6.07s/it][A
 34%|███▍      | 17/50 [01:35<03:27,  6.28s/it][A
 36%|███▌      | 18/50 [01:41<03:25,  6.42s/it][A
 38%|███▊      | 19/50 [01:48<03:22,  6.53s/it][A
 40%|████      | 20/50 [01:55<03:18,  6.63s/it][A
 42%|████▏     | 21/50 [02:02<03:13,  6.68s/it][A
 44%|████▍     | 22/50 [02:09<03:07,  6.69s/it][A
 46%|████▌     | 23/50 [02:15<03:01,  6.71s/it][A
 48%|████▊     | 24/50 [02:22<02:55,  6.73s/it][A
 50%|█████     | 25/50 [02:29<02:48,  6.75s/it][A
 52%|█████▏    | 26/50 [02:36<02:41,  6.73s/it][A
 54%|█████▍    | 27/50 [02:42<02:35,  6.74s/it][A
 56%|█████▌    | 28/50 [02:49<02:28,  6.76s/it][A
 58%|█████▊    | 29/50 [02:56<02:22,  6.76s/it][A
 60%|██████    | 30/50 [03:03<02:15,  6.78s/it][A
 62%|██████▏   | 31/50 [03:10<02:08,  6.77s/it][A
 64%|██████▍   | 32/50 [03:16<02:02,  6.78s/it][A
 66%|██████▌   | 33/50 [03:23<01:55,  6.77s/it][A
 68%|██████▊   | 34/50 [03:30<01:48,  6.77s/it][A
 70%|███████   | 35/50 [03:38<01:46,  7.07s/it][A
 72%|███████▏  | 36/50 [03:46<01:46,  7.58s/it][A
 74%|███████▍  | 37/50 [03:55<01:44,  8.03s/it][A
 76%|███████▌  | 38/50 [04:06<01:46,  8.84s/it][A
 78%|███████▊  | 39/50 [04:17<01:43,  9.39s/it][A
 80%|████████  | 40/50 [04:28<01:37,  9.78s/it][A
 82%|████████▏ | 41/50 [04:38<01:30, 10.07s/it][A
 84%|████████▍ | 42/50 [04:49<01:22, 10.26s/it][A
 86%|████████▌ | 43/50 [05:00<01:12, 10.41s/it][A
 88%|████████▊ | 44/50 [05:10<01:02, 10.48s/it][A
 90%|█████████ | 45/50 [05:21<00:52, 10.56s/it][A
 92%|█████████▏| 46/50 [05:32<00:42, 10.59s/it][A
 94%|█████████▍| 47/50 [05:43<00:31, 10.64s/it][A
 96%|█████████▌| 48/50 [05:53<00:21, 10.67s/it][A
 98%|█████████▊| 49/50 [06:04<00:10, 10.67s/it][A
100%|██████████| 50/50 [06:15<00:00, 10.66s/it][A
100%|██████████| 50/50 [06:15<00:00,  7.50s/it]
offline:  10%|█         | 100000/1000000 [34:38<2695:35:25, 10.78s/it, eval_success=0.000]
offline:  10%|█         | 100013/1000000 [34:38<1758:52:43,  7.04s/it, eval_success=0.000]
offline:  10%|█         | 100023/1000000 [34:38<1273:54:45,  5.10s/it, eval_success=0.000]
offline:  10%|█         | 100032/1000000 [34:39<941:02:01,  3.76s/it, eval_success=0.000] 
offline:  10%|█         | 100040/1000000 [34:39<706:45:20,  2.83s/it, eval_success=0.000]
offline:  10%|█         | 100048/1000000 [34:39<521:46:48,  2.09s/it, eval_success=0.000]
offline:  10%|█         | 100056/1000000 [34:39<380:30:32,  1.52s/it, eval_success=0.000]
offline:  10%|█         | 100065/1000000 [34:39<265:30:17,  1.06s/it, eval_success=0.000]
  2%|▏         | 1/50 [00:08<07:12,  8.83s/it][A
  4%|▍         | 2/50 [00:17<07:01,  8.77s/it][A
  6%|▌         | 3/50 [00:24<06:22,  8.15s/it][A
  8%|▊         | 4/50 [00:31<05:49,  7.60s/it][A
 10%|█         | 5/50 [00:38<05:29,  7.31s/it][A
 12%|█▏        | 6/50 [00:45<05:19,  7.27s/it][A
 14%|█▍        | 7/50 [00:52<05:05,  7.10s/it][A
 16%|█▌        | 8/50 [00:59<04:53,  7.00s/it][A
 18%|█▊        | 9/50 [01:06<04:44,  6.93s/it][A
 20%|██        | 10/50 [01:12<04:35,  6.88s/it][A
 22%|██▏       | 11/50 [01:19<04:27,  6.85s/it][A
 24%|██▍       | 12/50 [01:26<04:20,  6.85s/it][A
 26%|██▌       | 13/50 [01:33<04:12,  6.82s/it][A
 28%|██▊       | 14/50 [01:39<04:05,  6.81s/it][A
 30%|███       | 15/50 [01:46<03:58,  6.81s/it][A
 32%|███▏      | 16/50 [01:53<03:50,  6.79s/it][A
 34%|███▍      | 17/50 [02:00<03:43,  6.77s/it][A
 36%|███▌      | 18/50 [02:07<03:37,  6.79s/it][A
 38%|███▊      | 19/50 [02:13<03:30,  6.80s/it][A
 40%|████      | 20/50 [02:20<03:23,  6.78s/it][A
 42%|████▏     | 21/50 [02:27<03:17,  6.80s/it][A
 44%|████▍     | 22/50 [02:34<03:10,  6.82s/it][A
 46%|████▌     | 23/50 [02:41<03:03,  6.81s/it][A
 48%|████▊     | 24/50 [02:47<02:57,  6.81s/it][A
 50%|█████     | 25/50 [02:54<02:49,  6.80s/it][A
 52%|█████▏    | 26/50 [03:01<02:43,  6.81s/it][A
 54%|█████▍    | 27/50 [03:08<02:36,  6.79s/it][A
 56%|█████▌    | 28/50 [03:15<02:29,  6.79s/it][A
 58%|█████▊    | 29/50 [03:21<02:22,  6.79s/it][A
 60%|██████    | 30/50 [03:28<02:15,  6.80s/it][A
 62%|██████▏   | 31/50 [03:34<02:04,  6.54s/it][A
 64%|██████▍   | 32/50 [03:41<01:58,  6.60s/it][A
 66%|██████▌   | 33/50 [03:48<01:53,  6.65s/it][A
 68%|██████▊   | 34/50 [03:54<01:47,  6.69s/it][A
 70%|███████   | 35/50 [04:02<01:42,  6.82s/it][A
 72%|███████▏  | 36/50 [04:10<01:43,  7.42s/it][A
 74%|███████▍  | 37/50 [04:19<01:41,  7.79s/it][A
 76%|███████▌  | 38/50 [04:28<01:36,  8.08s/it][A
 78%|███████▊  | 39/50 [04:37<01:31,  8.29s/it][A
 80%|████████  | 40/50 [04:45<01:24,  8.42s/it][A
 82%|████████▏ | 41/50 [04:54<01:16,  8.52s/it][A
 84%|████████▍ | 42/50 [05:03<01:08,  8.58s/it][A
 86%|████████▌ | 43/50 [05:11<01:00,  8.62s/it][A
 88%|████████▊ | 44/50 [05:20<00:52,  8.67s/it][A
 90%|█████████ | 45/50 [05:29<00:43,  8.68s/it][A
 92%|█████████▏| 46/50 [05:38<00:34,  8.70s/it][A
 94%|█████████▍| 47/50 [05:46<00:26,  8.71s/it][A
 96%|█████████▌| 48/50 [05:55<00:17,  8.74s/it][A
 98%|█████████▊| 49/50 [06:04<00:08,  8.74s/it][A
100%|██████████| 50/50 [06:13<00:00,  8.75s/it][A
100%|██████████| 50/50 [06:13<00:00,  7.47s/it]
offline:  20%|██        | 200000/1000000 [1:07:42<3584:58:50, 16.13s/it, eval_success=0.000]
offline:  20%|██        | 200014/1000000 [1:07:43<1925:03:25,  8.66s/it, eval_success=0.000]
offline:  20%|██        | 200024/1000000 [1:07:43<1307:51:31,  5.89s/it, eval_success=0.000]
offline:  20%|██        | 200034/1000000 [1:07:43<897:48:25,  4.04s/it, eval_success=0.000] 
offline:  20%|██        | 200043/1000000 [1:07:43<640:07:27,  2.88s/it, eval_success=0.000]
offline:  20%|██        | 200052/1000000 [1:07:43<454:30:28,  2.05s/it, eval_success=0.000]
offline:  20%|██        | 200061/1000000 [1:07:43<321:43:30,  1.45s/it, eval_success=0.000]
offline:  20%|██        | 200070/1000000 [1:07:43<227:22:30,  1.02s/it, eval_success=0.000]
  2%|▏         | 1/50 [00:10<08:48, 10.79s/it][A
  4%|▍         | 2/50 [00:21<08:33, 10.70s/it][A
  6%|▌         | 3/50 [00:32<08:24, 10.73s/it][A
  8%|▊         | 4/50 [00:41<07:45, 10.11s/it][A
 10%|█         | 5/50 [00:50<07:16,  9.70s/it][A
 12%|█▏        | 6/50 [00:59<06:55,  9.44s/it][A
 14%|█▍        | 7/50 [01:08<06:38,  9.26s/it][A
 16%|█▌        | 8/50 [01:15<06:08,  8.78s/it][A
 18%|█▊        | 9/50 [01:22<05:35,  8.18s/it][A
 20%|██        | 10/50 [01:29<05:11,  7.79s/it][A
 22%|██▏       | 11/50 [01:36<04:53,  7.52s/it][A
 24%|██▍       | 12/50 [01:43<04:37,  7.31s/it][A
 26%|██▌       | 13/50 [01:50<04:25,  7.17s/it][A
 28%|██▊       | 14/50 [01:57<04:15,  7.11s/it][A
 30%|███       | 15/50 [02:04<04:06,  7.04s/it][A
 32%|███▏      | 16/50 [02:11<03:58,  7.03s/it][A
 34%|███▍      | 17/50 [02:17<03:50,  6.99s/it][A
 36%|███▌      | 18/50 [02:25<03:43,  7.00s/it][A
 38%|███▊      | 19/50 [02:31<03:36,  6.99s/it][A
 40%|████      | 20/50 [02:38<03:28,  6.95s/it][A
 42%|████▏     | 21/50 [02:45<03:20,  6.91s/it][A
 44%|████▍     | 22/50 [02:52<03:12,  6.87s/it][A
 46%|████▌     | 23/50 [02:59<03:05,  6.87s/it][A
 48%|████▊     | 24/50 [03:06<02:57,  6.83s/it][A
 50%|█████     | 25/50 [03:12<02:50,  6.83s/it][A
 52%|█████▏    | 26/50 [03:19<02:43,  6.82s/it][A
 54%|█████▍    | 27/50 [03:26<02:38,  6.88s/it][A
 56%|█████▌    | 28/50 [03:33<02:33,  6.97s/it][A
 58%|█████▊    | 29/50 [03:40<02:25,  6.93s/it][A
 60%|██████    | 30/50 [03:47<02:18,  6.91s/it][A
 62%|██████▏   | 31/50 [03:54<02:11,  6.90s/it][A
 64%|██████▍   | 32/50 [04:01<02:03,  6.89s/it][A
 66%|██████▌   | 33/50 [04:08<01:56,  6.87s/it][A
 68%|██████▊   | 34/50 [04:14<01:49,  6.84s/it][A
 70%|███████   | 35/50 [04:21<01:42,  6.85s/it][A
 72%|███████▏  | 36/50 [04:29<01:40,  7.17s/it][A
 74%|███████▍  | 37/50 [04:38<01:39,  7.69s/it][A
 76%|███████▌  | 38/50 [04:47<01:36,  8.01s/it][A
 78%|███████▊  | 39/50 [04:56<01:30,  8.27s/it][A
 80%|████████  | 40/50 [05:05<01:24,  8.47s/it][A
 82%|████████▏ | 41/50 [05:13<01:17,  8.57s/it][A
 84%|████████▍ | 42/50 [05:22<01:09,  8.63s/it][A
 86%|████████▌ | 43/50 [05:31<01:00,  8.68s/it][A
 88%|████████▊ | 44/50 [05:40<00:52,  8.72s/it][A
 90%|█████████ | 45/50 [05:49<00:43,  8.74s/it][A
 92%|█████████▏| 46/50 [05:58<00:35,  8.81s/it][A
 94%|█████████▍| 47/50 [06:06<00:26,  8.83s/it][A
 96%|█████████▌| 48/50 [06:15<00:17,  8.83s/it][A
 98%|█████████▊| 49/50 [06:24<00:08,  8.85s/it][A
100%|██████████| 50/50 [06:33<00:00,  8.83s/it][A
100%|██████████| 50/50 [06:33<00:00,  7.87s/it]
offline:  30%|███       | 300000/1000000 [1:40:52<4105:37:12, 21.11s/it, eval_success=0.000]
offline:  30%|███       | 300012/1000000 [1:40:52<2140:46:23, 11.01s/it, eval_success=0.000]
offline:  30%|███       | 300020/1000000 [1:40:52<1471:10:39,  7.57s/it, eval_success=0.000]
offline:  30%|███       | 300028/1000000 [1:40:52<1017:11:11,  5.23s/it, eval_success=0.000]
offline:  30%|███       | 300038/1000000 [1:40:52<656:08:24,  3.37s/it, eval_success=0.000] 
offline:  30%|███       | 300047/1000000 [1:40:53<451:15:14,  2.32s/it, eval_success=0.000]
offline:  30%|███       | 300056/1000000 [1:40:53<312:19:37,  1.61s/it, eval_success=0.000]
offline:  30%|███       | 300066/1000000 [1:40:53<210:16:25,  1.08s/it, eval_success=0.000]
  2%|▏         | 1/50 [00:10<08:41, 10.65s/it][A
  4%|▍         | 2/50 [00:21<08:39, 10.81s/it][A
  6%|▌         | 3/50 [00:32<08:31, 10.87s/it][A
  8%|▊         | 4/50 [00:43<08:21, 10.90s/it][A
 10%|█         | 5/50 [00:50<07:13,  9.62s/it][A
 12%|█▏        | 6/50 [00:59<06:52,  9.38s/it][A
 14%|█▍        | 7/50 [01:08<06:35,  9.19s/it][A
 16%|█▌        | 8/50 [01:17<06:20,  9.06s/it][A
 18%|█▊        | 9/50 [01:24<05:46,  8.45s/it][A
 20%|██        | 10/50 [01:29<05:01,  7.54s/it][A
 22%|██▏       | 11/50 [01:35<04:28,  6.89s/it][A
 24%|██▍       | 12/50 [01:39<03:55,  6.21s/it][A
 26%|██▌       | 13/50 [01:45<03:40,  5.95s/it][A
 28%|██▊       | 14/50 [01:50<03:28,  5.78s/it][A
 30%|███       | 15/50 [01:56<03:18,  5.67s/it][A
 32%|███▏      | 16/50 [02:01<03:08,  5.54s/it][A
 34%|███▍      | 17/50 [02:06<03:00,  5.47s/it][A
 36%|███▌      | 18/50 [02:11<02:53,  5.41s/it][A
 38%|███▊      | 19/50 [02:17<02:47,  5.39s/it][A
 40%|████      | 20/50 [02:22<02:41,  5.38s/it][A
 42%|████▏     | 21/50 [02:27<02:35,  5.35s/it][A
 44%|████▍     | 22/50 [02:33<02:29,  5.33s/it][A
 46%|████▌     | 23/50 [02:38<02:23,  5.31s/it][A
 48%|████▊     | 24/50 [02:43<02:14,  5.18s/it][A
 50%|█████     | 25/50 [02:48<02:09,  5.19s/it][A
 52%|█████▏    | 26/50 [02:54<02:09,  5.38s/it][A
 54%|█████▍    | 27/50 [03:01<02:13,  5.81s/it][A
 56%|█████▌    | 28/50 [03:07<02:11,  6.00s/it][A
 58%|█████▊    | 29/50 [03:12<02:01,  5.80s/it][A
 60%|██████    | 30/50 [03:18<01:53,  5.68s/it][A
 62%|██████▏   | 31/50 [03:23<01:46,  5.60s/it][A
 64%|██████▍   | 32/50 [03:29<01:39,  5.51s/it][A
 66%|██████▌   | 33/50 [03:34<01:32,  5.46s/it][A
 68%|██████▊   | 34/50 [03:39<01:26,  5.41s/it][A
 70%|███████   | 35/50 [03:45<01:20,  5.38s/it][A
 72%|███████▏  | 36/50 [03:51<01:19,  5.66s/it][A
 74%|███████▍  | 37/50 [03:56<01:13,  5.62s/it][A
 76%|███████▌  | 38/50 [04:03<01:11,  5.99s/it][A
 78%|███████▊  | 39/50 [04:10<01:08,  6.26s/it][A
 80%|████████  | 40/50 [04:17<01:04,  6.45s/it][A
 82%|████████▏ | 41/50 [04:23<00:56,  6.28s/it][A
 84%|████████▍ | 42/50 [04:30<00:51,  6.48s/it][A
 86%|████████▌ | 43/50 [04:37<00:46,  6.65s/it][A
 88%|████████▊ | 44/50 [04:44<00:41,  6.89s/it][A
 90%|█████████ | 45/50 [04:53<00:37,  7.54s/it][A
 92%|█████████▏| 46/50 [05:03<00:32,  8.05s/it][A
 94%|█████████▍| 47/50 [05:12<00:25,  8.38s/it][A
 96%|█████████▌| 48/50 [05:21<00:17,  8.68s/it][A
 98%|█████████▊| 49/50 [05:30<00:08,  8.68s/it][A
100%|██████████| 50/50 [05:39<00:00,  8.78s/it][A
100%|██████████| 50/50 [05:39<00:00,  6.79s/it]
offline:  40%|████      | 400000/1000000 [2:12:53<2500:19:12, 15.00s/it, eval_success=0.180]
offline:  40%|████      | 400013/1000000 [2:12:53<1374:50:52,  8.25s/it, eval_success=0.180]
offline:  40%|████      | 400022/1000000 [2:12:53<951:46:39,  5.71s/it, eval_success=0.180] 
offline:  40%|████      | 400031/1000000 [2:12:54<661:26:20,  3.97s/it, eval_success=0.180]
offline:  40%|████      | 400040/1000000 [2:12:54<461:04:37,  2.77s/it, eval_success=0.180]
offline:  40%|████      | 400049/1000000 [2:12:54<322:05:57,  1.93s/it, eval_success=0.180]
offline:  40%|████      | 400058/1000000 [2:12:54<225:30:13,  1.35s/it, eval_success=0.180]
  2%|▏         | 1/50 [00:10<08:49, 10.80s/it][A
  4%|▍         | 2/50 [00:21<08:41, 10.87s/it][A
  6%|▌         | 3/50 [00:32<08:38, 11.04s/it][A
  8%|▊         | 4/50 [00:43<08:27, 11.03s/it][A
 10%|█         | 5/50 [00:55<08:18, 11.09s/it][A
 12%|█▏        | 6/50 [01:04<07:48, 10.65s/it][A
 14%|█▍        | 7/50 [01:12<06:50,  9.54s/it][A
 16%|█▌        | 8/50 [01:21<06:35,  9.42s/it][A
 18%|█▊        | 9/50 [01:28<05:52,  8.61s/it][A
 20%|██        | 10/50 [01:33<05:07,  7.70s/it][A
 22%|██▏       | 11/50 [01:41<04:53,  7.53s/it][A
 24%|██▍       | 12/50 [01:48<04:40,  7.39s/it][A
 26%|██▌       | 13/50 [01:54<04:24,  7.15s/it][A
 28%|██▊       | 14/50 [02:01<04:16,  7.13s/it][A
 30%|███       | 15/50 [02:08<04:09,  7.12s/it][A
 32%|███▏      | 16/50 [02:16<04:02,  7.14s/it][A
 34%|███▍      | 17/50 [02:21<03:42,  6.74s/it][A
 36%|███▌      | 18/50 [02:29<03:39,  6.87s/it][A
 38%|███▊      | 19/50 [02:36<03:35,  6.94s/it][A
 40%|████      | 20/50 [02:43<03:28,  6.96s/it][A
 42%|████▏     | 21/50 [02:50<03:23,  7.03s/it][A
 44%|████▍     | 22/50 [02:57<03:17,  7.04s/it][A
 46%|████▌     | 23/50 [03:04<03:09,  7.01s/it][A
 48%|████▊     | 24/50 [03:11<03:03,  7.05s/it][A
 50%|█████     | 25/50 [03:18<02:56,  7.06s/it][A
 52%|█████▏    | 26/50 [03:25<02:50,  7.10s/it][A
 54%|█████▍    | 27/50 [03:31<02:34,  6.71s/it][A
 56%|█████▌    | 28/50 [03:38<02:30,  6.84s/it][A
 58%|█████▊    | 29/50 [03:45<02:24,  6.89s/it][A
 60%|██████    | 30/50 [03:52<02:19,  6.98s/it][A
 62%|██████▏   | 31/50 [04:00<02:13,  7.03s/it][A
 64%|██████▍   | 32/50 [04:06<02:02,  6.78s/it][A
 66%|██████▌   | 33/50 [04:13<01:57,  6.89s/it][A
 68%|██████▊   | 34/50 [04:20<01:51,  6.98s/it][A
 70%|███████   | 35/50 [04:26<01:41,  6.74s/it][A
 72%|███████▏  | 36/50 [04:33<01:35,  6.86s/it][A
 74%|███████▍  | 37/50 [04:41<01:30,  6.94s/it][A
 76%|███████▌  | 38/50 [04:49<01:27,  7.28s/it][A
 78%|███████▊  | 39/50 [04:58<01:26,  7.86s/it][A
 80%|████████  | 40/50 [05:06<01:19,  7.99s/it][A
 82%|████████▏ | 41/50 [05:15<01:15,  8.39s/it][A
 84%|████████▍ | 42/50 [05:25<01:09,  8.66s/it][A
 86%|████████▌ | 43/50 [05:34<01:01,  8.82s/it][A
 88%|████████▊ | 44/50 [05:42<00:52,  8.69s/it][A
 90%|█████████ | 45/50 [05:51<00:44,  8.81s/it][A
 92%|█████████▏| 46/50 [06:01<00:36,  9.12s/it][A
 94%|█████████▍| 47/50 [06:12<00:29,  9.76s/it][A
 96%|█████████▌| 48/50 [06:24<00:20, 10.19s/it][A
 98%|█████████▊| 49/50 [06:33<00:09,  9.91s/it][A
100%|██████████| 50/50 [06:44<00:00, 10.29s/it][A
100%|██████████| 50/50 [06:44<00:00,  8.09s/it]
offline:  50%|█████     | 500000/1000000 [2:47:59<2245:23:59, 16.17s/it, eval_success=0.240]
offline:  50%|█████     | 500011/1000000 [2:47:59<1380:40:41,  9.94s/it, eval_success=0.240]
offline:  50%|█████     | 500019/1000000 [2:47:59<986:32:22,  7.10s/it, eval_success=0.240] 
offline:  50%|█████     | 500027/1000000 [2:47:59<701:00:03,  5.05s/it, eval_success=0.240]
offline:  50%|█████     | 500035/1000000 [2:47:59<496:21:28,  3.57s/it, eval_success=0.240]
offline:  50%|█████     | 500043/1000000 [2:48:00<350:34:24,  2.52s/it, eval_success=0.240]
offline:  50%|█████     | 500050/1000000 [2:48:00<256:47:14,  1.85s/it, eval_success=0.240]
offline:  50%|█████     | 500057/1000000 [2:48:00<186:01:30,  1.34s/it, eval_success=0.240]
  2%|▏         | 1/50 [00:09<08:04,  9.90s/it][A
  4%|▍         | 2/50 [00:21<08:33, 10.70s/it][A
  6%|▌         | 3/50 [00:31<08:08, 10.39s/it][A
  8%|▊         | 4/50 [00:41<07:55, 10.34s/it][A
 10%|█         | 5/50 [00:52<08:00, 10.69s/it][A
 12%|█▏        | 6/50 [01:03<07:57, 10.86s/it][A
 14%|█▍        | 7/50 [01:12<07:17, 10.17s/it][A
 16%|█▌        | 8/50 [01:23<07:10, 10.25s/it][A
 18%|█▊        | 9/50 [01:32<06:47,  9.93s/it][A
 20%|██        | 10/50 [01:41<06:29,  9.73s/it][A
 22%|██▏       | 11/50 [01:50<06:13,  9.59s/it][A
 24%|██▍       | 12/50 [01:59<05:56,  9.38s/it][A
 26%|██▌       | 13/50 [02:08<05:44,  9.32s/it][A
 28%|██▊       | 14/50 [02:17<05:28,  9.13s/it][A
 30%|███       | 15/50 [02:26<05:20,  9.17s/it][A
 32%|███▏      | 16/50 [02:36<05:12,  9.20s/it][A
 34%|███▍      | 17/50 [02:44<04:53,  8.91s/it][A
 36%|███▌      | 18/50 [02:50<04:20,  8.13s/it][A
 38%|███▊      | 19/50 [02:57<03:59,  7.72s/it][A
 40%|████      | 20/50 [03:04<03:47,  7.59s/it][A
 42%|████▏     | 21/50 [03:12<03:37,  7.50s/it][A
 44%|████▍     | 22/50 [03:19<03:26,  7.38s/it][A
 46%|████▌     | 23/50 [03:26<03:18,  7.37s/it][A
 48%|████▊     | 24/50 [03:33<03:10,  7.34s/it][A
 50%|█████     | 25/50 [03:41<03:03,  7.34s/it][A
 52%|█████▏    | 26/50 [03:47<02:52,  7.17s/it][A
 54%|█████▍    | 27/50 [03:55<02:45,  7.20s/it][A
 56%|█████▌    | 28/50 [04:02<02:38,  7.21s/it][A
 58%|█████▊    | 29/50 [04:08<02:23,  6.81s/it][A
 60%|██████    | 30/50 [04:15<02:18,  6.95s/it][A
 62%|██████▏   | 31/50 [04:22<02:13,  7.04s/it][A
 64%|██████▍   | 32/50 [04:29<02:02,  6.81s/it][A
 66%|██████▌   | 33/50 [04:36<01:58,  6.96s/it][A
 68%|██████▊   | 34/50 [04:43<01:52,  7.05s/it][A
 70%|███████   | 35/50 [04:50<01:46,  7.12s/it][A
 72%|███████▏  | 36/50 [04:57<01:35,  6.86s/it][A
 74%|███████▍  | 37/50 [05:04<01:30,  6.98s/it][A
 76%|███████▌  | 38/50 [05:11<01:24,  7.08s/it][A
 78%|███████▊  | 39/50 [05:18<01:15,  6.90s/it][A
 80%|████████  | 40/50 [05:25<01:10,  7.03s/it][A
 82%|████████▏ | 41/50 [05:34<01:09,  7.73s/it][A
 84%|████████▍ | 42/50 [05:44<01:05,  8.18s/it][A
 86%|████████▌ | 43/50 [05:53<00:59,  8.52s/it][A
 88%|████████▊ | 44/50 [06:01<00:50,  8.35s/it][A
 90%|█████████ | 45/50 [06:10<00:43,  8.67s/it][A
 92%|█████████▏| 46/50 [06:19<00:35,  8.82s/it][A
 94%|█████████▍| 47/50 [06:28<00:26,  8.78s/it][A
 96%|█████████▌| 48/50 [06:36<00:16,  8.46s/it][A
 98%|█████████▊| 49/50 [06:47<00:09,  9.35s/it][A
100%|██████████| 50/50 [06:57<00:00,  9.48s/it][A
100%|██████████| 50/50 [06:57<00:00,  8.35s/it]
offline:  60%|██████    | 600000/1000000 [3:19:37<2141:29:17, 19.27s/it, eval_success=0.380]
offline:  60%|██████    | 600013/1000000 [3:19:37<1154:17:26, 10.39s/it, eval_success=0.380]
offline:  60%|██████    | 600021/1000000 [3:19:38<821:43:29,  7.40s/it, eval_success=0.380] 
offline:  60%|██████    | 600029/1000000 [3:19:38<582:36:11,  5.24s/it, eval_success=0.380]
offline:  60%|██████    | 600036/1000000 [3:19:38<427:20:08,  3.85s/it, eval_success=0.380]
offline:  60%|██████    | 600044/1000000 [3:19:38<297:57:37,  2.68s/it, eval_success=0.380]
offline:  60%|██████    | 600051/1000000 [3:19:38<216:27:23,  1.95s/it, eval_success=0.380]
offline:  60%|██████    | 600058/1000000 [3:19:38<155:55:33,  1.40s/it, eval_success=0.380]
  2%|▏         | 1/50 [00:06<05:03,  6.19s/it][A
  4%|▍         | 2/50 [00:13<05:19,  6.65s/it][A
  6%|▌         | 3/50 [00:20<05:17,  6.77s/it][A
  8%|▊         | 4/50 [00:26<04:59,  6.52s/it][A
 10%|█         | 5/50 [00:33<05:06,  6.81s/it][A
 12%|█▏        | 6/50 [00:42<05:26,  7.42s/it][A
 14%|█▍        | 7/50 [00:50<05:35,  7.81s/it][A
 16%|█▌        | 8/50 [00:57<05:19,  7.62s/it][A
 18%|█▊        | 9/50 [01:06<05:23,  7.89s/it][A
 20%|██        | 10/50 [01:13<05:03,  7.58s/it][A
 22%|██▏       | 11/50 [01:20<04:45,  7.31s/it][A
 24%|██▍       | 12/50 [01:26<04:30,  7.13s/it][A
 26%|██▌       | 13/50 [01:33<04:18,  6.99s/it][A
 28%|██▊       | 14/50 [01:40<04:16,  7.13s/it][A
 30%|███       | 15/50 [01:45<03:47,  6.50s/it][A
 32%|███▏      | 16/50 [01:52<03:44,  6.61s/it][A
 34%|███▍      | 17/50 [01:59<03:41,  6.70s/it][A
 36%|███▌      | 18/50 [02:06<03:36,  6.77s/it][A
 38%|███▊      | 19/50 [02:13<03:31,  6.82s/it][A
 40%|████      | 20/50 [02:19<03:17,  6.59s/it][A
 42%|████▏     | 21/50 [02:26<03:13,  6.66s/it][A
 44%|████▍     | 22/50 [02:31<02:53,  6.18s/it][A
 46%|████▌     | 23/50 [02:36<02:38,  5.88s/it][A
 48%|████▊     | 24/50 [02:43<02:39,  6.12s/it][A
 50%|█████     | 25/50 [02:50<02:36,  6.28s/it][A
 52%|█████▏    | 26/50 [02:56<02:34,  6.42s/it][A
 54%|█████▍    | 27/50 [03:03<02:30,  6.52s/it][A
 56%|█████▌    | 28/50 [03:10<02:24,  6.56s/it][A
 58%|█████▊    | 29/50 [03:16<02:19,  6.62s/it][A
 60%|██████    | 30/50 [03:23<02:13,  6.68s/it][A
 62%|██████▏   | 31/50 [03:29<02:04,  6.53s/it][A
 64%|██████▍   | 32/50 [03:38<02:09,  7.21s/it][A
 66%|██████▌   | 33/50 [03:47<02:10,  7.68s/it][A
 68%|██████▊   | 34/50 [03:56<02:08,  8.02s/it][A
 70%|███████   | 35/50 [04:05<02:04,  8.28s/it][A
 72%|███████▏  | 36/50 [04:14<01:58,  8.47s/it][A
 74%|███████▍  | 37/50 [04:22<01:51,  8.59s/it][A
 76%|███████▌  | 38/50 [04:30<01:38,  8.17s/it][A
 78%|███████▊  | 39/50 [04:38<01:31,  8.36s/it][A
 80%|████████  | 40/50 [04:47<01:24,  8.50s/it][A
 82%|████████▏ | 41/50 [04:56<01:17,  8.58s/it][A
 84%|████████▍ | 42/50 [05:03<01:05,  8.20s/it][A
 86%|████████▌ | 43/50 [05:12<00:58,  8.39s/it][A
 88%|████████▊ | 44/50 [05:21<00:51,  8.55s/it][A
 90%|█████████ | 45/50 [05:30<00:43,  8.65s/it][A
 92%|█████████▏| 46/50 [05:39<00:34,  8.70s/it][A
 94%|█████████▍| 47/50 [05:47<00:25,  8.64s/it][A
 96%|█████████▌| 48/50 [05:56<00:17,  8.70s/it][A
 98%|█████████▊| 49/50 [06:04<00:08,  8.54s/it][A
100%|██████████| 50/50 [06:13<00:00,  8.43s/it][A
100%|██████████| 50/50 [06:13<00:00,  7.46s/it]
offline:  70%|███████   | 700000/1000000 [3:51:46<969:23:57, 11.63s/it, eval_success=0.280]
offline:  70%|███████   | 700015/1000000 [3:51:46<581:40:00,  6.98s/it, eval_success=0.280]
offline:  70%|███████   | 700026/1000000 [3:51:46<410:08:47,  4.92s/it, eval_success=0.280]
offline:  70%|███████   | 700036/1000000 [3:51:46<296:44:15,  3.56s/it, eval_success=0.280]
offline:  70%|███████   | 700045/1000000 [3:51:46<219:05:09,  2.63s/it, eval_success=0.280]
offline:  70%|███████   | 700055/1000000 [3:51:46<154:51:59,  1.86s/it, eval_success=0.280]
offline:  70%|███████   | 700064/1000000 [3:51:46<112:48:24,  1.35s/it, eval_success=0.280]
  2%|▏         | 1/50 [00:11<09:34, 11.73s/it][A
  4%|▍         | 2/50 [00:22<08:55, 11.15s/it][A
  6%|▌         | 3/50 [00:33<08:34, 10.96s/it][A
  8%|▊         | 4/50 [00:44<08:21, 10.91s/it][A
 10%|█         | 5/50 [00:54<07:57, 10.62s/it][A
 12%|█▏        | 6/50 [01:02<07:11,  9.80s/it][A
 14%|█▍        | 7/50 [01:10<06:38,  9.28s/it][A
 16%|█▌        | 8/50 [01:19<06:25,  9.17s/it][A
 18%|█▊        | 9/50 [01:28<06:12,  9.09s/it][A
 20%|██        | 10/50 [01:36<05:49,  8.73s/it][A
 22%|██▏       | 11/50 [01:44<05:39,  8.70s/it][A
 24%|██▍       | 12/50 [01:51<05:08,  8.13s/it][A
 26%|██▌       | 13/50 [01:58<04:44,  7.68s/it][A
 28%|██▊       | 14/50 [02:03<04:08,  6.91s/it][A
 30%|███       | 15/50 [02:10<04:02,  6.94s/it][A
 32%|███▏      | 16/50 [02:15<03:39,  6.47s/it][A
 34%|███▍      | 17/50 [02:21<03:29,  6.34s/it][A
 36%|███▌      | 18/50 [02:28<03:25,  6.41s/it][A
 38%|███▊      | 19/50 [02:35<03:24,  6.59s/it][A
 40%|████      | 20/50 [02:41<03:14,  6.48s/it][A
 42%|████▏     | 21/50 [02:48<03:10,  6.58s/it][A
 44%|████▍     | 22/50 [02:54<02:55,  6.25s/it][A
 46%|████▌     | 23/50 [03:01<02:54,  6.46s/it][A
 48%|████▊     | 24/50 [03:08<02:52,  6.64s/it][A
 50%|█████     | 25/50 [03:15<02:49,  6.77s/it][A
 52%|█████▏    | 26/50 [03:22<02:43,  6.83s/it][A
 54%|█████▍    | 27/50 [03:29<02:37,  6.87s/it][A
 56%|█████▌    | 28/50 [03:34<02:21,  6.41s/it][A
 58%|█████▊    | 29/50 [03:41<02:18,  6.57s/it][A
 60%|██████    | 30/50 [03:48<02:13,  6.69s/it][A
 62%|██████▏   | 31/50 [03:55<02:08,  6.76s/it][A
 64%|██████▍   | 32/50 [04:02<02:02,  6.80s/it][A
 66%|██████▌   | 33/50 [04:09<01:56,  6.87s/it][A
 68%|██████▊   | 34/50 [04:18<01:59,  7.48s/it][A
 70%|███████   | 35/50 [04:26<01:58,  7.89s/it][A
 72%|███████▏  | 36/50 [04:34<01:48,  7.73s/it][A
 74%|███████▍  | 37/50 [04:43<01:45,  8.09s/it][A
 76%|███████▌  | 38/50 [04:52<01:39,  8.33s/it][A
 78%|███████▊  | 39/50 [05:00<01:33,  8.48s/it][A
 80%|████████  | 40/50 [05:09<01:25,  8.59s/it][A
 82%|████████▏ | 41/50 [05:17<01:15,  8.34s/it][A
 84%|████████▍ | 42/50 [05:26<01:07,  8.50s/it][A
 86%|████████▌ | 43/50 [05:35<01:00,  8.61s/it][A
 88%|████████▊ | 44/50 [05:44<00:52,  8.72s/it][A
 90%|█████████ | 45/50 [05:52<00:42,  8.53s/it][A
 92%|█████████▏| 46/50 [06:01<00:34,  8.67s/it][A
 94%|█████████▍| 47/50 [06:10<00:26,  8.69s/it][A
 96%|█████████▌| 48/50 [06:19<00:17,  8.78s/it][A
 98%|█████████▊| 49/50 [06:27<00:08,  8.68s/it][A
100%|██████████| 50/50 [06:36<00:00,  8.74s/it][A
100%|██████████| 50/50 [06:36<00:00,  7.93s/it]
offline:  80%|████████  | 800000/1000000 [4:24:38<1103:47:59, 19.87s/it, eval_success=0.400]
offline:  80%|████████  | 800015/1000000 [4:24:38<532:50:14,  9.59s/it, eval_success=0.400] 
offline:  80%|████████  | 800024/1000000 [4:24:39<369:22:03,  6.65s/it, eval_success=0.400]
offline:  80%|████████  | 800032/1000000 [4:24:39<265:57:49,  4.79s/it, eval_success=0.400]
offline:  80%|████████  | 800042/1000000 [4:24:39<177:21:44,  3.19s/it, eval_success=0.400]
offline:  80%|████████  | 800050/1000000 [4:24:39<128:36:38,  2.32s/it, eval_success=0.400]
offline:  80%|████████  | 800058/1000000 [4:24:39<92:27:40,  1.66s/it, eval_success=0.400] 
offline:  80%|████████  | 800067/1000000 [4:24:39<63:46:07,  1.15s/it, eval_success=0.400]
--- last progress lines ---
offline:  90%|████████▉ | 899670/1000000 [4:51:09<34:01, 49.14it/s, eval_success=0.400]
offline:  90%|████████▉ | 899678/1000000 [4:51:09<29:41, 56.32it/s, eval_success=0.400]
offline:  90%|████████▉ | 899684/1000000 [4:51:09<34:17, 48.76it/s, eval_success=0.400]
