wandb: Using wandb-core as the SDK backend.  Please refer to https://wandb.me/wandb-core for more information.
wandb: Currently logged in as: tjrcjf410 (sjun0803-seoul-national-university) to https://api.wandb.ai. Use `wandb login --relogin` to force relogin
wandb: Tracking run with wandb version 0.19.9
wandb: Run data is saved locally in /tmp/tmpqqcsnu84/wandb/run-20260820_000319-9f6sukc5
wandb: Run `wandb offline` to turn off syncing.
wandb: Syncing run antmaze-giant-navigate-singletask-task1-v0_sd001_anq_stdfp_chunk-h1_20260820_000318
wandb: ⭐️ View project at https://wandb.ai/tjrcjf410-seoul-national-university/ant2
wandb: 🚀 View run at https://wandb.ai/tjrcjf410-seoul-national-university/ant2/runs/9f6sukc5
wandb: WARNING Symlinked 8 files into the W&B run directory, call wandb.save again to sync new files.
I0820 00:03:20.575951 127481613547328 acceleratesupport.py:24] No OpenGL_accelerate module loaded: No module named 'OpenGL_accelerate'
offline:   0%|          | 1/1000000 [01:45<29186:15:52, 105.07s/it]
offline:   0%|          | 2/1000000 [02:07<15672:44:34, 56.42s/it] 
offline:   0%|          | 3/1000000 [02:29<11359:46:00, 40.90s/it]
offline:   0%|          | 14/1000000 [02:29<1391:47:19,  5.01s/it]
offline:   0%|          | 25/1000000 [02:30<619:46:54,  2.23s/it] 
offline:   0%|          | 34/1000000 [02:30<377:00:15,  1.36s/it]
  2%|▏         | 1/50 [00:15<12:39, 15.51s/it][A
  4%|▍         | 2/50 [00:30<12:03, 15.07s/it][A
  6%|▌         | 3/50 [00:45<11:42, 14.94s/it][A
  8%|▊         | 4/50 [00:59<11:21, 14.81s/it][A
 10%|█         | 5/50 [01:13<10:47, 14.40s/it][A
 12%|█▏        | 6/50 [01:28<10:37, 14.50s/it][A
 14%|█▍        | 7/50 [01:42<10:27, 14.59s/it][A
 16%|█▌        | 8/50 [01:57<10:13, 14.61s/it][A
 18%|█▊        | 9/50 [02:12<10:00, 14.65s/it][A
 20%|██        | 10/50 [02:26<09:46, 14.66s/it][A
 22%|██▏       | 11/50 [02:41<09:31, 14.64s/it][A
 24%|██▍       | 12/50 [02:56<09:16, 14.65s/it][A
 26%|██▌       | 13/50 [03:10<09:03, 14.68s/it][A
 28%|██▊       | 14/50 [03:25<08:49, 14.71s/it][A
 30%|███       | 15/50 [03:38<08:19, 14.28s/it][A
 32%|███▏      | 16/50 [03:51<07:49, 13.82s/it][A
 34%|███▍      | 17/50 [04:04<07:24, 13.48s/it][A
 36%|███▌      | 18/50 [04:17<07:03, 13.24s/it][A
 38%|███▊      | 19/50 [04:29<06:45, 13.08s/it][A
 40%|████      | 20/50 [04:42<06:27, 12.93s/it][A
 42%|████▏     | 21/50 [04:55<06:13, 12.87s/it][A
 44%|████▍     | 22/50 [05:07<06:00, 12.87s/it][A
 46%|████▌     | 23/50 [05:20<05:46, 12.84s/it][A
 48%|████▊     | 24/50 [05:33<05:33, 12.82s/it][A
 50%|█████     | 25/50 [05:46<05:19, 12.78s/it][A
 52%|█████▏    | 26/50 [05:58<05:06, 12.79s/it][A
 54%|█████▍    | 27/50 [06:11<04:50, 12.63s/it][A
 56%|█████▌    | 28/50 [06:24<04:38, 12.68s/it][A
 58%|█████▊    | 29/50 [06:36<04:26, 12.71s/it][A
 60%|██████    | 30/50 [06:49<04:15, 12.76s/it][A
 62%|██████▏   | 31/50 [07:02<04:02, 12.74s/it][A
 64%|██████▍   | 32/50 [07:15<03:49, 12.74s/it][A
 66%|██████▌   | 33/50 [07:27<03:36, 12.76s/it][A
 68%|██████▊   | 34/50 [07:40<03:24, 12.76s/it][A
 70%|███████   | 35/50 [07:53<03:11, 12.77s/it][A
 72%|███████▏  | 36/50 [08:06<02:58, 12.74s/it][A
 74%|███████▍  | 37/50 [08:18<02:45, 12.72s/it][A
 76%|███████▌  | 38/50 [08:31<02:32, 12.72s/it][A
 78%|███████▊  | 39/50 [08:44<02:19, 12.72s/it][A
 80%|████████  | 40/50 [08:56<02:07, 12.71s/it][A
 82%|████████▏ | 41/50 [09:09<01:54, 12.74s/it][A
 84%|████████▍ | 42/50 [09:22<01:41, 12.71s/it][A
 86%|████████▌ | 43/50 [09:35<01:29, 12.74s/it][A
 88%|████████▊ | 44/50 [09:48<01:16, 12.75s/it][A
 90%|█████████ | 45/50 [10:00<01:03, 12.72s/it][A
 92%|█████████▏| 46/50 [10:13<00:50, 12.73s/it][A
 94%|█████████▍| 47/50 [10:26<00:38, 12.77s/it][A
 96%|█████████▌| 48/50 [10:38<00:25, 12.74s/it][A
 98%|█████████▊| 49/50 [10:51<00:12, 12.78s/it][A
100%|██████████| 50/50 [11:04<00:00, 12.78s/it][A
100%|██████████| 50/50 [11:04<00:00, 13.29s/it]
offline:  10%|█         | 100000/1000000 [37:31<9050:19:04, 36.20s/it, eval_success=0.060]
offline:  10%|█         | 100014/1000000 [37:31<4334:09:38, 17.34s/it, eval_success=0.060]
offline:  10%|█         | 100022/1000000 [37:31<3042:35:15, 12.17s/it, eval_success=0.060]
offline:  10%|█         | 100029/1000000 [37:31<2216:52:05,  8.87s/it, eval_success=0.060]
offline:  10%|█         | 100036/1000000 [37:31<1598:33:01,  6.39s/it, eval_success=0.060]
offline:  10%|█         | 100042/1000000 [37:31<1192:03:25,  4.77s/it, eval_success=0.060]
offline:  10%|█         | 100050/1000000 [37:32<803:24:26,  3.21s/it, eval_success=0.060] 
offline:  10%|█         | 100057/1000000 [37:32<571:52:56,  2.29s/it, eval_success=0.060]
offline:  10%|█         | 100064/1000000 [37:32<405:44:55,  1.62s/it, eval_success=0.060]
offline:  10%|█         | 100070/1000000 [37:32<299:58:32,  1.20s/it, eval_success=0.060]
--- last progress lines ---
offline:  15%|█▍        | 148145/1000000 [49:58<4:07:33, 57.35it/s, eval_success=0.060]
offline:  15%|█▍        | 148151/1000000 [49:59<4:05:47, 57.76it/s, eval_success=0.060]
offline:  15%|█▍        | 148157/1000000 [49:59<4:08:51, 57.05it/s, eval_success=0.060]
