wandb: Using wandb-core as the SDK backend.  Please refer to https://wandb.me/wandb-core for more information.
wandb: Currently logged in as: tjrcjf410 (sjun0803-seoul-national-university) to https://api.wandb.ai. Use `wandb login --relogin` to force relogin
wandb: Tracking run with wandb version 0.19.9
wandb: Run data is saved locally in /tmp/tmp_alyk9e0/wandb/run-20260819_200209-us6vzubr
wandb: Run `wandb offline` to turn off syncing.
wandb: Syncing run antmaze-giant-navigate-singletask-task1-v0_sd000_anq_stdfp_chunk-h1_20260819_200209
wandb: ⭐️ View project at https://wandb.ai/tjrcjf410-seoul-national-university/ant2
wandb: 🚀 View run at https://wandb.ai/tjrcjf410-seoul-national-university/ant2/runs/us6vzubr
wandb: WARNING Symlinked 8 files into the W&B run directory, call wandb.save again to sync new files.
I0819 20:02:10.910157 134879665805120 acceleratesupport.py:24] No OpenGL_accelerate module loaded: No module named 'OpenGL_accelerate'
offline:   0%|          | 1/1000000 [01:36<26795:46:17, 96.46s/it]
offline:   0%|          | 2/1000000 [01:58<14666:14:34, 52.80s/it]
offline:   0%|          | 3/1000000 [02:20<10690:52:38, 38.49s/it]
offline:   0%|          | 16/1000000 [02:20<1130:13:53,  4.07s/it]
offline:   0%|          | 26/1000000 [02:20<571:34:54,  2.06s/it] 
offline:   0%|          | 36/1000000 [02:20<336:06:00,  1.21s/it]
  2%|▏         | 1/50 [00:06<05:00,  6.14s/it][A
  4%|▍         | 2/50 [00:11<04:32,  5.68s/it][A
  6%|▌         | 3/50 [00:17<04:33,  5.83s/it][A
  8%|▊         | 4/50 [00:22<04:22,  5.70s/it][A
 10%|█         | 5/50 [00:28<04:07,  5.49s/it][A
 12%|█▏        | 6/50 [00:33<03:57,  5.39s/it][A
 14%|█▍        | 7/50 [00:38<03:47,  5.29s/it][A
 16%|█▌        | 8/50 [00:43<03:39,  5.22s/it][A
 18%|█▊        | 9/50 [00:48<03:33,  5.21s/it][A
 20%|██        | 10/50 [00:53<03:28,  5.20s/it][A
 22%|██▏       | 11/50 [00:58<03:20,  5.15s/it][A
 24%|██▍       | 12/50 [01:03<03:14,  5.13s/it][A
 26%|██▌       | 13/50 [01:10<03:28,  5.64s/it][A
 28%|██▊       | 14/50 [01:17<03:35,  5.98s/it][A
 30%|███       | 15/50 [01:24<03:37,  6.21s/it][A
 32%|███▏      | 16/50 [01:31<03:37,  6.39s/it][A
 34%|███▍      | 17/50 [01:37<03:32,  6.44s/it][A
 36%|███▌      | 18/50 [01:44<03:29,  6.55s/it][A
 38%|███▊      | 19/50 [01:51<03:25,  6.63s/it][A
 40%|████      | 20/50 [01:58<03:20,  6.67s/it][A
 42%|████▏     | 21/50 [02:04<03:14,  6.70s/it][A
 44%|████▍     | 22/50 [02:11<03:08,  6.73s/it][A
 46%|████▌     | 23/50 [02:18<03:02,  6.75s/it][A
 48%|████▊     | 24/50 [02:25<02:55,  6.75s/it][A
 50%|█████     | 25/50 [02:31<02:48,  6.74s/it][A
 52%|█████▏    | 26/50 [02:38<02:41,  6.75s/it][A
 54%|█████▍    | 27/50 [02:45<02:35,  6.75s/it][A
 56%|█████▌    | 28/50 [02:52<02:28,  6.76s/it][A
 58%|█████▊    | 29/50 [02:58<02:21,  6.76s/it][A
 60%|██████    | 30/50 [03:05<02:15,  6.76s/it][A
 62%|██████▏   | 31/50 [03:12<02:08,  6.77s/it][A
 64%|██████▍   | 32/50 [03:19<02:01,  6.77s/it][A
 66%|██████▌   | 33/50 [03:26<01:55,  6.78s/it][A
 68%|██████▊   | 34/50 [03:34<01:56,  7.29s/it][A
 70%|███████   | 35/50 [03:43<01:56,  7.74s/it][A
 72%|███████▏  | 36/50 [03:53<01:57,  8.39s/it][A
 74%|███████▍  | 37/50 [04:03<01:57,  9.04s/it][A
 76%|███████▌  | 38/50 [04:14<01:54,  9.54s/it][A
 78%|███████▊  | 39/50 [04:25<01:48,  9.90s/it][A
 80%|████████  | 40/50 [04:35<01:41, 10.15s/it][A
 82%|████████▏ | 41/50 [04:46<01:32, 10.31s/it][A
 84%|████████▍ | 42/50 [04:57<01:23, 10.44s/it][A
 86%|████████▌ | 43/50 [05:08<01:13, 10.50s/it][A
 88%|████████▊ | 44/50 [05:18<01:03, 10.56s/it][A
 90%|█████████ | 45/50 [05:29<00:53, 10.62s/it][A
 92%|█████████▏| 46/50 [05:40<00:42, 10.65s/it][A
 94%|█████████▍| 47/50 [05:50<00:32, 10.67s/it][A
 96%|█████████▌| 48/50 [06:01<00:21, 10.67s/it][A
 98%|█████████▊| 49/50 [06:13<00:10, 10.89s/it][A
100%|██████████| 50/50 [06:25<00:00, 11.44s/it][A
100%|██████████| 50/50 [06:25<00:00,  7.71s/it]
offline:  10%|█         | 100000/1000000 [34:56<2237:22:17,  8.95s/it, eval_success=0.020]
offline:  10%|█         | 100011/1000000 [34:56<1640:42:00,  6.56s/it, eval_success=0.020]
offline:  10%|█         | 100023/1000000 [34:56<1159:55:08,  4.64s/it, eval_success=0.020]
offline:  10%|█         | 100033/1000000 [34:56<860:28:50,  3.44s/it, eval_success=0.020] 
offline:  10%|█         | 100042/1000000 [34:56<646:18:46,  2.59s/it, eval_success=0.020]
offline:  10%|█         | 100050/1000000 [34:57<491:49:06,  1.97s/it, eval_success=0.020]
offline:  10%|█         | 100058/1000000 [34:57<366:57:18,  1.47s/it, eval_success=0.020]
offline:  10%|█         | 100065/1000000 [34:57<279:00:02,  1.12s/it, eval_success=0.020]
  2%|▏         | 1/50 [00:06<05:34,  6.82s/it][A
  4%|▍         | 2/50 [00:13<05:27,  6.83s/it][A
  6%|▌         | 3/50 [00:20<05:20,  6.82s/it][A
  8%|▊         | 4/50 [00:27<05:20,  6.96s/it][A
 10%|█         | 5/50 [00:34<05:10,  6.91s/it][A
 12%|█▏        | 6/50 [00:41<05:02,  6.87s/it][A
 14%|█▍        | 7/50 [00:48<04:53,  6.84s/it][A
 16%|█▌        | 8/50 [00:54<04:46,  6.83s/it][A
 18%|█▊        | 9/50 [01:01<04:40,  6.85s/it][A
 20%|██        | 10/50 [01:08<04:32,  6.82s/it][A
 22%|██▏       | 11/50 [01:15<04:25,  6.81s/it][A
 24%|██▍       | 12/50 [01:22<04:19,  6.82s/it][A
 26%|██▌       | 13/50 [01:28<04:12,  6.82s/it][A
 28%|██▊       | 14/50 [01:35<04:03,  6.77s/it][A
 30%|███       | 15/50 [01:42<03:56,  6.77s/it][A
 32%|███▏      | 16/50 [01:49<03:50,  6.77s/it][A
 34%|███▍      | 17/50 [01:55<03:42,  6.75s/it][A
 36%|███▌      | 18/50 [02:02<03:36,  6.78s/it][A
 38%|███▊      | 19/50 [02:09<03:30,  6.79s/it][A
 40%|████      | 20/50 [02:16<03:23,  6.79s/it][A
 42%|████▏     | 21/50 [02:23<03:16,  6.78s/it][A
 44%|████▍     | 22/50 [02:29<03:09,  6.78s/it][A
 46%|████▌     | 23/50 [02:36<03:03,  6.78s/it][A
 48%|████▊     | 24/50 [02:43<02:56,  6.77s/it][A
 50%|█████     | 25/50 [02:50<02:49,  6.79s/it][A
 52%|█████▏    | 26/50 [02:56<02:42,  6.78s/it][A
 54%|█████▍    | 27/50 [03:03<02:35,  6.77s/it][A
 56%|█████▌    | 28/50 [03:10<02:29,  6.78s/it][A
 58%|█████▊    | 29/50 [03:16<02:16,  6.52s/it][A
 60%|██████    | 30/50 [03:23<02:11,  6.59s/it][A
 62%|██████▏   | 31/50 [03:29<02:06,  6.66s/it][A
 64%|██████▍   | 32/50 [03:36<02:00,  6.67s/it][A
 66%|██████▌   | 33/50 [03:44<01:58,  6.99s/it][A
 68%|██████▊   | 34/50 [03:53<02:00,  7.53s/it][A
 70%|███████   | 35/50 [04:01<01:57,  7.86s/it][A
 72%|███████▏  | 36/50 [04:10<01:53,  8.14s/it][A
 74%|███████▍  | 37/50 [04:19<01:48,  8.32s/it][A
 76%|███████▌  | 38/50 [04:28<01:41,  8.45s/it][A
 78%|███████▊  | 39/50 [04:36<01:33,  8.54s/it][A
 80%|████████  | 40/50 [04:45<01:25,  8.59s/it][A
 82%|████████▏ | 41/50 [04:54<01:17,  8.64s/it][A
 84%|████████▍ | 42/50 [05:03<01:09,  8.67s/it][A
 86%|████████▌ | 43/50 [05:11<01:00,  8.69s/it][A
 88%|████████▊ | 44/50 [05:20<00:52,  8.70s/it][A
 90%|█████████ | 45/50 [05:29<00:43,  8.71s/it][A
 92%|█████████▏| 46/50 [05:38<00:34,  8.74s/it][A
 94%|█████████▍| 47/50 [05:46<00:26,  8.74s/it][A
 96%|█████████▌| 48/50 [05:56<00:17,  8.92s/it][A
 98%|█████████▊| 49/50 [06:06<00:09,  9.45s/it][A
100%|██████████| 50/50 [06:17<00:00,  9.86s/it][A
100%|██████████| 50/50 [06:17<00:00,  7.55s/it]
offline:  20%|██        | 200000/1000000 [1:08:07<3280:27:16, 14.76s/it, eval_success=0.000]
offline:  20%|██        | 200014/1000000 [1:08:07<1842:58:23,  8.29s/it, eval_success=0.000]
offline:  20%|██        | 200025/1000000 [1:08:08<1236:08:13,  5.56s/it, eval_success=0.000]
offline:  20%|██        | 200035/1000000 [1:08:08<866:30:52,  3.90s/it, eval_success=0.000] 
offline:  20%|██        | 200044/1000000 [1:08:08<626:39:26,  2.82s/it, eval_success=0.000]
offline:  20%|██        | 200052/1000000 [1:08:08<463:55:20,  2.09s/it, eval_success=0.000]
offline:  20%|██        | 200060/1000000 [1:08:08<338:39:04,  1.52s/it, eval_success=0.000]
offline:  20%|██        | 200068/1000000 [1:08:08<245:00:28,  1.10s/it, eval_success=0.000]
  2%|▏         | 1/50 [00:08<07:13,  8.84s/it][A
  4%|▍         | 2/50 [00:17<07:08,  8.93s/it][A
  6%|▌         | 3/50 [00:26<06:58,  8.91s/it][A
  8%|▊         | 4/50 [00:35<06:49,  8.91s/it][A
 10%|█         | 5/50 [00:43<06:16,  8.37s/it][A
 12%|█▏        | 6/50 [00:49<05:45,  7.85s/it][A
 14%|█▍        | 7/50 [00:56<05:23,  7.53s/it][A
 16%|█▌        | 8/50 [01:03<05:07,  7.32s/it][A
 18%|█▊        | 9/50 [01:10<04:53,  7.17s/it][A
 20%|██        | 10/50 [01:17<04:43,  7.09s/it][A
 22%|██▏       | 11/50 [01:24<04:34,  7.03s/it][A
 24%|██▍       | 12/50 [01:31<04:25,  6.99s/it][A
 26%|██▌       | 13/50 [01:38<04:18,  6.99s/it][A
 28%|██▊       | 14/50 [01:45<04:10,  6.95s/it][A
 30%|███       | 15/50 [01:52<04:03,  6.96s/it][A
 32%|███▏      | 16/50 [01:58<03:55,  6.94s/it][A
 34%|███▍      | 17/50 [02:05<03:47,  6.90s/it][A
 36%|███▌      | 18/50 [02:12<03:40,  6.88s/it][A
 38%|███▊      | 19/50 [02:19<03:32,  6.84s/it][A
 40%|████      | 20/50 [02:26<03:25,  6.85s/it][A
 42%|████▏     | 21/50 [02:32<03:17,  6.82s/it][A
 44%|████▍     | 22/50 [02:39<03:10,  6.81s/it][A
 46%|████▌     | 23/50 [02:46<03:04,  6.82s/it][A
 48%|████▊     | 24/50 [02:53<02:58,  6.88s/it][A
 50%|█████     | 25/50 [03:00<02:51,  6.86s/it][A
 52%|█████▏    | 26/50 [03:07<02:44,  6.85s/it][A
 54%|█████▍    | 27/50 [03:14<02:37,  6.84s/it][A
 56%|█████▌    | 28/50 [03:21<02:32,  6.93s/it][A
 58%|█████▊    | 29/50 [03:28<02:25,  6.90s/it][A
 60%|██████    | 30/50 [03:34<02:17,  6.89s/it][A
 62%|██████▏   | 31/50 [03:41<02:10,  6.85s/it][A
 64%|██████▍   | 32/50 [03:48<02:03,  6.84s/it][A
 66%|██████▌   | 33/50 [03:56<02:02,  7.21s/it][A
 68%|██████▊   | 34/50 [04:05<02:03,  7.71s/it][A
 70%|███████   | 35/50 [04:14<02:00,  8.04s/it][A
 72%|███████▏  | 36/50 [04:23<01:56,  8.29s/it][A
 74%|███████▍  | 37/50 [04:31<01:50,  8.47s/it][A
 76%|███████▌  | 38/50 [04:40<01:42,  8.57s/it][A
 78%|███████▊  | 39/50 [04:49<01:34,  8.63s/it][A
 80%|████████  | 40/50 [04:58<01:26,  8.67s/it][A
 82%|████████▏ | 41/50 [05:07<01:18,  8.72s/it][A
 84%|████████▍ | 42/50 [05:15<01:09,  8.75s/it][A
 86%|████████▌ | 43/50 [05:24<01:01,  8.81s/it][A
 88%|████████▊ | 44/50 [05:33<00:53,  8.84s/it][A
 90%|█████████ | 45/50 [05:42<00:44,  8.83s/it][A
 92%|█████████▏| 46/50 [05:51<00:35,  8.85s/it][A
 94%|█████████▍| 47/50 [06:00<00:26,  8.86s/it][A
 96%|█████████▌| 48/50 [06:11<00:18,  9.45s/it][A
 98%|█████████▊| 49/50 [06:22<00:09,  9.86s/it][A
100%|██████████| 50/50 [06:33<00:00, 10.21s/it][A
100%|██████████| 50/50 [06:33<00:00,  7.86s/it]
offline:  30%|███       | 300000/1000000 [1:41:26<3282:04:29, 16.88s/it, eval_success=0.000]
offline:  30%|███       | 300013/1000000 [1:41:26<1827:50:52,  9.40s/it, eval_success=0.000]
offline:  30%|███       | 300022/1000000 [1:41:26<1271:44:14,  6.54s/it, eval_success=0.000]
offline:  30%|███       | 300031/1000000 [1:41:26<886:44:45,  4.56s/it, eval_success=0.000] 
offline:  30%|███       | 300039/1000000 [1:41:26<641:14:45,  3.30s/it, eval_success=0.000]
offline:  30%|███       | 300048/1000000 [1:41:26<443:53:44,  2.28s/it, eval_success=0.000]
offline:  30%|███       | 300056/1000000 [1:41:26<319:36:02,  1.64s/it, eval_success=0.000]
offline:  30%|███       | 300064/1000000 [1:41:27<228:52:00,  1.18s/it, eval_success=0.000]
  2%|▏         | 1/50 [00:09<07:22,  9.02s/it][A
  4%|▍         | 2/50 [00:17<07:06,  8.88s/it][A
  6%|▌         | 3/50 [00:26<06:56,  8.86s/it][A
  8%|▊         | 4/50 [00:35<06:45,  8.82s/it][A
 10%|█         | 5/50 [00:41<05:56,  7.93s/it][A
 12%|█▏        | 6/50 [00:47<05:12,  7.10s/it][A
 14%|█▍        | 7/50 [00:52<04:40,  6.53s/it][A
 16%|█▌        | 8/50 [00:57<04:17,  6.14s/it][A
 18%|█▊        | 9/50 [01:03<04:01,  5.90s/it][A
 20%|██        | 10/50 [01:08<03:50,  5.76s/it][A
 22%|██▏       | 11/50 [01:14<03:39,  5.62s/it][A
 24%|██▍       | 12/50 [01:19<03:28,  5.49s/it][A
 26%|██▌       | 13/50 [01:24<03:20,  5.42s/it][A
 28%|██▊       | 14/50 [01:29<03:13,  5.37s/it][A
 30%|███       | 15/50 [01:35<03:07,  5.34s/it][A
 32%|███▏      | 16/50 [01:40<03:02,  5.36s/it][A
 34%|███▍      | 17/50 [01:45<02:55,  5.32s/it][A
 36%|███▌      | 18/50 [01:50<02:49,  5.28s/it][A
 38%|███▊      | 19/50 [01:56<02:44,  5.30s/it][A
 40%|████      | 20/50 [02:01<02:37,  5.26s/it][A
 42%|████▏     | 21/50 [02:06<02:32,  5.25s/it][A
 44%|████▍     | 22/50 [02:12<02:33,  5.48s/it][A
 46%|████▌     | 23/50 [02:19<02:42,  6.00s/it][A
 48%|████▊     | 24/50 [02:26<02:38,  6.11s/it][A
 50%|█████     | 25/50 [02:31<02:26,  5.86s/it][A
 52%|█████▏    | 26/50 [02:36<02:15,  5.64s/it][A
 54%|█████▍    | 27/50 [02:41<02:07,  5.53s/it][A
 56%|█████▌    | 28/50 [02:47<01:59,  5.45s/it][A
 58%|█████▊    | 29/50 [02:52<01:53,  5.42s/it][A
 60%|██████    | 30/50 [02:57<01:47,  5.35s/it][A
 62%|██████▏   | 31/50 [03:02<01:41,  5.33s/it][A
 64%|██████▍   | 32/50 [03:09<01:43,  5.76s/it][A
 66%|██████▌   | 33/50 [03:16<01:43,  6.08s/it][A
 68%|██████▊   | 34/50 [03:23<01:41,  6.33s/it][A
 70%|███████   | 35/50 [03:30<01:37,  6.50s/it][A
 72%|███████▏  | 36/50 [03:37<01:32,  6.62s/it][A
 74%|███████▍  | 37/50 [03:43<01:26,  6.62s/it][A
 76%|███████▌  | 38/50 [03:50<01:20,  6.70s/it][A
 78%|███████▊  | 39/50 [03:58<01:18,  7.16s/it][A
 80%|████████  | 40/50 [04:07<01:16,  7.70s/it][A
 82%|████████▏ | 41/50 [04:17<01:13,  8.17s/it][A
 84%|████████▍ | 42/50 [04:26<01:07,  8.46s/it][A
 86%|████████▌ | 43/50 [04:35<01:01,  8.73s/it][A
 88%|████████▊ | 44/50 [04:43<00:50,  8.48s/it][A
 90%|█████████ | 45/50 [04:52<00:43,  8.63s/it][A
 92%|█████████▏| 46/50 [05:02<00:36,  9.15s/it][A
 94%|█████████▍| 47/50 [05:13<00:29,  9.69s/it][A
 96%|█████████▌| 48/50 [05:23<00:19,  9.74s/it][A
 98%|█████████▊| 49/50 [05:34<00:10, 10.14s/it][A
100%|██████████| 50/50 [05:45<00:00, 10.37s/it][A
100%|██████████| 50/50 [05:45<00:00,  6.91s/it]
offline:  40%|████      | 400000/1000000 [2:13:44<1953:00:21, 11.72s/it, eval_success=0.080]
offline:  40%|████      | 400012/1000000 [2:13:44<1236:39:04,  7.42s/it, eval_success=0.080]
offline:  40%|████      | 400021/1000000 [2:13:44<888:12:12,  5.33s/it, eval_success=0.080] 
offline:  40%|████      | 400030/1000000 [2:13:44<633:36:07,  3.80s/it, eval_success=0.080]
offline:  40%|████      | 400038/1000000 [2:13:44<464:50:05,  2.79s/it, eval_success=0.080]
offline:  40%|████      | 400046/1000000 [2:13:44<337:33:14,  2.03s/it, eval_success=0.080]
offline:  40%|████      | 400053/1000000 [2:13:44<251:30:36,  1.51s/it, eval_success=0.080]
offline:  40%|████      | 400060/1000000 [2:13:44<184:43:01,  1.11s/it, eval_success=0.080]
  2%|▏         | 1/50 [00:08<07:18,  8.95s/it][A
  4%|▍         | 2/50 [00:17<07:12,  9.00s/it][A
  6%|▌         | 3/50 [00:26<06:55,  8.84s/it][A
  8%|▊         | 4/50 [00:33<06:16,  8.18s/it][A
 10%|█         | 5/50 [00:40<05:51,  7.81s/it][A
 12%|█▏        | 6/50 [00:47<05:32,  7.55s/it][A
 14%|█▍        | 7/50 [00:54<05:16,  7.37s/it][A
 16%|█▌        | 8/50 [01:02<05:05,  7.27s/it][A
 18%|█▊        | 9/50 [01:09<04:55,  7.21s/it][A
 20%|██        | 10/50 [01:15<04:36,  6.91s/it][A
 22%|██▏       | 11/50 [01:22<04:31,  6.95s/it][A
 24%|██▍       | 12/50 [01:29<04:26,  7.00s/it][A
 26%|██▌       | 13/50 [01:36<04:19,  7.02s/it][A
 28%|██▊       | 14/50 [01:43<04:12,  7.02s/it][A
 30%|███       | 15/50 [01:50<04:06,  7.05s/it][A
 32%|███▏      | 16/50 [01:57<03:59,  7.03s/it][A
 34%|███▍      | 17/50 [02:04<03:53,  7.08s/it][A
 36%|███▌      | 18/50 [02:12<03:47,  7.09s/it][A
 38%|███▊      | 19/50 [02:19<03:39,  7.08s/it][A
 40%|████      | 20/50 [02:26<03:33,  7.11s/it][A
 42%|████▏     | 21/50 [02:33<03:25,  7.08s/it][A
 44%|████▍     | 22/50 [02:40<03:18,  7.08s/it][A
 46%|████▌     | 23/50 [02:47<03:11,  7.08s/it][A
 48%|████▊     | 24/50 [02:54<03:04,  7.09s/it][A
 50%|█████     | 25/50 [03:01<02:57,  7.11s/it][A
 52%|█████▏    | 26/50 [03:08<02:50,  7.10s/it][A
 54%|█████▍    | 27/50 [03:15<02:44,  7.13s/it][A
 56%|█████▌    | 28/50 [03:23<02:36,  7.13s/it][A
 58%|█████▊    | 29/50 [03:30<02:29,  7.13s/it][A
 60%|██████    | 30/50 [03:37<02:22,  7.13s/it][A
 62%|██████▏   | 31/50 [03:44<02:15,  7.12s/it][A
 64%|██████▍   | 32/50 [03:53<02:17,  7.64s/it][A
 66%|██████▌   | 33/50 [04:02<02:18,  8.12s/it][A
 68%|██████▊   | 34/50 [04:11<02:15,  8.45s/it][A
 70%|███████   | 35/50 [04:21<02:10,  8.70s/it][A
 72%|███████▏  | 36/50 [04:30<02:03,  8.85s/it][A
 74%|███████▍  | 37/50 [04:39<01:56,  8.96s/it][A
 76%|███████▌  | 38/50 [04:48<01:48,  9.03s/it][A
 78%|███████▊  | 39/50 [04:57<01:39,  9.05s/it][A
 80%|████████  | 40/50 [05:08<01:36,  9.66s/it][A
 82%|████████▏ | 41/50 [05:20<01:31, 10.14s/it][A
 84%|████████▍ | 42/50 [05:31<01:23, 10.44s/it][A
 86%|████████▌ | 43/50 [05:42<01:14, 10.65s/it][A
 88%|████████▊ | 44/50 [05:55<01:07, 11.28s/it][A
 90%|█████████ | 45/50 [06:08<00:59, 11.88s/it][A
 92%|█████████▏| 46/50 [06:20<00:47, 11.99s/it][A
 94%|█████████▍| 47/50 [06:31<00:35, 11.77s/it][A
 96%|█████████▌| 48/50 [06:43<00:23, 11.62s/it][A
 98%|█████████▊| 49/50 [06:54<00:11, 11.52s/it][A
100%|██████████| 50/50 [07:05<00:00, 11.43s/it][A
100%|██████████| 50/50 [07:05<00:00,  8.51s/it]
offline:  50%|█████     | 500000/1000000 [2:49:20<2569:17:18, 18.50s/it, eval_success=0.020]
offline:  50%|█████     | 500013/1000000 [2:49:20<1423:08:27, 10.25s/it, eval_success=0.020]
offline:  50%|█████     | 500023/1000000 [2:49:20<955:34:59,  6.88s/it, eval_success=0.020] 
offline:  50%|█████     | 500032/1000000 [2:49:20<672:12:43,  4.84s/it, eval_success=0.020]
offline:  50%|█████     | 500040/1000000 [2:49:20<488:34:21,  3.52s/it, eval_success=0.020]
offline:  50%|█████     | 500048/1000000 [2:49:20<351:42:17,  2.53s/it, eval_success=0.020]
offline:  50%|█████     | 500056/1000000 [2:49:20<251:31:13,  1.81s/it, eval_success=0.020]
offline:  50%|█████     | 500063/1000000 [2:49:21<185:48:27,  1.34s/it, eval_success=0.020]
  2%|▏         | 1/50 [00:08<06:59,  8.56s/it][A
  4%|▍         | 2/50 [00:17<07:07,  8.91s/it][A
  6%|▌         | 3/50 [00:26<07:06,  9.08s/it][A
  8%|▊         | 4/50 [00:36<06:59,  9.13s/it][A
 10%|█         | 5/50 [00:45<06:52,  9.16s/it][A
 12%|█▏        | 6/50 [00:54<06:37,  9.04s/it][A
 14%|█▍        | 7/50 [01:03<06:30,  9.09s/it][A
 16%|█▌        | 8/50 [01:12<06:24,  9.16s/it][A
 18%|█▊        | 9/50 [01:21<06:13,  9.12s/it][A
 20%|██        | 10/50 [01:29<05:43,  8.58s/it][A
 22%|██▏       | 11/50 [01:36<05:19,  8.19s/it][A
 24%|██▍       | 12/50 [01:43<05:00,  7.92s/it][A
 26%|██▌       | 13/50 [01:50<04:44,  7.70s/it][A
 28%|██▊       | 14/50 [01:56<04:15,  7.11s/it][A
 30%|███       | 15/50 [02:03<04:10,  7.14s/it][A
 32%|███▏      | 16/50 [02:11<04:04,  7.20s/it][A
 34%|███▍      | 17/50 [02:18<03:58,  7.22s/it][A
 36%|███▌      | 18/50 [02:25<03:51,  7.25s/it][A
 38%|███▊      | 19/50 [02:33<03:45,  7.27s/it][A
 40%|████      | 20/50 [02:40<03:37,  7.25s/it][A
 42%|████▏     | 21/50 [02:47<03:28,  7.19s/it][A
 44%|████▍     | 22/50 [02:54<03:16,  7.03s/it][A
 46%|████▌     | 23/50 [03:01<03:11,  7.10s/it][A
 48%|████▊     | 24/50 [03:08<03:05,  7.14s/it][A
 50%|█████     | 25/50 [03:15<02:55,  7.00s/it][A
 52%|█████▏    | 26/50 [03:21<02:40,  6.70s/it][A
 54%|█████▍    | 27/50 [03:27<02:30,  6.55s/it][A
 56%|█████▌    | 28/50 [03:34<02:29,  6.78s/it][A
 58%|█████▊    | 29/50 [03:42<02:25,  6.94s/it][A
 60%|██████    | 30/50 [03:49<02:20,  7.03s/it][A
 62%|██████▏   | 31/50 [03:55<02:06,  6.66s/it][A
 64%|██████▍   | 32/50 [04:02<02:04,  6.93s/it][A
 66%|██████▌   | 33/50 [04:11<02:09,  7.62s/it][A
 68%|██████▊   | 34/50 [04:21<02:10,  8.13s/it][A
 70%|███████   | 35/50 [04:30<02:07,  8.47s/it][A
 72%|███████▏  | 36/50 [04:39<02:02,  8.73s/it][A
 74%|███████▍  | 37/50 [04:48<01:55,  8.86s/it][A
 76%|███████▌  | 38/50 [04:58<01:47,  8.94s/it][A
 78%|███████▊  | 39/50 [05:06<01:36,  8.74s/it][A
 80%|████████  | 40/50 [05:15<01:29,  8.93s/it][A
 82%|████████▏ | 41/50 [05:27<01:27,  9.68s/it][A
 84%|████████▍ | 42/50 [05:38<01:22, 10.25s/it][A
 86%|████████▌ | 43/50 [05:52<01:18, 11.20s/it][A
 88%|████████▊ | 44/50 [06:03<01:07, 11.31s/it][A
 90%|█████████ | 45/50 [06:17<00:59, 11.95s/it][A
 92%|█████████▏| 46/50 [06:30<00:49, 12.40s/it][A
 94%|█████████▍| 47/50 [06:43<00:38, 12.69s/it][A
 96%|█████████▌| 48/50 [06:57<00:25, 12.92s/it][A
 98%|█████████▊| 49/50 [07:10<00:13, 13.05s/it][A
100%|██████████| 50/50 [07:24<00:00, 13.16s/it][A
100%|██████████| 50/50 [07:24<00:00,  8.88s/it]
offline:  60%|██████    | 600000/1000000 [3:21:24<2208:24:37, 19.88s/it, eval_success=0.260]
offline:  60%|██████    | 600010/1000000 [3:21:24<1348:20:24, 12.14s/it, eval_success=0.260]
offline:  60%|██████    | 600018/1000000 [3:21:24<933:32:51,  8.40s/it, eval_success=0.260] 
offline:  60%|██████    | 600026/1000000 [3:21:24<648:59:12,  5.84s/it, eval_success=0.260]
offline:  60%|██████    | 600033/1000000 [3:21:24<470:05:37,  4.23s/it, eval_success=0.260]
offline:  60%|██████    | 600040/1000000 [3:21:24<337:37:08,  3.04s/it, eval_success=0.260]
offline:  60%|██████    | 600046/1000000 [3:21:24<251:11:27,  2.26s/it, eval_success=0.260]
offline:  60%|██████    | 600052/1000000 [3:21:24<184:10:32,  1.66s/it, eval_success=0.260]
offline:  60%|██████    | 600058/1000000 [3:21:25<133:37:00,  1.20s/it, eval_success=0.260]
  2%|▏         | 1/50 [00:05<04:46,  5.85s/it][A
  4%|▍         | 2/50 [00:11<04:35,  5.74s/it][A
  6%|▌         | 3/50 [00:17<04:27,  5.69s/it][A
  8%|▊         | 4/50 [00:24<04:48,  6.26s/it][A
 10%|█         | 5/50 [00:31<05:03,  6.74s/it][A
 12%|█▏        | 6/50 [00:39<05:02,  6.88s/it][A
 14%|█▍        | 7/50 [00:45<04:56,  6.89s/it][A
 16%|█▌        | 8/50 [00:52<04:49,  6.90s/it][A
 18%|█▊        | 9/50 [00:59<04:39,  6.81s/it][A
 20%|██        | 10/50 [01:06<04:33,  6.85s/it][A
 22%|██▏       | 11/50 [01:13<04:27,  6.86s/it][A
 24%|██▍       | 12/50 [01:20<04:20,  6.84s/it][A
 26%|██▌       | 13/50 [01:26<04:12,  6.82s/it][A
 28%|██▊       | 14/50 [01:33<04:04,  6.79s/it][A
 30%|███       | 15/50 [01:40<03:56,  6.75s/it][A
 32%|███▏      | 16/50 [01:47<03:49,  6.76s/it][A
 34%|███▍      | 17/50 [01:52<03:35,  6.52s/it][A
 36%|███▌      | 18/50 [01:59<03:30,  6.58s/it][A
 38%|███▊      | 19/50 [02:05<03:17,  6.37s/it][A
 40%|████      | 20/50 [02:12<03:14,  6.49s/it][A
 42%|████▏     | 21/50 [02:19<03:16,  6.79s/it][A
 44%|████▍     | 22/50 [02:28<03:27,  7.39s/it][A
 46%|████▌     | 23/50 [02:37<03:30,  7.81s/it][A
 48%|████▊     | 24/50 [02:46<03:29,  8.07s/it][A
 50%|█████     | 25/50 [02:54<03:27,  8.29s/it][A
 52%|█████▏    | 26/50 [03:03<03:23,  8.46s/it][A
 54%|█████▍    | 27/50 [03:12<03:17,  8.61s/it][A
 56%|█████▌    | 28/50 [03:21<03:10,  8.67s/it][A
 58%|█████▊    | 29/50 [03:30<03:02,  8.71s/it][A
 60%|██████    | 30/50 [03:39<02:54,  8.73s/it][A
 62%|██████▏   | 31/50 [03:47<02:46,  8.75s/it][A
 64%|██████▍   | 32/50 [03:56<02:37,  8.77s/it][A
 66%|██████▌   | 33/50 [04:05<02:29,  8.80s/it][A
 68%|██████▊   | 34/50 [04:14<02:18,  8.69s/it][A
 70%|███████   | 35/50 [04:22<02:08,  8.59s/it][A
 72%|███████▏  | 36/50 [04:31<02:01,  8.66s/it][A
 74%|███████▍  | 37/50 [04:39<01:53,  8.70s/it][A
 76%|███████▌  | 38/50 [04:48<01:44,  8.74s/it][A
 78%|███████▊  | 39/50 [04:57<01:36,  8.77s/it][A
 80%|████████  | 40/50 [05:06<01:27,  8.79s/it][A
 82%|████████▏ | 41/50 [05:18<01:29,  9.89s/it][A
 84%|████████▍ | 42/50 [05:32<01:26, 10.84s/it][A
 86%|████████▌ | 43/50 [05:45<01:20, 11.56s/it][A
 88%|████████▊ | 44/50 [05:57<01:11, 11.91s/it][A
 90%|█████████ | 45/50 [06:10<01:00, 12.15s/it][A
 92%|█████████▏| 46/50 [06:23<00:49, 12.33s/it][A
 94%|█████████▍| 47/50 [06:35<00:36, 12.18s/it][A
 96%|█████████▌| 48/50 [06:47<00:24, 12.33s/it][A
 98%|█████████▊| 49/50 [07:00<00:12, 12.46s/it][A
100%|██████████| 50/50 [07:13<00:00, 12.52s/it][A
100%|██████████| 50/50 [07:13<00:00,  8.67s/it]
offline:  70%|███████   | 700000/1000000 [3:53:53<1186:20:05, 14.24s/it, eval_success=0.200]
offline:  70%|███████   | 700010/1000000 [3:53:53<808:02:46,  9.70s/it, eval_success=0.200] 
offline:  70%|███████   | 700019/1000000 [3:53:53<573:25:09,  6.88s/it, eval_success=0.200]
offline:  70%|███████   | 700027/1000000 [3:53:53<419:05:27,  5.03s/it, eval_success=0.200]
offline:  70%|███████   | 700035/1000000 [3:53:54<302:49:01,  3.63s/it, eval_success=0.200]
offline:  70%|███████   | 700043/1000000 [3:53:54<217:04:15,  2.61s/it, eval_success=0.200]
offline:  70%|███████   | 700050/1000000 [3:53:54<160:39:25,  1.93s/it, eval_success=0.200]
offline:  70%|███████   | 700057/1000000 [3:53:54<117:16:10,  1.41s/it, eval_success=0.200]
offline:  70%|███████   | 700064/1000000 [3:53:54<84:46:47,  1.02s/it, eval_success=0.200] 
  2%|▏         | 1/50 [00:06<05:37,  6.89s/it][A
  4%|▍         | 2/50 [00:13<05:32,  6.94s/it][A
  6%|▌         | 3/50 [00:19<04:59,  6.37s/it][A
  8%|▊         | 4/50 [00:26<05:05,  6.63s/it][A
 10%|█         | 5/50 [00:33<05:02,  6.71s/it][A
 12%|█▏        | 6/50 [00:38<04:34,  6.23s/it][A
 14%|█▍        | 7/50 [00:45<04:28,  6.25s/it][A
 16%|█▌        | 8/50 [00:51<04:32,  6.48s/it][A
 18%|█▊        | 9/50 [00:58<04:32,  6.64s/it][A
 20%|██        | 10/50 [01:05<04:30,  6.75s/it][A
 22%|██▏       | 11/50 [01:12<04:25,  6.82s/it][A
 24%|██▍       | 12/50 [01:19<04:21,  6.87s/it][A
 26%|██▌       | 13/50 [01:26<04:07,  6.70s/it][A
 28%|██▊       | 14/50 [01:32<03:56,  6.56s/it][A
 30%|███       | 15/50 [01:39<03:53,  6.68s/it][A
 32%|███▏      | 16/50 [01:46<03:49,  6.76s/it][A
 34%|███▍      | 17/50 [01:53<03:45,  6.82s/it][A
 36%|███▌      | 18/50 [02:00<03:39,  6.87s/it][A
 38%|███▊      | 19/50 [02:07<03:33,  6.89s/it][A
 40%|████      | 20/50 [02:14<03:27,  6.92s/it][A
 42%|████▏     | 21/50 [02:21<03:20,  6.92s/it][A
 44%|████▍     | 22/50 [02:28<03:20,  7.17s/it][A
 46%|████▌     | 23/50 [02:37<03:27,  7.67s/it][A
 48%|████▊     | 24/50 [02:46<03:29,  8.05s/it][A
 50%|█████     | 25/50 [02:55<03:28,  8.32s/it][A
 52%|█████▏    | 26/50 [03:03<03:16,  8.20s/it][A
 54%|█████▍    | 27/50 [03:12<03:13,  8.41s/it][A
 56%|█████▌    | 28/50 [03:21<03:07,  8.54s/it][A
 58%|█████▊    | 29/50 [03:28<02:53,  8.27s/it][A
 60%|██████    | 30/50 [03:37<02:47,  8.35s/it][A
 62%|██████▏   | 31/50 [03:46<02:41,  8.50s/it][A
 64%|██████▍   | 32/50 [03:54<02:30,  8.39s/it][A
 66%|██████▌   | 33/50 [04:03<02:25,  8.55s/it][A
 68%|██████▊   | 34/50 [04:12<02:18,  8.69s/it][A
 70%|███████   | 35/50 [04:21<02:11,  8.74s/it][A
 72%|███████▏  | 36/50 [04:27<01:53,  8.12s/it][A
 74%|███████▍  | 37/50 [04:36<01:48,  8.38s/it][A
 76%|███████▌  | 38/50 [04:45<01:41,  8.47s/it][A
 78%|███████▊  | 39/50 [04:54<01:35,  8.72s/it][A
 80%|████████  | 40/50 [05:05<01:32,  9.30s/it][A
 82%|████████▏ | 41/50 [05:16<01:27,  9.76s/it][A
 84%|████████▍ | 42/50 [05:27<01:20, 10.02s/it][A
 86%|████████▌ | 43/50 [05:38<01:12, 10.30s/it][A
 88%|████████▊ | 44/50 [05:49<01:04, 10.79s/it][A
 90%|█████████ | 45/50 [06:02<00:57, 11.40s/it][A
 92%|█████████▏| 46/50 [06:16<00:48, 12.12s/it][A
 94%|█████████▍| 47/50 [06:31<00:38, 12.87s/it][A
 96%|█████████▌| 48/50 [06:43<00:25, 12.84s/it][A
 98%|█████████▊| 49/50 [06:58<00:13, 13.43s/it][A
100%|██████████| 50/50 [07:11<00:00, 13.19s/it][A
100%|██████████| 50/50 [07:11<00:00,  8.63s/it]
offline:  80%|████████  | 800000/1000000 [4:26:57<810:18:35, 14.59s/it, eval_success=0.420]
offline:  80%|████████  | 800011/1000000 [4:26:58<529:34:40,  9.53s/it, eval_success=0.420]
offline:  80%|████████  | 800021/1000000 [4:26:58<365:30:26,  6.58s/it, eval_success=0.420]
offline:  80%|████████  | 800029/1000000 [4:26:58<270:01:01,  4.86s/it, eval_success=0.420]
offline:  80%|████████  | 800037/1000000 [4:26:58<196:49:50,  3.54s/it, eval_success=0.420]
offline:  80%|████████  | 800044/1000000 [4:26:58<147:08:42,  2.65s/it, eval_success=0.420]
offline:  80%|████████  | 800051/1000000 [4:26:58<108:15:47,  1.95s/it, eval_success=0.420]
offline:  80%|████████  | 800057/1000000 [4:26:58<81:54:54,  1.47s/it, eval_success=0.420] 
offline:  80%|████████  | 800063/1000000 [4:26:59<60:54:30,  1.10s/it, eval_success=0.420]
--- last progress lines ---
offline:  89%|████████▉ | 890962/1000000 [4:51:09<30:32, 59.51it/s, eval_success=0.420]
offline:  89%|████████▉ | 890969/1000000 [4:51:09<29:38, 61.32it/s, eval_success=0.420]
offline:  89%|████████▉ | 890976/1000000 [4:51:09<29:21, 61.88it/s, eval_success=0.420]
