wandb: Using wandb-core as the SDK backend.  Please refer to https://wandb.me/wandb-core for more information.
wandb: Currently logged in as: tjrcjf410 (sjun0803-seoul-national-university) to https://api.wandb.ai. Use `wandb login --relogin` to force relogin
wandb: Tracking run with wandb version 0.19.9
wandb: Run data is saved locally in /tmp/tmpn8h8e09b/wandb/run-20260819_201353-gwuacyhb
wandb: Run `wandb offline` to turn off syncing.
wandb: Syncing run antmaze-giant-navigate-singletask-task3-v0_sd000_anq_stdfp_chunk-h1_20260819_201352
wandb: ⭐️ View project at https://wandb.ai/tjrcjf410-seoul-national-university/ant2
wandb: 🚀 View run at https://wandb.ai/tjrcjf410-seoul-national-university/ant2/runs/gwuacyhb
wandb: WARNING Symlinked 8 files into the W&B run directory, call wandb.save again to sync new files.
I0819 20:13:54.273043 126185017931584 acceleratesupport.py:24] No OpenGL_accelerate module loaded: No module named 'OpenGL_accelerate'
offline:   0%|          | 1/1000000 [02:00<33505:26:05, 120.62s/it]
offline:   0%|          | 2/1000000 [02:21<17162:38:41, 61.79s/it] 
offline:   0%|          | 3/1000000 [02:42<11969:08:46, 43.09s/it]
offline:   0%|          | 13/1000000 [02:42<1593:45:45,  5.74s/it]
offline:   0%|          | 22/1000000 [02:42<756:32:28,  2.72s/it] 
offline:   0%|          | 29/1000000 [02:42<478:50:40,  1.72s/it]
offline:   0%|          | 36/1000000 [02:42<315:28:41,  1.14s/it]
  2%|▏         | 1/50 [00:15<12:35, 15.42s/it][A
  4%|▍         | 2/50 [00:30<12:02, 15.05s/it][A
  6%|▌         | 3/50 [00:43<11:00, 14.06s/it][A
  8%|▊         | 4/50 [00:55<10:22, 13.53s/it][A
 10%|█         | 5/50 [01:08<09:55, 13.23s/it][A
 12%|█▏        | 6/50 [01:21<09:34, 13.06s/it][A
 14%|█▍        | 7/50 [01:34<09:17, 12.98s/it][A
 16%|█▌        | 8/50 [01:46<09:01, 12.89s/it][A
 18%|█▊        | 9/50 [01:59<08:45, 12.82s/it][A
 20%|██        | 10/50 [02:12<08:32, 12.81s/it][A
 22%|██▏       | 11/50 [02:24<08:18, 12.79s/it][A
 24%|██▍       | 12/50 [02:37<08:06, 12.79s/it][A
 26%|██▌       | 13/50 [02:50<07:53, 12.81s/it][A
 28%|██▊       | 14/50 [03:03<07:40, 12.80s/it][A
 30%|███       | 15/50 [03:16<07:26, 12.77s/it][A
 32%|███▏      | 16/50 [03:28<07:14, 12.78s/it][A
 34%|███▍      | 17/50 [03:41<07:01, 12.78s/it][A
 36%|███▌      | 18/50 [03:54<06:48, 12.77s/it][A
 38%|███▊      | 19/50 [04:07<06:36, 12.78s/it][A
 40%|████      | 20/50 [04:19<06:23, 12.77s/it][A
 42%|████▏     | 21/50 [04:32<06:10, 12.79s/it][A
 44%|████▍     | 22/50 [04:45<05:57, 12.76s/it][A
 46%|████▌     | 23/50 [04:58<05:44, 12.76s/it][A
 48%|████▊     | 24/50 [05:10<05:31, 12.73s/it][A
 50%|█████     | 25/50 [05:23<05:18, 12.74s/it][A
 52%|█████▏    | 26/50 [05:36<05:05, 12.73s/it][A
 54%|█████▍    | 27/50 [05:49<04:52, 12.74s/it][A
 56%|█████▌    | 28/50 [06:01<04:40, 12.73s/it][A
 58%|█████▊    | 29/50 [06:14<04:28, 12.76s/it][A
 60%|██████    | 30/50 [06:27<04:14, 12.73s/it][A
 62%|██████▏   | 31/50 [06:40<04:01, 12.72s/it][A
 64%|██████▍   | 32/50 [06:52<03:49, 12.73s/it][A
 66%|██████▌   | 33/50 [07:05<03:36, 12.71s/it][A
 68%|██████▊   | 34/50 [07:17<03:19, 12.47s/it][A
 70%|███████   | 35/50 [07:28<02:59, 11.99s/it][A
 72%|███████▏  | 36/50 [07:39<02:42, 11.63s/it][A
 74%|███████▍  | 37/50 [07:49<02:28, 11.41s/it][A
 76%|███████▌  | 38/50 [08:00<02:15, 11.28s/it][A
 78%|███████▊  | 39/50 [08:11<02:02, 11.17s/it][A
 80%|████████  | 40/50 [08:22<01:50, 11.08s/it][A
 82%|████████▏ | 41/50 [08:33<01:39, 11.01s/it][A
 84%|████████▍ | 42/50 [08:44<01:27, 10.96s/it][A
 86%|████████▌ | 43/50 [08:55<01:16, 10.92s/it][A
 88%|████████▊ | 44/50 [09:05<01:05, 10.87s/it][A
 90%|█████████ | 45/50 [09:16<00:54, 10.86s/it][A
 92%|█████████▏| 46/50 [09:28<00:44, 11.01s/it][A
 94%|█████████▍| 47/50 [09:40<00:34, 11.52s/it][A
 96%|█████████▌| 48/50 [09:53<00:23, 11.88s/it][A
 98%|█████████▊| 49/50 [10:06<00:12, 12.14s/it][A
100%|██████████| 50/50 [10:19<00:00, 12.31s/it][A
100%|██████████| 50/50 [10:19<00:00, 12.38s/it]
offline:  10%|█         | 100000/1000000 [35:49<9089:09:36, 36.36s/it, eval_success=0.000]
offline:  10%|█         | 100009/1000000 [35:49<5181:24:51, 20.73s/it, eval_success=0.000]
offline:  10%|█         | 100016/1000000 [35:49<3507:26:05, 14.03s/it, eval_success=0.000]
offline:  10%|█         | 100023/1000000 [35:49<2400:31:15,  9.60s/it, eval_success=0.000]
offline:  10%|█         | 100030/1000000 [35:49<1655:11:22,  6.62s/it, eval_success=0.000]
offline:  10%|█         | 100037/1000000 [35:49<1147:33:30,  4.59s/it, eval_success=0.000]
offline:  10%|█         | 100044/1000000 [35:49<798:46:15,  3.20s/it, eval_success=0.000] 
offline:  10%|█         | 100053/1000000 [35:49<512:50:53,  2.05s/it, eval_success=0.000]
offline:  10%|█         | 100060/1000000 [35:50<368:23:16,  1.47s/it, eval_success=0.000]
offline:  10%|█         | 100067/1000000 [35:50<263:10:28,  1.05s/it, eval_success=0.000]
  2%|▏         | 1/50 [00:12<10:22, 12.70s/it][A
  4%|▍         | 2/50 [00:25<10:11, 12.73s/it][A
  6%|▌         | 3/50 [00:38<09:59, 12.75s/it][A
  8%|▊         | 4/50 [00:51<09:47, 12.78s/it][A
 10%|█         | 5/50 [01:03<09:34, 12.76s/it][A
 12%|█▏        | 6/50 [01:16<09:20, 12.74s/it][A
 14%|█▍        | 7/50 [01:29<09:08, 12.76s/it][A
 16%|█▌        | 8/50 [01:41<08:54, 12.74s/it][A
 18%|█▊        | 9/50 [01:54<08:41, 12.72s/it][A
 20%|██        | 10/50 [02:07<08:28, 12.72s/it][A
 22%|██▏       | 11/50 [02:20<08:15, 12.71s/it][A
 24%|██▍       | 12/50 [02:32<08:02, 12.70s/it][A
 26%|██▌       | 13/50 [02:45<07:50, 12.72s/it][A
 28%|██▊       | 14/50 [02:58<07:37, 12.70s/it][A
 30%|███       | 15/50 [03:10<07:25, 12.72s/it][A
 32%|███▏      | 16/50 [03:23<07:13, 12.74s/it][A
 34%|███▍      | 17/50 [03:36<07:00, 12.73s/it][A
 36%|███▌      | 18/50 [03:49<06:48, 12.75s/it][A
 38%|███▊      | 19/50 [04:02<06:37, 12.81s/it][A
 40%|████      | 20/50 [04:16<06:41, 13.37s/it][A
 42%|████▏     | 21/50 [04:31<06:38, 13.74s/it][A
 44%|████▍     | 22/50 [04:46<06:31, 13.99s/it][A
 46%|████▌     | 23/50 [05:00<06:23, 14.19s/it][A
 48%|████▊     | 24/50 [05:15<06:12, 14.33s/it][A
 50%|█████     | 25/50 [05:30<06:01, 14.45s/it][A
 52%|█████▏    | 26/50 [05:44<05:48, 14.51s/it][A
 54%|█████▍    | 27/50 [05:59<05:34, 14.54s/it][A
 56%|█████▌    | 28/50 [06:13<05:17, 14.45s/it][A
 58%|█████▊    | 29/50 [06:26<04:52, 13.93s/it][A
 60%|██████    | 30/50 [06:38<04:30, 13.54s/it][A
 62%|██████▏   | 31/50 [06:51<04:12, 13.29s/it][A
 64%|██████▍   | 32/50 [07:04<03:55, 13.10s/it][A
 66%|██████▌   | 33/50 [07:16<03:40, 12.97s/it][A
 68%|██████▊   | 34/50 [07:29<03:26, 12.89s/it][A
 70%|███████   | 35/50 [07:42<03:12, 12.85s/it][A
 72%|███████▏  | 36/50 [07:55<02:59, 12.83s/it][A
 74%|███████▍  | 37/50 [08:07<02:46, 12.81s/it][A
 76%|███████▌  | 38/50 [08:20<02:33, 12.79s/it][A
 78%|███████▊  | 39/50 [08:33<02:20, 12.76s/it][A
 80%|████████  | 40/50 [08:46<02:07, 12.78s/it][A
 82%|████████▏ | 41/50 [08:58<01:54, 12.76s/it][A
 84%|████████▍ | 42/50 [09:11<01:41, 12.75s/it][A
 86%|████████▌ | 43/50 [09:24<01:29, 12.76s/it][A
 88%|████████▊ | 44/50 [09:37<01:16, 12.74s/it][A
 90%|█████████ | 45/50 [09:49<01:03, 12.73s/it][A
 92%|█████████▏| 46/50 [10:02<00:50, 12.71s/it][A
 94%|█████████▍| 47/50 [10:15<00:38, 12.75s/it][A
 96%|█████████▌| 48/50 [10:28<00:25, 12.74s/it][A
 98%|█████████▊| 49/50 [10:40<00:12, 12.73s/it][A
100%|██████████| 50/50 [10:53<00:00, 12.76s/it][A
100%|██████████| 50/50 [10:53<00:00, 13.07s/it]
offline:  20%|██        | 200000/1000000 [1:09:22<7272:08:46, 32.72s/it, eval_success=0.000]
offline:  20%|██        | 200012/1000000 [1:09:22<3915:51:40, 17.62s/it, eval_success=0.000]
offline:  20%|██        | 200020/1000000 [1:09:22<2721:32:31, 12.25s/it, eval_success=0.000]
offline:  20%|██        | 200027/1000000 [1:09:22<1970:48:31,  8.87s/it, eval_success=0.000]
offline:  20%|██        | 200034/1000000 [1:09:23<1414:16:47,  6.36s/it, eval_success=0.000]
offline:  20%|██        | 200042/1000000 [1:09:23<968:14:08,  4.36s/it, eval_success=0.000] 
offline:  20%|██        | 200049/1000000 [1:09:23<695:43:37,  3.13s/it, eval_success=0.000]
offline:  20%|██        | 200056/1000000 [1:09:23<496:17:59,  2.23s/it, eval_success=0.000]
offline:  20%|██        | 200062/1000000 [1:09:23<367:58:58,  1.66s/it, eval_success=0.000]
offline:  20%|██        | 200068/1000000 [1:09:23<269:11:21,  1.21s/it, eval_success=0.000]
  2%|▏         | 1/50 [00:14<12:06, 14.82s/it][A
  4%|▍         | 2/50 [00:29<11:50, 14.79s/it][A
  6%|▌         | 3/50 [00:44<11:35, 14.80s/it][A
  8%|▊         | 4/50 [00:59<11:22, 14.83s/it][A
 10%|█         | 5/50 [01:14<11:10, 14.90s/it][A
 12%|█▏        | 6/50 [01:29<10:52, 14.84s/it][A
 14%|█▍        | 7/50 [01:43<10:35, 14.79s/it][A
 16%|█▌        | 8/50 [01:58<10:19, 14.76s/it][A
 18%|█▊        | 9/50 [02:13<10:04, 14.74s/it][A
 20%|██        | 10/50 [02:27<09:49, 14.75s/it][A
 22%|██▏       | 11/50 [02:42<09:29, 14.60s/it][A
 24%|██▍       | 12/50 [02:54<08:52, 14.03s/it][A
 26%|██▌       | 13/50 [03:07<08:25, 13.66s/it][A
 28%|██▊       | 14/50 [03:20<08:00, 13.36s/it][A
 30%|███       | 15/50 [03:33<07:41, 13.17s/it][A
 32%|███▏      | 16/50 [03:45<07:24, 13.08s/it][A
 34%|███▍      | 17/50 [03:58<07:07, 12.96s/it][A
 36%|███▌      | 18/50 [04:11<06:51, 12.87s/it][A
 38%|███▊      | 19/50 [04:24<06:37, 12.83s/it][A
 40%|████      | 20/50 [04:36<06:24, 12.80s/it][A
 42%|████▏     | 21/50 [04:49<06:10, 12.78s/it][A
 44%|████▍     | 22/50 [05:02<05:56, 12.75s/it][A
 46%|████▌     | 23/50 [05:14<05:44, 12.75s/it][A
 48%|████▊     | 24/50 [05:27<05:30, 12.72s/it][A
 50%|█████     | 25/50 [05:40<05:17, 12.71s/it][A
 52%|█████▏    | 26/50 [05:52<05:04, 12.70s/it][A
 54%|█████▍    | 27/50 [06:05<04:52, 12.71s/it][A
 56%|█████▌    | 28/50 [06:18<04:42, 12.84s/it][A
 58%|█████▊    | 29/50 [06:31<04:29, 12.81s/it][A
 60%|██████    | 30/50 [06:44<04:15, 12.78s/it][A
 62%|██████▏   | 31/50 [06:56<04:02, 12.75s/it][A
 64%|██████▍   | 32/50 [07:09<03:49, 12.76s/it][A
 66%|██████▌   | 33/50 [07:22<03:36, 12.74s/it][A
 68%|██████▊   | 34/50 [07:35<03:23, 12.74s/it][A
 70%|███████   | 35/50 [07:47<03:11, 12.74s/it][A
 72%|███████▏  | 36/50 [08:00<02:58, 12.75s/it][A
 74%|███████▍  | 37/50 [08:13<02:45, 12.74s/it][A
 76%|███████▌  | 38/50 [08:26<02:32, 12.73s/it][A
 78%|███████▊  | 39/50 [08:38<02:20, 12.73s/it][A
 80%|████████  | 40/50 [08:51<02:07, 12.75s/it][A
 82%|████████▏ | 41/50 [09:04<01:54, 12.72s/it][A
 84%|████████▍ | 42/50 [09:16<01:41, 12.73s/it][A
 86%|████████▌ | 43/50 [09:29<01:29, 12.73s/it][A
 88%|████████▊ | 44/50 [09:42<01:16, 12.71s/it][A
 90%|█████████ | 45/50 [09:55<01:03, 12.68s/it][A
 92%|█████████▏| 46/50 [10:07<00:50, 12.67s/it][A
 94%|█████████▍| 47/50 [10:20<00:38, 12.68s/it][A
 96%|█████████▌| 48/50 [10:33<00:25, 12.67s/it][A
 98%|█████████▊| 49/50 [10:45<00:12, 12.65s/it][A
100%|██████████| 50/50 [10:58<00:00, 12.68s/it][A
100%|██████████| 50/50 [10:58<00:00, 13.17s/it]
offline:  30%|███       | 300000/1000000 [1:43:10<7789:27:36, 40.06s/it, eval_success=0.000]
offline:  30%|███       | 300010/1000000 [1:43:10<4170:14:37, 21.45s/it, eval_success=0.000]
offline:  30%|███       | 300017/1000000 [1:43:10<2847:51:38, 14.65s/it, eval_success=0.000]
offline:  30%|███       | 300023/1000000 [1:43:10<2051:53:11, 10.55s/it, eval_success=0.000]
offline:  30%|███       | 300029/1000000 [1:43:10<1466:50:31,  7.54s/it, eval_success=0.000]
offline:  30%|███       | 300035/1000000 [1:43:10<1042:46:54,  5.36s/it, eval_success=0.000]
offline:  30%|███       | 300042/1000000 [1:43:10<704:14:30,  3.62s/it, eval_success=0.000] 
offline:  30%|███       | 300048/1000000 [1:43:10<504:27:26,  2.59s/it, eval_success=0.000]
offline:  30%|███       | 300054/1000000 [1:43:11<359:25:21,  1.85s/it, eval_success=0.000]
offline:  30%|███       | 300061/1000000 [1:43:11<243:22:45,  1.25s/it, eval_success=0.000]
  2%|▏         | 1/50 [00:14<12:03, 14.77s/it][A
  4%|▍         | 2/50 [00:29<11:46, 14.71s/it][A
  6%|▌         | 3/50 [00:44<11:32, 14.74s/it][A
  8%|▊         | 4/50 [00:58<11:18, 14.75s/it][A
 10%|█         | 5/50 [01:13<11:05, 14.78s/it][A
 12%|█▏        | 6/50 [01:28<10:50, 14.79s/it][A
 14%|█▍        | 7/50 [01:43<10:38, 14.85s/it][A
 16%|█▌        | 8/50 [01:58<10:24, 14.87s/it][A
 18%|█▊        | 9/50 [02:13<10:09, 14.87s/it][A
 20%|██        | 10/50 [02:28<09:57, 14.93s/it][A
 22%|██▏       | 11/50 [02:43<09:44, 14.98s/it][A
 24%|██▍       | 12/50 [02:58<09:26, 14.92s/it][A
 26%|██▌       | 13/50 [03:13<09:11, 14.90s/it][A
 28%|██▊       | 14/50 [03:28<08:56, 14.90s/it][A
 30%|███       | 15/50 [03:43<08:41, 14.91s/it][A
 32%|███▏      | 16/50 [03:57<08:26, 14.91s/it][A
 34%|███▍      | 17/50 [04:12<08:11, 14.88s/it][A
 36%|███▌      | 18/50 [04:27<07:55, 14.84s/it][A
 38%|███▊      | 19/50 [04:42<07:39, 14.82s/it][A
 40%|████      | 20/50 [04:56<07:22, 14.75s/it][A
 42%|████▏     | 21/50 [05:11<07:08, 14.79s/it][A
 44%|████▍     | 22/50 [05:26<06:54, 14.80s/it][A
 46%|████▌     | 23/50 [05:41<06:42, 14.93s/it][A
 48%|████▊     | 24/50 [05:56<06:28, 14.94s/it][A
 50%|█████     | 25/50 [06:11<06:13, 14.93s/it][A
 52%|█████▏    | 26/50 [06:26<05:58, 14.92s/it][A
 54%|█████▍    | 27/50 [06:41<05:44, 15.00s/it][A
 56%|█████▌    | 28/50 [06:57<05:32, 15.13s/it][A
 58%|█████▊    | 29/50 [07:12<05:16, 15.06s/it][A
 60%|██████    | 30/50 [07:26<04:59, 15.00s/it][A
 62%|██████▏   | 31/50 [07:42<04:45, 15.04s/it][A
 64%|██████▍   | 32/50 [07:57<04:31, 15.09s/it][A
 66%|██████▌   | 33/50 [08:13<04:19, 15.28s/it][A
 68%|██████▊   | 34/50 [08:27<04:03, 15.19s/it][A
 70%|███████   | 35/50 [08:43<03:47, 15.17s/it][A
 72%|███████▏  | 36/50 [08:58<03:32, 15.17s/it][A
 74%|███████▍  | 37/50 [09:13<03:18, 15.27s/it][A
 76%|███████▌  | 38/50 [09:28<03:01, 15.16s/it][A
 78%|███████▊  | 39/50 [09:43<02:45, 15.04s/it][A
 80%|████████  | 40/50 [09:58<02:29, 14.97s/it][A
 82%|████████▏ | 41/50 [10:12<02:13, 14.86s/it][A
 84%|████████▍ | 42/50 [10:27<01:58, 14.84s/it][A
 86%|████████▌ | 43/50 [10:42<01:44, 14.87s/it][A
 88%|████████▊ | 44/50 [10:57<01:29, 14.84s/it][A
 90%|█████████ | 45/50 [11:12<01:14, 14.82s/it][A
 92%|█████████▏| 46/50 [11:27<00:59, 14.86s/it][A
 94%|█████████▍| 47/50 [11:41<00:44, 14.77s/it][A
 96%|█████████▌| 48/50 [11:54<00:28, 14.19s/it][A
 98%|█████████▊| 49/50 [12:07<00:13, 13.92s/it][A
100%|██████████| 50/50 [12:20<00:00, 13.63s/it][A
100%|██████████| 50/50 [12:20<00:00, 14.81s/it]
offline:  40%|████      | 400000/1000000 [2:17:08<6722:59:32, 40.34s/it, eval_success=0.000]
offline:  40%|████      | 400014/1000000 [2:17:08<3220:10:37, 19.32s/it, eval_success=0.000]
offline:  40%|████      | 400022/1000000 [2:17:08<2260:13:23, 13.56s/it, eval_success=0.000]
offline:  40%|████      | 400030/1000000 [2:17:08<1585:18:22,  9.51s/it, eval_success=0.000]
offline:  40%|████      | 400039/1000000 [2:17:08<1071:29:06,  6.43s/it, eval_success=0.000]
offline:  40%|████      | 400047/1000000 [2:17:09<759:55:51,  4.56s/it, eval_success=0.000] 
offline:  40%|████      | 400056/1000000 [2:17:09<517:57:08,  3.11s/it, eval_success=0.000]
offline:  40%|████      | 400064/1000000 [2:17:09<369:35:17,  2.22s/it, eval_success=0.000]
offline:  40%|████      | 400071/1000000 [2:17:09<272:17:22,  1.63s/it, eval_success=0.000]
offline:  40%|████      | 400078/1000000 [2:17:09<198:16:09,  1.19s/it, eval_success=0.000]
  2%|▏         | 1/50 [00:10<08:51, 10.84s/it][A
  4%|▍         | 2/50 [00:20<08:12, 10.26s/it][A
  6%|▌         | 3/50 [00:31<08:15, 10.55s/it][A
  8%|▊         | 4/50 [00:42<08:10, 10.66s/it][A
 10%|█         | 5/50 [00:53<08:04, 10.78s/it][A
 12%|█▏        | 6/50 [01:04<07:55, 10.82s/it][A
 14%|█▍        | 7/50 [01:15<07:45, 10.83s/it][A
 16%|█▌        | 8/50 [01:25<07:34, 10.83s/it][A
 18%|█▊        | 9/50 [01:36<07:24, 10.85s/it][A
 20%|██        | 10/50 [01:47<07:14, 10.86s/it][A
 22%|██▏       | 11/50 [01:58<07:02, 10.84s/it][A
 24%|██▍       | 12/50 [02:09<06:53, 10.87s/it][A
 26%|██▌       | 13/50 [02:20<06:42, 10.88s/it][A
 28%|██▊       | 14/50 [02:30<06:22, 10.63s/it][A
 30%|███       | 15/50 [02:41<06:14, 10.70s/it][A
 32%|███▏      | 16/50 [02:52<06:05, 10.74s/it][A
 34%|███▍      | 17/50 [03:02<05:46, 10.49s/it][A
 36%|███▌      | 18/50 [03:12<05:39, 10.62s/it][A
 38%|███▊      | 19/50 [03:23<05:31, 10.69s/it][A
 40%|████      | 20/50 [03:34<05:22, 10.74s/it][A
 42%|████▏     | 21/50 [03:45<05:08, 10.64s/it][A
 44%|████▍     | 22/50 [03:56<05:00, 10.73s/it][A
 46%|████▌     | 23/50 [04:06<04:51, 10.79s/it][A
 48%|████▊     | 24/50 [04:17<04:41, 10.82s/it][A
 50%|█████     | 25/50 [04:28<04:30, 10.83s/it][A
 52%|█████▏    | 26/50 [04:39<04:20, 10.83s/it][A
 54%|█████▍    | 27/50 [04:50<04:09, 10.83s/it][A
 56%|█████▌    | 28/50 [05:00<03:51, 10.51s/it][A
 58%|█████▊    | 29/50 [05:11<03:43, 10.63s/it][A
 60%|██████    | 30/50 [05:21<03:32, 10.61s/it][A
 62%|██████▏   | 31/50 [05:32<03:22, 10.67s/it][A
 64%|██████▍   | 32/50 [05:43<03:12, 10.72s/it][A
 66%|██████▌   | 33/50 [05:54<03:02, 10.76s/it][A
 68%|██████▊   | 34/50 [06:04<02:52, 10.80s/it][A
 70%|███████   | 35/50 [06:15<02:42, 10.85s/it][A
 72%|███████▏  | 36/50 [06:27<02:33, 10.96s/it][A
 74%|███████▍  | 37/50 [06:38<02:23, 11.00s/it][A
 76%|███████▌  | 38/50 [06:48<02:07, 10.66s/it][A
 78%|███████▊  | 39/50 [06:56<01:50, 10.04s/it][A
 80%|████████  | 40/50 [07:04<01:34,  9.49s/it][A
 82%|████████▏ | 41/50 [07:13<01:23,  9.25s/it][A
 84%|████████▍ | 42/50 [07:22<01:13,  9.15s/it][A
 86%|████████▌ | 43/50 [07:31<01:02,  9.00s/it][A
 88%|████████▊ | 44/50 [07:40<00:53,  8.96s/it][A
 90%|█████████ | 45/50 [07:48<00:44,  8.96s/it][A
 92%|█████████▏| 46/50 [07:57<00:35,  8.92s/it][A
 94%|█████████▍| 47/50 [08:06<00:26,  8.92s/it][A
 96%|█████████▌| 48/50 [08:14<00:17,  8.57s/it][A
 98%|█████████▊| 49/50 [08:23<00:08,  8.65s/it][A
100%|██████████| 50/50 [08:32<00:00,  8.71s/it][A
100%|██████████| 50/50 [08:32<00:00, 10.24s/it]
offline:  50%|█████     | 500000/1000000 [2:48:35<2952:21:04, 21.26s/it, eval_success=0.200]
offline:  50%|█████     | 500013/1000000 [2:48:36<1668:38:05, 12.01s/it, eval_success=0.200]
offline:  50%|█████     | 500022/1000000 [2:48:36<1167:15:24,  8.40s/it, eval_success=0.200]
offline:  50%|█████     | 500031/1000000 [2:48:36<816:57:07,  5.88s/it, eval_success=0.200] 
offline:  50%|█████     | 500040/1000000 [2:48:36<572:05:53,  4.12s/it, eval_success=0.200]
offline:  50%|█████     | 500048/1000000 [2:48:36<414:39:52,  2.99s/it, eval_success=0.200]
offline:  50%|█████     | 500056/1000000 [2:48:36<297:56:28,  2.15s/it, eval_success=0.200]
offline:  50%|█████     | 500065/1000000 [2:48:36<205:20:59,  1.48s/it, eval_success=0.200]
offline:  50%|█████     | 500073/1000000 [2:48:36<147:34:04,  1.06s/it, eval_success=0.200]
  2%|▏         | 1/50 [00:15<12:31, 15.34s/it][A
  4%|▍         | 2/50 [00:30<12:19, 15.41s/it][A
  6%|▌         | 3/50 [00:46<12:03, 15.40s/it][A
  8%|▊         | 4/50 [01:01<11:47, 15.39s/it][A
 10%|█         | 5/50 [01:16<11:30, 15.35s/it][A
 12%|█▏        | 6/50 [01:32<11:15, 15.35s/it][A
 14%|█▍        | 7/50 [01:47<10:59, 15.33s/it][A
 16%|█▌        | 8/50 [02:02<10:45, 15.37s/it][A
 18%|█▊        | 9/50 [02:18<10:30, 15.38s/it][A
 20%|██        | 10/50 [02:33<10:13, 15.35s/it][A
 22%|██▏       | 11/50 [02:48<09:59, 15.36s/it][A
 24%|██▍       | 12/50 [03:04<09:43, 15.35s/it][A
 26%|██▌       | 13/50 [03:19<09:27, 15.34s/it][A
 28%|██▊       | 14/50 [03:34<09:12, 15.35s/it][A
 30%|███       | 15/50 [03:49<08:53, 15.24s/it][A
 32%|███▏      | 16/50 [04:04<08:33, 15.09s/it][A
 34%|███▍      | 17/50 [04:19<08:14, 14.97s/it][A
 36%|███▌      | 18/50 [04:34<07:57, 14.92s/it][A
 38%|███▊      | 19/50 [04:48<07:40, 14.87s/it][A
 40%|████      | 20/50 [05:03<07:25, 14.83s/it][A
 42%|████▏     | 21/50 [05:18<07:07, 14.75s/it][A
 44%|████▍     | 22/50 [05:33<06:52, 14.75s/it][A
 46%|████▌     | 23/50 [05:47<06:38, 14.75s/it][A
 48%|████▊     | 24/50 [06:02<06:23, 14.74s/it][A
 50%|█████     | 25/50 [06:17<06:08, 14.72s/it][A
 52%|█████▏    | 26/50 [06:31<05:52, 14.68s/it][A
 54%|█████▍    | 27/50 [06:44<05:24, 14.11s/it][A
 56%|█████▌    | 28/50 [06:57<05:01, 13.70s/it][A
 58%|█████▊    | 29/50 [07:09<04:41, 13.40s/it][A
 60%|██████    | 30/50 [07:22<04:23, 13.20s/it][A
 62%|██████▏   | 31/50 [07:35<04:08, 13.06s/it][A
 64%|██████▍   | 32/50 [07:48<03:53, 13.00s/it][A
 66%|██████▌   | 33/50 [08:01<03:39, 12.92s/it][A
 68%|██████▊   | 34/50 [08:13<03:25, 12.87s/it][A
 70%|███████   | 35/50 [08:23<03:00, 12.05s/it][A
 72%|███████▏  | 36/50 [08:34<02:43, 11.67s/it][A
 74%|███████▍  | 37/50 [08:45<02:30, 11.54s/it][A
 76%|███████▌  | 38/50 [08:58<02:22, 11.85s/it][A
 78%|███████▊  | 39/50 [09:11<02:13, 12.14s/it][A
 80%|████████  | 40/50 [09:24<02:03, 12.31s/it][A
 82%|████████▏ | 41/50 [09:37<01:52, 12.54s/it][A
 84%|████████▍ | 42/50 [09:49<01:40, 12.62s/it][A
 86%|████████▌ | 43/50 [10:02<01:28, 12.64s/it][A
 88%|████████▊ | 44/50 [10:13<01:13, 12.17s/it][A
 90%|█████████ | 45/50 [10:24<00:58, 11.75s/it][A
 92%|█████████▏| 46/50 [10:35<00:45, 11.46s/it][A
 94%|█████████▍| 47/50 [10:46<00:33, 11.27s/it][A
 96%|█████████▌| 48/50 [10:56<00:22, 11.11s/it][A
 98%|█████████▊| 49/50 [11:07<00:11, 11.01s/it][A
100%|██████████| 50/50 [11:18<00:00, 10.95s/it][A
100%|██████████| 50/50 [11:18<00:00, 13.57s/it]
offline:  60%|██████    | 600000/1000000 [3:24:08<4347:33:31, 39.13s/it, eval_success=0.080]
offline:  60%|██████    | 600013/1000000 [3:24:09<2100:30:08, 18.91s/it, eval_success=0.080]
offline:  60%|██████    | 600021/1000000 [3:24:09<1445:07:11, 13.01s/it, eval_success=0.080]
offline:  60%|██████    | 600029/1000000 [3:24:09<999:32:50,  9.00s/it, eval_success=0.080] 
offline:  60%|██████    | 600036/1000000 [3:24:09<721:56:07,  6.50s/it, eval_success=0.080]
offline:  60%|██████    | 600043/1000000 [3:24:09<517:01:51,  4.65s/it, eval_success=0.080]
offline:  60%|██████    | 600051/1000000 [3:24:09<353:29:28,  3.18s/it, eval_success=0.080]
offline:  60%|██████    | 600058/1000000 [3:24:09<253:39:00,  2.28s/it, eval_success=0.080]
offline:  60%|██████    | 600065/1000000 [3:24:09<180:56:44,  1.63s/it, eval_success=0.080]
offline:  60%|██████    | 600072/1000000 [3:24:10<128:35:43,  1.16s/it, eval_success=0.080]
  2%|▏         | 1/50 [00:10<08:46, 10.74s/it][A
  4%|▍         | 2/50 [00:19<07:31,  9.42s/it][A
  6%|▌         | 3/50 [00:30<07:53, 10.07s/it][A
  8%|▊         | 4/50 [00:40<07:58, 10.39s/it][A
 10%|█         | 5/50 [00:51<07:56, 10.59s/it][A
 12%|█▏        | 6/50 [01:02<07:49, 10.67s/it][A
 14%|█▍        | 7/50 [01:13<07:41, 10.73s/it][A
 16%|█▌        | 8/50 [01:24<07:33, 10.79s/it][A
 18%|█▊        | 9/50 [01:35<07:22, 10.80s/it][A
 20%|██        | 10/50 [01:46<07:14, 10.85s/it][A
 22%|██▏       | 11/50 [01:57<07:03, 10.86s/it][A
 24%|██▍       | 12/50 [02:08<06:52, 10.86s/it][A
 26%|██▌       | 13/50 [02:18<06:41, 10.84s/it][A
 28%|██▊       | 14/50 [02:29<06:29, 10.83s/it][A
 30%|███       | 15/50 [02:40<06:19, 10.85s/it][A
 32%|███▏      | 16/50 [02:51<06:09, 10.87s/it][A
 34%|███▍      | 17/50 [03:02<05:58, 10.87s/it][A
 36%|███▌      | 18/50 [03:13<05:48, 10.90s/it][A
 38%|███▊      | 19/50 [03:23<05:28, 10.60s/it][A
 40%|████      | 20/50 [03:33<05:16, 10.54s/it][A
 42%|████▏     | 21/50 [03:44<05:05, 10.55s/it][A
 44%|████▍     | 22/50 [03:54<04:56, 10.58s/it][A
 46%|████▌     | 23/50 [04:05<04:48, 10.68s/it][A
 48%|████▊     | 24/50 [04:16<04:40, 10.80s/it][A
 50%|█████     | 25/50 [04:28<04:33, 10.94s/it][A
 52%|█████▏    | 26/50 [04:39<04:24, 11.03s/it][A
 54%|█████▍    | 27/50 [04:50<04:14, 11.08s/it][A
 56%|█████▌    | 28/50 [05:01<04:04, 11.13s/it][A
 58%|█████▊    | 29/50 [05:13<03:54, 11.17s/it][A
 60%|██████    | 30/50 [05:24<03:44, 11.20s/it][A
 62%|██████▏   | 31/50 [05:35<03:32, 11.16s/it][A
 64%|██████▍   | 32/50 [05:46<03:19, 11.10s/it][A
 66%|██████▌   | 33/50 [05:57<03:08, 11.06s/it][A
 68%|██████▊   | 34/50 [06:08<02:56, 11.01s/it][A
 70%|███████   | 35/50 [06:19<02:45, 11.01s/it][A
 72%|███████▏  | 36/50 [06:30<02:33, 10.98s/it][A
 74%|███████▍  | 37/50 [06:41<02:23, 11.06s/it][A
 76%|███████▌  | 38/50 [06:54<02:19, 11.60s/it][A
 78%|███████▊  | 39/50 [07:07<02:11, 11.98s/it][A
 80%|████████  | 40/50 [07:20<02:02, 12.27s/it][A
 82%|████████▏ | 41/50 [07:32<01:51, 12.44s/it][A
 84%|████████▍ | 42/50 [07:45<01:40, 12.58s/it][A
 86%|████████▌ | 43/50 [07:57<01:25, 12.18s/it][A
 88%|████████▊ | 44/50 [08:09<01:13, 12.28s/it][A
 90%|█████████ | 45/50 [08:22<01:02, 12.41s/it][A
 92%|█████████▏| 46/50 [08:34<00:50, 12.51s/it][A
 94%|█████████▍| 47/50 [08:47<00:37, 12.58s/it][A
 96%|█████████▌| 48/50 [09:00<00:25, 12.62s/it][A
 98%|█████████▊| 49/50 [09:13<00:12, 12.65s/it][A
100%|██████████| 50/50 [09:25<00:00, 12.68s/it][A
100%|██████████| 50/50 [09:25<00:00, 11.32s/it]
offline:  70%|███████   | 700000/1000000 [3:54:42<2148:55:47, 25.79s/it, eval_success=0.060]
offline:  70%|███████   | 700012/1000000 [3:54:42<1207:25:14, 14.49s/it, eval_success=0.060]
offline:  70%|███████   | 700020/1000000 [3:54:42<852:09:14, 10.23s/it, eval_success=0.060] 
offline:  70%|███████   | 700028/1000000 [3:54:42<600:16:52,  7.20s/it, eval_success=0.060]
offline:  70%|███████   | 700035/1000000 [3:54:43<438:36:53,  5.26s/it, eval_success=0.060]
offline:  70%|███████   | 700041/1000000 [3:54:43<329:55:38,  3.96s/it, eval_success=0.060]
offline:  70%|███████   | 700047/1000000 [3:54:43<243:51:19,  2.93s/it, eval_success=0.060]
offline:  70%|███████   | 700056/1000000 [3:54:43<156:33:19,  1.88s/it, eval_success=0.060]
offline:  70%|███████   | 700063/1000000 [3:54:43<112:24:01,  1.35s/it, eval_success=0.060]
offline:  70%|███████   | 700069/1000000 [3:54:43<83:46:27,  1.01s/it, eval_success=0.060] 
  2%|▏         | 1/50 [00:12<10:22, 12.70s/it][A
  4%|▍         | 2/50 [00:25<10:10, 12.73s/it][A
  6%|▌         | 3/50 [00:38<09:57, 12.71s/it][A
  8%|▊         | 4/50 [00:50<09:43, 12.69s/it][A
 10%|█         | 5/50 [01:03<09:30, 12.69s/it][A
 12%|█▏        | 6/50 [01:16<09:17, 12.67s/it][A
 14%|█▍        | 7/50 [01:28<09:05, 12.70s/it][A
 16%|█▌        | 8/50 [01:41<08:56, 12.76s/it][A
 18%|█▊        | 9/50 [01:54<08:42, 12.75s/it][A
 20%|██        | 10/50 [02:06<08:18, 12.47s/it][A
 22%|██▏       | 11/50 [02:19<08:09, 12.55s/it][A
 24%|██▍       | 12/50 [02:31<07:59, 12.63s/it][A
 26%|██▌       | 13/50 [02:44<07:47, 12.64s/it][A
 28%|██▊       | 14/50 [02:57<07:36, 12.68s/it][A
 30%|███       | 15/50 [03:10<07:25, 12.74s/it][A
 32%|███▏      | 16/50 [03:22<07:13, 12.74s/it][A
 34%|███▍      | 17/50 [03:35<07:00, 12.73s/it][A
 36%|███▌      | 18/50 [03:48<06:47, 12.74s/it][A
 38%|███▊      | 19/50 [04:01<06:35, 12.76s/it][A
 40%|████      | 20/50 [04:14<06:23, 12.77s/it][A
 42%|████▏     | 21/50 [04:26<06:10, 12.76s/it][A
 44%|████▍     | 22/50 [04:39<05:56, 12.73s/it][A
 46%|████▌     | 23/50 [04:52<05:43, 12.74s/it][A
 48%|████▊     | 24/50 [05:04<05:30, 12.71s/it][A
 50%|█████     | 25/50 [05:17<05:17, 12.71s/it][A
 52%|█████▏    | 26/50 [05:30<05:04, 12.71s/it][A
 54%|█████▍    | 27/50 [05:43<04:52, 12.73s/it][A
 56%|█████▌    | 28/50 [05:55<04:39, 12.72s/it][A
 58%|█████▊    | 29/50 [06:08<04:27, 12.74s/it][A
 60%|██████    | 30/50 [06:21<04:15, 12.75s/it][A
 62%|██████▏   | 31/50 [06:33<04:01, 12.73s/it][A
 64%|██████▍   | 32/50 [06:46<03:49, 12.75s/it][A
 66%|██████▌   | 33/50 [06:59<03:36, 12.75s/it][A
 68%|██████▊   | 34/50 [07:12<03:23, 12.74s/it][A
 70%|███████   | 35/50 [07:25<03:11, 12.77s/it][A
 72%|███████▏  | 36/50 [07:38<03:01, 12.94s/it][A
 74%|███████▍  | 37/50 [07:53<02:55, 13.51s/it][A
 76%|███████▌  | 38/50 [08:07<02:46, 13.86s/it][A
 78%|███████▊  | 39/50 [08:22<02:35, 14.11s/it][A
 80%|████████  | 40/50 [08:35<02:18, 13.84s/it][A
 82%|████████▏ | 41/50 [08:48<02:01, 13.55s/it][A
 84%|████████▍ | 42/50 [08:59<01:42, 12.79s/it][A
 86%|████████▌ | 43/50 [09:10<01:25, 12.24s/it][A
 88%|████████▊ | 44/50 [09:21<01:10, 11.82s/it][A
 90%|█████████ | 45/50 [09:32<00:57, 11.53s/it][A
 92%|█████████▏| 46/50 [09:43<00:45, 11.33s/it][A
 94%|█████████▍| 47/50 [09:54<00:33, 11.21s/it][A
 96%|█████████▌| 48/50 [10:05<00:22, 11.14s/it][A
 98%|█████████▊| 49/50 [10:16<00:11, 11.08s/it][A
100%|██████████| 50/50 [10:26<00:00, 11.02s/it][A
100%|██████████| 50/50 [10:26<00:00, 12.54s/it]
offline:  80%|████████  | 800000/1000000 [4:29:49<1777:41:13, 32.00s/it, eval_success=0.020]
offline:  80%|████████  | 800014/1000000 [4:29:49<880:19:25, 15.85s/it, eval_success=0.020] 
offline:  80%|████████  | 800022/1000000 [4:29:50<623:36:51, 11.23s/it, eval_success=0.020]
offline:  80%|████████  | 800030/1000000 [4:29:50<440:19:34,  7.93s/it, eval_success=0.020]
offline:  80%|████████  | 800038/1000000 [4:29:50<310:13:30,  5.59s/it, eval_success=0.020]
offline:  80%|████████  | 800046/1000000 [4:29:50<218:18:07,  3.93s/it, eval_success=0.020]
offline:  80%|████████  | 800053/1000000 [4:29:50<159:25:36,  2.87s/it, eval_success=0.020]
offline:  80%|████████  | 800061/1000000 [4:29:50<110:46:01,  1.99s/it, eval_success=0.020]
offline:  80%|████████  | 800068/1000000 [4:29:50<80:24:33,  1.45s/it, eval_success=0.020] 
offline:  80%|████████  | 800075/1000000 [4:29:50<57:50:32,  1.04s/it, eval_success=0.020]
--- last progress lines ---
offline:  84%|████████▎ | 836478/1000000 [4:39:25<53:31, 50.92it/s, eval_success=0.020]
offline:  84%|████████▎ | 836484/1000000 [4:39:25<52:23, 52.01it/s, eval_success=0.020]
offline:  84%|████████▎ | 836490/1000000 [4:39:25<50:51, 53.59it/s, eval_success=0.020]
