wandb: Using wandb-core as the SDK backend.  Please refer to https://wandb.me/wandb-core for more information.
wandb: Currently logged in as: tjrcjf410 (sjun0803-seoul-national-university) to https://api.wandb.ai. Use `wandb login --relogin` to force relogin
wandb: creating run
wandb: Tracking run with wandb version 0.19.9
wandb: Run data is saved locally in /tmp/tmpo96jykco/wandb/run-20260819_221211-ad8vw5yb
wandb: Run `wandb offline` to turn off syncing.
wandb: Syncing run antmaze-giant-navigate-singletask-task1-v0_sd000_anq_stdfp_chunk-h1_20260819_221210
wandb: ⭐️ View project at https://wandb.ai/tjrcjf410-seoul-national-university/ant2
wandb: 🚀 View run at https://wandb.ai/tjrcjf410-seoul-national-university/ant2/runs/ad8vw5yb
wandb: WARNING Symlinked 8 files into the W&B run directory, call wandb.save again to sync new files.
I0819 22:12:13.002744 126085288384320 acceleratesupport.py:24] No OpenGL_accelerate module loaded: No module named 'OpenGL_accelerate'
offline:   0%|          | 1/1000000 [01:06<18588:10:59, 66.92s/it]
offline:   0%|          | 2/1000000 [01:27<10990:06:49, 39.56s/it]
offline:   0%|          | 3/1000000 [01:48<8649:43:22, 31.14s/it] 
offline:   0%|          | 17/1000000 [01:48<855:35:38,  3.08s/it]
offline:   0%|          | 30/1000000 [01:48<391:18:23,  1.41s/it]
  2%|▏         | 1/50 [00:13<11:03, 13.54s/it][A
  4%|▍         | 2/50 [00:26<10:30, 13.13s/it][A
  6%|▌         | 3/50 [00:39<10:09, 12.98s/it][A
  8%|▊         | 4/50 [00:52<09:55, 12.94s/it][A
 10%|█         | 5/50 [01:04<09:41, 12.92s/it][A
 12%|█▏        | 6/50 [01:17<09:18, 12.69s/it][A
 14%|█▍        | 7/50 [01:27<08:39, 12.07s/it][A
 16%|█▌        | 8/50 [01:38<08:12, 11.73s/it][A
 18%|█▊        | 9/50 [01:50<07:54, 11.58s/it][A
 20%|██        | 10/50 [02:01<07:36, 11.42s/it][A
 22%|██▏       | 11/50 [02:12<07:22, 11.34s/it][A
 24%|██▍       | 12/50 [02:21<06:45, 10.66s/it][A
 26%|██▌       | 13/50 [02:30<06:16, 10.17s/it][A
 28%|██▊       | 14/50 [02:39<05:51,  9.76s/it][A
 30%|███       | 15/50 [02:46<05:14,  8.98s/it][A
 32%|███▏      | 16/50 [02:53<04:46,  8.43s/it][A
 34%|███▍      | 17/50 [03:00<04:24,  8.03s/it][A
 36%|███▌      | 18/50 [03:07<04:07,  7.73s/it][A
 38%|███▊      | 19/50 [03:14<03:53,  7.53s/it][A
 40%|████      | 20/50 [03:22<03:41,  7.40s/it][A
 42%|████▏     | 21/50 [03:29<03:32,  7.33s/it][A
 44%|████▍     | 22/50 [03:36<03:22,  7.24s/it][A
 46%|████▌     | 23/50 [03:43<03:14,  7.22s/it][A
 48%|████▊     | 24/50 [03:50<03:06,  7.17s/it][A
 50%|█████     | 25/50 [03:57<02:58,  7.13s/it][A
 52%|█████▏    | 26/50 [04:04<02:51,  7.13s/it][A
 54%|█████▍    | 27/50 [04:11<02:43,  7.11s/it][A
 56%|█████▌    | 28/50 [04:18<02:36,  7.13s/it][A
 58%|█████▊    | 29/50 [04:26<02:29,  7.14s/it][A
 60%|██████    | 30/50 [04:33<02:22,  7.12s/it][A
 62%|██████▏   | 31/50 [04:40<02:15,  7.13s/it][A
 64%|██████▍   | 32/50 [04:47<02:08,  7.12s/it][A
 66%|██████▌   | 33/50 [04:54<02:00,  7.10s/it][A
 68%|██████▊   | 34/50 [05:01<01:53,  7.11s/it][A
 70%|███████   | 35/50 [05:08<01:46,  7.13s/it][A
 72%|███████▏  | 36/50 [05:15<01:40,  7.15s/it][A
 74%|███████▍  | 37/50 [05:22<01:32,  7.12s/it][A
 76%|███████▌  | 38/50 [05:30<01:25,  7.15s/it][A
 78%|███████▊  | 39/50 [05:37<01:18,  7.14s/it][A
 80%|████████  | 40/50 [05:44<01:11,  7.14s/it][A
 82%|████████▏ | 41/50 [05:51<01:04,  7.14s/it][A
 84%|████████▍ | 42/50 [05:58<00:56,  7.12s/it][A
 86%|████████▌ | 43/50 [06:07<00:54,  7.71s/it][A
 88%|████████▊ | 44/50 [06:17<00:49,  8.18s/it][A
 90%|█████████ | 45/50 [06:26<00:42,  8.49s/it][A
 92%|█████████▏| 46/50 [06:35<00:34,  8.73s/it][A
 94%|█████████▍| 47/50 [06:44<00:26,  8.88s/it][A
 96%|█████████▌| 48/50 [06:53<00:17,  8.98s/it][A
 98%|█████████▊| 49/50 [07:03<00:09,  9.03s/it][A
100%|██████████| 50/50 [07:12<00:00,  9.07s/it][A
100%|██████████| 50/50 [07:12<00:00,  8.65s/it]
offline:  10%|█         | 100000/1000000 [37:10<5571:02:29, 22.28s/it, eval_success=0.000]
offline:  10%|█         | 100013/1000000 [37:10<2848:42:02, 11.39s/it, eval_success=0.000]
offline:  10%|█         | 100021/1000000 [37:10<1993:26:26,  7.97s/it, eval_success=0.000]
offline:  10%|█         | 100029/1000000 [37:11<1395:45:03,  5.58s/it, eval_success=0.000]
offline:  10%|█         | 100038/1000000 [37:11<942:13:42,  3.77s/it, eval_success=0.000] 
offline:  10%|█         | 100046/1000000 [37:11<667:37:08,  2.67s/it, eval_success=0.000]
offline:  10%|█         | 100054/1000000 [37:11<472:01:31,  1.89s/it, eval_success=0.000]
offline:  10%|█         | 100062/1000000 [37:11<333:08:03,  1.33s/it, eval_success=0.000]
  2%|▏         | 1/50 [00:13<10:53, 13.34s/it][A
  4%|▍         | 2/50 [00:26<10:37, 13.27s/it][A
  6%|▌         | 3/50 [00:39<10:24, 13.28s/it][A
  8%|▊         | 4/50 [00:53<10:12, 13.31s/it][A
 10%|█         | 5/50 [01:04<09:33, 12.73s/it][A
 12%|█▏        | 6/50 [01:16<08:58, 12.25s/it][A
 14%|█▍        | 7/50 [01:27<08:32, 11.93s/it][A
 16%|█▌        | 8/50 [01:38<08:12, 11.73s/it][A
 18%|█▊        | 9/50 [01:50<07:55, 11.60s/it][A
 20%|██        | 10/50 [02:01<07:38, 11.46s/it][A
 22%|██▏       | 11/50 [02:12<07:25, 11.41s/it][A
 24%|██▍       | 12/50 [02:22<06:54, 10.91s/it][A
 26%|██▌       | 13/50 [02:31<06:24, 10.40s/it][A
 28%|██▊       | 14/50 [02:40<06:02, 10.06s/it][A
 30%|███       | 15/50 [02:50<05:43,  9.81s/it][A
 32%|███▏      | 16/50 [02:59<05:27,  9.64s/it][A
 34%|███▍      | 17/50 [03:08<05:13,  9.50s/it][A
 36%|███▌      | 18/50 [03:16<04:53,  9.17s/it][A
 38%|███▊      | 19/50 [03:26<04:45,  9.21s/it][A
 40%|████      | 20/50 [03:35<04:36,  9.23s/it][A
 42%|████▏     | 21/50 [03:43<04:13,  8.74s/it][A
 44%|████▍     | 22/50 [03:50<03:52,  8.31s/it][A
 46%|████▌     | 23/50 [03:57<03:36,  8.01s/it][A
 48%|████▊     | 24/50 [04:04<03:21,  7.77s/it][A
 50%|█████     | 25/50 [04:12<03:10,  7.61s/it][A
 52%|█████▏    | 26/50 [04:19<02:59,  7.49s/it][A
 54%|█████▍    | 27/50 [04:26<02:50,  7.43s/it][A
 56%|█████▌    | 28/50 [04:33<02:42,  7.39s/it][A
 58%|█████▊    | 29/50 [04:41<02:34,  7.36s/it][A
 60%|██████    | 30/50 [04:48<02:26,  7.35s/it][A
 62%|██████▏   | 31/50 [04:55<02:18,  7.30s/it][A
 64%|██████▍   | 32/50 [05:02<02:10,  7.28s/it][A
 66%|██████▌   | 33/50 [05:10<02:03,  7.27s/it][A
 68%|██████▊   | 34/50 [05:17<01:56,  7.27s/it][A
 70%|███████   | 35/50 [05:24<01:48,  7.25s/it][A
 72%|███████▏  | 36/50 [05:31<01:41,  7.27s/it][A
 74%|███████▍  | 37/50 [05:39<01:34,  7.26s/it][A
 76%|███████▌  | 38/50 [05:46<01:27,  7.27s/it][A
 78%|███████▊  | 39/50 [05:53<01:20,  7.30s/it][A
 80%|████████  | 40/50 [06:01<01:12,  7.28s/it][A
 82%|████████▏ | 41/50 [06:08<01:05,  7.29s/it][A
 84%|████████▍ | 42/50 [06:15<00:58,  7.26s/it][A
 86%|████████▌ | 43/50 [06:24<00:54,  7.77s/it][A
 88%|████████▊ | 44/50 [06:33<00:49,  8.23s/it][A
 90%|█████████ | 45/50 [06:43<00:42,  8.54s/it][A
 92%|█████████▏| 46/50 [06:52<00:35,  8.77s/it][A
 94%|█████████▍| 47/50 [07:01<00:26,  8.91s/it][A
 96%|█████████▌| 48/50 [07:10<00:17,  8.97s/it][A
 98%|█████████▊| 49/50 [07:19<00:09,  9.04s/it][A
100%|██████████| 50/50 [07:29<00:00,  9.10s/it][A
100%|██████████| 50/50 [07:29<00:00,  8.98s/it]
offline:  20%|██        | 200000/1000000 [1:09:11<6515:29:01, 29.32s/it, eval_success=0.020]
offline:  20%|██        | 200013/1000000 [1:09:11<2948:21:43, 13.27s/it, eval_success=0.020]
offline:  20%|██        | 200021/1000000 [1:09:11<1991:20:27,  8.96s/it, eval_success=0.020]
offline:  20%|██        | 200029/1000000 [1:09:11<1360:54:31,  6.12s/it, eval_success=0.020]
offline:  20%|██        | 200038/1000000 [1:09:11<902:23:48,  4.06s/it, eval_success=0.020] 
offline:  20%|██        | 200046/1000000 [1:09:11<632:37:00,  2.85s/it, eval_success=0.020]
offline:  20%|██        | 200054/1000000 [1:09:11<443:51:55,  2.00s/it, eval_success=0.020]
offline:  20%|██        | 200062/1000000 [1:09:11<311:35:10,  1.40s/it, eval_success=0.020]
  2%|▏         | 1/50 [00:08<07:16,  8.90s/it][A
  4%|▍         | 2/50 [00:17<07:00,  8.75s/it][A
  6%|▌         | 3/50 [00:24<06:12,  7.92s/it][A
  8%|▊         | 4/50 [00:31<05:46,  7.54s/it][A
 10%|█         | 5/50 [00:38<05:29,  7.31s/it][A
 12%|█▏        | 6/50 [00:45<05:14,  7.15s/it][A
 14%|█▍        | 7/50 [00:53<05:18,  7.40s/it][A
 16%|█▌        | 8/50 [01:01<05:27,  7.79s/it][A
 18%|█▊        | 9/50 [01:10<05:30,  8.06s/it][A
 20%|██        | 10/50 [01:18<05:27,  8.20s/it][A
 22%|██▏       | 11/50 [01:26<05:14,  8.07s/it][A
 24%|██▍       | 12/50 [01:33<04:50,  7.65s/it][A
 26%|██▌       | 13/50 [01:39<04:31,  7.34s/it][A
 28%|██▊       | 14/50 [01:46<04:18,  7.18s/it][A
 30%|███       | 15/50 [01:53<04:06,  7.05s/it][A
 32%|███▏      | 16/50 [02:00<03:59,  7.03s/it][A
 34%|███▍      | 17/50 [02:07<03:50,  6.98s/it][A
 36%|███▌      | 18/50 [02:14<03:42,  6.96s/it][A
 38%|███▊      | 19/50 [02:21<03:35,  6.94s/it][A
 40%|████      | 20/50 [02:28<03:28,  6.94s/it][A
 42%|████▏     | 21/50 [02:35<03:21,  6.95s/it][A
 44%|████▍     | 22/50 [02:41<03:13,  6.92s/it][A
 46%|████▌     | 23/50 [02:48<03:05,  6.86s/it][A
 48%|████▊     | 24/50 [02:55<02:57,  6.82s/it][A
 50%|█████     | 25/50 [03:02<02:49,  6.79s/it][A
 52%|█████▏    | 26/50 [03:08<02:42,  6.77s/it][A
 54%|█████▍    | 27/50 [03:15<02:35,  6.75s/it][A
 56%|█████▌    | 28/50 [03:22<02:30,  6.83s/it][A
 58%|█████▊    | 29/50 [03:29<02:22,  6.78s/it][A
 60%|██████    | 30/50 [03:35<02:15,  6.77s/it][A
 62%|██████▏   | 31/50 [03:43<02:12,  6.99s/it][A
 64%|██████▍   | 32/50 [03:52<02:15,  7.54s/it][A
 66%|██████▌   | 33/50 [04:01<02:14,  7.91s/it][A
 68%|██████▊   | 34/50 [04:09<02:10,  8.18s/it][A
 70%|███████   | 35/50 [04:18<02:05,  8.38s/it][A
 72%|███████▏  | 36/50 [04:27<01:59,  8.52s/it][A
 74%|███████▍  | 37/50 [04:36<01:52,  8.64s/it][A
 76%|███████▌  | 38/50 [04:45<01:44,  8.70s/it][A
 78%|███████▊  | 39/50 [04:54<01:36,  8.73s/it][A
 80%|████████  | 40/50 [05:02<01:27,  8.74s/it][A
 82%|████████▏ | 41/50 [05:11<01:18,  8.76s/it][A
 84%|████████▍ | 42/50 [05:20<01:10,  8.79s/it][A
 86%|████████▌ | 43/50 [05:29<01:01,  8.80s/it][A
 88%|████████▊ | 44/50 [05:38<00:52,  8.83s/it][A
 90%|█████████ | 45/50 [05:47<00:44,  8.85s/it][A
 92%|█████████▏| 46/50 [05:55<00:35,  8.83s/it][A
 94%|█████████▍| 47/50 [06:04<00:26,  8.82s/it][A
 96%|█████████▌| 48/50 [06:13<00:17,  8.82s/it][A
 98%|█████████▊| 49/50 [06:22<00:08,  8.83s/it][A
100%|██████████| 50/50 [06:31<00:00,  8.90s/it][A
100%|██████████| 50/50 [06:31<00:00,  7.83s/it]
offline:  30%|███       | 300000/1000000 [1:41:45<2953:35:22, 15.19s/it, eval_success=0.000]
offline:  30%|███       | 300012/1000000 [1:41:45<1775:25:29,  9.13s/it, eval_success=0.000]
offline:  30%|███       | 300021/1000000 [1:41:45<1244:31:27,  6.40s/it, eval_success=0.000]
offline:  30%|███       | 300030/1000000 [1:41:45<872:26:36,  4.49s/it, eval_success=0.000] 
offline:  30%|███       | 300038/1000000 [1:41:46<632:39:01,  3.25s/it, eval_success=0.000]
offline:  30%|███       | 300046/1000000 [1:41:46<454:59:05,  2.34s/it, eval_success=0.000]
offline:  30%|███       | 300054/1000000 [1:41:46<324:55:41,  1.67s/it, eval_success=0.000]
offline:  30%|███       | 300062/1000000 [1:41:46<231:07:24,  1.19s/it, eval_success=0.000]
  2%|▏         | 1/50 [00:10<08:48, 10.78s/it][A
  4%|▍         | 2/50 [00:21<08:34, 10.73s/it][A
  6%|▌         | 3/50 [00:32<08:27, 10.80s/it][A
  8%|▊         | 4/50 [00:43<08:17, 10.81s/it][A
 10%|█         | 5/50 [00:52<07:38, 10.18s/it][A
 12%|█▏        | 6/50 [01:01<07:08,  9.73s/it][A
 14%|█▍        | 7/50 [01:09<06:46,  9.45s/it][A
 16%|█▌        | 8/50 [01:18<06:30,  9.29s/it][A
 18%|█▊        | 9/50 [01:27<06:15,  9.16s/it][A
 20%|██        | 10/50 [01:36<06:03,  9.10s/it][A
 22%|██▏       | 11/50 [01:43<05:30,  8.48s/it][A
 24%|██▍       | 12/50 [01:50<05:04,  8.01s/it][A
 26%|██▌       | 13/50 [01:57<04:45,  7.71s/it][A
 28%|██▊       | 14/50 [02:04<04:30,  7.51s/it][A
 30%|███       | 15/50 [02:11<04:17,  7.36s/it][A
 32%|███▏      | 16/50 [02:18<04:05,  7.23s/it][A
 34%|███▍      | 17/50 [02:25<03:55,  7.13s/it][A
 36%|███▌      | 18/50 [02:32<03:47,  7.10s/it][A
 38%|███▊      | 19/50 [02:39<03:38,  7.06s/it][A
 40%|████      | 20/50 [02:46<03:31,  7.04s/it][A
 42%|████▏     | 21/50 [02:53<03:23,  7.01s/it][A
 44%|████▍     | 22/50 [03:00<03:16,  7.01s/it][A
 46%|████▌     | 23/50 [03:07<03:08,  6.99s/it][A
 48%|████▊     | 24/50 [03:14<03:01,  6.98s/it][A
 50%|█████     | 25/50 [03:21<02:54,  6.98s/it][A
 52%|█████▏    | 26/50 [03:28<02:47,  6.99s/it][A
 54%|█████▍    | 27/50 [03:35<02:40,  6.97s/it][A
 56%|█████▌    | 28/50 [03:42<02:33,  6.97s/it][A
 58%|█████▊    | 29/50 [03:49<02:25,  6.95s/it][A
 60%|██████    | 30/50 [03:56<02:18,  6.94s/it][A
 62%|██████▏   | 31/50 [04:03<02:13,  7.02s/it][A
 64%|██████▍   | 32/50 [04:12<02:16,  7.58s/it][A
 66%|██████▌   | 33/50 [04:21<02:15,  7.97s/it][A
 68%|██████▊   | 34/50 [04:30<02:12,  8.26s/it][A
 70%|███████   | 35/50 [04:39<02:06,  8.46s/it][A
 72%|███████▏  | 36/50 [04:47<02:00,  8.59s/it][A
 74%|███████▍  | 37/50 [04:56<01:52,  8.66s/it][A
 76%|███████▌  | 38/50 [05:05<01:44,  8.72s/it][A
 78%|███████▊  | 39/50 [05:14<01:36,  8.76s/it][A
 80%|████████  | 40/50 [05:23<01:27,  8.80s/it][A
 82%|████████▏ | 41/50 [05:32<01:19,  8.82s/it][A
 84%|████████▍ | 42/50 [05:41<01:10,  8.86s/it][A
 86%|████████▌ | 43/50 [05:50<01:02,  8.90s/it][A
 88%|████████▊ | 44/50 [05:59<00:53,  8.91s/it][A
 90%|█████████ | 45/50 [06:08<00:44,  8.94s/it][A
 92%|█████████▏| 46/50 [06:16<00:35,  8.92s/it][A
 94%|█████████▍| 47/50 [06:25<00:26,  8.91s/it][A
 96%|█████████▌| 48/50 [06:35<00:18,  9.23s/it][A
 98%|█████████▊| 49/50 [06:46<00:09,  9.70s/it][A
100%|██████████| 50/50 [06:57<00:00, 10.06s/it][A
100%|██████████| 50/50 [06:57<00:00,  8.35s/it]
offline:  40%|████      | 400000/1000000 [2:15:04<3618:41:59, 21.71s/it, eval_success=0.000]
offline:  40%|████      | 400012/1000000 [2:15:04<1915:15:41, 11.49s/it, eval_success=0.000]
offline:  40%|████      | 400020/1000000 [2:15:04<1323:01:55,  7.94s/it, eval_success=0.000]
offline:  40%|████      | 400030/1000000 [2:15:04<852:43:17,  5.12s/it, eval_success=0.000] 
offline:  40%|████      | 400038/1000000 [2:15:04<607:02:31,  3.64s/it, eval_success=0.000]
offline:  40%|████      | 400046/1000000 [2:15:04<430:10:42,  2.58s/it, eval_success=0.000]
offline:  40%|████      | 400053/1000000 [2:15:04<315:51:40,  1.90s/it, eval_success=0.000]
offline:  40%|████      | 400061/1000000 [2:15:04<220:29:30,  1.32s/it, eval_success=0.000]
--- last progress lines ---
offline:  50%|████▉     | 497966/1000000 [2:41:07<2:28:18, 56.42it/s, eval_success=0.000]
offline:  50%|████▉     | 497973/1000000 [2:41:07<2:20:54, 59.38it/s, eval_success=0.000]
offline:  50%|████▉     | 497979/1000000 [2:41:07<2:25:22, 57.55it/s, eval_success=0.000]
